PASS live protocol: authorization, presence, updates, conflict, reconnect, revocation

Running 4 tests using 1 worker

  ✓  1 tests/editor.spec.js:7:1 › three independent browsers share edits and presence without losing a dirty draft (599ms)
  ✓  2 tests/editor.spec.js:42:1 › the 101st editor sees Room full and can retry after a slot opens (414ms)
  ✓  3 tests/editor.spec.js:70:1 › revoking the link ends access to the editor (206ms)
  ✓  4 tests/editor.spec.js:84:1 › a delayed save response preserves newer typing and socket state (282ms)

  4 passed (1.8s)
#0 building with "orbstack" instance using docker driver

#1 [internal] load build definition from Dockerfile
#1 transferring dockerfile: 646B done
#1 DONE 0.0s

#2 [internal] load metadata for docker.io/library/debian:bookworm-slim@sha256:3783cc01769c7b2b1b83a5c5ad96c815348e28ed7da68e2e3687004faa906251
#2 DONE 0.0s

#3 [internal] load metadata for docker.io/library/agentmvc-servant-v2-toolchain:preflight
#3 DONE 0.0s

#4 [internal] load .dockerignore
#4 transferring context: 109B done
#4 DONE 0.0s

#5 [build 1/4] FROM docker.io/library/agentmvc-servant-v2-toolchain:preflight
#5 DONE 0.0s

#6 [stage-1 1/5] FROM docker.io/library/debian:bookworm-slim@sha256:3783cc01769c7b2b1b83a5c5ad96c815348e28ed7da68e2e3687004faa906251
#6 DONE 0.0s

#7 [internal] load build context
#7 transferring context: 835B done
#7 DONE 0.0s

#8 [stage-1 3/5] WORKDIR /app
#8 CACHED

#9 [stage-1 2/5] RUN apt-get update && apt-get install -y --no-install-recommends     ca-certificates libffi8 libgmp10 libnuma1 libpq5 libssl3 libtinfo6 zlib1g &&     rm -rf /var/lib/apt/lists/*
#9 CACHED

#10 [build 4/4] RUN cabal build exe:conduit &&     install -Dm755 "$(cabal list-bin exe:conduit)" /out/conduit &&     ldd /out/conduit
#10 CACHED

#11 [build 3/4] COPY . .
#11 CACHED

#12 [build 2/4] WORKDIR /work/app
#12 CACHED

#13 [stage-1 4/5] COPY --from=build /out/conduit /app/conduit
#13 CACHED

#14 [stage-1 5/5] COPY migrations /app/migrations
#14 CACHED

#15 exporting to image
#15 exporting layers done
#15 writing image sha256:1355db367f9450a4113c2ec9b4346ea191f55b7eaa64af1684f7b45632edc021 done
#15 naming to docker.io/library/agentmvc-one-shot-servant-55279:latest done
#15 DONE 0.0s
Success api/hurl/articles.hurl (17 request(s) in 142 ms)
Success api/hurl/auth.hurl (20 request(s) in 242 ms)
Success api/hurl/comments.hurl (13 request(s) in 133 ms)
Success api/hurl/errors_articles.hurl (20 request(s) in 119 ms)
Success api/hurl/errors_auth.hurl (20 request(s) in 433 ms)
Success api/hurl/errors_authorization.hurl (9 request(s) in 229 ms)
Success api/hurl/errors_comments.hurl (10 request(s) in 115 ms)
Success api/hurl/errors_profiles.hurl (6 request(s) in 112 ms)
Success api/hurl/favorites.hurl (9 request(s) in 124 ms)
Success api/hurl/feed.hurl (12 request(s) in 230 ms)
Success api/hurl/pagination.hurl (7 request(s) in 119 ms)
Success api/hurl/profiles.hurl (7 request(s) in 220 ms)
Success api/hurl/tags.hurl (4 request(s) in 115 ms)
Success features/drafts/hurl/drafts.hurl (23 request(s) in 241 ms)
Success features/drafts/hurl/errors_drafts.hurl (24 request(s) in 231 ms)
Success features/exports/hurl/exports.hurl (18 request(s) in 505 ms)
Success features/live-editing/hurl/live-editing.hurl (18 request(s) in 229 ms)
--------------------------------------------------------------------------------
Executed files:    17
Executed requests: 237 (66.6/s)
Succeeded files:   17 (100.0%)
Failed files:      0 (0.0%)
Duration:          3560 ms (0h:0m:3s:560ms)

Success s01_jwt_alg_none.hurl (1 request(s) in 1 ms)
Success s02_jwt_signature_stripped.hurl (3 request(s) in 112 ms)
Success s03_jwt_garbage.hurl (2 request(s) in 1 ms)
Success s04_mass_assignment_user.hurl (2 request(s) in 114 ms)
Success s05_mass_assignment_article.hurl (2 request(s) in 110 ms)
Success s06_injection_filters.hurl (4 request(s) in 1 ms)
Success s07_malformed_json.hurl (1 request(s) in 0 ms)
Success s08_wrong_types.hurl (8 request(s) in 116 ms)
Success s09_oversized_body.hurl (2 request(s) in 167 ms)
Success s10_unknown_route.hurl (1 request(s) in 0 ms)
Success s11_login_enumeration.hurl (3 request(s) in 216 ms)
Success s12_nosniff_header.hurl (1 request(s) in 1 ms)
Success s13_login_rate_limit.hurl (22 request(s) in 2274 ms)
--------------------------------------------------------------------------------
Executed files:    13
Executed requests: 52 (16.7/s)
Succeeded files:   13 (100.0%)
Failed files:      0 (0.0%)
Duration:          3123 ms (0h:0m:3s:123ms)

