#0 building with "orbstack" instance using docker driver

#1 [internal] load build definition from Dockerfile
#1 transferring dockerfile: 554B done
#1 DONE 0.0s

#2 resolve image config for docker-image://docker.io/docker/dockerfile:1
#2 DONE 1.3s

#3 docker-image://docker.io/docker/dockerfile:1@sha256:ecfaec9ed6d810b56388c508f4121597bfbba70d41a6dfeee4d8cad5f295fc32
#3 CACHED

#4 [internal] load metadata for docker.io/library/golang:1.27.1-bookworm@sha256:69a7b9788769bec032d238959b61854e9ae87f57be9029ec04e9885fabf99195
#4 DONE 0.0s

#5 [internal] load metadata for gcr.io/distroless/static-debian12:nonroot@sha256:afa5c872c891853ca7fcf1f12c3edb23f7eeef36189728842dd51042ff57f7ab
#5 DONE 0.0s

#6 [internal] load .dockerignore
#6 transferring context: 113B done
#6 DONE 0.0s

#7 [stage-1 1/3] FROM gcr.io/distroless/static-debian12:nonroot@sha256:afa5c872c891853ca7fcf1f12c3edb23f7eeef36189728842dd51042ff57f7ab
#7 DONE 0.0s

#8 [build 1/6] FROM docker.io/library/golang:1.27.1-bookworm@sha256:69a7b9788769bec032d238959b61854e9ae87f57be9029ec04e9885fabf99195
#8 DONE 0.0s

#9 [internal] load build context
#9 transferring context: 9.00kB done
#9 DONE 0.0s

#10 [build 2/6] WORKDIR /src
#10 CACHED

#11 [build 3/6] COPY go.mod go.sum ./
#11 CACHED

#12 [build 4/6] RUN go mod download
#12 CACHED

#13 [build 5/6] COPY . .
#13 DONE 0.0s

#14 [build 6/6] RUN go build -trimpath -ldflags="-s -w" -o /out/server ./cmd/server
#14 DONE 6.0s

#15 [stage-1 2/3] WORKDIR /app
#15 CACHED

#16 [stage-1 3/3] COPY --from=build /out/server /app/server
#16 DONE 0.0s

#17 exporting to image
#17 exporting layers 0.0s done
#17 writing image sha256:0eecfcd385be60c176d51cfe2271efc1f0efaf8d886036da3f04570d0ed22c82 done
#17 naming to docker.io/library/agentmvc-go-preflight:production done
#17 DONE 0.1s
