#0 building with "orbstack" instance using docker driver

#1 [internal] load build definition from Dockerfile.toolchain
#1 transferring dockerfile: 655B done
#1 DONE 0.0s

#2 [internal] load metadata for docker.io/library/golang:1.27.1-bookworm@sha256:69a7b9788769bec032d238959b61854e9ae87f57be9029ec04e9885fabf99195
#2 DONE 0.0s

#3 [internal] load .dockerignore
#3 transferring context: 2B done
#3 DONE 0.0s

#4 [1/9] FROM docker.io/library/golang:1.27.1-bookworm@sha256:69a7b9788769bec032d238959b61854e9ae87f57be9029ec04e9885fabf99195
#4 DONE 0.0s

#5 [internal] load build context
#5 transferring context: 2.65kB done
#5 DONE 0.0s

#6 [2/9] WORKDIR /work/app
#6 CACHED

#7 [6/9] COPY scaffold/go.mod scaffold/go.sum ./
#7 CACHED

#8 [4/9] RUN go install github.com/air-verse/air@v1.67.4
#8 CACHED

#9 [5/9] RUN go install golang.org/x/vuln/cmd/govulncheck@v1.8.0 &&     go install github.com/securego/gosec/v2/cmd/gosec@v2.29.0
#9 CACHED

#10 [3/9] RUN apt-get update -qq && apt-get install --no-install-recommends -y     ca-certificates curl git postgresql-client python3 &&     rm -rf /var/lib/apt/lists/*
#10 CACHED

#11 [7/9] RUN go mod download
#11 CACHED

#12 [8/9] COPY scaffold/ ./
#12 DONE 0.0s

#13 [9/9] RUN go build ./... && go vet ./...
#13 DONE 5.8s

#14 exporting to image
#14 exporting layers 0.1s done
#14 writing image sha256:1287e4b159f278273363240c008f505851446d4ab8582c69108dfd4fca1ca66b done
#14 naming to docker.io/library/agentmvc-go-toolchain:preflight done
#14 DONE 0.2s
