results/one-shot-v2-rails-expert/pilot-1/source/app/controllers/application_controller.rb:30:14: warning[gradual_untyped]: method call resolves to RBS `untyped` (gradual escape)
results/one-shot-v2-rails-expert/pilot-1/source/app/controllers/application_controller.rb:33:15: note[send_dispatch_failed]: no known method `decode` on JWT — likely roundhouse coverage, not an app error (ingest gap in app/controllers/application_controller.rb: unsupported expression node: ClassNode)
results/one-shot-v2-rails-expert/pilot-1/source/app/controllers/application_controller.rb:33:58: warning[gradual_untyped]: method call resolves to RBS `untyped` (gradual escape)
results/one-shot-v2-rails-expert/pilot-1/source/app/controllers/application_controller.rb:34:38: note[unresolved_type]: local read `payload` has unresolved type — likely roundhouse coverage, not an app error (ingest gap in app/controllers/application_controller.rb: unsupported expression node: ClassNode)
results/one-shot-v2-rails-expert/pilot-1/source/app/controllers/application_controller.rb:45:20: note[unresolved_type]: local read `name` has unresolved type — likely roundhouse coverage, not an app error (ingest gap in app/controllers/application_controller.rb: unsupported expression node: ClassNode)
results/one-shot-v2-rails-expert/pilot-1/source/app/controllers/application_controller.rb:46:28: note[unresolved_type]: local read `name` has unresolved type — likely roundhouse coverage, not an app error (ingest gap in app/controllers/application_controller.rb: unsupported expression node: ClassNode)
results/one-shot-v2-rails-expert/pilot-1/source/app/controllers/application_controller.rb:71:7: note[unresolved_type]: local read `following_ids` has unresolved type — likely roundhouse coverage, not an app error (ingest gap in app/controllers/application_controller.rb: unsupported expression node: ClassNode)
results/one-shot-v2-rails-expert/pilot-1/source/app/controllers/application_controller.rb:71:23: note[unresolved_type]: local read `following_ids` has unresolved type — likely roundhouse coverage, not an app error (ingest gap in app/controllers/application_controller.rb: unsupported expression node: ClassNode)
results/one-shot-v2-rails-expert/pilot-1/source/app/controllers/application_controller.rb:71:46: warning[gradual_untyped]: method call resolves to RBS `untyped` (gradual escape)
results/one-shot-v2-rails-expert/pilot-1/source/app/controllers/application_controller.rb:71:46: warning[gradual_untyped]: local read resolves to RBS `untyped` (gradual escape)
results/one-shot-v2-rails-expert/pilot-1/source/app/controllers/application_controller.rb:71:116: warning[gradual_untyped]: method call resolves to RBS `untyped` (gradual escape)
results/one-shot-v2-rails-expert/pilot-1/source/app/controllers/application_controller.rb:71:116: warning[gradual_untyped]: local read resolves to RBS `untyped` (gradual escape)
results/one-shot-v2-rails-expert/pilot-1/source/app/controllers/application_controller.rb:75:17: warning[gradual_untyped]: method call resolves to RBS `untyped` (gradual escape)
results/one-shot-v2-rails-expert/pilot-1/source/app/controllers/application_controller.rb:75:17: warning[gradual_untyped]: local read resolves to RBS `untyped` (gradual escape)
results/one-shot-v2-rails-expert/pilot-1/source/app/controllers/application_controller.rb:75:37: warning[gradual_untyped]: method call resolves to RBS `untyped` (gradual escape)
results/one-shot-v2-rails-expert/pilot-1/source/app/controllers/application_controller.rb:75:37: warning[gradual_untyped]: local read resolves to RBS `untyped` (gradual escape)
results/one-shot-v2-rails-expert/pilot-1/source/app/controllers/application_controller.rb:75:54: warning[gradual_untyped]: method call resolves to RBS `untyped` (gradual escape)
results/one-shot-v2-rails-expert/pilot-1/source/app/controllers/application_controller.rb:75:54: warning[gradual_untyped]: local read resolves to RBS `untyped` (gradual escape)
results/one-shot-v2-rails-expert/pilot-1/source/app/controllers/application_controller.rb:79:14: warning[gradual_untyped]: expression resolves to RBS `untyped` (gradual escape)
results/one-shot-v2-rails-expert/pilot-1/source/app/controllers/application_controller.rb:79:14: warning[gradual_untyped]: method call resolves to RBS `untyped` (gradual escape)
results/one-shot-v2-rails-expert/pilot-1/source/app/controllers/application_controller.rb:79:14: warning[gradual_untyped]: local read resolves to RBS `untyped` (gradual escape)
results/one-shot-v2-rails-expert/pilot-1/source/app/controllers/application_controller.rb:79:53: warning[gradual_untyped]: method call resolves to RBS `untyped` (gradual escape)
results/one-shot-v2-rails-expert/pilot-1/source/app/controllers/application_controller.rb:79:53: warning[gradual_untyped]: local read resolves to RBS `untyped` (gradual escape)
results/one-shot-v2-rails-expert/pilot-1/source/app/controllers/application_controller.rb:79:70: warning[gradual_untyped]: method call resolves to RBS `untyped` (gradual escape)
results/one-shot-v2-rails-expert/pilot-1/source/app/controllers/application_controller.rb:79:70: warning[gradual_untyped]: local read resolves to RBS `untyped` (gradual escape)
results/one-shot-v2-rails-expert/pilot-1/source/app/controllers/application_controller.rb:80:35: note[unresolved_type]: local read `favorite_ids` has unresolved type — likely roundhouse coverage, not an app error (ingest gap in app/controllers/application_controller.rb: unsupported expression node: ClassNode)
results/one-shot-v2-rails-expert/pilot-1/source/app/controllers/application_controller.rb:80:50: note[unresolved_type]: local read `favorite_ids` has unresolved type — likely roundhouse coverage, not an app error (ingest gap in app/controllers/application_controller.rb: unsupported expression node: ClassNode)
results/one-shot-v2-rails-expert/pilot-1/source/app/controllers/application_controller.rb:80:72: warning[gradual_untyped]: method call resolves to RBS `untyped` (gradual escape)
results/one-shot-v2-rails-expert/pilot-1/source/app/controllers/application_controller.rb:80:72: warning[gradual_untyped]: local read resolves to RBS `untyped` (gradual escape)
results/one-shot-v2-rails-expert/pilot-1/source/app/controllers/application_controller.rb:80:142: warning[gradual_untyped]: method call resolves to RBS `untyped` (gradual escape)
results/one-shot-v2-rails-expert/pilot-1/source/app/controllers/application_controller.rb:80:142: warning[gradual_untyped]: local read resolves to RBS `untyped` (gradual escape)
results/one-shot-v2-rails-expert/pilot-1/source/app/controllers/application_controller.rb:81:13: note[unresolved_type]: local read `favorite_counts` has unresolved type — likely roundhouse coverage, not an app error (ingest gap in app/controllers/application_controller.rb: unsupported expression node: ClassNode)
results/one-shot-v2-rails-expert/pilot-1/source/app/controllers/application_controller.rb:81:31: note[unresolved_type]: local read `favorite_counts` has unresolved type — likely roundhouse coverage, not an app error (ingest gap in app/controllers/application_controller.rb: unsupported expression node: ClassNode)
results/one-shot-v2-rails-expert/pilot-1/source/app/controllers/application_controller.rb:81:53: warning[gradual_untyped]: method call resolves to RBS `untyped` (gradual escape)
results/one-shot-v2-rails-expert/pilot-1/source/app/controllers/application_controller.rb:81:53: warning[gradual_untyped]: local read resolves to RBS `untyped` (gradual escape)
results/one-shot-v2-rails-expert/pilot-1/source/app/controllers/application_controller.rb:81:97: warning[gradual_untyped]: method call resolves to RBS `untyped` (gradual escape)
results/one-shot-v2-rails-expert/pilot-1/source/app/controllers/application_controller.rb:81:97: warning[gradual_untyped]: local read resolves to RBS `untyped` (gradual escape)
results/one-shot-v2-rails-expert/pilot-1/source/app/controllers/application_controller.rb:82:20: warning[gradual_untyped]: method call resolves to RBS `untyped` (gradual escape)
results/one-shot-v2-rails-expert/pilot-1/source/app/controllers/application_controller.rb:82:20: warning[gradual_untyped]: local read resolves to RBS `untyped` (gradual escape)
results/one-shot-v2-rails-expert/pilot-1/source/app/controllers/application_controller.rb:82:41: warning[gradual_untyped]: method call resolves to RBS `untyped` (gradual escape)
results/one-shot-v2-rails-expert/pilot-1/source/app/controllers/application_controller.rb:82:41: warning[gradual_untyped]: local read resolves to RBS `untyped` (gradual escape)
results/one-shot-v2-rails-expert/pilot-1/source/app/controllers/application_controller.rb:82:69: warning[gradual_untyped]: method call resolves to RBS `untyped` (gradual escape)
results/one-shot-v2-rails-expert/pilot-1/source/app/controllers/application_controller.rb:82:69: warning[gradual_untyped]: local read resolves to RBS `untyped` (gradual escape)
results/one-shot-v2-rails-expert/pilot-1/source/app/controllers/application_controller.rb:83:16: warning[gradual_untyped]: method call resolves to RBS `untyped` (gradual escape)
results/one-shot-v2-rails-expert/pilot-1/source/app/controllers/application_controller.rb:83:16: warning[gradual_untyped]: local read resolves to RBS `untyped` (gradual escape)
results/one-shot-v2-rails-expert/pilot-1/source/app/controllers/application_controller.rb:83:45: warning[gradual_untyped]: method call resolves to RBS `untyped` (gradual escape)
results/one-shot-v2-rails-expert/pilot-1/source/app/controllers/application_controller.rb:83:45: warning[gradual_untyped]: local read resolves to RBS `untyped` (gradual escape)
results/one-shot-v2-rails-expert/pilot-1/source/app/controllers/application_controller.rb:83:87: warning[gradual_untyped]: method call resolves to RBS `untyped` (gradual escape)
results/one-shot-v2-rails-expert/pilot-1/source/app/controllers/application_controller.rb:83:87: warning[gradual_untyped]: local read resolves to RBS `untyped` (gradual escape)
results/one-shot-v2-rails-expert/pilot-1/source/app/controllers/application_controller.rb:84:75: warning[gradual_untyped]: local read resolves to RBS `untyped` (gradual escape)
results/one-shot-v2-rails-expert/pilot-1/source/app/controllers/application_controller.rb:84:83: note[unresolved_type]: local read `following_ids` has unresolved type — likely roundhouse coverage, not an app error (ingest gap in app/controllers/application_controller.rb: unsupported expression node: ClassNode)
results/one-shot-v2-rails-expert/pilot-1/source/app/controllers/application_controller.rb:85:15: warning[gradual_untyped]: method call resolves to RBS `untyped` (gradual escape)
results/one-shot-v2-rails-expert/pilot-1/source/app/controllers/application_controller.rb:85:15: warning[gradual_untyped]: local read resolves to RBS `untyped` (gradual escape)
results/one-shot-v2-rails-expert/pilot-1/source/app/controllers/application_controller.rb:85:44: warning[gradual_untyped]: expression resolves to RBS `untyped` (gradual escape)
results/one-shot-v2-rails-expert/pilot-1/source/app/controllers/application_controller.rb:85:44: warning[gradual_untyped]: method call resolves to RBS `untyped` (gradual escape)
results/one-shot-v2-rails-expert/pilot-1/source/app/controllers/application_controller.rb:85:44: warning[gradual_untyped]: local read resolves to RBS `untyped` (gradual escape)
results/one-shot-v2-rails-expert/pilot-1/source/app/controllers/application_controller.rb:85:88: warning[gradual_untyped]: method call resolves to RBS `untyped` (gradual escape)
results/one-shot-v2-rails-expert/pilot-1/source/app/controllers/application_controller.rb:85:88: warning[gradual_untyped]: local read resolves to RBS `untyped` (gradual escape)
results/one-shot-v2-rails-expert/pilot-1/source/app/controllers/application_controller.rb:86:39: note[unresolved_type]: local read `list` has unresolved type — likely roundhouse coverage, not an app error (ingest gap in app/controllers/application_controller.rb: unsupported expression node: ClassNode)
results/one-shot-v2-rails-expert/pilot-1/source/app/controllers/application_controller.rb:86:19: warning[gradual_untyped]: method call resolves to RBS `untyped` (gradual escape)
results/one-shot-v2-rails-expert/pilot-1/source/app/controllers/application_controller.rb:86:19: warning[gradual_untyped]: local read resolves to RBS `untyped` (gradual escape)
results/one-shot-v2-rails-expert/pilot-1/source/app/controllers/application_controller.rb:91:13: warning[gradual_untyped]: method call resolves to RBS `untyped` (gradual escape)
results/one-shot-v2-rails-expert/pilot-1/source/app/controllers/application_controller.rb:92:14: warning[gradual_untyped]: method call resolves to RBS `untyped` (gradual escape)
results/one-shot-v2-rails-expert/pilot-1/source/app/controllers/application_controller.rb:93:13: warning[gradual_untyped]: method call resolves to RBS `untyped` (gradual escape)
results/one-shot-v2-rails-expert/pilot-1/source/app/controllers/application_controller.rb:94:14: warning[gradual_untyped]: method call resolves to RBS `untyped` (gradual escape)
results/one-shot-v2-rails-expert/pilot-1/source/app/controllers/application_controller.rb:95:13: note[unresolved_type]: local read `relation` has unresolved type — likely roundhouse coverage, not an app error (ingest gap in app/controllers/application_controller.rb: unsupported expression node: ClassNode)
results/one-shot-v2-rails-expert/pilot-1/source/app/controllers/application_controller.rb:96:16: note[unresolved_type]: local read `relation` has unresolved type — likely roundhouse coverage, not an app error (ingest gap in app/controllers/application_controller.rb: unsupported expression node: ClassNode)
results/one-shot-v2-rails-expert/pilot-1/source/app/controllers/application_controller.rb:96:67: warning[gradual_untyped]: local read resolves to RBS `untyped` (gradual escape)
results/one-shot-v2-rails-expert/pilot-1/source/app/controllers/application_controller.rb:96:81: warning[gradual_untyped]: local read resolves to RBS `untyped` (gradual escape)
results/one-shot-v2-rails-expert/pilot-1/source/app/controllers/application_controller.rb:97:25: warning[gradual_untyped]: method call resolves to RBS `untyped` (gradual escape)
warning[gradual_untyped]: local read resolves to RBS `untyped` (gradual escape)
results/one-shot-v2-rails-expert/pilot-1/source/app/controllers/application_controller.rb:98:32: warning[gradual_untyped]: method call resolves to RBS `untyped` (gradual escape)
results/one-shot-v2-rails-expert/pilot-1/source/app/controllers/application_controller.rb:99:37: note[send_dispatch_failed]: no known method `to_set` on Array[Integer] — likely roundhouse coverage, not an app error (ingest gap in app/controllers/application_controller.rb: unsupported expression node: ClassNode)
results/one-shot-v2-rails-expert/pilot-1/source/app/controllers/application_controller.rb:100:36: note[send_dispatch_failed]: no known method `to_set` on Array[Integer] — likely roundhouse coverage, not an app error (ingest gap in app/controllers/application_controller.rb: unsupported expression node: ClassNode)
results/one-shot-v2-rails-expert/pilot-1/source/app/controllers/application_controller.rb:102:49: warning[gradual_untyped]: local read resolves to RBS `untyped` (gradual escape)
results/one-shot-v2-rails-expert/pilot-1/source/app/controllers/application_controller.rb:102:174: note[unresolved_type]: local read `count` has unresolved type — likely roundhouse coverage, not an app error (ingest gap in app/controllers/application_controller.rb: unsupported expression node: ClassNode)
results/one-shot-v2-rails-expert/pilot-1/source/app/controllers/articles_controller.rb:28:14: error[send_dispatch_failed]: no known method `fetch` on String?
results/one-shot-v2-rails-expert/pilot-1/source/app/controllers/articles_controller.rb:29:87: warning[unresolved_type]: local read `status` has unresolved type
results/one-shot-v2-rails-expert/pilot-1/source/app/controllers/articles_controller.rb:30:12: error[send_dispatch_failed]: no known method `fetch` on String?
results/one-shot-v2-rails-expert/pilot-1/source/app/controllers/articles_controller.rb:31:59: warning[unresolved_type]: local read `tags` has unresolved type
results/one-shot-v2-rails-expert/pilot-1/source/app/controllers/articles_controller.rb:31:98: warning[gradual_untyped]: local read resolves to RBS `untyped` (gradual escape)
results/one-shot-v2-rails-expert/pilot-1/source/app/controllers/articles_controller.rb:32:27: error[send_dispatch_failed]: no known method `permit` on String?
results/one-shot-v2-rails-expert/pilot-1/source/app/controllers/articles_controller.rb:33:38: warning[unresolved_type]: local read `status` has unresolved type
results/one-shot-v2-rails-expert/pilot-1/source/app/controllers/articles_controller.rb:33:77: warning[unresolved_type]: local read `status` has unresolved type
results/one-shot-v2-rails-expert/pilot-1/source/app/controllers/articles_controller.rb:34:17: warning[unresolved_type]: local read `tags` has unresolved type
results/one-shot-v2-rails-expert/pilot-1/source/app/controllers/articles_controller.rb:42:33: error[send_dispatch_failed]: no known method `to_unsafe_h` on String?
results/one-shot-v2-rails-expert/pilot-1/source/app/controllers/articles_controller.rb:42:117: warning[unresolved_type]: local read `a` has unresolved type
results/one-shot-v2-rails-expert/pilot-1/source/app/controllers/comments_controller.rb:4:13: warning[gradual_untyped]: method call resolves to RBS `untyped` (gradual escape)
results/one-shot-v2-rails-expert/pilot-1/source/app/controllers/comments_controller.rb:4:14: warning[gradual_untyped]: method call resolves to RBS `untyped` (gradual escape)
results/one-shot-v2-rails-expert/pilot-1/source/app/controllers/comments_controller.rb:5:14: warning[gradual_untyped]: method call resolves to RBS `untyped` (gradual escape)
results/one-shot-v2-rails-expert/pilot-1/source/app/controllers/comments_controller.rb:5:15: warning[gradual_untyped]: method call resolves to RBS `untyped` (gradual escape)
results/one-shot-v2-rails-expert/pilot-1/source/app/controllers/comments_controller.rb:6:75: warning[gradual_untyped]: local read resolves to RBS `untyped` (gradual escape)
results/one-shot-v2-rails-expert/pilot-1/source/app/controllers/comments_controller.rb:6:89: warning[gradual_untyped]: local read resolves to RBS `untyped` (gradual escape)
results/one-shot-v2-rails-expert/pilot-1/source/app/controllers/comments_controller.rb:7:32: error[send_dispatch_failed]: no known method `to_set` on Array[Integer]
results/one-shot-v2-rails-expert/pilot-1/source/app/controllers/comments_controller.rb:30:64: warning[unresolved_type]: local read `followed` has unresolved type
results/one-shot-v2-rails-expert/pilot-1/source/app/controllers/exports_controller.rb:17:63: error[send_dispatch_failed]: no known method `articles` on ArticleExport?
results/one-shot-v2-rails-expert/pilot-1/source/app/controllers/shares_controller.rb:12:5: error[send_dispatch_failed]: no known method `with_lock` on Article?
results/one-shot-v2-rails-expert/pilot-1/source/app/controllers/shares_controller.rb:24:59: error[send_dispatch_failed]: no known method `keys` on String?
results/one-shot-v2-rails-expert/pilot-1/source/app/controllers/shares_controller.rb:25:39: error[send_dispatch_failed]: no known method `to_unsafe_h` on String?
results/one-shot-v2-rails-expert/pilot-1/source/app/controllers/shares_controller.rb:25:110: warning[unresolved_type]: local read `a` has unresolved type
results/one-shot-v2-rails-expert/pilot-1/source/app/controllers/shares_controller.rb:25:146: warning[gradual_untyped]: method call resolves to RBS `untyped` (gradual escape)
results/one-shot-v2-rails-expert/pilot-1/source/app/controllers/shares_controller.rb:29:21: warning[gradual_untyped]: method call resolves to RBS `untyped` (gradual escape)
results/one-shot-v2-rails-expert/pilot-1/source/app/controllers/shares_controller.rb:34:74: warning[gradual_untyped]: method call resolves to RBS `untyped` (gradual escape)
results/one-shot-v2-rails-expert/pilot-1/source/app/controllers/tags_controller.rb:3:12: warning[gradual_untyped]: method call resolves to RBS `untyped` (gradual escape)
results/one-shot-v2-rails-expert/pilot-1/source/app/controllers/tags_controller.rb:4:26: warning[gradual_untyped]: local read resolves to RBS `untyped` (gradual escape)
results/one-shot-v2-rails-expert/pilot-1/source/app/controllers/users_controller.rb:4:21: error[send_dispatch_failed]: no known method `permit` on String?
results/one-shot-v2-rails-expert/pilot-1/source/app/controllers/users_controller.rb:7:11: error[send_dispatch_failed]: no known method `of_kind?` on ActiveModel::Errors
results/one-shot-v2-rails-expert/pilot-1/source/app/controllers/users_controller.rb:7:54: error[send_dispatch_failed]: no known method `of_kind?` on ActiveModel::Errors
results/one-shot-v2-rails-expert/pilot-1/source/app/controllers/users_controller.rb:8:30: error[send_dispatch_failed]: no known method `to_hash` on ActiveModel::Errors
results/one-shot-v2-rails-expert/pilot-1/source/app/controllers/users_controller.rb:10:30: error[send_dispatch_failed]: no known method `to_hash` on ActiveModel::Errors
results/one-shot-v2-rails-expert/pilot-1/source/app/controllers/users_controller.rb:38:27: error[send_dispatch_failed]: no known method `permit` on String?
results/one-shot-v2-rails-expert/pilot-1/source/app/controllers/users_controller.rb:45:13: note[send_dispatch_failed]: no known method `encode` on JWT — likely roundhouse coverage, not an app error (the `jwt` gem is in the Gemfile and roundhouse does not model it)
results/one-shot-v2-rails-expert/pilot-1/source/app/controllers/users_controller.rb:45:45: warning[gradual_untyped]: method call resolves to RBS `untyped` (gradual escape)
results/one-shot-v2-rails-expert/pilot-1/source/app/controllers/users_controller.rb:45:70: warning[gradual_untyped]: method call resolves to RBS `untyped` (gradual escape)
results/one-shot-v2-rails-expert/pilot-1/source/app/controllers/users_controller.rb:46:33: warning[unresolved_type]: local read `token` has unresolved type
results/one-shot-v2-rails-expert/pilot-1/source/app/models/article.rb:10:80: warning[unresolved_type]: local read `user` has unresolved type
results/one-shot-v2-rails-expert/pilot-1/source/app/models/article.rb:13:8: warning[gradual_untyped]: method call resolves to RBS `untyped` (gradual escape)
results/one-shot-v2-rails-expert/pilot-1/source/app/models/article.rb:21:5: warning[unresolved_type]: method call `with_lock` has unresolved type
results/one-shot-v2-rails-expert/pilot-1/source/app/models/article_export.rb:5:83: warning[unresolved_type]: local read `export` has unresolved type
results/one-shot-v2-rails-expert/pilot-1/source/app/models/article_share.rb:9:5: error[send_dispatch_failed]: no known method `with_lock` on Article?
results/one-shot-v2-rails-expert/pilot-1/source/app/models/article_share.rb:19:5: error[send_dispatch_failed]: no known method `secure_compare` on ActiveSupport::SecurityUtils
results/one-shot-v2-rails-expert/pilot-1/source/app/models/user.rb:18:70: warning[unresolved_type]: method call `password` has unresolved type
results/one-shot-v2-rails-expert/pilot-1/source/app/models/user.rb:23:5: warning[gradual_untyped]: expression resolves to RBS `untyped` (gradual escape)

── Survey: 1 ingest gap(s), 1 distinct kind(s) ──
  [1×] unsupported expression node: ClassNode
        results/one-shot-v2-rails-expert/pilot-1/source/app/controllers/application_controller.rb

roundhouse-check: 10 gems: 1 framework, 1 modeled, 5 infrastructure, 3 unknown (faye-websocket, good_job, jwt)
roundhouse-check: results/one-shot-v2-rails-expert/pilot-1/source — 0 parse error(s), 17 error(s), 88 warning(s), 18 gap-attributed note(s), 1 survey gap(s)
