#0 building with "orbstack" instance using docker driver

#1 [internal] load build definition from Dockerfile
#1 transferring dockerfile: 750B done
#1 DONE 0.0s

#2 [internal] load metadata for docker.io/library/python:3.14.7-slim-bookworm@sha256:82bc3c539b8813ada9d68c63b40158fa002f7f33de9bf3312a3dfdc0620dff56
#2 DONE 0.0s

#3 [internal] load .dockerignore
#3 transferring context: 154B done
#3 DONE 0.0s

#4 [builder 1/5] FROM docker.io/library/python:3.14.7-slim-bookworm@sha256:82bc3c539b8813ada9d68c63b40158fa002f7f33de9bf3312a3dfdc0620dff56
#4 DONE 0.0s

#5 [internal] load build context
#5 transferring context: 145.50kB done
#5 DONE 0.0s

#6 [stage-1 7/8] COPY bin/serve ./bin/serve
#6 CACHED

#7 [builder 2/5] RUN pip install --no-cache-dir uv==0.12.20
#7 CACHED

#8 [builder 4/5] COPY pyproject.toml uv.lock ./
#8 CACHED

#9 [stage-1 2/8] WORKDIR /app
#9 CACHED

#10 [builder 5/5] RUN uv sync --frozen --no-dev --no-cache --compile-bytecode
#10 CACHED

#11 [stage-1 4/8] COPY conduit ./conduit
#11 CACHED

#12 [builder 3/5] WORKDIR /app
#12 CACHED

#13 [stage-1 6/8] COPY manage.py ./
#13 CACHED

#14 [stage-1 5/8] COPY config ./config
#14 CACHED

#15 [stage-1 3/8] COPY --from=builder /app/.venv /app/.venv
#15 CACHED

#16 [stage-1 8/8] RUN python -m compileall -q conduit config manage.py && useradd --create-home --uid 10001 app
#16 CACHED

#17 exporting to image
#17 exporting layers done
#17 writing image sha256:5bc0537480a7ded545eb8f2df3434219646baae8e132bf81176ecf13e84a8cdf done
#17 naming to docker.io/library/agentmvc-lane-python-8-live-editing-1:current done
#17 DONE 0.0s

fd9b039164665f1c2eb2ec84ac4261ac84120452e953eeabda3ef64c2cffff2e

f9dc2ee36e271cdbadc9f27fdb4746ac4483c476bea02a0a003d94152bc1fbae

589dd59b35be2582088cbeeef4fc132a0e62a35b7c188b7e403ef893576d6002

Operations to perform:
  Apply all migrations: auth, conduit, contenttypes, procrastinate
Running migrations:
  Applying contenttypes.0001_initial... OK
  Applying contenttypes.0002_remove_content_type_name... OK
  Applying auth.0001_initial... OK
  Applying auth.0002_alter_permission_name_max_length... OK
  Applying auth.0003_alter_user_email_max_length... OK
  Applying auth.0004_alter_user_username_opts... OK
  Applying auth.0005_alter_user_last_login_null... OK
  Applying auth.0006_require_contenttypes_0002... OK
  Applying auth.0007_alter_validators_add_error_messages... OK
  Applying auth.0008_alter_user_username_max_length... OK
  Applying auth.0009_alter_user_last_name_max_length... OK
  Applying auth.0010_alter_group_name_max_length... OK
  Applying auth.0011_update_proxy_permissions... OK
  Applying auth.0012_alter_user_first_name_max_length... OK
  Applying conduit.0001_initial... OK
  Applying conduit.0002_article_published_at_article_revision_article_status... OK
  Applying conduit.0003_loginattempt... OK
  Applying conduit.0004_export... OK
  Applying conduit.0005_editinglink... OK
  Applying procrastinate.0001_initial... OK
  Applying procrastinate.0002_drop_started_at_column... OK
  Applying procrastinate.0003_drop_started_at_column... OK
  Applying procrastinate.0004_drop_procrastinate_version_table... OK
  Applying procrastinate.0005_fix_procrastinate_fetch_job... OK
  Applying procrastinate.0006_fix_trigger_status_events_insert... OK
  Applying procrastinate.0007_add_queueing_lock_column... OK
  Applying procrastinate.0008_close_fetch_job_race_condition... OK
  Applying procrastinate.0009_add_defer_job_function... OK
  Applying procrastinate.0010_add_procrastinate_periodic_defers... OK
  Applying procrastinate.0011_add_foreign_key_index... OK
  Applying procrastinate.0012_add_locks_to_periodic_defer... OK
  Applying procrastinate.0013_fix_procrastinate_defer_periodic_job... OK
  Applying procrastinate.0014_add_finish_job_and_retry_job_functions... OK
  Applying procrastinate.0015_add_trigger_on_job_deletion... OK
  Applying procrastinate.0016_delete_finished_jobs... OK
  Applying procrastinate.0017_add_checks_to_finish_job... OK
  Applying procrastinate.0018_add_checks_to_retry_job... OK
  Applying procrastinate.0019_fix_finish_job_compat_issue... OK
  Applying procrastinate.0020_add_index_on_procrastinate_jobs... OK
  Applying procrastinate.0021_add_kwargs_to_defer_periodic_job... OK
  Applying procrastinate.0022_null_locks_excluded... OK
  Applying procrastinate.0023_remove_old_finish_job_function... OK
  Applying procrastinate.0024_job_id_bigint... OK
  Applying procrastinate.0025_add_models... OK
  Applying procrastinate.0026_add_job_priority... OK
  Applying procrastinate.0027_add_periodic_job_priority... OK
  Applying procrastinate.0028_add_cancel_states... OK
  Applying procrastinate.0029_add_additional_params_to_retry_job... OK
  Applying procrastinate.0030_alter_procrastinateevent_options... OK
  Applying procrastinate.0031_add_indexes_for_fetch_job... OK
  Applying procrastinate.0032_pre_cancel_notification... OK
  Applying procrastinate.0033_post_cancel_notification... OK
  Applying procrastinate.0034_pre_add_heartbeat... OK
  Applying procrastinate.0035_post_add_heartbeat... OK
  Applying procrastinate.0036_add_worker_model... OK
  Applying procrastinate.0037_pre_batch_defer_jobs... OK
  Applying procrastinate.0038_post_batch_defer_jobs... OK
  Applying procrastinate.0039_pre_priority_lock_fetch_job... OK
  Applying procrastinate.0040_pre_retry_failed_job... OK
  Applying procrastinate.0041_post_retry_failed_job... OK
INFO:     Started server process [15]
Launching a worker on all queues
INFO:     Uvicorn running on http://0.0.0.0:4171 (Press CTRL+C to quit)
INFO:     172.29.51.1:37262 - "GET /api/tags HTTP/1.1" 200 OK
INFO:     172.29.51.1:37268 - "POST /api/users HTTP/1.1" 201 Created
INFO:     172.29.51.1:37272 - "POST /api/articles HTTP/1.1" 201 Created
INFO:     172.29.51.1:37286 - "GET /api/articles/share-probe-valid_revision-e7faa44b9b824c86-bdc4c0f59dfa HTTP/1.1" 200 OK
INFO:     172.29.51.1:37300 - "POST /api/articles/share-probe-valid_revision-e7faa44b9b824c86-bdc4c0f59dfa/share HTTP/1.1" 201 Created
INFO:     172.29.51.1:37310 - "GET /api/shares/bbceaf9b10164e92833120bc74d9bb0f/article HTTP/1.1" 200 OK
INFO:     172.29.51.1:37318 - "PUT /api/shares/bbceaf9b10164e92833120bc74d9bb0f/article HTTP/1.1" 200 OK
INFO:     172.29.51.1:37322 - "GET /api/shares/bbceaf9b10164e92833120bc74d9bb0f/article HTTP/1.1" 200 OK
INFO:     172.29.51.1:37334 - "POST /api/articles HTTP/1.1" 201 Created
INFO:     172.29.51.1:37346 - "GET /api/articles/share-probe-revision_zero-e7faa44b9b824c86-39d1ee57c673 HTTP/1.1" 200 OK
INFO:     172.29.51.1:37352 - "POST /api/articles/share-probe-revision_zero-e7faa44b9b824c86-39d1ee57c673/share HTTP/1.1" 201 Created
INFO:     172.29.51.1:37358 - "GET /api/shares/117ef1eaf6744ede98c738e9fa4365bb/article HTTP/1.1" 200 OK
INFO:     172.29.51.1:37372 - "PUT /api/shares/117ef1eaf6744ede98c738e9fa4365bb/article HTTP/1.1" 409 Conflict
INFO:     172.29.51.1:37380 - "GET /api/shares/117ef1eaf6744ede98c738e9fa4365bb/article HTTP/1.1" 200 OK
INFO:     172.29.51.1:37388 - "GET /api/articles/share-probe-revision_zero-e7faa44b9b824c86-39d1ee57c673 HTTP/1.1" 200 OK
INFO:     172.29.51.1:37402 - "POST /api/articles HTTP/1.1" 201 Created
INFO:     172.29.51.1:37412 - "GET /api/articles/share-probe-revision_negative-e7faa44b9b824c86-a663433da745 HTTP/1.1" 200 OK
INFO:     172.29.51.1:37426 - "POST /api/articles/share-probe-revision_negative-e7faa44b9b824c86-a663433da745/share HTTP/1.1" 201 Created
INFO:     172.29.51.1:37428 - "GET /api/shares/6bcff2c7b70c49138db7e7d82c54c49f/article HTTP/1.1" 200 OK
INFO:     172.29.51.1:37434 - "PUT /api/shares/6bcff2c7b70c49138db7e7d82c54c49f/article HTTP/1.1" 409 Conflict
INFO:     172.29.51.1:37450 - "GET /api/shares/6bcff2c7b70c49138db7e7d82c54c49f/article HTTP/1.1" 200 OK
INFO:     172.29.51.1:37462 - "GET /api/articles/share-probe-revision_negative-e7faa44b9b824c86-a663433da745 HTTP/1.1" 200 OK
INFO:     172.29.51.1:37464 - "POST /api/articles HTTP/1.1" 201 Created
INFO:     172.29.51.1:37476 - "GET /api/articles/share-probe-extra_envelope_key-e7faa44b9b824c86-518fdeb04daf HTTP/1.1" 200 OK
INFO:     172.29.51.1:37492 - "POST /api/articles/share-probe-extra_envelope_key-e7faa44b9b824c86-518fdeb04daf/share HTTP/1.1" 201 Created
INFO:     172.29.51.1:37502 - "GET /api/shares/09bcbec2926b487e961d9fc08f3c5c6b/article HTTP/1.1" 200 OK
INFO:     172.29.51.1:37516 - "PUT /api/shares/09bcbec2926b487e961d9fc08f3c5c6b/article HTTP/1.1" 422 Unprocessable Content
INFO:     172.29.51.1:37526 - "GET /api/shares/09bcbec2926b487e961d9fc08f3c5c6b/article HTTP/1.1" 200 OK
INFO:     172.29.51.1:37540 - "GET /api/articles/share-probe-extra_envelope_key-e7faa44b9b824c86-518fdeb04daf HTTP/1.1" 200 OK
