#0 building with "orbstack" instance using docker driver

#1 [internal] load build definition from Dockerfile
#1 transferring dockerfile: 554B done
#1 DONE 0.0s

#2 resolve image config for docker-image://docker.io/docker/dockerfile:1
#2 DONE 1.1s

#3 docker-image://docker.io/docker/dockerfile:1@sha256:ecfaec9ed6d810b56388c508f4121597bfbba70d41a6dfeee4d8cad5f295fc32
#3 CACHED

#4 [internal] load metadata for docker.io/library/golang:1.27.1-bookworm@sha256:69a7b9788769bec032d238959b61854e9ae87f57be9029ec04e9885fabf99195
#4 DONE 0.0s

#5 [internal] load metadata for gcr.io/distroless/static-debian12:nonroot@sha256:afa5c872c891853ca7fcf1f12c3edb23f7eeef36189728842dd51042ff57f7ab
#5 DONE 0.0s

#6 [internal] load .dockerignore
#6 transferring context: 113B done
#6 DONE 0.0s

#7 [build 1/6] FROM docker.io/library/golang:1.27.1-bookworm@sha256:69a7b9788769bec032d238959b61854e9ae87f57be9029ec04e9885fabf99195
#7 DONE 0.0s

#8 [stage-1 1/3] FROM gcr.io/distroless/static-debian12:nonroot@sha256:afa5c872c891853ca7fcf1f12c3edb23f7eeef36189728842dd51042ff57f7ab
#8 DONE 0.0s

#9 [internal] load build context
#9 transferring context: 1.75kB done
#9 DONE 0.0s

#10 [stage-1 2/3] WORKDIR /app
#10 CACHED

#11 [build 2/6] WORKDIR /src
#11 CACHED

#12 [build 3/6] COPY go.mod go.sum ./
#12 CACHED

#13 [build 4/6] RUN go mod download
#13 CACHED

#14 [build 6/6] RUN go build -trimpath -ldflags="-s -w" -o /out/server ./cmd/server
#14 CACHED

#15 [build 5/6] COPY . .
#15 CACHED

#16 [stage-1 3/3] COPY --from=build /out/server /app/server
#16 CACHED

#17 exporting to image
#17 exporting layers done
#17 writing image sha256:e436e8b540e6a8b073ba48986a407355e7b201f1a12f515c309ffc86f58afa67 done
#17 naming to docker.io/library/agentmvc-lane-go-one-shot-reference-1:current done
#17 DONE 0.0s

e94dbd485855a005f0669901da0f9ee75edc1bef708669b9d1c91e62e6ebdefc

d4eb2dde604843826c1b277d102d9af86b6dca66ad5974d79d0931faefc947db

119d51142d472df0e4ae7fc7b6916d3f0938082fdf5d91faf87d6f2c06f8c24d

Success api/hurl/articles.hurl (17 request(s) in 91 ms)
Success api/hurl/auth.hurl (20 request(s) in 119 ms)
Success api/hurl/comments.hurl (13 request(s) in 69 ms)
Success api/hurl/errors_articles.hurl (20 request(s) in 57 ms)
Success api/hurl/errors_auth.hurl (20 request(s) in 293 ms)
Success api/hurl/errors_authorization.hurl (9 request(s) in 105 ms)
Success api/hurl/errors_comments.hurl (10 request(s) in 56 ms)
Success api/hurl/errors_profiles.hurl (6 request(s) in 50 ms)
Success api/hurl/favorites.hurl (9 request(s) in 62 ms)
Success api/hurl/feed.hurl (12 request(s) in 112 ms)
Success api/hurl/pagination.hurl (7 request(s) in 56 ms)
Success api/hurl/profiles.hurl (7 request(s) in 101 ms)
Success api/hurl/tags.hurl (4 request(s) in 53 ms)
Success features/drafts/hurl/drafts.hurl (23 request(s) in 117 ms)
Success features/drafts/hurl/errors_drafts.hurl (24 request(s) in 108 ms)
Success features/exports/hurl/exports.hurl (18 request(s) in 370 ms)
Success features/live-editing/hurl/live-editing.hurl (18 request(s) in 111 ms)
--------------------------------------------------------------------------------
Executed files:    17
Executed requests: 237 (121.4/s)
Succeeded files:   17 (100.0%)
Failed files:      0 (0.0%)
Duration:          1953 ms (0h:0m:1s:953ms)

Success s01_jwt_alg_none.hurl (1 request(s) in 0 ms)
Success s02_jwt_signature_stripped.hurl (3 request(s) in 51 ms)
Success s03_jwt_garbage.hurl (2 request(s) in 0 ms)
Success s04_mass_assignment_user.hurl (2 request(s) in 52 ms)
Success s05_mass_assignment_article.hurl (2 request(s) in 52 ms)
Success s06_injection_filters.hurl (4 request(s) in 3 ms)
Success s07_malformed_json.hurl (1 request(s) in 0 ms)
Success s08_wrong_types.hurl (8 request(s) in 49 ms)
Success s09_oversized_body.hurl (2 request(s) in 117 ms)
Success s10_unknown_route.hurl (1 request(s) in 0 ms)
Success s11_login_enumeration.hurl (3 request(s) in 97 ms)
Success s12_nosniff_header.hurl (1 request(s) in 1 ms)
Success s13_login_rate_limit.hurl (22 request(s) in 994 ms)
--------------------------------------------------------------------------------
Executed files:    13
Executed requests: 52 (36.5/s)
Succeeded files:   13 (100.0%)
Failed files:      0 (0.0%)
Duration:          1424 ms (0h:0m:1s:424ms)

PASS live protocol: authorization, presence, updates, conflict, reconnect, revocation

Running 4 tests using 1 worker

  ✓  1 tests/editor.spec.js:7:1 › three independent browsers share edits and presence without losing a dirty draft (472ms)
  ✓  2 tests/editor.spec.js:42:1 › the 101st editor sees Room full and can retry after a slot opens (314ms)
  ✓  3 tests/editor.spec.js:70:1 › revoking the link ends access to the editor (1.4s)
  ✓  4 tests/editor.spec.js:84:1 › a delayed save response preserves newer typing and socket state (248ms)

  4 passed (2.7s)

2026/09/29 20:17:52 INFO listening address=:4152
