#0 building with "orbstack" instance using docker driver

#1 [internal] load build definition from Dockerfile
#1 transferring dockerfile: 554B done
#1 DONE 0.0s

#2 resolve image config for docker-image://docker.io/docker/dockerfile:1
#2 DONE 0.4s

#3 docker-image://docker.io/docker/dockerfile:1@sha256:ecfaec9ed6d810b56388c508f4121597bfbba70d41a6dfeee4d8cad5f295fc32
#3 CACHED

#4 [internal] load metadata for docker.io/library/golang:1.27.1-bookworm@sha256:69a7b9788769bec032d238959b61854e9ae87f57be9029ec04e9885fabf99195
#4 DONE 0.0s

#5 [internal] load metadata for gcr.io/distroless/static-debian12:nonroot@sha256:afa5c872c891853ca7fcf1f12c3edb23f7eeef36189728842dd51042ff57f7ab
#5 DONE 0.0s

#6 [internal] load .dockerignore
#6 transferring context: 113B done
#6 DONE 0.0s

#7 [build 1/6] FROM docker.io/library/golang:1.27.1-bookworm@sha256:69a7b9788769bec032d238959b61854e9ae87f57be9029ec04e9885fabf99195
#7 DONE 0.0s

#8 [stage-1 1/3] FROM gcr.io/distroless/static-debian12:nonroot@sha256:afa5c872c891853ca7fcf1f12c3edb23f7eeef36189728842dd51042ff57f7ab
#8 DONE 0.0s

#9 [internal] load build context
#9 transferring context: 1.75kB done
#9 DONE 0.0s

#10 [build 2/6] WORKDIR /src
#10 CACHED

#11 [build 4/6] RUN go mod download
#11 CACHED

#12 [stage-1 2/3] WORKDIR /app
#12 CACHED

#13 [build 3/6] COPY go.mod go.sum ./
#13 CACHED

#14 [build 5/6] COPY . .
#14 CACHED

#15 [build 6/6] RUN go build -trimpath -ldflags="-s -w" -o /out/server ./cmd/server
#15 CACHED

#16 [stage-1 3/3] COPY --from=build /out/server /app/server
#16 CACHED

#17 exporting to image
#17 exporting layers done
#17 writing image sha256:e436e8b540e6a8b073ba48986a407355e7b201f1a12f515c309ffc86f58afa67 done
#17 naming to docker.io/library/agentmvc-lane-go-one-shot-reference-1:current done
#17 DONE 0.0s

7dfe06fdf1cfda68e939ae9eedd2da3fac2443ec884019fb262b5f4997313abf

1cbb0b1a089716db8b648fb1fc232420e9a18be572ca46767ff6a664c3d8d8e4

26fadb07e8cf47b8ba63b18607148925abfe61e8abdb60c3d66349a4eb680734

2026/09/29 20:18:06 INFO listening address=:4152
