DATABASE_URL=postgres://agentmvc:agentmvc@127.0.0.1:54201/agentmvc


PASS live protocol: authorization, presence, updates, conflict, reconnect, revocation

Running 4 tests using 1 worker

  ✓  1 tests/editor.spec.js:7:1 › three independent browsers share edits and presence without losing a dirty draft (656ms)
  ✓  2 tests/editor.spec.js:42:1 › the 101st editor sees Room full and can retry after a slot opens (943ms)
  ✓  3 tests/editor.spec.js:70:1 › revoking the link ends access to the editor (286ms)
  ✓  4 tests/editor.spec.js:84:1 › a delayed save response preserves newer typing and socket state (423ms)

  4 passed (2.8s)
Success api/hurl/articles.hurl (17 request(s) in 299 ms)
Success api/hurl/auth.hurl (20 request(s) in 402 ms)
Success api/hurl/comments.hurl (13 request(s) in 227 ms)
Success api/hurl/errors_articles.hurl (20 request(s) in 217 ms)
Success api/hurl/errors_auth.hurl (20 request(s) in 1612 ms)
Success api/hurl/errors_authorization.hurl (9 request(s) in 389 ms)
Success api/hurl/errors_comments.hurl (10 request(s) in 198 ms)
Success api/hurl/errors_profiles.hurl (6 request(s) in 183 ms)
Success api/hurl/favorites.hurl (9 request(s) in 220 ms)
Success api/hurl/feed.hurl (12 request(s) in 399 ms)
Success api/hurl/pagination.hurl (7 request(s) in 204 ms)
Success api/hurl/profiles.hurl (7 request(s) in 371 ms)
Success api/hurl/tags.hurl (4 request(s) in 189 ms)
Success features/drafts/hurl/drafts.hurl (23 request(s) in 439 ms)
Success features/drafts/hurl/errors_drafts.hurl (24 request(s) in 414 ms)
Success features/exports/hurl/exports.hurl (18 request(s) in 702 ms)
Success features/live-editing/hurl/live-editing.hurl (18 request(s) in 403 ms)
--------------------------------------------------------------------------------
Executed files:    17
Executed requests: 237 (34.4/s)
Succeeded files:   17 (100.0%)
Failed files:      0 (0.0%)
Duration:          6887 ms (0h:0m:6s:887ms)

Success s01_jwt_alg_none.hurl (1 request(s) in 1 ms)
Success s02_jwt_signature_stripped.hurl (3 request(s) in 187 ms)
Success s03_jwt_garbage.hurl (2 request(s) in 1 ms)
Success s04_mass_assignment_user.hurl (2 request(s) in 191 ms)
Success s05_mass_assignment_article.hurl (2 request(s) in 188 ms)
Success s06_injection_filters.hurl (4 request(s) in 8 ms)
Success s07_malformed_json.hurl (1 request(s) in 1 ms)
Success s08_wrong_types.hurl (8 request(s) in 202 ms)
Success s09_oversized_body.hurl (2 request(s) in 222 ms)
Success s10_unknown_route.hurl (1 request(s) in 1 ms)
Success s11_login_enumeration.hurl (3 request(s) in 349 ms)
Success s12_nosniff_header.hurl (1 request(s) in 2 ms)
Success s13_login_rate_limit.hurl (22 request(s) in 3707 ms)
--------------------------------------------------------------------------------
Executed files:    13
Executed requests: 52 (10.3/s)
Succeeded files:   13 (100.0%)
Failed files:      0 (0.0%)
Duration:          5072 ms (0h:0m:5s:72ms)


Inspecting 38 files
......................................

38 files inspected, no offenses detected

