#0 building with "orbstack" instance using docker driver

#1 [internal] load build definition from Dockerfile
#1 transferring dockerfile: 1.65kB done
#1 DONE 0.0s

#2 resolve image config for docker-image://docker.io/docker/dockerfile:1
#2 DONE 0.4s

#3 docker-image://docker.io/docker/dockerfile:1@sha256:ecfaec9ed6d810b56388c508f4121597bfbba70d41a6dfeee4d8cad5f295fc32
#3 CACHED

#4 [internal] load metadata for docker.io/library/eclipse-temurin:25-jdk-noble@sha256:f6366ccac38ceae180280ad7012d18a15e8031548a430dc2bae06631d9e88ed0
#4 DONE 2.4s

#5 [internal] load metadata for docker.io/library/eclipse-temurin:25-jre-noble@sha256:693fdaf83831eeeefd9709eae44c8b8706622652f972cf5903bd0e481bbf6ad3
#5 DONE 2.5s

#6 [internal] load .dockerignore
#6 transferring context: 217B done
#6 DONE 0.0s

#7 [build 1/8] FROM docker.io/library/eclipse-temurin:25-jdk-noble@sha256:f6366ccac38ceae180280ad7012d18a15e8031548a430dc2bae06631d9e88ed0
#7 DONE 0.0s

#8 [stage-1 1/3] FROM docker.io/library/eclipse-temurin:25-jre-noble@sha256:693fdaf83831eeeefd9709eae44c8b8706622652f972cf5903bd0e481bbf6ad3
#8 DONE 0.0s

#9 [internal] load build context
#9 transferring context: 1.36kB done
#9 DONE 0.0s

#10 [build 4/8] WORKDIR /src
#10 CACHED

#11 [build 5/8] COPY deps.edn ./
#11 CACHED

#12 [build 6/8] RUN --mount=type=cache,target=/root/.m2 clojure -P -T:build && clojure -P
#12 CACHED

#13 [build 3/8] RUN curl -fsSL --retry 5 https://github.com/clojure/brew-install/releases/download/1.12.5.1664/clojure-tools-1.12.5.1664.tar.gz -o /tmp/clojure.tar.gz &&     echo '77dd6868948074adcc93e83a796f8e8f15a1a92bcb1b9002d715fd2210e476f3  /tmp/clojure.tar.gz' | sha256sum -c - &&     tar xzf /tmp/clojure.tar.gz -C /tmp &&     mkdir -p /usr/local/lib/clojure/libexec &&     cp /tmp/clojure-tools/deps.edn /tmp/clojure-tools/example-deps.edn /tmp/clojure-tools/tools.edn /usr/local/lib/clojure/ &&     cp /tmp/clojure-tools/*.jar /usr/local/lib/clojure/libexec/ &&     sed 's@PREFIX@/usr/local/lib/clojure@g' /tmp/clojure-tools/clojure > /usr/local/bin/clojure &&     chmod +x /usr/local/bin/clojure && rm -rf /tmp/clojure-tools /tmp/clojure.tar.gz
#13 CACHED

#14 [build 8/8] RUN --mount=type=cache,target=/root/.m2 clojure -T:build uber
#14 CACHED

#15 [stage-1 2/3] WORKDIR /app
#15 CACHED

#16 [build 7/8] COPY . .
#16 CACHED

#17 [build 2/8] RUN apt-get update -qq && apt-get install --no-install-recommends -y curl ca-certificates &&     rm -rf /var/lib/apt/lists/*
#17 CACHED

#18 [stage-1 3/3] COPY --from=build --chown=10001:10001 /src/target/conduit.jar /app/conduit.jar
#18 CACHED

#19 exporting to image
#19 exporting layers done
#19 writing image sha256:0f93067087a248773c008c02b85d9b7f36bce3a37de98bcd439e16210fac973d done
#19 naming to docker.io/library/agentmvc-lane-clojure-one-shot-reference-1:current done
#19 DONE 0.0s

e65be91b8324c52d4c89023962b9a610bcfb29d3fdb86dca5bfa881bf23af291

42f7fbf72eab1667eb0f31d55036c273071b9c35ba02cf08196e24b9368fdcdb

bba1d11969e397732282391297ec3070756e30a5feab9b3be146067ba46c1a54

Success api/hurl/articles.hurl (17 request(s) in 213 ms)
Success api/hurl/auth.hurl (20 request(s) in 225 ms)
Success api/hurl/comments.hurl (13 request(s) in 113 ms)
Success api/hurl/errors_articles.hurl (20 request(s) in 101 ms)
Success api/hurl/errors_auth.hurl (20 request(s) in 371 ms)
Success api/hurl/errors_authorization.hurl (9 request(s) in 173 ms)
Success api/hurl/errors_comments.hurl (10 request(s) in 81 ms)
Success api/hurl/errors_profiles.hurl (6 request(s) in 79 ms)
Success api/hurl/favorites.hurl (9 request(s) in 94 ms)
Success api/hurl/feed.hurl (12 request(s) in 170 ms)
Success api/hurl/pagination.hurl (7 request(s) in 83 ms)
Success api/hurl/profiles.hurl (7 request(s) in 163 ms)
Success api/hurl/tags.hurl (4 request(s) in 75 ms)
Success features/drafts/hurl/drafts.hurl (23 request(s) in 185 ms)
Success features/drafts/hurl/errors_drafts.hurl (24 request(s) in 171 ms)
Success features/exports/hurl/exports.hurl (18 request(s) in 422 ms)
Success features/live-editing/hurl/live-editing.hurl (18 request(s) in 229 ms)
--------------------------------------------------------------------------------
Executed files:    17
Executed requests: 237 (79.9/s)
Succeeded files:   17 (100.0%)
Failed files:      0 (0.0%)
Duration:          2968 ms (0h:0m:2s:968ms)

Success s01_jwt_alg_none.hurl (1 request(s) in 1 ms)
Success s02_jwt_signature_stripped.hurl (3 request(s) in 112 ms)
Success s03_jwt_garbage.hurl (2 request(s) in 3 ms)
Success s04_mass_assignment_user.hurl (2 request(s) in 82 ms)
Success s05_mass_assignment_article.hurl (2 request(s) in 69 ms)
Success s06_injection_filters.hurl (4 request(s) in 4 ms)
Success s07_malformed_json.hurl (1 request(s) in 2 ms)
Success s08_wrong_types.hurl (8 request(s) in 77 ms)
Success s09_oversized_body.hurl (2 request(s) in 73 ms)
Success s10_unknown_route.hurl (1 request(s) in 0 ms)
Success s11_login_enumeration.hurl (3 request(s) in 140 ms)
Success s12_nosniff_header.hurl (1 request(s) in 1 ms)
Success s13_login_rate_limit.hurl (22 request(s) in 1522 ms)
--------------------------------------------------------------------------------
Executed files:    13
Executed requests: 52 (24.8/s)
Succeeded files:   13 (100.0%)
Failed files:      0 (0.0%)
Duration:          2099 ms (0h:0m:2s:99ms)

PASS live protocol: authorization, presence, updates, conflict, reconnect, revocation

Running 4 tests using 1 worker

  ✓  1 tests/editor.spec.js:7:1 › three independent browsers share edits and presence without losing a dirty draft (553ms)
  ✓  2 tests/editor.spec.js:42:1 › the 101st editor sees Room full and can retry after a slot opens (557ms)
  ✓  3 tests/editor.spec.js:70:1 › revoking the link ends access to the editor (183ms)
  ✓  4 tests/editor.spec.js:84:1 › a delayed save response preserves newer typing and socket state (290ms)

  4 passed (1.9s)

[main] INFO migratus.core - Starting migrations
[main] INFO com.zaxxer.hikari.HikariDataSource - conduit - Starting...
[main] INFO com.zaxxer.hikari.pool.HikariPool - conduit - Added connection org.postgresql.jdbc.PgConnection@4a10c019
[main] INFO com.zaxxer.hikari.HikariDataSource - conduit - Start completed.
[main] INFO migratus.database - creating migration table 'schema_migrations'
[main] INFO migratus.core - Running up for [1 2]
[main] INFO migratus.core - Up 1-proletarian
[main] INFO migratus.database - Connection is  {:connection #object[com.zaxxer.hikari.pool.HikariProxyConnection 0x2c51c756 HikariProxyConnection@743556950 wrapping org.postgresql.jdbc.PgConnection@4a10c019]} Config is {:store :database, :migration-dir migrations, :db {:datasource #object[com.zaxxer.hikari.HikariDataSource 0x219a2203 HikariDataSource (conduit)]}}
[main] INFO migratus.core - Up 2-conduit
[main] INFO migratus.database - Connection is  {:connection #object[com.zaxxer.hikari.pool.HikariProxyConnection 0x2c51c756 HikariProxyConnection@743556950 wrapping org.postgresql.jdbc.PgConnection@4a10c019]} Config is {:store :database, :migration-dir migrations, :db {:datasource #object[com.zaxxer.hikari.HikariDataSource 0x219a2203 HikariDataSource (conduit)]}}
[main] INFO migratus.core - Ending migrations
[main] INFO org.eclipse.jetty.server.Server - jetty-12.1.13; built: 2026-09-04T06:53:08.311Z; git: e99386749a0a4888cd9b555ffc96a476fd48d94e; jvm 25.0.4.1+1-LTS
[main] INFO org.eclipse.jetty.server.handler.ContextHandler - Started oeje9n.ContextHandler$CoreContextHandler@3dd27116{ROOT,/,b=null,a=AVAILABLE,h=oeje9n.ContextHandler$CoreContextHandler$CoreToNestedHandler@63218586{STARTED}}
[main] INFO org.eclipse.jetty.server.AbstractConnector - Started oejs.ServerConnector@1f7949dc{HTTP/1.1, (http/1.1)}{0.0.0.0:4114}
[main] INFO org.eclipse.jetty.server.Server - Started oejs.Server@3497ecea{STARTING}[12.1.13,sto=5000] @21ms
:proletarian.worker/handling-job
:proletarian.worker/job-finished
