#0 building with "orbstack" instance using docker driver

#1 [internal] load build definition from Dockerfile
#1 transferring dockerfile: 1.65kB done
#1 DONE 0.0s

#2 resolve image config for docker-image://docker.io/docker/dockerfile:1
#2 DONE 1.1s

#3 docker-image://docker.io/docker/dockerfile:1@sha256:ecfaec9ed6d810b56388c508f4121597bfbba70d41a6dfeee4d8cad5f295fc32
#3 CACHED

#4 [internal] load metadata for docker.io/library/eclipse-temurin:25-jre-noble@sha256:693fdaf83831eeeefd9709eae44c8b8706622652f972cf5903bd0e481bbf6ad3
#4 DONE 0.0s

#5 [internal] load metadata for docker.io/library/eclipse-temurin:25-jdk-noble@sha256:f6366ccac38ceae180280ad7012d18a15e8031548a430dc2bae06631d9e88ed0
#5 DONE 0.0s

#6 [internal] load .dockerignore
#6 transferring context:
#6 transferring context: 217B done
#6 DONE 0.0s

#7 [build 1/8] FROM docker.io/library/eclipse-temurin:25-jdk-noble@sha256:f6366ccac38ceae180280ad7012d18a15e8031548a430dc2bae06631d9e88ed0
#7 DONE 0.0s

#8 [stage-1 1/3] FROM docker.io/library/eclipse-temurin:25-jre-noble@sha256:693fdaf83831eeeefd9709eae44c8b8706622652f972cf5903bd0e481bbf6ad3
#8 DONE 0.0s

#9 [internal] load build context
#9 transferring context: 1.36kB done
#9 DONE 0.0s

#10 [build 8/8] RUN --mount=type=cache,target=/root/.m2 clojure -T:build uber
#10 CACHED

#11 [build 7/8] COPY . .
#11 CACHED

#12 [build 2/8] RUN apt-get update -qq && apt-get install --no-install-recommends -y curl ca-certificates &&     rm -rf /var/lib/apt/lists/*
#12 CACHED

#13 [build 5/8] COPY deps.edn ./
#13 CACHED

#14 [build 6/8] RUN --mount=type=cache,target=/root/.m2 clojure -P -T:build && clojure -P
#14 CACHED

#15 [build 4/8] WORKDIR /src
#15 CACHED

#16 [build 3/8] RUN curl -fsSL --retry 5 https://github.com/clojure/brew-install/releases/download/1.12.5.1664/clojure-tools-1.12.5.1664.tar.gz -o /tmp/clojure.tar.gz &&     echo '77dd6868948074adcc93e83a796f8e8f15a1a92bcb1b9002d715fd2210e476f3  /tmp/clojure.tar.gz' | sha256sum -c - &&     tar xzf /tmp/clojure.tar.gz -C /tmp &&     mkdir -p /usr/local/lib/clojure/libexec &&     cp /tmp/clojure-tools/deps.edn /tmp/clojure-tools/example-deps.edn /tmp/clojure-tools/tools.edn /usr/local/lib/clojure/ &&     cp /tmp/clojure-tools/*.jar /usr/local/lib/clojure/libexec/ &&     sed 's@PREFIX@/usr/local/lib/clojure@g' /tmp/clojure-tools/clojure > /usr/local/bin/clojure &&     chmod +x /usr/local/bin/clojure && rm -rf /tmp/clojure-tools /tmp/clojure.tar.gz
#16 CACHED

#17 [stage-1 2/3] WORKDIR /app
#17 CACHED

#18 [stage-1 3/3] COPY --from=build --chown=10001:10001 /src/target/conduit.jar /app/conduit.jar
#18 CACHED

#19 exporting to image
#19 exporting layers done
#19 writing image sha256:0f93067087a248773c008c02b85d9b7f36bce3a37de98bcd439e16210fac973d done
#19 naming to docker.io/library/agentmvc-lane-clojure-one-shot-reference-1:current done
#19 DONE 0.0s

8b35f4c5c0fcc9b75e9c2235e97d28bd01ecafbaa0b8d9245ac48b197cc85d99

a765f015ef5692bcd0248d2145fb96f28a29d95824bd183c52685542216a9f00

f2f5ddfdeacaa0eb88ee1d75e599248acafe9d33325e102febbf9e210ce497ec

[main] INFO migratus.core - Starting migrations
[main] INFO com.zaxxer.hikari.HikariDataSource - conduit - Starting...
[main] INFO com.zaxxer.hikari.pool.HikariPool - conduit - Added connection org.postgresql.jdbc.PgConnection@4a10c019
[main] INFO com.zaxxer.hikari.HikariDataSource - conduit - Start completed.
[main] INFO migratus.database - creating migration table 'schema_migrations'
[main] INFO migratus.core - Running up for [1 2]
[main] INFO migratus.core - Up 1-proletarian
[main] INFO migratus.database - Connection is  {:connection #object[com.zaxxer.hikari.pool.HikariProxyConnection 0x2c51c756 HikariProxyConnection@743556950 wrapping org.postgresql.jdbc.PgConnection@4a10c019]} Config is {:store :database, :migration-dir migrations, :db {:datasource #object[com.zaxxer.hikari.HikariDataSource 0x219a2203 HikariDataSource (conduit)]}}
[main] INFO migratus.core - Up 2-conduit
[main] INFO migratus.database - Connection is  {:connection #object[com.zaxxer.hikari.pool.HikariProxyConnection 0x2c51c756 HikariProxyConnection@743556950 wrapping org.postgresql.jdbc.PgConnection@4a10c019]} Config is {:store :database, :migration-dir migrations, :db {:datasource #object[com.zaxxer.hikari.HikariDataSource 0x219a2203 HikariDataSource (conduit)]}}
[main] INFO migratus.core - Ending migrations
[main] INFO org.eclipse.jetty.server.Server - jetty-12.1.13; built: 2026-09-04T06:53:08.311Z; git: e99386749a0a4888cd9b555ffc96a476fd48d94e; jvm 25.0.4.1+1-LTS
[main] INFO org.eclipse.jetty.server.handler.ContextHandler - Started oeje9n.ContextHandler$CoreContextHandler@3dd27116{ROOT,/,b=null,a=AVAILABLE,h=oeje9n.ContextHandler$CoreContextHandler$CoreToNestedHandler@63218586{STARTED}}
[main] INFO org.eclipse.jetty.server.AbstractConnector - Started oejs.ServerConnector@1f7949dc{HTTP/1.1, (http/1.1)}{0.0.0.0:4114}
[main] INFO org.eclipse.jetty.server.Server - Started oejs.Server@3497ecea{STARTING}[12.1.13,sto=5000] @19ms
