Picked up JAVA_TOOL_OPTIONS: -XX:ActiveProcessorCount=2 -XX:MaxRAMPercentage=70
Downloading: org/bouncycastle/bcpkix-jdk18on/1.86/bcpkix-jdk18on-1.86.pom from central
Downloading: org/bouncycastle/bcutil-jdk18on/1.86/bcutil-jdk18on-1.86.pom from central
Downloading: org/eclipse/jetty/ee9/jetty-ee9-servlet/12.1.13/jetty-ee9-servlet-12.1.13.pom from central
Downloading: org/eclipse/jetty/jetty-unixdomain-server/12.1.13/jetty-unixdomain-server-12.1.13.pom from central
Downloading: org/eclipse/jetty/ee9/jetty-ee9/12.1.13/jetty-ee9-12.1.13.pom from central
Downloading: org/eclipse/jetty/jetty-core/12.1.13/jetty-core-12.1.13.pom from central
Downloading: org/eclipse/jetty/jetty-project/12.1.13/jetty-project-12.1.13.pom from central
Downloading: io/netty/netty-bom/4.2.17.Final/netty-bom-4.2.17.Final.pom from central
Downloading: org/hibernate/search/hibernate-search-bom/8.4.0.Final/hibernate-search-bom-8.4.0.Final.pom from central
Downloading: org/infinispan/infinispan-bom/16.2.2/infinispan-bom-16.2.2.pom from central
Downloading: org/junit/junit-bom/6.1.3/junit-bom-6.1.3.pom from central
Downloading: org/ow2/asm/asm-bom/9.10.1/asm-bom-9.10.1.pom from central
Downloading: org/testcontainers/testcontainers-bom/2.0.5/testcontainers-bom-2.0.5.pom from central
Downloading: org/bouncycastle/bcprov-jdk18on/1.86/bcprov-jdk18on-1.86.pom from central
Downloading: org/eclipse/jetty/ee9/websocket/jetty-ee9-websocket-jetty-server/12.1.13/jetty-ee9-websocket-jetty-server-12.1.13.pom from central
Downloading: org/eclipse/jetty/jetty-server/12.1.13/jetty-server-12.1.13.pom from central
Downloading: org/eclipse/jetty/ee9/websocket/jetty-ee9-websocket/12.1.13/jetty-ee9-websocket-12.1.13.pom from central
Downloading: org/eclipse/jetty/ee9/jetty-ee9-nested/12.1.13/jetty-ee9-nested-12.1.13.pom from central
Downloading: org/eclipse/jetty/ee9/jetty-ee9-security/12.1.13/jetty-ee9-security-12.1.13.pom from central
Downloading: org/eclipse/jetty/ee9/jetty-ee9-webapp/12.1.13/jetty-ee9-webapp-12.1.13.pom from central
Downloading: org/eclipse/jetty/ee9/websocket/jetty-ee9-websocket-jetty-api/12.1.13/jetty-ee9-websocket-jetty-api-12.1.13.pom from central
Downloading: org/eclipse/jetty/ee9/websocket/jetty-ee9-websocket-jetty-common/12.1.13/jetty-ee9-websocket-jetty-common-12.1.13.pom from central
Downloading: org/eclipse/jetty/ee9/websocket/jetty-ee9-websocket-servlet/12.1.13/jetty-ee9-websocket-servlet-12.1.13.pom from central
Downloading: org/eclipse/jetty/jetty-http/12.1.13/jetty-http-12.1.13.pom from central
Downloading: org/eclipse/jetty/jetty-io/12.1.13/jetty-io-12.1.13.pom from central
Downloading: org/eclipse/jetty/jetty-security/12.1.13/jetty-security-12.1.13.pom from central
Downloading: org/eclipse/jetty/jetty-session/12.1.13/jetty-session-12.1.13.pom from central
Downloading: org/apache/directory/api/api-parent/2.1.8/api-parent-2.1.8.pom from central
Downloading: org/apache/directory/project/project/51/project-51.pom from central
Downloading: org/eclipse/jetty/ee/jetty-ee-webapp/12.1.13/jetty-ee-webapp-12.1.13.pom from central
Downloading: org/eclipse/jetty/jetty-xml/12.1.13/jetty-xml-12.1.13.pom from central
Downloading: org/eclipse/jetty/ee/jetty-ee/12.1.13/jetty-ee-12.1.13.pom from central
Downloading: org/eclipse/jetty/websocket/jetty-websocket-core-common/12.1.13/jetty-websocket-core-common-12.1.13.pom from central
Downloading: org/eclipse/jetty/websocket/jetty-websocket/12.1.13/jetty-websocket-12.1.13.pom from central
Downloading: org/eclipse/jetty/websocket/jetty-websocket-core-server/12.1.13/jetty-websocket-core-server-12.1.13.pom from central
Downloading: org/eclipse/jetty/jetty-util/12.1.13/jetty-util-12.1.13.pom from central
Downloading: org/eclipse/jetty/ee9/websocket/jetty-ee9-websocket-jetty-api/12.1.13/jetty-ee9-websocket-jetty-api-12.1.13.jar from central
Downloading: org/eclipse/jetty/jetty-xml/12.1.13/jetty-xml-12.1.13.jar from central
Downloading: org/eclipse/jetty/jetty-http/12.1.13/jetty-http-12.1.13.jar from central
Downloading: org/eclipse/jetty/jetty-util/12.1.13/jetty-util-12.1.13.jar from central
Downloading: org/bouncycastle/bcutil-jdk18on/1.86/bcutil-jdk18on-1.86.jar from central
Downloading: org/eclipse/jetty/ee9/websocket/jetty-ee9-websocket-jetty-common/12.1.13/jetty-ee9-websocket-jetty-common-12.1.13.jar from central
Downloading: org/bouncycastle/bcpkix-jdk18on/1.86/bcpkix-jdk18on-1.86.jar from central
Downloading: org/eclipse/jetty/ee9/jetty-ee9-servlet/12.1.13/jetty-ee9-servlet-12.1.13.jar from central
Downloading: org/eclipse/jetty/jetty-unixdomain-server/12.1.13/jetty-unixdomain-server-12.1.13.jar from central
Downloading: org/eclipse/jetty/jetty-security/12.1.13/jetty-security-12.1.13.jar from central
Downloading: org/eclipse/jetty/ee9/jetty-ee9-nested/12.1.13/jetty-ee9-nested-12.1.13.jar from central
Downloading: org/eclipse/jetty/ee9/websocket/jetty-ee9-websocket-jetty-server/12.1.13/jetty-ee9-websocket-jetty-server-12.1.13.jar from central
Downloading: org/bouncycastle/bcprov-jdk18on/1.86/bcprov-jdk18on-1.86.jar from central
Downloading: org/eclipse/jetty/jetty-session/12.1.13/jetty-session-12.1.13.jar from central
Downloading: org/eclipse/jetty/ee9/websocket/jetty-ee9-websocket-servlet/12.1.13/jetty-ee9-websocket-servlet-12.1.13.jar from central
Downloading: org/eclipse/jetty/ee/jetty-ee-webapp/12.1.13/jetty-ee-webapp-12.1.13.jar from central
Downloading: org/eclipse/jetty/websocket/jetty-websocket-core-server/12.1.13/jetty-websocket-core-server-12.1.13.jar from central
Downloading: org/eclipse/jetty/jetty-io/12.1.13/jetty-io-12.1.13.jar from central
Downloading: org/eclipse/jetty/ee9/jetty-ee9-security/12.1.13/jetty-ee9-security-12.1.13.jar from central
Downloading: org/eclipse/jetty/ee9/jetty-ee9-webapp/12.1.13/jetty-ee9-webapp-12.1.13.jar from central
Downloading: org/eclipse/jetty/websocket/jetty-websocket-core-common/12.1.13/jetty-websocket-core-common-12.1.13.jar from central
Downloading: org/eclipse/jetty/jetty-server/12.1.13/jetty-server-12.1.13.jar from central
Picked up JAVA_TOOL_OPTIONS: -XX:ActiveProcessorCount=2 -XX:MaxRAMPercentage=70
Picked up JAVA_TOOL_OPTIONS: -XX:ActiveProcessorCount=2 -XX:MaxRAMPercentage=70
Picked up JAVA_TOOL_OPTIONS: -XX:ActiveProcessorCount=2 -XX:MaxRAMPercentage=70

Running tests in #{"test"}

Testing conduit.http-test

Ran 1 tests containing 2 assertions.
0 failures, 0 errors.
Picked up JAVA_TOOL_OPTIONS: -XX:ActiveProcessorCount=2 -XX:MaxRAMPercentage=70
Picked up JAVA_TOOL_OPTIONS: -XX:ActiveProcessorCount=2 -XX:MaxRAMPercentage=70
linting took 118ms, errors: 0, warnings: 0
Picked up JAVA_TOOL_OPTIONS: -XX:ActiveProcessorCount=2 -XX:MaxRAMPercentage=70
Picked up JAVA_TOOL_OPTIONS: -XX:ActiveProcessorCount=2 -XX:MaxRAMPercentage=70
All source files formatted correctly
