Waiting for shared Docker lock: ~/co/agentmvc/.work/lane-docker.lock
Acquired shared Docker lock
#0 building with "orbstack" instance using docker driver

#1 [internal] load build definition from Dockerfile
#1 transferring dockerfile: 1.09kB done
#1 DONE 0.0s

#2 resolve image config for docker-image://docker.io/docker/dockerfile:1
#2 DONE 7.2s

#3 docker-image://docker.io/docker/dockerfile:1@sha256:4edf897a3ffa55b89f906fc8cc78afdb3f1834cc9c7083565e611a8a7d5fe99e
#3 CACHED

#4 [internal] load metadata for docker.io/library/ruby:3.3.2-slim
#4 DONE 11.1s

#5 [internal] load .dockerignore
#5 transferring context: 210B done
#5 DONE 0.0s

#6 [base 1/3] FROM docker.io/library/ruby:3.3.2-slim@sha256:4d611590cb3dc3211dc2e42c87347970c0ae9f7ad9c3db17a121d5996296f8ff
#6 DONE 0.0s

#7 [internal] load build context
#7 transferring context: 3.43kB done
#7 DONE 0.0s

#8 [base 2/3] WORKDIR /rails
#8 CACHED

#9 [build 1/5] RUN apt-get update -qq && apt-get install --no-install-recommends -y     build-essential libpq-dev git && rm -rf /var/lib/apt/lists/*
#9 CACHED

#10 [build 2/5] COPY Gemfile Gemfile.lock ./
#10 CACHED

#11 [base 3/3] RUN apt-get update -qq && apt-get install --no-install-recommends -y     libpq5 ca-certificates && rm -rf /var/lib/apt/lists/*
#11 CACHED

#12 [build 3/5] RUN bundle install && rm -rf /usr/local/bundle/ruby/*/cache
#12 CACHED

#13 [build 4/5] COPY . .
#13 DONE 0.1s

#14 [build 5/5] RUN bundle exec bootsnap precompile -j 1 --gemfile &&     bundle exec bootsnap precompile -j 1 app/ lib/
#14 DONE 2.5s

#15 [stage-2 1/3] RUN groupadd --system --gid 1000 rails &&     useradd rails --uid 1000 --gid 1000 --create-home
#15 CACHED

#16 [stage-2 2/3] COPY --from=build --chown=rails:rails /usr/local/bundle /usr/local/bundle
#16 CACHED

#17 [stage-2 3/3] COPY --from=build --chown=rails:rails /rails /rails
#17 DONE 0.2s

#18 exporting to image
#18 exporting layers
#18 exporting layers 0.2s done
#18 writing image sha256:94a28f04b8dd213a4e8bcfb9009f80844bcdbba14ddeaf3c6b9f9c3d7d85f9db done
#18 naming to docker.io/library/conduit-v6-app:cruby done
#18 DONE 0.2s
#0 building with "orbstack" instance using docker driver

#1 [internal] load build definition from Dockerfile
#1 transferring dockerfile: 1.09kB done
#1 DONE 0.0s

#2 resolve image config for docker-image://docker.io/docker/dockerfile:1
#2 DONE 0.9s

#3 docker-image://docker.io/docker/dockerfile:1@sha256:4edf897a3ffa55b89f906fc8cc78afdb3f1834cc9c7083565e611a8a7d5fe99e
#3 CACHED

#4 [internal] load metadata for docker.io/library/ruby:3.3.2-slim
#4 DONE 0.9s

#5 [internal] load .dockerignore
#5 transferring context: 210B done
#5 DONE 0.0s

#6 [base 1/3] FROM docker.io/library/ruby:3.3.2-slim@sha256:4d611590cb3dc3211dc2e42c87347970c0ae9f7ad9c3db17a121d5996296f8ff
#6 DONE 0.0s

#7 [internal] load build context
#7 transferring context: 79.56kB done
#7 DONE 0.0s

#8 [build 5/5] RUN bundle exec bootsnap precompile -j 1 --gemfile &&     bundle exec bootsnap precompile -j 1 app/ lib/
#8 CACHED

#9 [base 2/3] WORKDIR /rails
#9 CACHED

#10 [build 1/5] RUN apt-get update -qq && apt-get install --no-install-recommends -y     build-essential libpq-dev git && rm -rf /var/lib/apt/lists/*
#10 CACHED

#11 [build 2/5] COPY Gemfile Gemfile.lock ./
#11 CACHED

#12 [build 3/5] RUN bundle install && rm -rf /usr/local/bundle/ruby/*/cache
#12 CACHED

#13 [base 3/3] RUN apt-get update -qq && apt-get install --no-install-recommends -y     libpq5 ca-certificates && rm -rf /var/lib/apt/lists/*
#13 CACHED

#14 [stage-2 2/3] COPY --from=build --chown=rails:rails /usr/local/bundle /usr/local/bundle
#14 CACHED

#15 [build 4/5] COPY . .
#15 CACHED

#16 [stage-2 1/3] RUN groupadd --system --gid 1000 rails &&     useradd rails --uid 1000 --gid 1000 --create-home
#16 CACHED

#17 [stage-2 3/3] COPY --from=build --chown=rails:rails /rails /rails
#17 CACHED

#18 exporting to image
#18 exporting layers done
#18 writing image sha256:fcc4d0d1710c61283c53d387cdb841c3553fe959a6007228f1b71ea4f4fcd337 done
#18 naming to docker.io/library/conduit-v6-rails:reference-1 done
#18 DONE 0.0s
