DATABASE_URL=postgres://agentmvc:agentmvc@127.0.0.1:54203/agentmvc

PASS live protocol: authorization, presence, updates, conflict, reconnect, revocation

Running 4 tests using 1 worker

  ✓  1 tests/editor.spec.js:7:1 › three independent browsers share edits and presence without losing a dirty draft (742ms)
  ✓  2 tests/editor.spec.js:42:1 › the 101st editor sees Room full and can retry after a slot opens (684ms)
  ✓  3 tests/editor.spec.js:70:1 › revoking the link ends access to the editor (303ms)
  ✓  4 tests/editor.spec.js:84:1 › a delayed save response preserves newer typing and socket state (460ms)

  4 passed (2.6s)
Success api/hurl/articles.hurl (17 request(s) in 268 ms)
Success api/hurl/auth.hurl (20 request(s) in 443 ms)
Success api/hurl/comments.hurl (13 request(s) in 244 ms)
Success api/hurl/errors_articles.hurl (20 request(s) in 237 ms)
Success api/hurl/errors_auth.hurl (20 request(s) in 828 ms)
Success api/hurl/errors_authorization.hurl (9 request(s) in 429 ms)
Success api/hurl/errors_comments.hurl (10 request(s) in 222 ms)
Success api/hurl/errors_profiles.hurl (6 request(s) in 209 ms)
Success api/hurl/favorites.hurl (9 request(s) in 227 ms)
Success api/hurl/feed.hurl (12 request(s) in 439 ms)
Success api/hurl/pagination.hurl (7 request(s) in 233 ms)
Success api/hurl/profiles.hurl (7 request(s) in 424 ms)
Success api/hurl/tags.hurl (4 request(s) in 215 ms)
Success features/drafts/hurl/drafts.hurl (23 request(s) in 461 ms)
Success features/drafts/hurl/errors_drafts.hurl (24 request(s) in 436 ms)
Success features/exports/hurl/exports.hurl (18 request(s) in 713 ms)
Success features/live-editing/hurl/live-editing.hurl (18 request(s) in 444 ms)
--------------------------------------------------------------------------------
Executed files:    17
Executed requests: 237 (36.5/s)
Succeeded files:   17 (100.0%)
Failed files:      0 (0.0%)
Duration:          6500 ms (0h:0m:6s:500ms)

Success s01_jwt_alg_none.hurl (1 request(s) in 1 ms)
Success s02_jwt_signature_stripped.hurl (3 request(s) in 215 ms)
Success s03_jwt_garbage.hurl (2 request(s) in 0 ms)
Success s04_mass_assignment_user.hurl (2 request(s) in 208 ms)
Success s05_mass_assignment_article.hurl (2 request(s) in 212 ms)
Success s06_injection_filters.hurl (4 request(s) in 7 ms)
Success s07_malformed_json.hurl (1 request(s) in 0 ms)
Success s08_wrong_types.hurl (8 request(s) in 225 ms)
Success s09_oversized_body.hurl (2 request(s) in 215 ms)
Success s10_unknown_route.hurl (1 request(s) in 0 ms)
Success s11_login_enumeration.hurl (3 request(s) in 409 ms)
Success s12_nosniff_header.hurl (1 request(s) in 2 ms)
Success s13_login_rate_limit.hurl (22 request(s) in 4292 ms)
--------------------------------------------------------------------------------
Executed files:    13
Executed requests: 52 (9.0/s)
Succeeded files:   13 (100.0%)
Failed files:      0 (0.0%)
Duration:          5804 ms (0h:0m:5s:804ms)



    Checking libc v0.2.189
    Checking serde_core v1.0.229
    Checking libm v0.2.16
    Checking zmij v1.0.23
    Checking zeroize v1.9.0
    Checking futures-util v0.3.34
    Checking icu_normalizer_data v2.3.0
    Checking icu_properties_data v2.3.0
    Checking thiserror v2.0.21
    Checking tracing v0.1.44
    Checking zerofrom v0.1.8
    Checking crossbeam-utils v0.8.23
    Checking zerocopy v0.8.59
   Compiling darling_core v0.20.11
    Checking httparse v1.10.1
   Compiling phf_generator v0.11.3
   Compiling phf_macros v0.13.1
    Checking thiserror v1.0.69
   Compiling string_cache_codegen v0.6.1
    Checking yoke v0.8.3
    Checking generic-array v0.14.9
    Checking rustls-pki-types v1.15.1
    Checking der v0.7.10
   Compiling phf_codegen v0.11.3
    Checking encoding_rs v0.8.42
   Compiling derive_more-impl v2.1.1
   Compiling pest_generator v2.9.2
    Checking zerovec v0.11.8
    Checking zerotrie v0.2.5
    Checking crossbeam-queue v0.3.14
    Checking errno v0.3.14
    Checking getrandom v0.2.17
    Checking mio v1.2.3
    Checking socket2 v0.6.5
    Checking signal-hook-registry v1.4.8
   Compiling jobserver v0.1.35
    Checking cpufeatures v0.2.17
    Checking rand_core v0.6.4
    Checking getrandom v0.4.3
    Checking parking_lot_core v0.9.12
    Checking getrandom v0.3.4
    Checking webpki-roots v1.0.9
    Checking ff v0.13.1
   Compiling cc v1.5.1
    Checking tokio v1.53.1
    Checking rand v0.10.3
    Checking crypto-common v0.1.6
    Checking block-buffer v0.10.4
    Checking parking_lot v0.12.5
    Checking rand_core v0.9.5
    Checking num-traits v0.2.19
    Checking tinystr v0.8.4
    Checking potential_utf v0.1.6
    Checking cpufeatures v0.3.1
    Checking digest v0.10.7
    Checking crossbeam-epoch v0.9.21
    Checking icu_collections v2.3.0
    Checking sha2 v0.11.0
    Checking futures-intrusive v0.5.0
    Checking icu_locale_core v2.3.0
    Checking group v0.13.0
    Checking sha2 v0.10.9
    Checking hmac v0.12.1
    Checking signature v2.2.0
    Checking spki v0.7.3
    Checking sha1 v0.10.7
    Checking crypto-bigint v0.5.5
    Checking hkdf v0.12.4
    Checking phf v0.13.1
    Checking pkcs8 v0.10.2
   Compiling chrono-tz-build v0.3.0
    Checking crossbeam-deque v0.8.8
    Checking rustix v1.1.5
   Compiling web_atoms v0.2.6
    Checking num-integer v0.1.47
    Checking atoi v2.0.0
    Checking sec1 v0.7.3
    Checking ordered-float v4.6.0
    Checking anyhow v1.0.104
    Checking ignore v0.4.33
    Checking rfc6979 v0.4.0
   Compiling pest_derive v2.9.2
    Checking string_cache v0.9.0
    Checking signal-hook v0.4.4
    Checking os_pipe v1.2.3
   Compiling chrono-tz v0.9.0
    Checking icu_provider v2.3.1
    Checking crc32fast v1.5.2
    Checking axum-core v0.5.6
   Compiling clap_derive v4.6.7
   Compiling darling_core v0.23.0
   Compiling itertools v0.14.0
    Checking flate2 v1.1.10
    Checking globwalk v0.9.1
    Checking serde v1.0.229
    Checking serde_json v1.0.151
    Checking icu_normalizer v2.3.0
    Checking icu_properties v2.3.0
    Checking deranged v0.5.8
    Checking uuid v1.26.1
    Checking chrono v0.4.45
    Checking rust_decimal v1.43.0
    Checking elliptic-curve v0.13.8
    Checking quick-xml v0.41.0
    Checking serde_urlencoded v0.7.1
    Checking tracing-serde v0.2.0
   Compiling darling_macro v0.20.11
    Checking derive_more v2.1.1
   Compiling ring v0.17.14
   Compiling zstd-sys v2.1.0+zstd.1.5.7
   Compiling libsqlite3-sys v0.37.0
    Checking futures-executor v0.3.34
    Checking futures v0.3.34
    Checking multer v3.1.0
   Compiling darling v0.20.11
    Checking jiff v0.2.37
    Checking idna_adapter v1.2.2
    Checking serde_path_to_error v0.1.20
    Checking idna v1.1.0
    Checking time v0.3.55
    Checking tracing-subscriber v0.3.23
    Checking ecdsa v0.16.9
    Checking primeorder v0.13.6
    Checking clap v4.6.7
    Checking url v2.5.8
    Checking sigchld v0.2.5
    Checking num-iter v0.1.46
   Compiling ouroboros_macro v0.18.5
    Checking humansize v2.1.3
   Compiling sea-schema-derive v0.3.0
   Compiling strum_macros v0.27.2
    Checking ppv-lite86 v0.2.21
   Compiling sea-bae v0.2.2
   Compiling cssparser-macros v0.6.1
    Checking rand_chacha v0.9.0
    Checking rand_chacha v0.3.1
    Checking forwarded-header-value v0.1.1
    Checking rand v0.9.5
    Checking rand v0.8.8
    Checking cssparser v0.36.0
    Checking async-stream v0.3.6
   Compiling sea-orm-macros v2.0.4
    Checking shared_child v1.1.2
    Checking markup5ever v0.36.1
    Checking curve25519-dalek v4.1.3
    Checking toml_datetime v0.6.11
    Checking tungstenite v0.29.0
    Checking tokio-stream v0.1.19
    Checking hyper v1.11.1
    Checking tower v0.5.3
   Compiling sea-query-derive v1.0.0
   Compiling derive_builder_core v0.20.2
   Compiling darling_macro v0.23.0
    Checking ouroboros v0.18.5
    Checking num-bigint-dig v0.8.6
    Checking backon v1.6.0
    Checking tokio-tungstenite v0.29.0
   Compiling darling v0.23.0
    Checking serde_spanned v0.6.9
    Checking opendal-core v0.58.2
    Checking serde_yaml v0.9.34+deprecated
    Checking serde_regex v1.2.0
    Checking cookie v0.18.2
    Checking hyper-util v0.1.21
    Checking xattr v1.6.1
    Checking sea-query v1.0.2
    Checking toml_datetime v1.1.1+spec-1.1.0
    Checking serde_spanned v1.1.1
    Checking strum v0.27.2
   Compiling derive_builder_macro v0.20.2
    Checking fs-err v2.11.0
    Checking ed25519 v2.2.3
    Checking pkcs1 v0.7.5
    Checking crossbeam-channel v0.5.17
    Checking duct v1.1.2
    Checking derive_builder v0.20.2
    Checking rsa v0.9.10
    Checking toml_edit v0.22.27
    Checking toml v1.1.6+spec-1.1.0
    Checking include_dir v0.7.4
    Checking tera v1.20.1
    Checking ed25519-dalek v2.2.0
    Checking tokio-util v0.7.19
    Checking rust-multipart-rfc7578_2 v0.8.0
    Checking html5ever v0.36.1
    Checking axum v0.8.9
    Checking chrono-tz v0.10.4
    Checking client-ip v0.2.1
    Checking portable-atomic v1.15.0
    Checking p384 v0.13.1
    Checking p256 v0.13.2
    Checking assert-json-diff v2.0.2
    Checking semver v1.0.28
    Checking blake2 v0.10.6
    Checking password-hash v0.5.0
    Checking fsevent-sys v4.1.0
    Checking sea-orm-cli v2.0.4
    Checking opendal-service-fs v0.58.2
    Checking opendal-layer-retry v0.58.2
    Checking hostname v0.4.2
    Checking reserve-port v2.5.0
    Checking byte-unit v5.2.6
    Checking dashmap v6.2.1
    Checking tracing-appender v0.2.5
    Checking backtrace_printer v1.3.0
    Checking moka v0.12.16
    Checking opendal v0.58.2
    Checking notify v8.2.0
    Checking argon2 v0.5.3
    Checking cargo-lock v11.1.0
    Checking jsonwebtoken v10.4.0
    Checking toml v0.8.23
    Checking ulid v1.2.1
    Checking tree-fs v0.3.1
    Checking serde_variant v0.1.3
    Checking serde_yaml_ng v0.10.0
    Checking tera v2.4.0
    Checking num-bigint v0.4.8
    Checking selectors v0.33.0
   Compiling rstest_macros v0.25.0
    Checking ts-rs v12.0.1
    Checking tempfile v3.27.0
    Checking console v0.16.6
    Checking scraper v0.25.0
   Compiling serial_test_derive v3.5.0
    Checking simple_asn1 v0.6.4
    Checking insta v1.48.0
    Checking axum-test v17.3.0
    Checking axum-extra v0.10.3
    Checking axum-client-ip v1.3.1
    Checking serial_test v3.5.0
   Compiling validator_derive v0.20.1
   Compiling rustls v0.23.45
    Checking validator v0.20.0
    Checking rustls-webpki v0.103.15
    Checking jsonwebtoken v9.3.1
   Compiling zstd-safe v8.0.0
    Checking croner v3.0.1
    Checking tokio-cron-scheduler v0.15.1
    Checking rrgen v0.6.0
    Checking loco-gen v1.2.0
    Checking rstest v0.25.0
    Checking zstd v0.14.0
    Checking compression-codecs v0.4.43
    Checking sqlx-core v0.9.0
    Checking tokio-rustls v0.26.5
    Checking lettre v0.11.23
    Checking async-compression v0.4.48
    Checking tower-http v0.6.11
    Checking sqlx-postgres v0.9.0
    Checking sqlx-sqlite v0.9.0
    Checking sqlx v0.9.0
    Checking sea-query-sqlx v0.9.1
    Checking sea-schema v0.18.1
    Checking sea-orm v2.0.4
    Checking sea-orm-migration v2.0.4
    Checking loco-rs v1.2.0
    Checking migration v0.1.0 (/work/app/conduit/migration)
    Checking conduit v0.1.0 (/work/app/conduit)
    Finished `dev` profile [unoptimized + debuginfo] target(s) in 20.86s

