#0 building with "orbstack" instance using docker driver

#1 [internal] load build definition from Dockerfile
#1 transferring dockerfile: 422B done
#1 WARN: InvalidDefaultArgInFrom: Default value for ARG ${TOOLCHAIN_IMAGE} results in empty or invalid base image name (line 2)
#1 WARN: InvalidDefaultArgInFrom: Default value for ARG ${TOOLCHAIN_IMAGE} results in empty or invalid base image name (line 8)
#1 DONE 0.0s

#2 [internal] load metadata for docker.io/library/conduit-v8b-toolchain:2fce0ce9ff06
#2 DONE 0.0s

#3 [internal] load .dockerignore
#3 transferring context: 2B done
#3 DONE 0.0s

#4 [internal] load build context
#4 transferring context: 3.86kB done
#4 DONE 0.1s

#5 [build 1/6] FROM docker.io/library/conduit-v8b-toolchain:2fce0ce9ff06
#5 DONE 0.1s

#6 [build 2/6] WORKDIR /src/generic
#6 DONE 0.1s

#7 [stage-1 2/3] WORKDIR /emit
#7 DONE 0.1s

#8 [build 3/6] COPY app/ ./
#8 DONE 0.1s

#9 [build 4/6] RUN roundhouse check /src/generic && roundhouse --target spinel -o /emit /src/generic
#9 0.116 /src/generic/app/controllers/callbacks_controller.rb:4:5: warning[gradual_untyped]: method call resolves to RBS `untyped` (gradual escape)
#9 0.116 /src/generic/app/controllers/empty_controller.rb:3:5: warning[gradual_untyped]: method call resolves to RBS `untyped` (gradual escape)
#9 0.116 /src/generic/app/controllers/empty_controller.rb:6:5: warning[gradual_untyped]: method call resolves to RBS `untyped` (gradual escape)
#9 0.116 /src/generic/app/controllers/forms_controller.rb:5:5: warning[gradual_untyped]: method call resolves to RBS `untyped` (gradual escape)
#9 0.116 /src/generic/app/controllers/problems_controller.rb:5:5: warning[gradual_untyped]: method call resolves to RBS `untyped` (gradual escape)
#9 0.116 /src/generic/app/controllers/requests_controller.rb:3:5: warning[gradual_untyped]: method call resolves to RBS `untyped` (gradual escape)
#9 0.116 /src/generic/app/controllers/requests_controller.rb:3:25: warning[gradual_untyped]: method call resolves to RBS `untyped` (gradual escape)
#9 0.116 /src/generic/app/controllers/requests_controller.rb:3:66: warning[gradual_untyped]: method call resolves to RBS `untyped` (gradual escape)
#9 0.116 /src/generic/app/controllers/requests_controller.rb:3:95: warning[gradual_untyped]: method call resolves to RBS `untyped` (gradual escape)
#9 0.116 /src/generic/app/controllers/status_controller.rb:6:5: warning[gradual_untyped]: method call resolves to RBS `untyped` (gradual escape)
#9 0.116 /src/generic/app/controllers/widgets_controller.rb:6:5: warning[gradual_untyped]: method call resolves to RBS `untyped` (gradual escape)
#9 0.116 /src/generic/app/controllers/widgets_controller.rb:7:5: warning[gradual_untyped]: method call resolves to RBS `untyped` (gradual escape)
#9 0.116 
#9 0.116 roundhouse-check: /src/generic — 0 parse error(s), 0 error(s), 12 warning(s), 0 gap-attributed note(s), 0 survey gap(s)
#9 0.166 roundhouse: treeshake (spinel): dropped 62 runtime defs + 5 synthesized model defs (text-level, whole-tree name scan)
#9 0.166 roundhouse: 12 analyze warning(s) not shown — rerun with --allow-unsupported to list them
#9 0.171 roundhouse: emitted 300 files to /emit (spinel)
#9 DONE 0.2s

#10 [build 5/6] WORKDIR /emit
#10 DONE 0.1s

#11 [build 6/6] RUN spin build -- --cc=clang --jobs=8
#11 0.100 build blog
#11 10.24 warning: --rbs: Attached @variations: Array[Variation] stays a boxed array; every use of it must be one the unboxed array supports ([], []=, push, length, empty?, first, last, min, max, sort) from the class's own instance methods or its attr_reader
#11 10.24 warning: --rbs: ActiveRecord__Base @validation_entries: Array[ActiveModel__Error] stays a boxed array; every use of it must be one the unboxed array supports ([], []=, push, length, empty?, first, last, min, max, sort) from the class's own instance methods or its attr_reader
#11 10.24 warning: --rbs: UserAgent @tokens: Array[UserAgentToken] stays a boxed array; every use of it must be one the unboxed array supports ([], []=, push, length, empty?, first, last, min, max, sort) from the class's own instance methods or its attr_reader
#11 10.24 warning: --rbs: ApplicationRecord @validation_entries: Array[ActiveModel__Error] stays a boxed array; every use of it must be one the unboxed array supports ([], []=, push, length, empty?, first, last, min, max, sort) from the class's own instance methods or its attr_reader
#11 10.24 warning: --rbs: Widget @validation_entries: Array[ActiveModel__Error] stays a boxed array; every use of it must be one the unboxed array supports ([], []=, push, length, empty?, first, last, min, max, sort) from the class's own instance methods or its attr_reader
#11 10.24 spinel: /emit/runtime/active_record/relation.rb:1644: warning: uninitialized constant Inflector: defined nowhere in the program (raises NameError when reached)
#11 10.24 /emit/bin/blog.rb -> /emit/build/bin/blog
#11 DONE 10.3s

#12 [stage-1 3/3] COPY --from=build /emit/ ./
#12 DONE 0.1s

#13 exporting to image
#13 exporting layers
#13 exporting layers 0.1s done
#13 writing image sha256:87b8ab4ff38c3e5c086a795116819af5e2fc902f3b5db9d1d3917b99edc759e6 done
#13 naming to docker.io/library/conduit-v8b-api:patch10 done
#13 DONE 0.1s

 [33m2 warnings found (use docker --debug to expand):
[0m - InvalidDefaultArgInFrom: Default value for ARG ${TOOLCHAIN_IMAGE} results in empty or invalid base image name (line 2)
 - InvalidDefaultArgInFrom: Default value for ARG ${TOOLCHAIN_IMAGE} results in empty or invalid base image name (line 8)
