{
  "nosniff": {
    "pass": true
  },
  "response_set_header": {
    "pass": true
  },
  "integer_status": {
    "pass": true
  },
  "bad_request_class": {
    "pass": true
  },
  "parse_error_class": {
    "pass": true
  },
  "case_insensitive_headers": {
    "pass": true
  },
  "authorization": {
    "pass": true
  },
  "validation_message_storage": {
    "pass": true
  },
  "validation_message_reset": {
    "pass": true
  },
  "json_encoder": {
    "pass": true
  },
  "utc_presentation": {
    "pass": true
  }
}
