gate inputs: 72 files, sha256 a8999f01c936cc37fe182c314c7a9a602b62611c1a15dc8338e7853d30831710 (matches the published workspace)
workspace: /work/app/build/gate-rails/conduit-v8b-ws-rails
log: /work/app/build/gate-rails/gate-rails.log
#0 building with "orbstack" instance using docker driver

#1 [internal] load build definition from Dockerfile
#1 transferring dockerfile: 1.09kB done
#1 DONE 0.0s

#2 resolve image config for docker-image://docker.io/docker/dockerfile:1
#2 DONE 1.6s

#3 docker-image://docker.io/docker/dockerfile:1@sha256:4edf897a3ffa55b89f906fc8cc78afdb3f1834cc9c7083565e611a8a7d5fe99e
#3 CACHED

#4 [internal] load metadata for docker.io/library/ruby:4.0.7-slim
#4 DONE 0.0s

#5 [internal] load .dockerignore
#5 transferring context: 210B done
#5 DONE 0.0s

#6 [base 1/3] FROM docker.io/library/ruby:4.0.7-slim
#6 DONE 0.0s

#7 [internal] load build context
#7 transferring context: 32.50kB done
#7 DONE 0.0s

#8 [base 3/3] RUN apt-get update -qq && apt-get install --no-install-recommends -y     libpq5 ca-certificates && rm -rf /var/lib/apt/lists/*
#8 CACHED

#9 [build 4/5] COPY . .
#9 CACHED

#10 [build 3/5] RUN bundle install && rm -rf /usr/local/bundle/ruby/*/cache
#10 CACHED

#11 [stage-2 2/3] COPY --from=build --chown=rails:rails /usr/local/bundle /usr/local/bundle
#11 CACHED

#12 [build 1/5] RUN apt-get update -qq && apt-get install --no-install-recommends -y     build-essential libpq-dev git && rm -rf /var/lib/apt/lists/*
#12 CACHED

#13 [build 2/5] COPY Gemfile Gemfile.lock ./
#13 CACHED

#14 [build 5/5] RUN bundle exec bootsnap precompile -j 1 --gemfile &&     bundle exec bootsnap precompile -j 1 app/ lib/
#14 CACHED

#15 [base 2/3] WORKDIR /rails
#15 CACHED

#16 [stage-2 1/3] RUN groupadd --system --gid 1000 rails &&     useradd rails --uid 1000 --gid 1000 --create-home
#16 CACHED

#17 [stage-2 3/3] COPY --from=build --chown=rails:rails /rails /rails
#17 CACHED

#18 exporting to image
#18 exporting layers done
#18 writing image sha256:72778a80baa6c9e56e9cbb3a82a1a693c3f709f30b82523f1e0fdde479821d97 done
#18 naming to docker.io/library/conduit-v8b-gate-conduit-v8b-ws-rails-27036:latest done
#18 DONE 0.0s
Success api/hurl/articles.hurl (17 request(s) in 403 ms)
Success api/hurl/auth.hurl (20 request(s) in 451 ms)
Success api/hurl/comments.hurl (13 request(s) in 242 ms)
Success api/hurl/errors_articles.hurl (20 request(s) in 228 ms)
Success api/hurl/errors_auth.hurl (20 request(s) in 1606 ms)
Success api/hurl/errors_authorization.hurl (9 request(s) in 380 ms)
Success api/hurl/errors_comments.hurl (10 request(s) in 191 ms)
Success api/hurl/errors_profiles.hurl (6 request(s) in 190 ms)
Success api/hurl/favorites.hurl (9 request(s) in 244 ms)
Success api/hurl/feed.hurl (12 request(s) in 397 ms)
Success api/hurl/pagination.hurl (7 request(s) in 199 ms)
Success api/hurl/profiles.hurl (7 request(s) in 362 ms)
Success api/hurl/tags.hurl (4 request(s) in 197 ms)
Success features/drafts/hurl/drafts.hurl (23 request(s) in 404 ms)
Success features/drafts/hurl/errors_drafts.hurl (24 request(s) in 378 ms)
Success features/exports/hurl/exports.hurl (18 request(s) in 713 ms)
Success features/live-editing/hurl/live-editing.hurl (18 request(s) in 404 ms)
--------------------------------------------------------------------------------
Executed files:    17
Executed requests: 237 (33.8/s)
Succeeded files:   17 (100.0%)
Failed files:      0 (0.0%)
Duration:          7013 ms (0h:0m:7s:13ms)

PASS live protocol: authorization, presence, updates, conflict, reconnect, revocation

Running 4 tests using 1 worker

  ✓  1 tests/editor.spec.js:7:1 › three independent browsers share edits and presence without losing a dirty draft (713ms)
  ✓  2 tests/editor.spec.js:42:1 › the 101st editor sees Room full and can retry after a slot opens (583ms)
  ✓  3 tests/editor.spec.js:70:1 › revoking the link ends access to the editor (333ms)
  ✓  4 tests/editor.spec.js:84:1 › a delayed save response preserves newer typing and socket state (381ms)

  4 passed (2.3s)
Success s01_jwt_alg_none.hurl (1 request(s) in 2 ms)
Success s02_jwt_signature_stripped.hurl (3 request(s) in 178 ms)
Success s03_jwt_garbage.hurl (2 request(s) in 1 ms)
Success s04_mass_assignment_user.hurl (2 request(s) in 176 ms)
Success s05_mass_assignment_article.hurl (2 request(s) in 182 ms)
Success s06_injection_filters.hurl (4 request(s) in 12 ms)
Success s07_malformed_json.hurl (1 request(s) in 2 ms)
Success s08_wrong_types.hurl (8 request(s) in 196 ms)
Success s09_oversized_body.hurl (2 request(s) in 212 ms)
Success s10_unknown_route.hurl (1 request(s) in 1 ms)
Success s11_login_enumeration.hurl (3 request(s) in 352 ms)
Success s12_nosniff_header.hurl (1 request(s) in 2 ms)
Success s13_login_rate_limit.hurl (22 request(s) in 3784 ms)
--------------------------------------------------------------------------------
Executed files:    13
Executed requests: 52 (10.2/s)
Succeeded files:   13 (100.0%)
Failed files:      0 (0.0%)
Duration:          5112 ms (0h:0m:5s:112ms)

/work/app/package/results/ruby-compile/roundhouse-spinel-conduit-pg-20261009/reproduce/run-gate.sh: line 92: 27035 Terminated: 15          ( while sleep 2; do
    for c in $(docker ps -q --filter "name=agentmvc-one-shot-$(basename "$ws")-");
    do
        docker inspect -f '{{range .Mounts}}{{if eq .Type "volume"}}{{println .Name}}{{end}}{{end}}' "$c" 2> /dev/null;
    done >> "$volumes";
done )
removed volume conduit-v8b-gate-conduit-v8b-ws-rails-27036-db-data
check-production.sh exit 0
