DATABASE_URL=postgres://agentmvc:agentmvc@127.0.0.1:54414/agentmvc

Compiling 1 file (.ex)
Generated conduit app

11:17:17.276 [info] == Running 20260927180532 Conduit.Repo.Migrations.CreateConduit.change/0 forward

11:17:17.290 [info] execute "DO $$\nBEGIN\nIF NOT EXISTS (SELECT 1 FROM pg_type\n               WHERE typname = 'oban_job_state'\n                 AND typnamespace = 'public'::regnamespace::oid) THEN\n    CREATE TYPE \"public\".oban_job_state AS ENUM (\n      'available',\n      'suspended',\n      'scheduled',\n      'executing',\n      'retryable',\n      'completed',\n      'discarded',\n      'cancelled'\n    );\n  END IF;\nEND$$;\n"

11:17:17.293 [info] create table if not exists public.oban_jobs

11:17:17.295 [info] create index if not exists public.oban_jobs_queue_index

11:17:17.295 [info] create index if not exists public.oban_jobs_state_index

11:17:17.296 [info] create index if not exists public.oban_jobs_scheduled_at_index

11:17:17.297 [info] execute "CREATE OR REPLACE FUNCTION \"public\".oban_jobs_notify() RETURNS trigger AS $$\nDECLARE\n  channel text;\n  notice json;\nBEGIN\n  IF (TG_OP = 'INSERT') THEN\n    channel = 'public.oban_insert';\n    notice = json_build_object('queue', NEW.queue, 'state', NEW.state);\n\n    -- No point triggering for a job that isn't scheduled to run now\n    IF NEW.scheduled_at IS NOT NULL AND NEW.scheduled_at > now() AT TIME ZONE 'utc' THEN\n      RETURN null;\n    END IF;\n  ELSE\n    channel = 'public.oban_update';\n    notice = json_build_object('queue', NEW.queue, 'new_state', NEW.state, 'old_state', OLD.state);\n  END IF;\n\n  PERFORM pg_notify(channel, notice::text);\n\n  RETURN NULL;\nEND;\n$$ LANGUAGE plpgsql;\n"

11:17:17.297 [info] execute "DROP TRIGGER IF EXISTS oban_notify ON \"public\".oban_jobs"

11:17:17.298 [info] trigger "oban_notify" for relation "public.oban_jobs" does not exist, skipping

11:17:17.298 [info] execute "CREATE TRIGGER oban_notify\nAFTER INSERT OR UPDATE OF state ON \"public\".oban_jobs\nFOR EACH ROW EXECUTE PROCEDURE \"public\".oban_jobs_notify();\n"

11:17:17.298 [info] drop index if exists public.oban_jobs_scheduled_at_index

11:17:17.299 [info] create index public.oban_jobs_scheduled_at_index

11:17:17.300 [info] create check constraint worker_length on table public.oban_jobs

11:17:17.300 [info] create check constraint queue_length on table public.oban_jobs

11:17:17.301 [info] execute "CREATE OR REPLACE FUNCTION \"public\".oban_wrap_id(value bigint) RETURNS int AS $$\nBEGIN\n  RETURN (CASE WHEN value > 2147483647 THEN mod(value, 2147483647) ELSE value END)::int;\nEND;\n$$ LANGUAGE plpgsql IMMUTABLE;\n"

11:17:17.301 [info] alter table public.oban_jobs

11:17:17.302 [info] execute "DROP FUNCTION IF EXISTS \"public\".oban_wrap_id(value bigint)"

11:17:17.302 [info] drop index if exists public.oban_jobs_scheduled_at_index

11:17:17.303 [info] drop index if exists public.oban_jobs_queue_index

11:17:17.303 [info] drop index if exists public.oban_jobs_state_index

11:17:17.303 [info] create index if not exists public.oban_jobs_queue_state_scheduled_at_id_index

11:17:17.304 [info] create index if not exists public.oban_jobs_attempted_at_id_index

11:17:17.305 [info] alter table public.oban_jobs

11:17:17.305 [info] alter table public.oban_jobs

11:17:17.306 [info] drop index if exists public.oban_jobs_queue_state_scheduled_at_id_index

11:17:17.306 [info] create index if not exists public.oban_jobs_state_queue_priority_scheduled_at_id_index

11:17:17.307 [info] execute "CREATE OR REPLACE FUNCTION \"public\".oban_jobs_notify() RETURNS trigger AS $$\nDECLARE\n  channel text;\n  notice json;\nBEGIN\n  IF NEW.state = 'available' THEN\n    channel = 'public.oban_insert';\n    notice = json_build_object('queue', NEW.queue);\n\n    PERFORM pg_notify(channel, notice::text);\n  END IF;\n\n  RETURN NULL;\nEND;\n$$ LANGUAGE plpgsql;\n"

11:17:17.308 [info] execute "DROP TRIGGER IF EXISTS oban_notify ON \"public\".oban_jobs"

11:17:17.308 [info] execute "CREATE TRIGGER oban_notify\nAFTER INSERT ON \"public\".oban_jobs\nFOR EACH ROW EXECUTE PROCEDURE \"public\".oban_jobs_notify();\n"

11:17:17.308 [info] alter table public.oban_jobs

11:17:17.311 [info] execute "ALTER TYPE \"public\".oban_job_state ADD VALUE IF NOT EXISTS 'cancelled'"

11:17:17.312 [info] enum label "cancelled" already exists, skipping

11:17:17.312 [info] create index if not exists public.oban_jobs_state_queue_priority_scheduled_at_id_index

11:17:17.312 [info] relation "oban_jobs_state_queue_priority_scheduled_at_id_index" already exists, skipping

11:17:17.312 [info] alter table public.oban_jobs

11:17:17.313 [info] create check constraint priority_range on table public.oban_jobs

11:17:17.314 [info] create check constraint positive_max_attempts on table public.oban_jobs

11:17:17.314 [info] create check constraint attempt_range on table public.oban_jobs

11:17:17.315 [info] drop index if exists public.oban_jobs_args_vector

11:17:17.315 [info] index "oban_jobs_args_vector" does not exist, skipping

11:17:17.315 [info] drop index if exists public.oban_jobs_worker_gist

11:17:17.315 [info] index "oban_jobs_worker_gist" does not exist, skipping

11:17:17.315 [info] drop index if exists public.oban_jobs_attempted_at_id_index

11:17:17.316 [info] create index if not exists public.oban_jobs_args_index

11:17:17.317 [info] create index if not exists public.oban_jobs_meta_index

11:17:17.317 [info] create table if not exists public.oban_peers

11:17:17.318 [info] execute "ALTER TABLE \"public\".oban_peers SET UNLOGGED"

11:17:17.319 [info] drop constraint priority_range from table public.oban_jobs

11:17:17.320 [info] create check constraint non_negative_priority on table public.oban_jobs

11:17:17.320 [info] execute "DROP TRIGGER IF EXISTS oban_notify ON \"public\".oban_jobs"

11:17:17.321 [info] execute "DROP FUNCTION IF EXISTS \"public\".oban_jobs_notify()"

11:17:17.321 [info] execute "COMMENT ON TABLE \"public\".oban_jobs IS '12'"

11:17:17.321 [info] create table users

11:17:17.323 [info] create index users_username_index

11:17:17.323 [info] create index users_email_index

11:17:17.324 [info] create table follows

11:17:17.325 [info] create table articles

11:17:17.326 [info] create index articles_slug_index

11:17:17.326 [info] create index articles_author_id_index

11:17:17.327 [info] create table favorites

11:17:17.328 [info] create table comments

11:17:17.330 [info] create index comments_article_id_index

11:17:17.330 [info] create table shares

11:17:17.331 [info] create index shares_public_id_index

11:17:17.332 [info] create index shares_article_id_index

11:17:17.332 [info] create table exports

11:17:17.335 [info] == Migrated 20260927180532 in 0.0s

11:17:17.350 [info] == Running 20260927181512 Conduit.Repo.Migrations.UpgradeOban.change/0 forward

11:17:17.353 [info] create index if not exists public.oban_jobs_state_cancelled_at_index

11:17:17.354 [info] create index if not exists public.oban_jobs_state_discarded_at_index

11:17:17.355 [info] execute "ALTER TYPE \"public\".oban_job_state ADD VALUE IF NOT EXISTS 'suspended' BEFORE 'scheduled'\n"

11:17:17.356 [info] enum label "suspended" already exists, skipping

11:17:17.356 [info] execute "COMMENT ON TABLE \"public\".oban_jobs IS '14'"

11:17:17.356 [info] == Migrated 20260927181512 in 0.0s

cbd486c00c9e7e24d91528ba9ea973cb094f8da283bb4406146d518b888ca3a3

PASS live protocol: authorization, presence, updates, conflict, reconnect, revocation

Running 4 tests using 1 worker

  ✓  1 tests/editor.spec.js:7:1 › three independent browsers share edits and presence without losing a dirty draft (1.0s)
  ✓  2 tests/editor.spec.js:42:1 › the 101st editor sees Room full and can retry after a slot opens (4.9s)
  ✓  3 tests/editor.spec.js:70:1 › revoking the link ends access to the editor (318ms)
  ✓  4 tests/editor.spec.js:84:1 › a delayed save response preserves newer typing and socket state (624ms)

  4 passed (7.3s)
Success api/hurl/articles.hurl (17 request(s) in 722 ms)
Success api/hurl/auth.hurl (20 request(s) in 700 ms)
Success api/hurl/comments.hurl (13 request(s) in 517 ms)
Success api/hurl/errors_articles.hurl (20 request(s) in 666 ms)
Success api/hurl/errors_auth.hurl (20 request(s) in 749 ms)
Success api/hurl/errors_authorization.hurl (9 request(s) in 344 ms)
Success api/hurl/errors_comments.hurl (10 request(s) in 353 ms)
Success api/hurl/errors_profiles.hurl (6 request(s) in 212 ms)
Success api/hurl/favorites.hurl (9 request(s) in 439 ms)
Success api/hurl/feed.hurl (12 request(s) in 465 ms)
Success api/hurl/pagination.hurl (7 request(s) in 272 ms)
Success api/hurl/profiles.hurl (7 request(s) in 264 ms)
Success api/hurl/tags.hurl (4 request(s) in 155 ms)
Success features/drafts/hurl/drafts.hurl (23 request(s) in 855 ms)
Success features/drafts/hurl/errors_drafts.hurl (24 request(s) in 840 ms)
Success features/exports/hurl/exports.hurl (17 request(s) in 634 ms)
Success features/live-editing/hurl/live-editing.hurl (18 request(s) in 641 ms)
--------------------------------------------------------------------------------
Executed files:    17
Executed requests: 236 (26.6/s)
Succeeded files:   17 (100.0%)
Failed files:      0 (0.0%)
Duration:          8860 ms (0h:0m:8s:860ms)

Success s01_jwt_alg_none.hurl (1 request(s) in 54 ms)
Success s02_jwt_signature_stripped.hurl (3 request(s) in 150 ms)
Success s03_jwt_garbage.hurl (2 request(s) in 67 ms)
Success s04_mass_assignment_user.hurl (2 request(s) in 84 ms)
Success s05_mass_assignment_article.hurl (2 request(s) in 89 ms)
Success s06_injection_filters.hurl (4 request(s) in 140 ms)
Success s07_malformed_json.hurl (1 request(s) in 36 ms)
Success s08_wrong_types.hurl (8 request(s) in 294 ms)
Success s09_oversized_body.hurl (2 request(s) in 195 ms)
Success s10_unknown_route.hurl (1 request(s) in 37 ms)
Success s11_login_enumeration.hurl (3 request(s) in 145 ms)
Success s12_nosniff_header.hurl (1 request(s) in 35 ms)
Success s13_login_rate_limit.hurl (22 request(s) in 1024 ms)
--------------------------------------------------------------------------------
Executed files:    13
Executed requests: 52 (21.9/s)
Succeeded files:   13 (100.0%)
Failed files:      0 (0.0%)
Duration:          2372 ms (0h:0m:2s:372ms)


** (Mix) mix format failed due to --check-formatted.
The following files are not formatted:

[1m[31m/work/app/conduit/lib/conduit/content.ex
[0m
         |
291 291  |      bio: user.bio,
292 292  |      image: user.image,
293     -|      following: if(following == :lookup, do: Conduit.Accounts.following?(viewer, user), else: following)
    293 +|      following:
    294 +|        if(following == :lookup, do: Conduit.Accounts.following?(viewer, user), else: following)
294 295  |    }
295 296  |
         |




