#0 building with "orbstack" instance using docker driver

#1 [internal] load build definition from Dockerfile
#1 transferring dockerfile: 554B done
#1 DONE 0.0s

#2 resolve image config for docker-image://docker.io/docker/dockerfile:1
#2 DONE 1.2s

#3 docker-image://docker.io/docker/dockerfile:1@sha256:ecfaec9ed6d810b56388c508f4121597bfbba70d41a6dfeee4d8cad5f295fc32
#3 CACHED

#4 [internal] load metadata for docker.io/library/golang:1.27.1-bookworm@sha256:69a7b9788769bec032d238959b61854e9ae87f57be9029ec04e9885fabf99195
#4 DONE 0.0s

#5 [internal] load metadata for gcr.io/distroless/static-debian12:nonroot@sha256:afa5c872c891853ca7fcf1f12c3edb23f7eeef36189728842dd51042ff57f7ab
#5 DONE 0.8s

#6 [internal] load .dockerignore
#6 transferring context: 113B done
#6 DONE 0.0s

#7 [build 1/6] FROM docker.io/library/golang:1.27.1-bookworm@sha256:69a7b9788769bec032d238959b61854e9ae87f57be9029ec04e9885fabf99195
#7 DONE 0.0s

#8 [stage-1 1/3] FROM gcr.io/distroless/static-debian12:nonroot@sha256:afa5c872c891853ca7fcf1f12c3edb23f7eeef36189728842dd51042ff57f7ab
#8 DONE 0.0s

#9 [internal] load build context
#9 transferring context: 1.59kB done
#9 DONE 0.0s

#10 [build 5/6] COPY . .
#10 CACHED

#11 [build 6/6] RUN go build -trimpath -ldflags="-s -w" -o /out/server ./cmd/server
#11 CACHED

#12 [build 2/6] WORKDIR /src
#12 CACHED

#13 [build 4/6] RUN go mod download
#13 CACHED

#14 [stage-1 2/3] WORKDIR /app
#14 CACHED

#15 [build 3/6] COPY go.mod go.sum ./
#15 CACHED

#16 [stage-1 3/3] COPY --from=build /out/server /app/server
#16 CACHED

#17 exporting to image
#17 exporting layers done
#17 writing image sha256:5aff113b8423a9a5bf1c444f72f497e1fb0886a197806b64ed5962434663851e done
#17 naming to docker.io/library/agentmvc-lane-go-one-shot-1:current done
#17 DONE 0.0s

15e9c423b3a49d5ea87c7f8eb207d77b35d8110a06f052b3c47ef36c9f35ef11

7441c9221974c65b7776f199e8f5333f603b1bb0e716f9d616201e66f1962fd4

abbe9da98ac44376fa0d73d3e724091bd8aec8f93f3ddd2ebc2ffe754e8628ec

Success api/hurl/articles.hurl (17 request(s) in 82 ms)
Success api/hurl/auth.hurl (20 request(s) in 118 ms)
Success api/hurl/comments.hurl (13 request(s) in 63 ms)
Success api/hurl/errors_articles.hurl (20 request(s) in 57 ms)
Success api/hurl/errors_auth.hurl (20 request(s) in 290 ms)
Success api/hurl/errors_authorization.hurl (9 request(s) in 105 ms)
Success api/hurl/errors_comments.hurl (10 request(s) in 54 ms)
Success api/hurl/errors_profiles.hurl (6 request(s) in 50 ms)
Success api/hurl/favorites.hurl (9 request(s) in 61 ms)
Success api/hurl/feed.hurl (12 request(s) in 115 ms)
Success api/hurl/pagination.hurl (7 request(s) in 56 ms)
Success api/hurl/profiles.hurl (7 request(s) in 104 ms)
Success api/hurl/tags.hurl (4 request(s) in 52 ms)
Success features/drafts/hurl/drafts.hurl (23 request(s) in 118 ms)
Success features/drafts/hurl/errors_drafts.hurl (24 request(s) in 106 ms)
Success features/exports/hurl/exports.hurl (18 request(s) in 368 ms)
Success features/live-editing/hurl/live-editing.hurl (18 request(s) in 110 ms)
--------------------------------------------------------------------------------
Executed files:    17
Executed requests: 237 (122.7/s)
Succeeded files:   17 (100.0%)
Failed files:      0 (0.0%)
Duration:          1932 ms (0h:0m:1s:932ms)

Success s01_jwt_alg_none.hurl (1 request(s) in 0 ms)
Success s02_jwt_signature_stripped.hurl (3 request(s) in 56 ms)
Success s03_jwt_garbage.hurl (2 request(s) in 0 ms)
Success s04_mass_assignment_user.hurl (2 request(s) in 52 ms)
Success s05_mass_assignment_article.hurl (2 request(s) in 51 ms)
Success s06_injection_filters.hurl (4 request(s) in 2 ms)
Success s07_malformed_json.hurl (1 request(s) in 0 ms)
Success s08_wrong_types.hurl (8 request(s) in 49 ms)
Success s09_oversized_body.hurl (2 request(s) in 110 ms)
Success s10_unknown_route.hurl (1 request(s) in 0 ms)
Success s11_login_enumeration.hurl (3 request(s) in 97 ms)
Success s12_nosniff_header.hurl (1 request(s) in 1 ms)
Success s13_login_rate_limit.hurl (22 request(s) in 995 ms)
--------------------------------------------------------------------------------
Executed files:    13
Executed requests: 52 (36.5/s)
Succeeded files:   13 (100.0%)
Failed files:      0 (0.0%)
Duration:          1423 ms (0h:0m:1s:423ms)

PASS live protocol: authorization, presence, updates, conflict, reconnect, revocation

Running 4 tests using 1 worker

  ✓  1 tests/editor.spec.js:7:1 › three independent browsers share edits and presence without losing a dirty draft (493ms)
  ✓  2 tests/editor.spec.js:42:1 › the 101st editor sees Room full and can retry after a slot opens (307ms)
  ✓  3 tests/editor.spec.js:70:1 › revoking the link ends access to the editor (143ms)
  ✓  4 tests/editor.spec.js:84:1 › a delayed save response preserves newer typing and socket state (252ms)

  4 passed (1.5s)

2026/09/29 20:07:05 INFO listening address=:4110
