#0 building with "orbstack" instance using docker driver

#1 [internal] load build definition from Dockerfile
#1 transferring dockerfile: 1.09kB done
#1 DONE 0.0s

#2 resolve image config for docker-image://docker.io/docker/dockerfile:1
#2 DONE 2.3s

#3 docker-image://docker.io/docker/dockerfile:1@sha256:ecfaec9ed6d810b56388c508f4121597bfbba70d41a6dfeee4d8cad5f295fc32
#3 CACHED

#4 [internal] load metadata for docker.io/library/ruby:3.3.2-slim
#4 DONE 4.2s

#5 [internal] load .dockerignore
#5 transferring context: 210B done
#5 DONE 0.0s

#6 [base 1/3] FROM docker.io/library/ruby:3.3.2-slim@sha256:4d611590cb3dc3211dc2e42c87347970c0ae9f7ad9c3db17a121d5996296f8ff
#6 DONE 0.0s

#7 [internal] load build context
#7 transferring context: 79.56kB 0.0s done
#7 DONE 0.1s

#8 [base 3/3] RUN apt-get update -qq && apt-get install --no-install-recommends -y     libpq5 ca-certificates && rm -rf /var/lib/apt/lists/*
#8 CACHED

#9 [build 1/5] RUN apt-get update -qq && apt-get install --no-install-recommends -y     build-essential libpq-dev git && rm -rf /var/lib/apt/lists/*
#9 CACHED

#10 [build 2/5] COPY Gemfile Gemfile.lock ./
#10 CACHED

#11 [base 2/3] WORKDIR /rails
#11 CACHED

#12 [build 3/5] RUN bundle install && rm -rf /usr/local/bundle/ruby/*/cache
#12 CACHED

#13 [build 4/5] COPY . .
#13 DONE 0.1s

#14 [build 5/5] RUN bundle exec bootsnap precompile -j 1 --gemfile &&     bundle exec bootsnap precompile -j 1 app/ lib/
#14 DONE 4.4s

#15 [stage-2 1/3] RUN groupadd --system --gid 1000 rails &&     useradd rails --uid 1000 --gid 1000 --create-home
#15 CACHED

#16 [stage-2 2/3] COPY --from=build --chown=rails:rails /usr/local/bundle /usr/local/bundle
#16 CACHED

#17 [stage-2 3/3] COPY --from=build --chown=rails:rails /rails /rails
#17 DONE 0.4s

#18 exporting to image
#18 exporting layers
#18 exporting layers 0.4s done
#18 writing image sha256:fcc4d0d1710c61283c53d387cdb841c3553fe959a6007228f1b71ea4f4fcd337 done
#18 naming to docker.io/library/agentmvc-one-shot-rails-control-45494:latest done
#18 DONE 0.4s
Success api/hurl/articles.hurl (17 request(s) in 445 ms)
Success api/hurl/auth.hurl (20 request(s) in 564 ms)
Success api/hurl/comments.hurl (13 request(s) in 296 ms)
Success api/hurl/errors_articles.hurl (20 request(s) in 273 ms)
Success api/hurl/errors_auth.hurl (20 request(s) in 1853 ms)
Success api/hurl/errors_authorization.hurl (9 request(s) in 438 ms)
Success api/hurl/errors_comments.hurl (10 request(s) in 221 ms)
Success api/hurl/errors_profiles.hurl (6 request(s) in 208 ms)
Success api/hurl/favorites.hurl (9 request(s) in 258 ms)
Success api/hurl/feed.hurl (12 request(s) in 458 ms)
Success api/hurl/pagination.hurl (7 request(s) in 240 ms)
Success api/hurl/profiles.hurl (7 request(s) in 440 ms)
Success api/hurl/tags.hurl (4 request(s) in 224 ms)
Success features/drafts/hurl/drafts.hurl (23 request(s) in 607 ms)
Success features/drafts/hurl/errors_drafts.hurl (24 request(s) in 505 ms)
Success features/exports/hurl/exports.hurl (18 request(s) in 884 ms)
Success features/live-editing/hurl/live-editing.hurl (18 request(s) in 546 ms)
--------------------------------------------------------------------------------
Executed files:    17
Executed requests: 237 (27.9/s)
Succeeded files:   17 (100.0%)
Failed files:      0 (0.0%)
Duration:          8493 ms (0h:0m:8s:493ms)

PASS live protocol: authorization, presence, updates, conflict, reconnect, revocation

Running 4 tests using 1 worker

  ✓  1 tests/editor.spec.js:7:1 › three independent browsers share edits and presence without losing a dirty draft (1.0s)
  ✓  2 tests/editor.spec.js:42:1 › the 101st editor sees Room full and can retry after a slot opens (1.2s)
  ✓  3 tests/editor.spec.js:70:1 › revoking the link ends access to the editor (389ms)
  ✓  4 tests/editor.spec.js:84:1 › a delayed save response preserves newer typing and socket state (586ms)

  4 passed (4.3s)
Success s01_jwt_alg_none.hurl (1 request(s) in 5 ms)
Success s02_jwt_signature_stripped.hurl (3 request(s) in 264 ms)
Success s03_jwt_garbage.hurl (2 request(s) in 15 ms)
Success s04_mass_assignment_user.hurl (2 request(s) in 259 ms)
Success s05_mass_assignment_article.hurl (2 request(s) in 243 ms)
Success s06_injection_filters.hurl (4 request(s) in 11 ms)
Success s07_malformed_json.hurl (1 request(s) in 1 ms)
Success s08_wrong_types.hurl (8 request(s) in 294 ms)
Success s09_oversized_body.hurl (2 request(s) in 300 ms)
Success s10_unknown_route.hurl (1 request(s) in 3 ms)
Success s11_login_enumeration.hurl (3 request(s) in 429 ms)
Success s12_nosniff_header.hurl (1 request(s) in 3 ms)
Success s13_login_rate_limit.hurl (22 request(s) in 5252 ms)
--------------------------------------------------------------------------------
Executed files:    13
Executed requests: 52 (7.3/s)
Succeeded files:   13 (100.0%)
Failed files:      0 (0.0%)
Duration:          7098 ms (0h:0m:7s:98ms)

exit 0 seconds 46
