
DATABASE_URL=[redacted]


0b1a1bdf04794d992c50ffacb0f220046e84ad3fb29c4577c22a734bac78fc03

PASS live protocol: authorization, presence, updates, conflict, reconnect, revocation

Running 4 tests using 1 worker

  ✓  1 tests/editor.spec.js:7:1 › three independent browsers share edits and presence without losing a dirty draft (736ms)
  ✓  2 tests/editor.spec.js:42:1 › the 101st editor sees Room full and can retry after a slot opens (1.0s)
  ✓  3 tests/editor.spec.js:70:1 › revoking the link ends access to the editor (321ms)
  ✓  4 tests/editor.spec.js:84:1 › a delayed save response preserves newer typing and socket state (477ms)

  4 passed (2.9s)
Success api/hurl/articles.hurl (17 request(s) in 348 ms)
Success api/hurl/auth.hurl (20 request(s) in 454 ms)
Success api/hurl/comments.hurl (13 request(s) in 255 ms)
Success api/hurl/errors_articles.hurl (20 request(s) in 277 ms)
Success api/hurl/errors_auth.hurl (20 request(s) in 1665 ms)
Success api/hurl/errors_authorization.hurl (9 request(s) in 422 ms)
Success api/hurl/errors_comments.hurl (10 request(s) in 217 ms)
Success api/hurl/errors_profiles.hurl (6 request(s) in 194 ms)
Success api/hurl/favorites.hurl (9 request(s) in 243 ms)
Success api/hurl/feed.hurl (12 request(s) in 440 ms)
Success api/hurl/pagination.hurl (7 request(s) in 223 ms)
Success api/hurl/profiles.hurl (7 request(s) in 418 ms)
Success api/hurl/tags.hurl (4 request(s) in 199 ms)
Success features/drafts/hurl/drafts.hurl (23 request(s) in 504 ms)
Success features/drafts/hurl/errors_drafts.hurl (24 request(s) in 465 ms)
Success features/exports/hurl/exports.hurl (18 request(s) in 747 ms)
Success features/live-editing/hurl/live-editing.hurl (18 request(s) in 440 ms)
--------------------------------------------------------------------------------
Executed files:    17
Executed requests: 237 (31.5/s)
Succeeded files:   17 (100.0%)
Failed files:      0 (0.0%)
Duration:          7533 ms (0h:0m:7s:533ms)

Success s01_jwt_alg_none.hurl (1 request(s) in 5 ms)
Success s02_jwt_signature_stripped.hurl (3 request(s) in 201 ms)
Success s03_jwt_garbage.hurl (2 request(s) in 2 ms)
Success s04_mass_assignment_user.hurl (2 request(s) in 191 ms)
Success s05_mass_assignment_article.hurl (2 request(s) in 192 ms)
Success s06_injection_filters.hurl (4 request(s) in 15 ms)
Success s07_malformed_json.hurl (1 request(s) in 1 ms)
Success s08_wrong_types.hurl (8 request(s) in 205 ms)
Success s09_oversized_body.hurl (2 request(s) in 259 ms)
Success s10_unknown_route.hurl (1 request(s) in 2 ms)
Success s11_login_enumeration.hurl (3 request(s) in 358 ms)
Success s12_nosniff_header.hurl (1 request(s) in 4 ms)
Success s13_login_rate_limit.hurl (22 request(s) in 3905 ms)
--------------------------------------------------------------------------------
Executed files:    13
Executed requests: 52 (9.7/s)
Succeeded files:   13 (100.0%)
Failed files:      0 (0.0%)
Duration:          5349 ms (0h:0m:5s:349ms)


Hold on, I am eager loading the application.
All is good!

Inspecting 45 files
.............................................

45 files inspected, no offenses detected

Created database 'agentmvc_test'

Run options: --seed 29513

# Running:

.......

Finished in 0.284559s, 24.5994 runs/s, 101.9119 assertions/s.
7 runs, 29 assertions, 0 failures, 0 errors, 0 skips

