Picked up JAVA_TOOL_OPTIONS: -XX:ActiveProcessorCount=2 -XX:MaxRAMPercentage=70
Picked up JAVA_TOOL_OPTIONS: -XX:ActiveProcessorCount=2 -XX:MaxRAMPercentage=70
[main] INFO migratus.core - Starting migrations
[main] INFO com.zaxxer.hikari.HikariDataSource - conduit - Starting...
[main] INFO com.zaxxer.hikari.pool.HikariPool - conduit - Added connection org.postgresql.jdbc.PgConnection@1476359e
[main] INFO com.zaxxer.hikari.HikariDataSource - conduit - Start completed.
[main] INFO migratus.core - Ending migrations
:proletarian.worker/handling-job
:proletarian.worker/job-finished
[main] INFO org.eclipse.jetty.server.Server - jetty-12.1.8; built: 2026-04-01T01:09:18.991Z; git: c9cdc9aaa434a3665b8a53b4d1cc3684992da649; jvm 25.0.4.1+1-LTS
[main] INFO org.eclipse.jetty.server.handler.ContextHandler - Started oeje9n.ContextHandler$CoreContextHandler@57b57ffe{ROOT,/,b=null,a=AVAILABLE,h=oeje9n.ContextHandler$CoreContextHandler$CoreToNestedHandler@41df3497{STARTED}}
[main] INFO org.eclipse.jetty.server.AbstractConnector - Started oejs.ServerConnector@72f1a1a7{HTTP/1.1, (http/1.1)}{0.0.0.0:4112}
[main] INFO org.eclipse.jetty.server.Server - Started oejs.Server@38fd58f3{STARTING}[12.1.8,sto=5000] @39ms
Development server ready; watching src/ and resources/.
[main] INFO org.eclipse.jetty.server.Server - Stopped oejs.Server@38fd58f3{STOPPING}[12.1.8,sto=5000]
[main] INFO org.eclipse.jetty.server.Server - Shutdown oejs.Server@38fd58f3{STOPPING}[12.1.8,sto=5000]
[main] INFO org.eclipse.jetty.server.AbstractConnector - Stopped oejs.ServerConnector@72f1a1a7{HTTP/1.1, (http/1.1)}{0.0.0.0:4112}
:proletarian.executor/shutting-down
[main] INFO com.zaxxer.hikari.HikariDataSource - conduit - Shutdown initiated...
:proletarian.executor/completed-shutdown
[main] INFO com.zaxxer.hikari.HikariDataSource - conduit - Shutdown completed.
:reloaded (conduit.http conduit.system dev)
[main] INFO migratus.core - Starting migrations
[main] INFO com.zaxxer.hikari.HikariDataSource - conduit - Starting...
[main] INFO com.zaxxer.hikari.pool.HikariPool - conduit - Added connection org.postgresql.jdbc.PgConnection@18ca8721
[main] INFO com.zaxxer.hikari.HikariDataSource - conduit - Start completed.
[main] INFO migratus.core - Ending migrations
:proletarian.worker/handling-job
:proletarian.worker/job-finished
[main] INFO org.eclipse.jetty.server.Server - jetty-12.1.8; built: 2026-04-01T01:09:18.991Z; git: c9cdc9aaa434a3665b8a53b4d1cc3684992da649; jvm 25.0.4.1+1-LTS
[main] INFO org.eclipse.jetty.server.handler.ContextHandler - Started oeje9n.ContextHandler$CoreContextHandler@1370b4df{ROOT,/,b=null,a=AVAILABLE,h=oeje9n.ContextHandler$CoreContextHandler$CoreToNestedHandler@13365eb9{STARTED}}
[main] INFO org.eclipse.jetty.server.AbstractConnector - Started oejs.ServerConnector@483e2a7{HTTP/1.1, (http/1.1)}{0.0.0.0:4112}
[main] INFO org.eclipse.jetty.server.Server - Started oejs.Server@169f1c39{STARTING}[12.1.8,sto=5000] @2ms
Development system refreshed.
[main] INFO org.eclipse.jetty.server.Server - Stopped oejs.Server@169f1c39{STOPPING}[12.1.8,sto=5000]
[main] INFO org.eclipse.jetty.server.Server - Shutdown oejs.Server@169f1c39{STOPPING}[12.1.8,sto=5000]
[main] INFO org.eclipse.jetty.server.AbstractConnector - Stopped oejs.ServerConnector@483e2a7{HTTP/1.1, (http/1.1)}{0.0.0.0:4112}
:proletarian.executor/shutting-down
:proletarian.executor/completed-shutdown
[main] INFO com.zaxxer.hikari.HikariDataSource - conduit - Shutdown initiated...
[main] INFO com.zaxxer.hikari.HikariDataSource - conduit - Shutdown completed.
:reloaded (conduit.http conduit.system dev)
[main] INFO migratus.core - Starting migrations
[main] INFO com.zaxxer.hikari.HikariDataSource - conduit - Starting...
[main] INFO com.zaxxer.hikari.pool.HikariPool - conduit - Added connection org.postgresql.jdbc.PgConnection@41ed3d2a
[main] INFO com.zaxxer.hikari.HikariDataSource - conduit - Start completed.
[main] INFO migratus.core - Ending migrations
:proletarian.worker/handling-job
:proletarian.worker/job-finished
[main] INFO org.eclipse.jetty.server.Server - jetty-12.1.8; built: 2026-04-01T01:09:18.991Z; git: c9cdc9aaa434a3665b8a53b4d1cc3684992da649; jvm 25.0.4.1+1-LTS
[main] INFO org.eclipse.jetty.server.handler.ContextHandler - Started oeje9n.ContextHandler$CoreContextHandler@9cdbf65{ROOT,/,b=null,a=AVAILABLE,h=oeje9n.ContextHandler$CoreContextHandler$CoreToNestedHandler@72d0cbc9{STARTED}}
[main] INFO org.eclipse.jetty.server.AbstractConnector - Started oejs.ServerConnector@45050433{HTTP/1.1, (http/1.1)}{0.0.0.0:4112}
[main] INFO org.eclipse.jetty.server.Server - Started oejs.Server@57d8308d{STARTING}[12.1.8,sto=5000] @1ms
Development system refreshed.
[Thread-8] INFO org.eclipse.jetty.server.Server - Stopped oejs.Server@57d8308d{STOPPING}[12.1.8,sto=5000]
[Thread-8] INFO org.eclipse.jetty.server.Server - Shutdown oejs.Server@57d8308d{STOPPING}[12.1.8,sto=5000]
[Thread-8] INFO org.eclipse.jetty.server.AbstractConnector - Stopped oejs.ServerConnector@45050433{HTTP/1.1, (http/1.1)}{0.0.0.0:4112}
:proletarian.executor/shutting-down
:proletarian.executor/completed-shutdown
[Thread-8] INFO com.zaxxer.hikari.HikariDataSource - conduit - Shutdown initiated...
[Thread-8] INFO com.zaxxer.hikari.HikariDataSource - conduit - Shutdown completed.
