DATABASE_URL=postgres://agentmvc:agentmvc@127.0.0.1:54204/agentmvc

6b057beed24ecab43a7cf26143e5d5556c80dc36a5d0838800b2b44ab2c08516

PASS live protocol: authorization, presence, updates, conflict, reconnect, revocation

Running 4 tests using 1 worker

  ✓  1 tests/editor.spec.js:7:1 › three independent browsers share edits and presence without losing a dirty draft (575ms)
  ✓  2 tests/editor.spec.js:42:1 › the 101st editor sees Room full and can retry after a slot opens (413ms)
  ✓  3 tests/editor.spec.js:70:1 › revoking the link ends access to the editor (147ms)
  ✓  4 tests/editor.spec.js:84:1 › a delayed save response preserves newer typing and socket state (293ms)

  4 passed (1.8s)
Success api/hurl/articles.hurl (17 request(s) in 145 ms)
Success api/hurl/auth.hurl (20 request(s) in 165 ms)
Success api/hurl/comments.hurl (13 request(s) in 91 ms)
Success api/hurl/errors_articles.hurl (20 request(s) in 78 ms)
Success api/hurl/errors_auth.hurl (20 request(s) in 279 ms)
Success api/hurl/errors_authorization.hurl (9 request(s) in 143 ms)
Success api/hurl/errors_comments.hurl (10 request(s) in 72 ms)
Success api/hurl/errors_profiles.hurl (6 request(s) in 65 ms)
Success api/hurl/favorites.hurl (9 request(s) in 91 ms)
Success api/hurl/feed.hurl (12 request(s) in 148 ms)
Success api/hurl/pagination.hurl (7 request(s) in 76 ms)
Success api/hurl/profiles.hurl (7 request(s) in 140 ms)
Success api/hurl/tags.hurl (4 request(s) in 72 ms)
Success features/drafts/hurl/drafts.hurl (23 request(s) in 159 ms)
Success features/drafts/hurl/errors_drafts.hurl (24 request(s) in 150 ms)
Success features/exports/hurl/exports.hurl (18 request(s) in 413 ms)
Success features/live-editing/hurl/live-editing.hurl (18 request(s) in 151 ms)
--------------------------------------------------------------------------------
Executed files:    17
Executed requests: 237 (96.5/s)
Succeeded files:   17 (100.0%)
Failed files:      0 (0.0%)
Duration:          2457 ms (0h:0m:2s:457ms)

Success s01_jwt_alg_none.hurl (1 request(s) in 0 ms)
Success s02_jwt_signature_stripped.hurl (3 request(s) in 82 ms)
Success s03_jwt_garbage.hurl (2 request(s) in 0 ms)
Success s04_mass_assignment_user.hurl (2 request(s) in 80 ms)
Success s05_mass_assignment_article.hurl (2 request(s) in 73 ms)
Success s06_injection_filters.hurl (4 request(s) in 2 ms)
Success s07_malformed_json.hurl (1 request(s) in 0 ms)
Success s08_wrong_types.hurl (8 request(s) in 72 ms)
Success s09_oversized_body.hurl (2 request(s) in 71 ms)
Success s10_unknown_route.hurl (1 request(s) in 0 ms)
Success s11_login_enumeration.hurl (3 request(s) in 144 ms)
Success s12_nosniff_header.hurl (1 request(s) in 0 ms)
Success s13_login_rate_limit.hurl (22 request(s) in 1714 ms)
--------------------------------------------------------------------------------
Executed files:    13
Executed requests: 52 (23.1/s)
Succeeded files:   13 (100.0%)
Failed files:      0 (0.0%)
Duration:          2248 ms (0h:0m:2s:248ms)


