gate inputs: 72 files, sha256 a8999f01c936cc37fe182c314c7a9a602b62611c1a15dc8338e7853d30831710 (matches the published workspace)
workspace: /work/app/build/gate-author/conduit-v8b-ws-compiled
log: /work/app/build/gate-author/gate-compiled.log
#0 building with "orbstack" instance using docker driver

#1 [internal] load build definition from Dockerfile
#1 transferring dockerfile: 2.12kB done
#1 DONE 0.0s

#2 resolve image config for docker-image://docker.io/docker/dockerfile:1
#2 DONE 1.1s

#3 docker-image://docker.io/docker/dockerfile:1@sha256:4edf897a3ffa55b89f906fc8cc78afdb3f1834cc9c7083565e611a8a7d5fe99e
#3 CACHED

#4 [internal] load metadata for docker.io/library/debian:trixie-slim@sha256:020c0d20b9880058cbe785a9db107156c3c75c2ac944a6aa7ab59f2add76a7bd
#4 DONE 0.0s

#5 [internal] load metadata for docker.io/library/conduit-v8b-toolchain:2fce0ce9ff06
#5 DONE 0.0s

#6 [internal] load .dockerignore
#6 transferring context: 210B done
#6 DONE 0.0s

#7 [toolchain 1/2] FROM docker.io/library/conduit-v8b-toolchain:2fce0ce9ff06
#7 DONE 0.0s

#8 [runtime 1/4] FROM docker.io/library/debian:trixie-slim@sha256:020c0d20b9880058cbe785a9db107156c3c75c2ac944a6aa7ab59f2add76a7bd
#8 DONE 0.0s

#9 [internal] load build context
#9 transferring context: 137.08kB done
#9 DONE 0.0s

#10 [toolchain 2/2] RUN echo '2fce0ce9ff067966d7295f71206b6d7b3592da558b663352ed785fca93aa1777  /usr/local/share/roundhouse-patches/SHA256SUMS' | sha256sum -c -
#10 CACHED

#11 [build 1/5] WORKDIR /src/app
#11 CACHED

#12 [build 2/5] COPY . .
#12 DONE 0.1s

#13 [build 3/5] RUN ulimit -v 12582912; /usr/bin/time -f "analysis peak_rss_kib=%M exit=%x" roundhouse check /src/app && /usr/bin/time -f "emission peak_rss_kib=%M exit=%x" roundhouse --target spinel -o /build /src/app
#13 0.173 /src/app/app/controllers/application_controller.rb:23:5: warning[gradual_untyped]: method call resolves to RBS `untyped` (gradual escape)
#13 0.173 /src/app/app/controllers/application_controller.rb:30:14: warning[gradual_untyped]: method call resolves to RBS `untyped` (gradual escape)
#13 0.173 /src/app/app/controllers/application_controller.rb:33:65: warning[gradual_untyped]: method call resolves to RBS `untyped` (gradual escape)
#13 0.173 /src/app/app/controllers/application_controller.rb:58:15: warning[gradual_untyped]: method call resolves to RBS `untyped` (gradual escape)
#13 0.173 /src/app/app/controllers/application_controller.rb:59:13: warning[gradual_untyped]: method call resolves to RBS `untyped` (gradual escape)
#13 0.173 /src/app/app/controllers/application_controller.rb:60:65: warning[gradual_untyped]: method call resolves to RBS `untyped` (gradual escape)
#13 0.173 /src/app/app/controllers/application_controller.rb:70:5: warning[gradual_untyped]: method call resolves to RBS `untyped` (gradual escape)
#13 0.173 /src/app/app/controllers/application_controller.rb:79:8: warning[unresolved_type]: local read `wrap` has unresolved type
#13 0.173 /src/app/app/controllers/application_controller.rb:105:37: warning[gradual_untyped]: method call resolves to RBS `untyped` (gradual escape)
#13 0.173 /src/app/app/controllers/application_controller.rb:125:7: warning[unresolved_type]: local read `following_ids` has unresolved type
#13 0.173 /src/app/app/controllers/application_controller.rb:125:23: warning[unresolved_type]: local read `following_ids` has unresolved type
#13 0.173 /src/app/app/controllers/application_controller.rb:133:14: error[send_dispatch_failed]: no known method `association` on Article
#13 0.173 /src/app/app/controllers/application_controller.rb:134:35: warning[unresolved_type]: local read `favorite_ids` has unresolved type
#13 0.173 /src/app/app/controllers/application_controller.rb:134:50: warning[unresolved_type]: local read `favorite_ids` has unresolved type
#13 0.173 /src/app/app/controllers/application_controller.rb:135:13: warning[unresolved_type]: local read `favorite_counts` has unresolved type
#13 0.173 /src/app/app/controllers/application_controller.rb:135:31: warning[unresolved_type]: local read `favorite_counts` has unresolved type
#13 0.173 /src/app/app/controllers/application_controller.rb:138:83: warning[unresolved_type]: local read `following_ids` has unresolved type
#13 0.173 /src/app/app/controllers/application_controller.rb:140:39: warning[unresolved_type]: local read `list` has unresolved type
#13 0.173 /src/app/app/controllers/application_controller.rb:145:13: warning[gradual_untyped]: method call resolves to RBS `untyped` (gradual escape)
#13 0.173 /src/app/app/controllers/application_controller.rb:145:21: warning[gradual_untyped]: method call resolves to RBS `untyped` (gradual escape)
#13 0.173 /src/app/app/controllers/application_controller.rb:146:14: warning[gradual_untyped]: method call resolves to RBS `untyped` (gradual escape)
#13 0.173 /src/app/app/controllers/application_controller.rb:146:22: warning[gradual_untyped]: method call resolves to RBS `untyped` (gradual escape)
#13 0.173 /src/app/app/controllers/application_controller.rb:147:13: warning[gradual_untyped]: method call resolves to RBS `untyped` (gradual escape)
#13 0.173 /src/app/app/controllers/application_controller.rb:148:14: warning[gradual_untyped]: method call resolves to RBS `untyped` (gradual escape)
#13 0.173 /src/app/app/controllers/application_controller.rb:150:67: warning[gradual_untyped]: local read resolves to RBS `untyped` (gradual escape)
#13 0.173 /src/app/app/controllers/application_controller.rb:150:81: warning[gradual_untyped]: local read resolves to RBS `untyped` (gradual escape)
#13 0.173 /src/app/app/controllers/articles_controller.rb:4:79: warning[gradual_untyped]: method call resolves to RBS `untyped` (gradual escape)
#13 0.173 /src/app/app/controllers/articles_controller.rb:4:63: warning[gradual_untyped]: method call resolves to RBS `untyped` (gradual escape)
#13 0.173 /src/app/app/controllers/articles_controller.rb:5:86: warning[gradual_untyped]: method call resolves to RBS `untyped` (gradual escape)
#13 0.173 /src/app/app/controllers/articles_controller.rb:5:65: warning[gradual_untyped]: method call resolves to RBS `untyped` (gradual escape)
#13 0.173 /src/app/app/controllers/articles_controller.rb:6:127: warning[gradual_untyped]: method call resolves to RBS `untyped` (gradual escape)
#13 0.173 /src/app/app/controllers/articles_controller.rb:6:82: warning[gradual_untyped]: method call resolves to RBS `untyped` (gradual escape)
#13 0.173 /src/app/app/controllers/articles_controller.rb:7:5: warning[gradual_untyped]: method call resolves to RBS `untyped` (gradual escape)
#13 0.173 /src/app/app/controllers/articles_controller.rb:13:5: warning[gradual_untyped]: method call resolves to RBS `untyped` (gradual escape)
#13 0.173 /src/app/app/controllers/articles_controller.rb:18:5: warning[gradual_untyped]: method call resolves to RBS `untyped` (gradual escape)
#13 0.173 /src/app/app/controllers/articles_controller.rb:22:5: warning[gradual_untyped]: method call resolves to RBS `untyped` (gradual escape)
#13 0.173 /src/app/app/controllers/articles_controller.rb:36:5: warning[gradual_untyped]: method call resolves to RBS `untyped` (gradual escape)
#13 0.173 /src/app/app/controllers/articles_controller.rb:42:106: warning[unresolved_type]: local read `a` has unresolved type
#13 0.173 /src/app/app/controllers/articles_controller.rb:43:5: warning[gradual_untyped]: method call resolves to RBS `untyped` (gradual escape)
#13 0.173 /src/app/app/controllers/articles_controller.rb:50:5: warning[gradual_untyped]: method call resolves to RBS `untyped` (gradual escape)
#13 0.173 /src/app/app/controllers/articles_controller.rb:56:5: warning[gradual_untyped]: method call resolves to RBS `untyped` (gradual escape)
#13 0.173 /src/app/app/controllers/comments_controller.rb:5:85: warning[gradual_untyped]: method call resolves to RBS `untyped` (gradual escape)
#13 0.173 /src/app/app/controllers/comments_controller.rb:5:31: warning[gradual_untyped]: method call resolves to RBS `untyped` (gradual escape)
#13 0.173 /src/app/app/controllers/comments_controller.rb:5:32: warning[gradual_untyped]: method call resolves to RBS `untyped` (gradual escape)
#13 0.173 /src/app/app/controllers/comments_controller.rb:5:40: warning[gradual_untyped]: method call resolves to RBS `untyped` (gradual escape)
#13 0.173 /src/app/app/controllers/comments_controller.rb:6:91: warning[gradual_untyped]: method call resolves to RBS `untyped` (gradual escape)
#13 0.173 /src/app/app/controllers/comments_controller.rb:6:32: warning[gradual_untyped]: method call resolves to RBS `untyped` (gradual escape)
#13 0.173 /src/app/app/controllers/comments_controller.rb:6:33: warning[gradual_untyped]: method call resolves to RBS `untyped` (gradual escape)
#13 0.173 /src/app/app/controllers/comments_controller.rb:6:41: warning[gradual_untyped]: method call resolves to RBS `untyped` (gradual escape)
#13 0.173 /src/app/app/controllers/comments_controller.rb:9:5: warning[gradual_untyped]: method call resolves to RBS `untyped` (gradual escape)
#13 0.173 /src/app/app/controllers/comments_controller.rb:16:5: warning[gradual_untyped]: method call resolves to RBS `untyped` (gradual escape)
#13 0.173 /src/app/app/controllers/comments_controller.rb:22:44: warning[gradual_untyped]: method call resolves to RBS `untyped` (gradual escape)
#13 0.173 /src/app/app/controllers/comments_controller.rb:25:5: warning[gradual_untyped]: method call resolves to RBS `untyped` (gradual escape)
#13 0.173 /src/app/app/controllers/comments_controller.rb:31:64: warning[unresolved_type]: local read `followed` has unresolved type
#13 0.173 /src/app/app/controllers/exports_controller.rb:6:5: warning[gradual_untyped]: method call resolves to RBS `untyped` (gradual escape)
#13 0.173 /src/app/app/controllers/exports_controller.rb:11:40: warning[gradual_untyped]: method call resolves to RBS `untyped` (gradual escape)
#13 0.173 /src/app/app/controllers/exports_controller.rb:13:5: warning[gradual_untyped]: method call resolves to RBS `untyped` (gradual escape)
#13 0.173 /src/app/app/controllers/favorites_controller.rb:6:5: warning[gradual_untyped]: method call resolves to RBS `untyped` (gradual escape)
#13 0.173 /src/app/app/controllers/favorites_controller.rb:12:5: warning[gradual_untyped]: method call resolves to RBS `untyped` (gradual escape)
#13 0.173 /src/app/app/controllers/health_controller.rb:3:5: warning[gradual_untyped]: method call resolves to RBS `untyped` (gradual escape)
#13 0.173 /src/app/app/controllers/profiles_controller.rb:3:5: warning[gradual_untyped]: method call resolves to RBS `untyped` (gradual escape)
#13 0.173 /src/app/app/controllers/profiles_controller.rb:9:5: warning[gradual_untyped]: method call resolves to RBS `untyped` (gradual escape)
#13 0.173 /src/app/app/controllers/profiles_controller.rb:15:5: warning[gradual_untyped]: method call resolves to RBS `untyped` (gradual escape)
#13 0.173 /src/app/app/controllers/profiles_controller.rb:19:28: warning[gradual_untyped]: method call resolves to RBS `untyped` (gradual escape)
#13 0.173 /src/app/app/controllers/shares_controller.rb:6:5: warning[gradual_untyped]: method call resolves to RBS `untyped` (gradual escape)
#13 0.173 /src/app/app/controllers/shares_controller.rb:10:11: warning[gradual_untyped]: method call resolves to RBS `untyped` (gradual escape)
#13 0.173 /src/app/app/controllers/shares_controller.rb:16:23: warning[gradual_untyped]: local read resolves to RBS `untyped` (gradual escape)
#13 0.173 /src/app/app/controllers/shares_controller.rb:17:5: warning[gradual_untyped]: method call resolves to RBS `untyped` (gradual escape)
#13 0.173 /src/app/app/controllers/shares_controller.rb:21:5: warning[gradual_untyped]: method call resolves to RBS `untyped` (gradual escape)
#13 0.173 /src/app/app/controllers/shares_controller.rb:28:99: warning[unresolved_type]: local read `a` has unresolved type
#13 0.173 /src/app/app/controllers/shares_controller.rb:28:135: warning[gradual_untyped]: method call resolves to RBS `untyped` (gradual escape)
#13 0.173 /src/app/app/controllers/shares_controller.rb:29:5: warning[gradual_untyped]: method call resolves to RBS `untyped` (gradual escape)
#13 0.173 /src/app/app/controllers/shares_controller.rb:32:21: warning[gradual_untyped]: method call resolves to RBS `untyped` (gradual escape)
#13 0.173 /src/app/app/controllers/shares_controller.rb:32:34: warning[gradual_untyped]: method call resolves to RBS `untyped` (gradual escape)
#13 0.173 /src/app/app/controllers/shares_controller.rb:36:45: warning[gradual_untyped]: method call resolves to RBS `untyped` (gradual escape)
#13 0.173 /src/app/app/controllers/shares_controller.rb:37:74: warning[gradual_untyped]: method call resolves to RBS `untyped` (gradual escape)
#13 0.173 /src/app/app/controllers/tags_controller.rb:5:5: warning[gradual_untyped]: method call resolves to RBS `untyped` (gradual escape)
#13 0.173 /src/app/app/controllers/users_controller.rb:5:5: warning[gradual_untyped]: expression resolves to RBS `untyped` (gradual escape)
#13 0.173 /src/app/app/controllers/users_controller.rb:6:7: warning[gradual_untyped]: method call resolves to RBS `untyped` (gradual escape)
#13 0.173 /src/app/app/controllers/users_controller.rb:7:5: warning[gradual_untyped]: expression resolves to RBS `untyped` (gradual escape)
#13 0.173 /src/app/app/controllers/users_controller.rb:8:7: warning[gradual_untyped]: method call resolves to RBS `untyped` (gradual escape)
#13 0.173 /src/app/app/controllers/users_controller.rb:10:7: warning[gradual_untyped]: method call resolves to RBS `untyped` (gradual escape)
#13 0.173 /src/app/app/controllers/users_controller.rb:23:5: warning[gradual_untyped]: expression resolves to RBS `untyped` (gradual escape)
#13 0.173 /src/app/app/controllers/users_controller.rb:24:7: warning[gradual_untyped]: method call resolves to RBS `untyped` (gradual escape)
#13 0.173 /src/app/app/controllers/users_controller.rb:26:34: warning[gradual_untyped]: method call resolves to RBS `untyped` (gradual escape)
#13 0.173 /src/app/app/controllers/users_controller.rb:33:5: warning[gradual_untyped]: method call resolves to RBS `untyped` (gradual escape)
#13 0.173 /src/app/app/controllers/users_controller.rb:39:5: warning[gradual_untyped]: method call resolves to RBS `untyped` (gradual escape)
#13 0.173 /src/app/app/controllers/users_controller.rb:45:52: warning[gradual_untyped]: method call resolves to RBS `untyped` (gradual escape)
#13 0.173 /src/app/app/controllers/users_controller.rb:45:77: warning[gradual_untyped]: method call resolves to RBS `untyped` (gradual escape)
#13 0.173 /src/app/app/models/article.rb:10:80: warning[unresolved_type]: local read `user` has unresolved type
#13 0.173 /src/app/app/models/user.rb:19:72: warning[unresolved_type]: method call `password` has unresolved type
#13 0.173 /src/app/app/models/user.rb:19:93: warning[unresolved_type]: method call `password` has unresolved type
#13 0.173 /src/app/app/models/user.rb:23:70: warning[unresolved_type]: method call `password` has unresolved type
#13 0.173 /src/app/app/models/user.rb:28:5: warning[gradual_untyped]: expression resolves to RBS `untyped` (gradual escape)
#13 0.173 /src/app/app/services/login_throttle.rb:3:38: warning[unresolved_type]: local read `hash` has unresolved type
#13 0.173 /src/app/app/services/login_throttle.rb:3:43: warning[unresolved_type]: local read `key` has unresolved type
#13 0.173 
#13 0.173 roundhouse-check: 10 gems: 1 framework, 1 modeled, 5 infrastructure, 3 unknown (faye-websocket, good_job, jwt)
#13 0.173 roundhouse-check: /src/app — 0 parse error(s), 1 error(s), 95 warning(s), 0 gap-attributed note(s), 0 survey gap(s)
#13 0.175 Command exited with non-zero status 1
#13 0.175 analysis peak_rss_kib=37864 exit=1
#13 ERROR: process "/bin/sh -c ulimit -v 12582912; /usr/bin/time -f \"analysis peak_rss_kib=%M exit=%x\" roundhouse check /src/app && /usr/bin/time -f \"emission peak_rss_kib=%M exit=%x\" roundhouse --target spinel -o /build /src/app" did not complete successfully: exit code: 1
------
 > [build 3/5] RUN ulimit -v 12582912; /usr/bin/time -f "analysis peak_rss_kib=%M exit=%x" roundhouse check /src/app && /usr/bin/time -f "emission peak_rss_kib=%M exit=%x" roundhouse --target spinel -o /build /src/app:
0.173 /src/app/app/models/user.rb:19:93: warning[unresolved_type]: method call `password` has unresolved type
0.173 /src/app/app/models/user.rb:23:70: warning[unresolved_type]: method call `password` has unresolved type
0.173 /src/app/app/models/user.rb:28:5: warning[gradual_untyped]: expression resolves to RBS `untyped` (gradual escape)
0.173 /src/app/app/services/login_throttle.rb:3:38: warning[unresolved_type]: local read `hash` has unresolved type
0.173 /src/app/app/services/login_throttle.rb:3:43: warning[unresolved_type]: local read `key` has unresolved type
0.173 
0.173 roundhouse-check: 10 gems: 1 framework, 1 modeled, 5 infrastructure, 3 unknown (faye-websocket, good_job, jwt)
0.173 roundhouse-check: /src/app — 0 parse error(s), 1 error(s), 95 warning(s), 0 gap-attributed note(s), 0 survey gap(s)
0.175 Command exited with non-zero status 1
0.175 analysis peak_rss_kib=37864 exit=1
------
Dockerfile:12
--------------------
  10 |     WORKDIR /src/app
  11 |     COPY . .
  12 | >>> RUN ulimit -v 12582912; /usr/bin/time -f "analysis peak_rss_kib=%M exit=%x" roundhouse check /src/app && /usr/bin/time -f "emission peak_rss_kib=%M exit=%x" roundhouse --target spinel -o /build /src/app
  13 |     WORKDIR /build
  14 |     RUN spin build -- --cc=clang --jobs=8 \
--------------------
ERROR: failed to build: failed to solve: process "/bin/sh -c ulimit -v 12582912; /usr/bin/time -f \"analysis peak_rss_kib=%M exit=%x\" roundhouse check /src/app && /usr/bin/time -f \"emission peak_rss_kib=%M exit=%x\" roundhouse --target spinel -o /build /src/app" did not complete successfully: exit code: 1
/work/app/package/results/ruby-compile/roundhouse-spinel-conduit-pg-20261009/reproduce/run-gate.sh: line 96: 31582 Terminated: 15          ( while sleep 2; do
    for c in $(docker ps -q --filter "name=agentmvc-one-shot-$(basename "$ws")-");
    do
        docker inspect -f '{{range .Mounts}}{{if eq .Type "volume"}}{{println .Name}}{{end}}{{end}}' "$c" 2> /dev/null;
    done >> "$volumes";
done )
check-production.sh exit 1
