Picked up JAVA_TOOL_OPTIONS: -XX:ActiveProcessorCount=2 -XX:MaxRAMPercentage=70
Downloading: org/clojure/tools.cli/1.0.206/tools.cli-1.0.206.pom from central
Downloading: org/clojure/pom.contrib/1.0.0/pom.contrib-1.0.0.pom from central
Picked up JAVA_TOOL_OPTIONS: -XX:ActiveProcessorCount=2 -XX:MaxRAMPercentage=70
Picked up JAVA_TOOL_OPTIONS: -XX:ActiveProcessorCount=2 -XX:MaxRAMPercentage=70
Downloading: org/clojure/tools.namespace/1.3.0/tools.namespace-1.3.0.pom from central
Downloading: org/clojure/java.classpath/1.0.0/java.classpath-1.0.0.pom from central
Downloading: org/clojure/tools.reader/1.3.6/tools.reader-1.3.6.pom from central
Downloading: org/clojure/java.classpath/1.0.0/java.classpath-1.0.0.jar from central
Downloading: org/clojure/tools.namespace/1.3.0/tools.namespace-1.3.0.jar from central
Picked up JAVA_TOOL_OPTIONS: -XX:ActiveProcessorCount=2 -XX:MaxRAMPercentage=70

Running tests in #{"test"}

Testing conduit.http-test

Ran 1 tests containing 2 assertions.
0 failures, 0 errors.
Picked up JAVA_TOOL_OPTIONS: -XX:ActiveProcessorCount=2 -XX:MaxRAMPercentage=70
Picked up JAVA_TOOL_OPTIONS: -XX:ActiveProcessorCount=2 -XX:MaxRAMPercentage=70
linting took 125ms, errors: 0, warnings: 0
Picked up JAVA_TOOL_OPTIONS: -XX:ActiveProcessorCount=2 -XX:MaxRAMPercentage=70
Picked up JAVA_TOOL_OPTIONS: -XX:ActiveProcessorCount=2 -XX:MaxRAMPercentage=70
All source files formatted correctly
