== patches: assemble the flat set and verify SHA256SUMS
00-interval.patch: OK
10-api-mode-json.patch: OK
20-raw-websocket.patch: OK
30-jobs-boot.patch: OK
50-postgresql-lane.patch: OK
60-rails-surface.patch: OK
61-secure-password-super-and-nil.patch: OK
70-linear-pg-placeholder-rewrite.patch: OK
71-record-lock-and-error-predicate.patch: OK
72-pg-async-cache.patch: OK
74-integer-query-range.patch: OK
75-stdlib-constant-resolution.patch: OK
series: OK
manifest sha256 2b395944ea25f8989ba9bea324514968caacedd86bf51f82e3a0b3c54556ea4f OK
== roundhouse ac1fa43e3d7fce8cae4dd31a4694ea6b10093ceb + series
applying 00-interval.patch
applying 10-api-mode-json.patch
applying 20-raw-websocket.patch
applying 30-jobs-boot.patch
applying 50-postgresql-lane.patch
applying 60-rails-surface.patch
applying 61-secure-password-super-and-nil.patch
applying 70-linear-pg-placeholder-rewrite.patch
applying 71-record-lock-and-error-predicate.patch
applying 72-pg-async-cache.patch
applying 74-integer-query-range.patch
applying 75-stdlib-constant-resolution.patch
 83 files changed, 3243 insertions(+), 224 deletions(-)
== spinel b7d04a903c909ee6681c6b203ded8830841d114e (no local patches)
== export vendor trees (without .git)
vendor/roundhouse tree sha256 16ce7d31f32fcaea4c2f43ccd4ada25cdefbfe0b82caf31406a169e8cce87457 OK
vendor/spinel tree sha256 d5a0ecbf6fd2bceed3074c71fb197de6fdca952fa390c0ae2be6b64ce42172b3 OK
context: /work/app/package/results/ruby-compile/roundhouse-spinel-conduit-pg-20261004/reproduce/build/toolchain-context
