[main] INFO migratus.core - Starting migrations
[main] INFO com.zaxxer.hikari.HikariDataSource - conduit - Starting...
[main] INFO com.zaxxer.hikari.pool.HikariPool - conduit - Added connection org.postgresql.jdbc.PgConnection@2d2f09a4
[main] INFO com.zaxxer.hikari.HikariDataSource - conduit - Start completed.
[main] INFO migratus.database - creating migration table 'schema_migrations'
[main] INFO migratus.core - Running up for [1 2]
[main] INFO migratus.core - Up 1-proletarian
[main] INFO migratus.database - Connection is  {:connection #object[com.zaxxer.hikari.pool.HikariProxyConnection 0x4e79c25 HikariProxyConnection@82287653 wrapping org.postgresql.jdbc.PgConnection@2d2f09a4]} Config is {:store :database, :migration-dir migrations, :db {:datasource #object[com.zaxxer.hikari.HikariDataSource 0x3a7d914c HikariDataSource (conduit)]}}
[main] INFO migratus.core - Up 2-preflight
[main] INFO migratus.database - Connection is  {:connection #object[com.zaxxer.hikari.pool.HikariProxyConnection 0x4e79c25 HikariProxyConnection@82287653 wrapping org.postgresql.jdbc.PgConnection@2d2f09a4]} Config is {:store :database, :migration-dir migrations, :db {:datasource #object[com.zaxxer.hikari.HikariDataSource 0x3a7d914c HikariDataSource (conduit)]}}
[main] INFO migratus.core - Ending migrations
:proletarian.worker/handling-job
:proletarian.worker/job-finished
[main] INFO org.eclipse.jetty.server.Server - jetty-12.1.13; built: 2026-09-04T06:53:08.311Z; git: e99386749a0a4888cd9b555ffc96a476fd48d94e; jvm 25.0.4.1+1-LTS
[main] INFO org.eclipse.jetty.server.handler.ContextHandler - Started oeje9n.ContextHandler$CoreContextHandler@37a1beb3{ROOT,/,b=null,a=AVAILABLE,h=oeje9n.ContextHandler$CoreContextHandler$CoreToNestedHandler@11ca8f71{STARTED}}
[main] INFO org.eclipse.jetty.server.AbstractConnector - Started oejs.ServerConnector@20f6b6e0{HTTP/1.1, (http/1.1)}{0.0.0.0:4112}
[main] INFO org.eclipse.jetty.server.Server - Started oejs.Server@52b891de{STARTING}[12.1.13,sto=5000] @24ms
[Thread-8] INFO org.eclipse.jetty.server.Server - Stopped oejs.Server@52b891de{STOPPING}[12.1.13,sto=5000]
[Thread-8] INFO org.eclipse.jetty.server.Server - Shutdown oejs.Server@52b891de{STOPPING}[12.1.13,sto=5000]
[Thread-8] INFO org.eclipse.jetty.server.AbstractConnector - Stopped oejs.ServerConnector@20f6b6e0{HTTP/1.1, (http/1.1)}{0.0.0.0:4112}
:proletarian.executor/shutting-down
:proletarian.executor/completed-shutdown
[Thread-8] INFO com.zaxxer.hikari.HikariDataSource - conduit - Shutdown initiated...
[Thread-8] INFO com.zaxxer.hikari.HikariDataSource - conduit - Shutdown completed.
