Traceback (most recent call last):
  File "/work/app/tools/clojure_artifacts.py", line 385, in <module>
    main()
  File "/work/app/tools/clojure_artifacts.py", line 379, in main
    result = collect() if args.action == "inspect" else package(args.version) if args.action == "package" else artifacts.verify(args.version)
                                                        ^^^^^^^^^^^^^^^^^^^^^
  File "/work/app/tools/clojure_artifacts.py", line 350, in package
    data = collect()
           ^^^^^^^^^
  File "/work/app/tools/clojure_artifacts.py", line 310, in collect
    data = _collect()
           ^^^^^^^^^^
  File "/work/app/tools/lane_artifacts.py", line 355, in collect
    validation = validate_file(path, cleaner, allow_empty=path.is_relative_to(OUT / "runtime/feedback"))
                 ^^^^^^^^^^^^^^^^^^^^^^^^^^^^^^^^^^^^^^^^^^^^^^^^^^^^^^^^^^^^^^^^^^^^^^^^^^^^^^^^^^^^^^^
  File "/work/app/tools/lane_artifacts.py", line 106, in validate_file
    validate_value(json.loads(text), cleaner)
  File "/work/app/tools/lane_artifacts.py", line 62, in validate_value
    raise RuntimeError(f"Sensitive decoded JSON string/key: {sorted(hits)}")
RuntimeError: Sensitive decoded JSON string/key: ['sensitive assignment']
