#0 building with "orbstack" instance using docker driver

#1 [internal] load build definition from Dockerfile
#1 transferring dockerfile: 1.65kB done
#1 DONE 0.0s

#2 resolve image config for docker-image://docker.io/docker/dockerfile:1
#2 DONE 1.5s

#3 docker-image://docker.io/docker/dockerfile:1@sha256:ecfaec9ed6d810b56388c508f4121597bfbba70d41a6dfeee4d8cad5f295fc32
#3 CACHED

#4 [internal] load metadata for docker.io/library/eclipse-temurin:25-jdk-noble@sha256:f6366ccac38ceae180280ad7012d18a15e8031548a430dc2bae06631d9e88ed0
#4 DONE 0.0s

#5 [internal] load metadata for docker.io/library/eclipse-temurin:25-jre-noble@sha256:693fdaf83831eeeefd9709eae44c8b8706622652f972cf5903bd0e481bbf6ad3
#5 DONE 0.0s

#6 [internal] load .dockerignore
#6 transferring context: 217B done
#6 DONE 0.0s

#7 [build 1/8] FROM docker.io/library/eclipse-temurin:25-jdk-noble@sha256:f6366ccac38ceae180280ad7012d18a15e8031548a430dc2bae06631d9e88ed0
#7 DONE 0.0s

#8 [stage-1 1/3] FROM docker.io/library/eclipse-temurin:25-jre-noble@sha256:693fdaf83831eeeefd9709eae44c8b8706622652f972cf5903bd0e481bbf6ad3
#8 DONE 0.0s

#9 [internal] load build context
#9 transferring context: 6.96kB done
#9 DONE 0.0s

#10 [build 4/8] WORKDIR /src
#10 CACHED

#11 [build 2/8] RUN apt-get update -qq && apt-get install --no-install-recommends -y curl ca-certificates &&     rm -rf /var/lib/apt/lists/*
#11 CACHED

#12 [build 3/8] RUN curl -fsSL --retry 5 https://github.com/clojure/brew-install/releases/download/1.12.5.1664/clojure-tools-1.12.5.1664.tar.gz -o /tmp/clojure.tar.gz &&     echo '77dd6868948074adcc93e83a796f8e8f15a1a92bcb1b9002d715fd2210e476f3  /tmp/clojure.tar.gz' | sha256sum -c - &&     tar xzf /tmp/clojure.tar.gz -C /tmp &&     mkdir -p /usr/local/lib/clojure/libexec &&     cp /tmp/clojure-tools/deps.edn /tmp/clojure-tools/example-deps.edn /tmp/clojure-tools/tools.edn /usr/local/lib/clojure/ &&     cp /tmp/clojure-tools/*.jar /usr/local/lib/clojure/libexec/ &&     sed 's@PREFIX@/usr/local/lib/clojure@g' /tmp/clojure-tools/clojure > /usr/local/bin/clojure &&     chmod +x /usr/local/bin/clojure && rm -rf /tmp/clojure-tools /tmp/clojure.tar.gz
#12 CACHED

#13 [build 5/8] COPY deps.edn ./
#13 CACHED

#14 [build 6/8] RUN --mount=type=cache,target=/root/.m2 clojure -P -T:build && clojure -P
#14 CACHED

#15 [build 7/8] COPY . .
#15 DONE 0.1s

#16 [build 8/8] RUN --mount=type=cache,target=/root/.m2 clojure -T:build uber
#16 0.122 Picked up JAVA_TOOL_OPTIONS: -XX:ActiveProcessorCount=2 -XX:MaxRAMPercentage=70
#16 1.302 Picked up JAVA_TOOL_OPTIONS: -XX:ActiveProcessorCount=2 -XX:MaxRAMPercentage=70
#16 DONE 6.5s

#17 [stage-1 2/3] WORKDIR /app
#17 CACHED

#18 [stage-1 3/3] COPY --from=build --chown=10001:10001 /src/target/conduit.jar /app/conduit.jar
#18 DONE 0.0s

#19 exporting to image
#19 exporting layers 0.1s done
#19 writing image sha256:184c3fea580256adf31bce36720a73c8d97e9df2c6a4c929b12a405372ce8c27 done
#19 naming to docker.io/library/agentmvc-clojure-preflight:production done
#19 DONE 0.1s
