Picked up JAVA_TOOL_OPTIONS: -XX:ActiveProcessorCount=2 -XX:MaxRAMPercentage=70
openjdk version "25.0.4.1" 2026-08-18 LTS
OpenJDK Runtime Environment Temurin-25.0.4.1+1 (build 25.0.4.1+1-LTS)
OpenJDK 64-Bit Server VM Temurin-25.0.4.1+1 (build 25.0.4.1+1-LTS, mixed mode, sharing)
{:version "1.12.5.1664"
 :config-files ["/usr/local/lib/clojure/deps.edn" "/root/.clojure/deps.edn" "deps.edn" ]
 :config-user "/root/.clojure/deps.edn"
 :config-project "deps.edn"
 :install-dir "/usr/local/lib/clojure"
 :config-dir "/root/.clojure"
 :cache-dir ".cpcache"
 :force false
 :repro false
 :main-aliases ""
 :repl-aliases ""}
Picked up JAVA_TOOL_OPTIONS: -XX:ActiveProcessorCount=2 -XX:MaxRAMPercentage=70
metosin/reitit-middleware 0.11.0
  X metosin/reitit-ring 0.11.0 :use-top
  . lambdaisland/deep-diff 0.0-47
    . mvxcvi/puget 1.1.2
      X mvxcvi/arrangement 1.2.0 :older-version
      X fipp/fipp 0.6.17 :older-version
    X fipp/fipp 0.6.17 :older-version
    X org.clojure/core.rrb-vector 0.0.14 :superseded
    . tech.droit/clj-diff 1.0.1
    X mvxcvi/arrangement 1.2.0 :older-version
  X metosin/muuntaja 0.6.12 :use-top
  . metosin/spec-tools 0.10.8
    . org.clojure/spec.alpha 0.5.238
org.clojure/clojure 1.12.6
  . org.clojure/spec.alpha 0.5.238
  . org.clojure/core.specs.alpha 0.4.74
com.zaxxer/HikariCP 7.1.0
  X org.slf4j/slf4j-api 2.0.17 :superseded
metosin/muuntaja 0.6.12
  . metosin/jsonista 1.0.1
    . com.fasterxml.jackson.core/jackson-core 2.22.2
    . com.fasterxml.jackson.core/jackson-databind 2.22.2
      . com.fasterxml.jackson.core/jackson-annotations 2.22
      . com.fasterxml.jackson.core/jackson-core 2.22.2
    . com.fasterxml.jackson.datatype/jackson-datatype-jsr310 2.22.2
      . com.fasterxml.jackson.core/jackson-annotations 2.22
      . com.fasterxml.jackson.core/jackson-core 2.22.2
      . com.fasterxml.jackson.core/jackson-databind 2.22.2
  . com.cognitect/transit-clj 1.1.363
    . com.cognitect/transit-java 1.1.406
      X com.fasterxml.jackson.core/jackson-core 2.22.1 :older-version
      . org.msgpack/msgpack-core 0.9.12
      . javax.xml.bind/jaxb-api 2.4.0-b180830.0359
        . javax.activation/javax.activation-api 1.2.0
org.bouncycastle/bcutil-jdk18on 1.86
  X org.bouncycastle/bcprov-jdk18on 1.86 :use-top
org.bouncycastle/bcpkix-jdk18on 1.86
  X org.bouncycastle/bcutil-jdk18on 1.86 :use-top
ring/ring-jetty-adapter 1.15.5
  X ring/ring-core 1.15.5 :use-top
  . org.ring-clojure/ring-jakarta-servlet 1.15.5
    X ring/ring-core 1.15.5 :use-top
  X org.eclipse.jetty/jetty-server 12.1.8 :use-top
  X org.eclipse.jetty/jetty-unixdomain-server 12.1.8 :use-top
  X org.eclipse.jetty.ee9/jetty-ee9-servlet 12.1.8 :use-top
  X org.eclipse.jetty.ee9.websocket/jetty-ee9-websocket-jetty-server 12.1.8 :use-top
org.postgresql/postgresql 42.7.13
  . org.checkerframework/checker-qual 3.55.1
com.github.seancorfield/honeysql 2.7.1479
metosin/reitit-ring 0.11.0
  . metosin/reitit-core 0.11.0
    . meta-merge/meta-merge 1.0.0
  X ring/ring-core 1.15.5 :use-top
org.eclipse.jetty.ee9/jetty-ee9-servlet 12.1.13
  . org.eclipse.jetty.ee9/jetty-ee9-nested 12.1.13
    . org.eclipse.jetty/jetty-http 12.1.13
    . org.eclipse.jetty/jetty-security 12.1.13
      X org.eclipse.jetty/jetty-server 12.1.13 :use-top
      X org.slf4j/slf4j-api 2.0.17 :older-version
    X org.eclipse.jetty/jetty-server 12.1.13 :use-top
    . org.eclipse.jetty/jetty-session 12.1.13
      X org.eclipse.jetty/jetty-server 12.1.13 :use-top
      X org.slf4j/slf4j-api 2.0.17 :older-version
    . org.eclipse.jetty.toolchain/jetty-jakarta-servlet-api 5.0.2
    X org.slf4j/slf4j-api 2.0.17 :older-version
  . org.eclipse.jetty.ee9/jetty-ee9-security 12.1.13
    . org.eclipse.jetty/jetty-security 12.1.13
    . org.eclipse.jetty.ee9/jetty-ee9-nested 12.1.13
    X org.slf4j/slf4j-api 2.0.17 :older-version
  . org.slf4j/slf4j-api 2.0.17
org.eclipse.jetty/jetty-unixdomain-server 12.1.13
  X org.eclipse.jetty/jetty-server 12.1.13 :use-top
  . org.slf4j/slf4j-api 2.0.17
migratus/migratus 1.6.8
  X com.github.seancorfield/next.jdbc 1.3.955 :use-top
  . org.clojure/tools.logging 1.1.0
  . org.clojure/tools.cli 1.0.219
  . org.clojure/data.json 2.5.0
org.eclipse.jetty.ee9.websocket/jetty-ee9-websocket-jetty-server 12.1.13
  X org.eclipse.jetty.ee9/jetty-ee9-servlet 12.1.13 :use-top
  . org.eclipse.jetty.ee9/jetty-ee9-webapp 12.1.13
    . org.eclipse.jetty/jetty-xml 12.1.13
      . org.eclipse.jetty/jetty-util 12.1.13
      X org.slf4j/slf4j-api 2.0.17 :older-version
    . org.eclipse.jetty.ee/jetty-ee-webapp 12.1.13
      X org.eclipse.jetty/jetty-server 12.1.13 :use-top
      X org.slf4j/slf4j-api 2.0.17 :older-version
    X org.eclipse.jetty.ee9/jetty-ee9-servlet 12.1.13 :use-top
    X org.slf4j/slf4j-api 2.0.17 :older-version
  . org.eclipse.jetty.ee9.websocket/jetty-ee9-websocket-jetty-api 12.1.13
  . org.eclipse.jetty.ee9.websocket/jetty-ee9-websocket-jetty-common 12.1.13
    . org.eclipse.jetty.ee9.websocket/jetty-ee9-websocket-jetty-api 12.1.13
    . org.eclipse.jetty.websocket/jetty-websocket-core-common 12.1.13
      . org.eclipse.jetty/jetty-http 12.1.13
      . org.eclipse.jetty/jetty-io 12.1.13
      X org.slf4j/slf4j-api 2.0.17 :older-version
  . org.eclipse.jetty.ee9.websocket/jetty-ee9-websocket-servlet 12.1.13
    X org.eclipse.jetty.ee9/jetty-ee9-servlet 12.1.13 :use-top
    . org.eclipse.jetty.websocket/jetty-websocket-core-server 12.1.13
      X org.eclipse.jetty/jetty-server 12.1.13 :use-top
      . org.eclipse.jetty.websocket/jetty-websocket-core-common 12.1.13
    X org.slf4j/slf4j-api 2.0.17 :older-version
  . org.eclipse.jetty.toolchain/jetty-jakarta-servlet-api 5.0.2
  . org.slf4j/slf4j-api 2.0.17
org.slf4j/slf4j-simple 2.0.20
  . org.slf4j/slf4j-api 2.0.20 :newer-version
integrant/integrant 1.0.1
  . weavejester/dependency 1.0.0
buddy/buddy-hashers 2.0.167
  X buddy/buddy-core 1.11.423 :superseded
    X commons-codec/commons-codec 1.16.0 :parent-omitted
    X org.bouncycastle/bcpkix-jdk18on 1.75 :use-top
    X org.bouncycastle/bcprov-jdk18on 1.75 :use-top
    X cheshire/cheshire 5.11.0 :parent-omitted
  . clojurewerkz/scrypt 1.2.0
    . com.lambdaworks/scrypt 1.4.0
org.bouncycastle/bcprov-jdk18on 1.86
metosin/malli 0.20.2
  . fipp/fipp 0.6.29
    . org.clojure/core.rrb-vector 0.1.2 :newer-version
  . mvxcvi/arrangement 2.1.0
  . borkdude/dynaload 0.3.5
  . borkdude/edamame 1.6.44
    . org.clojure/tools.reader 1.5.2
  . org.clojure/test.check 1.1.3
com.github.seancorfield/next.jdbc 1.3.1118
  . org.clojure/java.data 1.4.120
  . camel-snake-kebab/camel-snake-kebab 0.4.3
metosin/reitit-malli 0.11.0
  . metosin/reitit-core 0.11.0
  X metosin/malli 0.20.1 :use-top
msolli/proletarian 1.0.115
  X org.postgresql/postgresql 42.7.10 :use-top
  X com.cognitect/transit-clj 1.1.347 :older-version
buddy/buddy-sign 3.6.1-359
  . buddy/buddy-core 1.12.0-430 :newer-version
    . commons-codec/commons-codec 1.17.1
    X org.bouncycastle/bcpkix-jdk18on 1.78.1 :use-top
    X org.bouncycastle/bcprov-jdk18on 1.78.1 :use-top
    . cheshire/cheshire 5.13.0
      X com.fasterxml.jackson.core/jackson-core 2.17.0 :older-version
      . com.fasterxml.jackson.dataformat/jackson-dataformat-smile 2.17.0
        X com.fasterxml.jackson.core/jackson-core 2.17.0 :older-version
      . com.fasterxml.jackson.dataformat/jackson-dataformat-cbor 2.17.0
        X com.fasterxml.jackson.core/jackson-core 2.17.0 :older-version
      . tigris/tigris 0.1.2
org.eclipse.jetty/jetty-server 12.1.13
  . org.eclipse.jetty/jetty-http 12.1.13
    . org.eclipse.jetty/jetty-io 12.1.13
    . org.eclipse.jetty/jetty-util 12.1.13
      X org.slf4j/slf4j-api 2.0.17 :older-version
    X org.slf4j/slf4j-api 2.0.17 :older-version
  . org.eclipse.jetty/jetty-io 12.1.13
    . org.eclipse.jetty/jetty-util 12.1.13
    X org.slf4j/slf4j-api 2.0.17 :older-version
  X org.slf4j/slf4j-api 2.0.17 :older-version
ring/ring-core 1.15.5
  . org.ring-clojure/ring-core-protocols 1.15.5
  . org.ring-clojure/ring-websocket-protocols 1.15.5
  . ring/ring-codec 1.3.0
  . commons-io/commons-io 2.21.0
  . org.apache.commons/commons-fileupload2-core 2.0.0-M5
    . commons-io/commons-io 2.21.0
  . crypto-random/crypto-random 1.2.1
    X commons-codec/commons-codec 1.15 :older-version
  . crypto-equality/crypto-equality 1.0.1
