#0 building with "orbstack" instance using docker driver

#1 [internal] load build definition from Dockerfile.toolchain
#1 transferring dockerfile: 2.02kB done
#1 DONE 0.0s

#2 [internal] load metadata for docker.io/library/eclipse-temurin:25-jdk-noble@sha256:f6366ccac38ceae180280ad7012d18a15e8031548a430dc2bae06631d9e88ed0
#2 DONE 0.0s

#3 [internal] load .dockerignore
#3 transferring context: 2B done
#3 DONE 0.0s

#4 [1/9] FROM docker.io/library/eclipse-temurin:25-jdk-noble@sha256:f6366ccac38ceae180280ad7012d18a15e8031548a430dc2bae06631d9e88ed0
#4 DONE 0.0s

#5 [internal] load build context
#5 transferring context: 3.78kB done
#5 DONE 0.0s

#6 [3/9] RUN curl -fsSL --retry 5 https://github.com/clojure/brew-install/releases/download/1.12.5.1664/clojure-tools-1.12.5.1664.tar.gz -o /tmp/clojure.tar.gz &&     echo '77dd6868948074adcc93e83a796f8e8f15a1a92bcb1b9002d715fd2210e476f3  /tmp/clojure.tar.gz' | sha256sum -c - &&     tar xzf /tmp/clojure.tar.gz -C /tmp &&     mkdir -p /usr/local/lib/clojure/libexec &&     cp /tmp/clojure-tools/deps.edn /tmp/clojure-tools/example-deps.edn /tmp/clojure-tools/tools.edn /usr/local/lib/clojure/ &&     cp /tmp/clojure-tools/*.jar /usr/local/lib/clojure/libexec/ &&     sed 's@PREFIX@/usr/local/lib/clojure@g' /tmp/clojure-tools/clojure > /usr/local/bin/clojure &&     sed 's@BINDIR@/usr/local/bin@g' /tmp/clojure-tools/clj > /usr/local/bin/clj &&     chmod +x /usr/local/bin/clojure /usr/local/bin/clj &&     rm -rf /tmp/clojure-tools /tmp/clojure.tar.gz
#6 CACHED

#7 [5/9] WORKDIR /work/app
#7 CACHED

#8 [6/9] COPY scaffold/deps.edn ./
#8 CACHED

#9 [4/9] RUN arch="$(dpkg --print-architecture)" &&     case "$arch" in       arm64) checksum=2c71403eb443d05891c4f268c3ad771cf4f16e5443463fd7851ef8f454d3c7e4 ;;       amd64) checksum=ca69b3d3cd08f889a49dc0a383122f71cc528b83803671df5fd874d97485b108 ;;       *) exit 1 ;;     esac &&     curl -fsSL --retry 5 "https://github.com/google/osv-scanner/releases/download/v2.6.0/osv-scanner_linux_$arch" -o /usr/local/bin/osv-scanner &&     echo "$checksum  /usr/local/bin/osv-scanner" | sha256sum -c - &&     chmod +x /usr/local/bin/osv-scanner
#9 CACHED

#10 [2/9] RUN apt-get update -qq && apt-get install --no-install-recommends -y     ca-certificates curl git postgresql-client python3 ripgrep rlwrap unzip &&     rm -rf /var/lib/apt/lists/*
#10 CACHED

#11 [7/9] RUN clojure -P -M:dev:test:lint:format && clojure -P -T:build
#11 CACHED

#12 [8/9] COPY scaffold/ ./
#12 DONE 0.1s

#13 [9/9] RUN clojure -M:test && clojure -M:lint && clojure -T:build uber
#13 0.113 Picked up JAVA_TOOL_OPTIONS: -XX:ActiveProcessorCount=2 -XX:MaxRAMPercentage=70
#13 3.153 Downloading: org/clojure/tools.namespace/1.3.0/tools.namespace-1.3.0.pom from central
#13 3.527 Downloading: org/clojure/tools.reader/1.3.6/tools.reader-1.3.6.pom from central
#13 3.887 Downloading: org/clojure/tools.reader/1.5.2/tools.reader-1.5.2.pom from central
#13 4.080 Downloading: org/clojure/java.classpath/1.0.0/java.classpath-1.0.0.pom from central
#13 4.442 Downloading: org/clojure/tools.namespace/1.3.0/tools.namespace-1.3.0.jar from central
#13 4.450 Downloading: org/clojure/tools.cli/1.0.219/tools.cli-1.0.219.jar from central
#13 4.791 Downloading: org/clojure/java.classpath/1.0.0/java.classpath-1.0.0.jar from central
#13 4.815 Downloading: org/clojure/tools.reader/1.5.2/tools.reader-1.5.2.jar from central
#13 5.102 Picked up JAVA_TOOL_OPTIONS: -XX:ActiveProcessorCount=2 -XX:MaxRAMPercentage=70
#13 5.784 
#13 5.784 Running tests in #{"test"}
#13 6.778 
#13 6.778 Testing conduit.http-test
#13 6.798 
#13 6.798 Ran 1 tests containing 2 assertions.
#13 6.798 0 failures, 0 errors.
#13 6.817 Picked up JAVA_TOOL_OPTIONS: -XX:ActiveProcessorCount=2 -XX:MaxRAMPercentage=70
#13 7.316 Picked up JAVA_TOOL_OPTIONS: -XX:ActiveProcessorCount=2 -XX:MaxRAMPercentage=70
#13 10.02 linting took 91ms, errors: 0, warnings: 0
#13 10.04 Picked up JAVA_TOOL_OPTIONS: -XX:ActiveProcessorCount=2 -XX:MaxRAMPercentage=70
#13 11.22 Picked up JAVA_TOOL_OPTIONS: -XX:ActiveProcessorCount=2 -XX:MaxRAMPercentage=70
#13 DONE 16.2s

#14 exporting to image
#14 exporting layers
#14 exporting layers 0.2s done
#14 writing image sha256:e4bd67176ea6f4e0faab3b4add12dada34051212d4bb19d3f409dda22949b98e
#14 writing image sha256:e4bd67176ea6f4e0faab3b4add12dada34051212d4bb19d3f409dda22949b98e done
#14 naming to docker.io/library/agentmvc-clojure-toolchain:preflight done
#14 DONE 0.2s
