#0 building with "orbstack" instance using docker driver

#1 [internal] load build definition from Dockerfile
#1 transferring dockerfile: 1.98kB done
#1 DONE 0.1s

#2 resolve image config for docker-image://docker.io/docker/dockerfile:1
#2 DONE 1.4s

#3 docker-image://docker.io/docker/dockerfile:1@sha256:4edf897a3ffa55b89f906fc8cc78afdb3f1834cc9c7083565e611a8a7d5fe99e
#3 CACHED

#4 [internal] load metadata for docker.io/library/v5-toolchain:5ae600946b7e
#4 DONE 0.0s

#5 [internal] load metadata for docker.io/library/debian:trixie-slim@sha256:020c0d20b9880058cbe785a9db107156c3c75c2ac944a6aa7ab59f2add76a7bd
#5 DONE 0.0s

#6 [internal] load .dockerignore
#6 transferring context: 210B done
#6 DONE 0.0s

#7 [toolchain 1/2] FROM docker.io/library/v5-toolchain:5ae600946b7e
#7 DONE 0.0s

#8 [runtime 1/4] FROM docker.io/library/debian:trixie-slim@sha256:020c0d20b9880058cbe785a9db107156c3c75c2ac944a6aa7ab59f2add76a7bd
#8 DONE 0.0s

#9 [internal] load build context
#9 transferring context: 133.45kB done
#9 DONE 0.0s

#10 [toolchain 2/2] RUN echo '5ae600946b7e0149ac2c8c8c38ab123a1b9112e8c78aea8fdb688220e1e438a5  /usr/local/share/roundhouse-patches/SHA256SUMS' | sha256sum -c -
#10 CACHED

#11 [build 1/5] WORKDIR /src/app
#11 CACHED

#12 [build 2/5] COPY . .
#12 DONE 0.1s

#13 [build 3/5] RUN roundhouse check /src/app && roundhouse --target spinel -o /build /src/app
#13 0.220 /src/app/app/controllers/application_controller.rb:23:5: warning[gradual_untyped]: method call resolves to RBS `untyped` (gradual escape)
#13 0.220 /src/app/app/controllers/application_controller.rb:30:14: warning[gradual_untyped]: method call resolves to RBS `untyped` (gradual escape)
#13 0.220 /src/app/app/controllers/application_controller.rb:33:15: warning[gradual_untyped]: method call resolves to RBS `untyped` (gradual escape)
#13 0.220 /src/app/app/controllers/application_controller.rb:33:65: warning[gradual_untyped]: method call resolves to RBS `untyped` (gradual escape)
#13 0.220 /src/app/app/controllers/application_controller.rb:34:38: warning[gradual_untyped]: method call resolves to RBS `untyped` (gradual escape)
#13 0.220 /src/app/app/controllers/application_controller.rb:34:38: warning[gradual_untyped]: local read resolves to RBS `untyped` (gradual escape)
#13 0.220 /src/app/app/controllers/application_controller.rb:58:15: warning[gradual_untyped]: method call resolves to RBS `untyped` (gradual escape)
#13 0.220 /src/app/app/controllers/application_controller.rb:59:13: warning[gradual_untyped]: method call resolves to RBS `untyped` (gradual escape)
#13 0.220 /src/app/app/controllers/application_controller.rb:60:65: warning[gradual_untyped]: method call resolves to RBS `untyped` (gradual escape)
#13 0.220 /src/app/app/controllers/application_controller.rb:70:5: warning[gradual_untyped]: method call resolves to RBS `untyped` (gradual escape)
#13 0.220 /src/app/app/controllers/application_controller.rb:76:11: warning[unresolved_type]: local read `name` has unresolved type
#13 0.220 /src/app/app/controllers/application_controller.rb:79:8: warning[unresolved_type]: local read `wrap` has unresolved type
#13 0.220 /src/app/app/controllers/application_controller.rb:82:28: warning[unresolved_type]: local read `name` has unresolved type
#13 0.220 /src/app/app/controllers/application_controller.rb:90:5: warning[unresolved_type]: local read `names` has unresolved type
#13 0.220 /src/app/app/controllers/application_controller.rb:91:13: warning[unresolved_type]: local read `name` has unresolved type
#13 0.220 /src/app/app/controllers/application_controller.rb:92:19: warning[unresolved_type]: local read `input` has unresolved type
#13 0.220 /src/app/app/controllers/application_controller.rb:93:15: warning[unresolved_type]: local read `input` has unresolved type
#13 0.220 /src/app/app/controllers/application_controller.rb:94:15: warning[unresolved_type]: local read `value` has unresolved type
#13 0.220 /src/app/app/controllers/application_controller.rb:94:36: warning[unresolved_type]: local read `value` has unresolved type
#13 0.220 /src/app/app/controllers/application_controller.rb:95:11: warning[unresolved_type]: local read `name` has unresolved type
#13 0.220 /src/app/app/controllers/application_controller.rb:95:31: warning[unresolved_type]: local read `value` has unresolved type
#13 0.220 /src/app/app/controllers/application_controller.rb:101:21: warning[unresolved_type]: local read `value` has unresolved type
#13 0.220 /src/app/app/controllers/application_controller.rb:105:37: warning[gradual_untyped]: method call resolves to RBS `untyped` (gradual escape)
#13 0.220 /src/app/app/controllers/application_controller.rb:125:7: warning[unresolved_type]: local read `following_ids` has unresolved type
#13 0.220 /src/app/app/controllers/application_controller.rb:125:23: warning[unresolved_type]: local read `following_ids` has unresolved type
#13 0.220 /src/app/app/controllers/application_controller.rb:125:46: warning[gradual_untyped]: method call resolves to RBS `untyped` (gradual escape)
#13 0.220 /src/app/app/controllers/application_controller.rb:125:46: warning[gradual_untyped]: local read resolves to RBS `untyped` (gradual escape)
#13 0.220 /src/app/app/controllers/application_controller.rb:125:116: warning[gradual_untyped]: method call resolves to RBS `untyped` (gradual escape)
#13 0.220 /src/app/app/controllers/application_controller.rb:125:116: warning[gradual_untyped]: local read resolves to RBS `untyped` (gradual escape)
#13 0.220 /src/app/app/controllers/application_controller.rb:129:17: warning[gradual_untyped]: method call resolves to RBS `untyped` (gradual escape)
#13 0.220 /src/app/app/controllers/application_controller.rb:129:17: warning[gradual_untyped]: local read resolves to RBS `untyped` (gradual escape)
#13 0.220 /src/app/app/controllers/application_controller.rb:129:37: warning[gradual_untyped]: method call resolves to RBS `untyped` (gradual escape)
#13 0.220 /src/app/app/controllers/application_controller.rb:129:37: warning[gradual_untyped]: local read resolves to RBS `untyped` (gradual escape)
#13 0.220 /src/app/app/controllers/application_controller.rb:129:54: warning[gradual_untyped]: method call resolves to RBS `untyped` (gradual escape)
#13 0.220 /src/app/app/controllers/application_controller.rb:129:54: warning[gradual_untyped]: local read resolves to RBS `untyped` (gradual escape)
#13 0.220 /src/app/app/controllers/application_controller.rb:134:14: warning[gradual_untyped]: method call resolves to RBS `untyped` (gradual escape)
#13 0.220 /src/app/app/controllers/application_controller.rb:134:14: warning[gradual_untyped]: local read resolves to RBS `untyped` (gradual escape)
#13 0.220 /src/app/app/controllers/application_controller.rb:135:35: warning[unresolved_type]: local read `favorite_ids` has unresolved type
#13 0.220 /src/app/app/controllers/application_controller.rb:135:50: warning[unresolved_type]: local read `favorite_ids` has unresolved type
#13 0.220 /src/app/app/controllers/application_controller.rb:135:72: warning[gradual_untyped]: method call resolves to RBS `untyped` (gradual escape)
#13 0.220 /src/app/app/controllers/application_controller.rb:135:72: warning[gradual_untyped]: local read resolves to RBS `untyped` (gradual escape)
#13 0.220 /src/app/app/controllers/application_controller.rb:135:142: warning[gradual_untyped]: method call resolves to RBS `untyped` (gradual escape)
#13 0.220 /src/app/app/controllers/application_controller.rb:135:142: warning[gradual_untyped]: local read resolves to RBS `untyped` (gradual escape)
#13 0.220 /src/app/app/controllers/application_controller.rb:136:13: warning[unresolved_type]: local read `favorite_counts` has unresolved type
#13 0.220 /src/app/app/controllers/application_controller.rb:136:31: warning[unresolved_type]: local read `favorite_counts` has unresolved type
#13 0.220 /src/app/app/controllers/application_controller.rb:136:53: warning[gradual_untyped]: method call resolves to RBS `untyped` (gradual escape)
#13 0.220 /src/app/app/controllers/application_controller.rb:136:53: warning[gradual_untyped]: local read resolves to RBS `untyped` (gradual escape)
#13 0.220 /src/app/app/controllers/application_controller.rb:136:97: warning[gradual_untyped]: method call resolves to RBS `untyped` (gradual escape)
#13 0.220 /src/app/app/controllers/application_controller.rb:136:97: warning[gradual_untyped]: local read resolves to RBS `untyped` (gradual escape)
#13 0.220 /src/app/app/controllers/application_controller.rb:137:20: warning[gradual_untyped]: method call resolves to RBS `untyped` (gradual escape)
#13 0.220 /src/app/app/controllers/application_controller.rb:137:20: warning[gradual_untyped]: local read resolves to RBS `untyped` (gradual escape)
#13 0.220 /src/app/app/controllers/application_controller.rb:137:41: warning[gradual_untyped]: method call resolves to RBS `untyped` (gradual escape)
#13 0.220 /src/app/app/controllers/application_controller.rb:137:41: warning[gradual_untyped]: local read resolves to RBS `untyped` (gradual escape)
#13 0.220 /src/app/app/controllers/application_controller.rb:137:69: warning[gradual_untyped]: method call resolves to RBS `untyped` (gradual escape)
#13 0.220 /src/app/app/controllers/application_controller.rb:137:69: warning[gradual_untyped]: local read resolves to RBS `untyped` (gradual escape)
#13 0.220 /src/app/app/controllers/application_controller.rb:138:16: warning[gradual_untyped]: method call resolves to RBS `untyped` (gradual escape)
#13 0.220 /src/app/app/controllers/application_controller.rb:138:16: warning[gradual_untyped]: local read resolves to RBS `untyped` (gradual escape)
#13 0.220 /src/app/app/controllers/application_controller.rb:138:45: warning[gradual_untyped]: method call resolves to RBS `untyped` (gradual escape)
#13 0.220 /src/app/app/controllers/application_controller.rb:138:45: warning[gradual_untyped]: local read resolves to RBS `untyped` (gradual escape)
#13 0.220 /src/app/app/controllers/application_controller.rb:138:87: warning[gradual_untyped]: method call resolves to RBS `untyped` (gradual escape)
#13 0.220 /src/app/app/controllers/application_controller.rb:138:87: warning[gradual_untyped]: local read resolves to RBS `untyped` (gradual escape)
#13 0.220 /src/app/app/controllers/application_controller.rb:139:75: warning[gradual_untyped]: local read resolves to RBS `untyped` (gradual escape)
#13 0.220 /src/app/app/controllers/application_controller.rb:139:83: warning[unresolved_type]: local read `following_ids` has unresolved type
#13 0.220 /src/app/app/controllers/application_controller.rb:140:15: warning[gradual_untyped]: method call resolves to RBS `untyped` (gradual escape)
#13 0.220 /src/app/app/controllers/application_controller.rb:140:15: warning[gradual_untyped]: local read resolves to RBS `untyped` (gradual escape)
#13 0.220 /src/app/app/controllers/application_controller.rb:140:44: warning[gradual_untyped]: expression resolves to RBS `untyped` (gradual escape)
#13 0.220 /src/app/app/controllers/application_controller.rb:140:44: warning[gradual_untyped]: method call resolves to RBS `untyped` (gradual escape)
#13 0.220 /src/app/app/controllers/application_controller.rb:140:44: warning[gradual_untyped]: local read resolves to RBS `untyped` (gradual escape)
#13 0.220 /src/app/app/controllers/application_controller.rb:140:88: warning[gradual_untyped]: method call resolves to RBS `untyped` (gradual escape)
#13 0.220 /src/app/app/controllers/application_controller.rb:140:88: warning[gradual_untyped]: local read resolves to RBS `untyped` (gradual escape)
#13 0.220 /src/app/app/controllers/application_controller.rb:141:39: warning[unresolved_type]: local read `list` has unresolved type
#13 0.220 /src/app/app/controllers/application_controller.rb:141:19: warning[gradual_untyped]: method call resolves to RBS `untyped` (gradual escape)
#13 0.220 /src/app/app/controllers/application_controller.rb:141:19: warning[gradual_untyped]: local read resolves to RBS `untyped` (gradual escape)
#13 0.220 /src/app/app/controllers/application_controller.rb:146:13: warning[gradual_untyped]: method call resolves to RBS `untyped` (gradual escape)
#13 0.220 /src/app/app/controllers/application_controller.rb:146:21: warning[gradual_untyped]: method call resolves to RBS `untyped` (gradual escape)
#13 0.220 /src/app/app/controllers/application_controller.rb:147:14: warning[gradual_untyped]: method call resolves to RBS `untyped` (gradual escape)
#13 0.220 /src/app/app/controllers/application_controller.rb:147:22: warning[gradual_untyped]: method call resolves to RBS `untyped` (gradual escape)
#13 0.220 /src/app/app/controllers/application_controller.rb:148:13: warning[gradual_untyped]: method call resolves to RBS `untyped` (gradual escape)
#13 0.220 /src/app/app/controllers/application_controller.rb:149:14: warning[gradual_untyped]: method call resolves to RBS `untyped` (gradual escape)
#13 0.220 /src/app/app/controllers/application_controller.rb:150:13: warning[unresolved_type]: local read `relation` has unresolved type
#13 0.220 /src/app/app/controllers/application_controller.rb:151:16: warning[unresolved_type]: local read `relation` has unresolved type
#13 0.220 /src/app/app/controllers/application_controller.rb:151:67: warning[gradual_untyped]: local read resolves to RBS `untyped` (gradual escape)
#13 0.220 /src/app/app/controllers/application_controller.rb:151:81: warning[gradual_untyped]: local read resolves to RBS `untyped` (gradual escape)
#13 0.220 /src/app/app/controllers/application_controller.rb:152:25: warning[gradual_untyped]: method call resolves to RBS `untyped` (gradual escape)
#13 0.220 /src/app/app/controllers/application_controller.rb:152:25: warning[gradual_untyped]: local read resolves to RBS `untyped` (gradual escape)
#13 0.220 /src/app/app/controllers/application_controller.rb:153:32: warning[gradual_untyped]: method call resolves to RBS `untyped` (gradual escape)
#13 0.220 /src/app/app/controllers/application_controller.rb:153:32: warning[gradual_untyped]: local read resolves to RBS `untyped` (gradual escape)
#13 0.220 /src/app/app/controllers/application_controller.rb:157:49: warning[gradual_untyped]: local read resolves to RBS `untyped` (gradual escape)
#13 0.220 /src/app/app/controllers/application_controller.rb:157:174: warning[unresolved_type]: local read `count` has unresolved type
#13 0.220 /src/app/app/controllers/articles_controller.rb:4:79: warning[gradual_untyped]: method call resolves to RBS `untyped` (gradual escape)
#13 0.220 /src/app/app/controllers/articles_controller.rb:4:63: warning[gradual_untyped]: method call resolves to RBS `untyped` (gradual escape)
#13 0.220 /src/app/app/controllers/articles_controller.rb:5:86: warning[gradual_untyped]: method call resolves to RBS `untyped` (gradual escape)
#13 0.220 /src/app/app/controllers/articles_controller.rb:5:65: warning[gradual_untyped]: method call resolves to RBS `untyped` (gradual escape)
#13 0.220 /src/app/app/controllers/articles_controller.rb:6:127: warning[gradual_untyped]: method call resolves to RBS `untyped` (gradual escape)
#13 0.220 /src/app/app/controllers/articles_controller.rb:6:82: warning[gradual_untyped]: method call resolves to RBS `untyped` (gradual escape)
#13 0.220 /src/app/app/controllers/articles_controller.rb:7:5: warning[gradual_untyped]: method call resolves to RBS `untyped` (gradual escape)
#13 0.220 /src/app/app/controllers/articles_controller.rb:13:5: warning[gradual_untyped]: method call resolves to RBS `untyped` (gradual escape)
#13 0.220 /src/app/app/controllers/articles_controller.rb:18:5: warning[gradual_untyped]: method call resolves to RBS `untyped` (gradual escape)
#13 0.220 /src/app/app/controllers/articles_controller.rb:22:5: warning[gradual_untyped]: method call resolves to RBS `untyped` (gradual escape)
#13 0.220 /src/app/app/controllers/articles_controller.rb:28:14: warning[gradual_untyped]: method call resolves to RBS `untyped` (gradual escape)
#13 0.220 /src/app/app/controllers/articles_controller.rb:29:87: warning[gradual_untyped]: local read resolves to RBS `untyped` (gradual escape)
#13 0.220 /src/app/app/controllers/articles_controller.rb:30:12: warning[gradual_untyped]: method call resolves to RBS `untyped` (gradual escape)
#13 0.220 /src/app/app/controllers/articles_controller.rb:31:59: warning[gradual_untyped]: local read resolves to RBS `untyped` (gradual escape)
#13 0.220 /src/app/app/controllers/articles_controller.rb:31:98: warning[gradual_untyped]: local read resolves to RBS `untyped` (gradual escape)
#13 0.220 /src/app/app/controllers/articles_controller.rb:33:38: warning[gradual_untyped]: local read resolves to RBS `untyped` (gradual escape)
#13 0.220 /src/app/app/controllers/articles_controller.rb:33:77: warning[gradual_untyped]: local read resolves to RBS `untyped` (gradual escape)
#13 0.220 /src/app/app/controllers/articles_controller.rb:34:17: warning[gradual_untyped]: method call resolves to RBS `untyped` (gradual escape)
#13 0.220 /src/app/app/controllers/articles_controller.rb:34:17: warning[gradual_untyped]: local read resolves to RBS `untyped` (gradual escape)
#13 0.220 /src/app/app/controllers/articles_controller.rb:34:51: warning[gradual_untyped]: method call resolves to RBS `untyped` (gradual escape)
#13 0.220 /src/app/app/controllers/articles_controller.rb:36:5: warning[gradual_untyped]: method call resolves to RBS `untyped` (gradual escape)
#13 0.220 /src/app/app/controllers/articles_controller.rb:42:50: warning[gradual_untyped]: method call resolves to RBS `untyped` (gradual escape)
#13 0.220 /src/app/app/controllers/articles_controller.rb:42:106: warning[unresolved_type]: local read `a` has unresolved type
#13 0.220 /src/app/app/controllers/articles_controller.rb:43:5: warning[gradual_untyped]: method call resolves to RBS `untyped` (gradual escape)
#13 0.220 /src/app/app/controllers/articles_controller.rb:50:5: warning[gradual_untyped]: method call resolves to RBS `untyped` (gradual escape)
#13 0.220 /src/app/app/controllers/articles_controller.rb:56:5: warning[gradual_untyped]: method call resolves to RBS `untyped` (gradual escape)
#13 0.220 /src/app/app/controllers/comments_controller.rb:5:85: warning[gradual_untyped]: method call resolves to RBS `untyped` (gradual escape)
#13 0.220 /src/app/app/controllers/comments_controller.rb:5:31: warning[gradual_untyped]: method call resolves to RBS `untyped` (gradual escape)
#13 0.220 /src/app/app/controllers/comments_controller.rb:5:32: warning[gradual_untyped]: method call resolves to RBS `untyped` (gradual escape)
#13 0.220 /src/app/app/controllers/comments_controller.rb:5:40: warning[gradual_untyped]: method call resolves to RBS `untyped` (gradual escape)
#13 0.220 /src/app/app/controllers/comments_controller.rb:6:91: warning[gradual_untyped]: method call resolves to RBS `untyped` (gradual escape)
#13 0.220 /src/app/app/controllers/comments_controller.rb:6:32: warning[gradual_untyped]: method call resolves to RBS `untyped` (gradual escape)
#13 0.220 /src/app/app/controllers/comments_controller.rb:6:33: warning[gradual_untyped]: method call resolves to RBS `untyped` (gradual escape)
#13 0.220 /src/app/app/controllers/comments_controller.rb:6:41: warning[gradual_untyped]: method call resolves to RBS `untyped` (gradual escape)
#13 0.220 /src/app/app/controllers/comments_controller.rb:9:5: warning[gradual_untyped]: method call resolves to RBS `untyped` (gradual escape)
#13 0.220 /src/app/app/controllers/comments_controller.rb:15:81: warning[gradual_untyped]: method call resolves to RBS `untyped` (gradual escape)
#13 0.220 /src/app/app/controllers/comments_controller.rb:16:5: warning[gradual_untyped]: method call resolves to RBS `untyped` (gradual escape)
#13 0.220 /src/app/app/controllers/comments_controller.rb:22:44: warning[gradual_untyped]: method call resolves to RBS `untyped` (gradual escape)
#13 0.220 /src/app/app/controllers/comments_controller.rb:25:5: warning[gradual_untyped]: method call resolves to RBS `untyped` (gradual escape)
#13 0.220 /src/app/app/controllers/comments_controller.rb:31:64: warning[unresolved_type]: local read `followed` has unresolved type
#13 0.220 /src/app/app/controllers/exports_controller.rb:6:5: warning[gradual_untyped]: method call resolves to RBS `untyped` (gradual escape)
#13 0.220 /src/app/app/controllers/exports_controller.rb:11:40: warning[gradual_untyped]: method call resolves to RBS `untyped` (gradual escape)
#13 0.220 /src/app/app/controllers/exports_controller.rb:13:5: warning[gradual_untyped]: method call resolves to RBS `untyped` (gradual escape)
#13 0.220 /src/app/app/controllers/favorites_controller.rb:6:5: warning[gradual_untyped]: method call resolves to RBS `untyped` (gradual escape)
#13 0.220 /src/app/app/controllers/favorites_controller.rb:12:5: warning[gradual_untyped]: method call resolves to RBS `untyped` (gradual escape)
#13 0.220 /src/app/app/controllers/health_controller.rb:3:5: warning[gradual_untyped]: method call resolves to RBS `untyped` (gradual escape)
#13 0.220 /src/app/app/controllers/profiles_controller.rb:3:5: warning[gradual_untyped]: method call resolves to RBS `untyped` (gradual escape)
#13 0.220 /src/app/app/controllers/profiles_controller.rb:9:5: warning[gradual_untyped]: method call resolves to RBS `untyped` (gradual escape)
#13 0.220 /src/app/app/controllers/profiles_controller.rb:15:5: warning[gradual_untyped]: method call resolves to RBS `untyped` (gradual escape)
#13 0.220 /src/app/app/controllers/profiles_controller.rb:19:28: warning[gradual_untyped]: method call resolves to RBS `untyped` (gradual escape)
#13 0.220 /src/app/app/controllers/shares_controller.rb:6:5: warning[gradual_untyped]: method call resolves to RBS `untyped` (gradual escape)
#13 0.220 /src/app/app/controllers/shares_controller.rb:10:11: warning[gradual_untyped]: method call resolves to RBS `untyped` (gradual escape)
#13 0.220 /src/app/app/controllers/shares_controller.rb:16:23: warning[gradual_untyped]: local read resolves to RBS `untyped` (gradual escape)
#13 0.220 /src/app/app/controllers/shares_controller.rb:17:5: warning[gradual_untyped]: method call resolves to RBS `untyped` (gradual escape)
#13 0.220 /src/app/app/controllers/shares_controller.rb:21:5: warning[gradual_untyped]: method call resolves to RBS `untyped` (gradual escape)
#13 0.220 /src/app/app/controllers/shares_controller.rb:27:59: warning[gradual_untyped]: method call resolves to RBS `untyped` (gradual escape)
#13 0.220 /src/app/app/controllers/shares_controller.rb:27:95: warning[gradual_untyped]: method call resolves to RBS `untyped` (gradual escape)
#13 0.220 /src/app/app/controllers/shares_controller.rb:27:127: warning[gradual_untyped]: method call resolves to RBS `untyped` (gradual escape)
#13 0.220 /src/app/app/controllers/shares_controller.rb:28:56: warning[gradual_untyped]: method call resolves to RBS `untyped` (gradual escape)
#13 0.220 /src/app/app/controllers/shares_controller.rb:28:99: warning[unresolved_type]: local read `a` has unresolved type
#13 0.220 /src/app/app/controllers/shares_controller.rb:28:135: warning[gradual_untyped]: method call resolves to RBS `untyped` (gradual escape)
#13 0.220 /src/app/app/controllers/shares_controller.rb:29:5: warning[gradual_untyped]: method call resolves to RBS `untyped` (gradual escape)
#13 0.220 /src/app/app/controllers/shares_controller.rb:32:21: warning[gradual_untyped]: method call resolves to RBS `untyped` (gradual escape)
#13 0.220 /src/app/app/controllers/shares_controller.rb:32:34: warning[gradual_untyped]: method call resolves to RBS `untyped` (gradual escape)
#13 0.220 /src/app/app/controllers/shares_controller.rb:36:45: warning[gradual_untyped]: method call resolves to RBS `untyped` (gradual escape)
#13 0.220 /src/app/app/controllers/shares_controller.rb:37:74: warning[gradual_untyped]: method call resolves to RBS `untyped` (gradual escape)
#13 0.220 /src/app/app/controllers/tags_controller.rb:5:5: warning[gradual_untyped]: method call resolves to RBS `untyped` (gradual escape)
#13 0.220 /src/app/app/controllers/users_controller.rb:5:5: warning[gradual_untyped]: expression resolves to RBS `untyped` (gradual escape)
#13 0.220 /src/app/app/controllers/users_controller.rb:6:7: warning[gradual_untyped]: method call resolves to RBS `untyped` (gradual escape)
#13 0.220 /src/app/app/controllers/users_controller.rb:7:5: warning[gradual_untyped]: expression resolves to RBS `untyped` (gradual escape)
#13 0.220 /src/app/app/controllers/users_controller.rb:8:7: warning[gradual_untyped]: method call resolves to RBS `untyped` (gradual escape)
#13 0.220 /src/app/app/controllers/users_controller.rb:10:7: warning[gradual_untyped]: method call resolves to RBS `untyped` (gradual escape)
#13 0.220 /src/app/app/controllers/users_controller.rb:17:58: warning[gradual_untyped]: method call resolves to RBS `untyped` (gradual escape)
#13 0.220 /src/app/app/controllers/users_controller.rb:19:13: warning[gradual_untyped]: method call resolves to RBS `untyped` (gradual escape)
#13 0.220 /src/app/app/controllers/users_controller.rb:20:16: warning[gradual_untyped]: method call resolves to RBS `untyped` (gradual escape)
#13 0.220 /src/app/app/controllers/users_controller.rb:21:60: warning[gradual_untyped]: local read resolves to RBS `untyped` (gradual escape)
#13 0.220 /src/app/app/controllers/users_controller.rb:21:83: warning[gradual_untyped]: local read resolves to RBS `untyped` (gradual escape)
#13 0.220 /src/app/app/controllers/users_controller.rb:22:43: warning[gradual_untyped]: method call resolves to RBS `untyped` (gradual escape)
#13 0.220 /src/app/app/controllers/users_controller.rb:22:43: warning[gradual_untyped]: local read resolves to RBS `untyped` (gradual escape)
#13 0.220 /src/app/app/controllers/users_controller.rb:23:5: warning[gradual_untyped]: expression resolves to RBS `untyped` (gradual escape)
#13 0.220 /src/app/app/controllers/users_controller.rb:23:27: warning[gradual_untyped]: local read resolves to RBS `untyped` (gradual escape)
#13 0.220 /src/app/app/controllers/users_controller.rb:24:7: warning[gradual_untyped]: method call resolves to RBS `untyped` (gradual escape)
#13 0.220 /src/app/app/controllers/users_controller.rb:26:27: warning[gradual_untyped]: local read resolves to RBS `untyped` (gradual escape)
#13 0.220 /src/app/app/controllers/users_controller.rb:26:34: warning[gradual_untyped]: method call resolves to RBS `untyped` (gradual escape)
#13 0.220 /src/app/app/controllers/users_controller.rb:33:5: warning[gradual_untyped]: method call resolves to RBS `untyped` (gradual escape)
#13 0.220 /src/app/app/controllers/users_controller.rb:39:5: warning[gradual_untyped]: method call resolves to RBS `untyped` (gradual escape)
#13 0.220 /src/app/app/controllers/users_controller.rb:45:52: warning[gradual_untyped]: method call resolves to RBS `untyped` (gradual escape)
#13 0.220 /src/app/app/controllers/users_controller.rb:45:77: warning[gradual_untyped]: method call resolves to RBS `untyped` (gradual escape)
#13 0.220 /src/app/app/models/article.rb:10:80: warning[unresolved_type]: local read `user` has unresolved type
#13 0.220 /src/app/app/models/article.rb:13:8: warning[gradual_untyped]: method call resolves to RBS `untyped` (gradual escape)
#13 0.220 /src/app/app/models/article.rb:13:8: warning[gradual_untyped]: local read resolves to RBS `untyped` (gradual escape)
#13 0.220 /src/app/app/models/user.rb:19:72: warning[unresolved_type]: method call `password` has unresolved type
#13 0.220 /src/app/app/models/user.rb:19:93: warning[unresolved_type]: method call `password` has unresolved type
#13 0.220 /src/app/app/models/user.rb:23:70: warning[unresolved_type]: method call `password` has unresolved type
#13 0.220 /src/app/app/models/user.rb:28:5: warning[gradual_untyped]: expression resolves to RBS `untyped` (gradual escape)
#13 0.220 
#13 0.220 roundhouse-check: 10 gems: 1 framework, 1 modeled, 5 infrastructure, 3 unknown (faye-websocket, good_job, jwt)
#13 0.220 roundhouse-check: /src/app — 0 parse error(s), 0 error(s), 184 warning(s), 0 gap-attributed note(s), 0 survey gap(s)
#13 0.396 roundhouse: treeshake (spinel): dropped 41 runtime defs + 157 synthesized model defs (text-level, whole-tree name scan)
#13 0.396 roundhouse: 223 analyze warning(s) not shown — rerun with --allow-unsupported to list them
#13 0.402 roundhouse: wrote 323 files to /build (spinel)
#13 DONE 0.5s

#14 [build 4/5] WORKDIR /build
#14 DONE 0.1s

#15 [build 5/5] RUN spin build -- --cc=clang --jobs=8     && mkdir -p /runtime/static /runtime/public /runtime/db /runtime/config /runtime/storage     && set -- build/bin/* && test "$#" -eq 1 && test -x "$1"     && install -m755 "$1" /runtime/server && strip /runtime/server     && for dir in static public db config; do if [ -d "$dir" ]; then cp -a "$dir/." "/runtime/$dir/"; fi; done     && test -s /runtime/db/structure.sql && ldd /runtime/server
#15 2.171 build blog
#15 2.363 cc bcrypt/crypt_blowfish.c
#15 2.480 cc bcrypt/crypt_blowfish.c (threaded)
#15 2.498 cc bcrypt/sp_bcrypt.c
#15 2.517 cc bcrypt/sp_bcrypt.c (threaded)
#15 17.60 warning: --rbs: Attached @variations: Array[Variation] stays a boxed array; every use of it must be one the unboxed array supports ([], []=, push, length, empty?, first, last, min, max, sort) from the class's own instance methods or its attr_reader
#15 17.60 warning: --rbs: ActiveRecord__Base @validation_entries: Array[ActiveModel__Error] stays a boxed array; every use of it must be one the unboxed array supports ([], []=, push, length, empty?, first, last, min, max, sort) from the class's own instance methods or its attr_reader
#15 17.60 warning: --rbs: UserAgent @tokens: Array[UserAgentToken] stays a boxed array; every use of it must be one the unboxed array supports ([], []=, push, length, empty?, first, last, min, max, sort) from the class's own instance methods or its attr_reader
#15 17.60 warning: --rbs: ApplicationRecord @validation_entries: Array[ActiveModel__Error] stays a boxed array; every use of it must be one the unboxed array supports ([], []=, push, length, empty?, first, last, min, max, sort) from the class's own instance methods or its attr_reader
#15 17.60 warning: --rbs: Article @validation_entries: Array[ActiveModel__Error] stays a boxed array; every use of it must be one the unboxed array supports ([], []=, push, length, empty?, first, last, min, max, sort) from the class's own instance methods or its attr_reader
#15 17.60 warning: --rbs: ArticleExport @validation_entries: Array[ActiveModel__Error] stays a boxed array; every use of it must be one the unboxed array supports ([], []=, push, length, empty?, first, last, min, max, sort) from the class's own instance methods or its attr_reader
#15 17.60 warning: --rbs: ArticleShare @validation_entries: Array[ActiveModel__Error] stays a boxed array; every use of it must be one the unboxed array supports ([], []=, push, length, empty?, first, last, min, max, sort) from the class's own instance methods or its attr_reader
#15 17.60 warning: --rbs: Comment @validation_entries: Array[ActiveModel__Error] stays a boxed array; every use of it must be one the unboxed array supports ([], []=, push, length, empty?, first, last, min, max, sort) from the class's own instance methods or its attr_reader
#15 17.60 warning: --rbs: Favorite @validation_entries: Array[ActiveModel__Error] stays a boxed array; every use of it must be one the unboxed array supports ([], []=, push, length, empty?, first, last, min, max, sort) from the class's own instance methods or its attr_reader
#15 17.60 warning: --rbs: Follow @validation_entries: Array[ActiveModel__Error] stays a boxed array; every use of it must be one the unboxed array supports ([], []=, push, length, empty?, first, last, min, max, sort) from the class's own instance methods or its attr_reader
#15 17.60 warning: --rbs: User @validation_entries: Array[ActiveModel__Error] stays a boxed array; every use of it must be one the unboxed array supports ([], []=, push, length, empty?, first, last, min, max, sort) from the class's own instance methods or its attr_reader
#15 17.60 /build/bin/blog.rb -> /build/build/bin/blog
#15 17.62 	linux-vdso.so.1 (0x0000ffffb25eb000)
#15 17.62 	libm.so.6 => /lib/aarch64-linux-gnu/libm.so.6 (0x0000ffffb1fd0000)
#15 17.62 	libjemalloc.so.2 => /lib/aarch64-linux-gnu/libjemalloc.so.2 (0x0000ffffb1ea0000)
#15 17.62 	libpq.so.5 => /lib/aarch64-linux-gnu/libpq.so.5 (0x0000ffffb1e20000)
#15 17.62 	libc.so.6 => /lib/aarch64-linux-gnu/libc.so.6 (0x0000ffffb1c60000)
#15 17.62 	/lib/ld-linux-aarch64.so.1 (0x0000ffffb25a0000)
#15 17.62 	libstdc++.so.6 => /lib/aarch64-linux-gnu/libstdc++.so.6 (0x0000ffffb19f0000)
#15 17.62 	libgcc_s.so.1 => /lib/aarch64-linux-gnu/libgcc_s.so.1 (0x0000ffffb19b0000)
#15 17.62 	libssl.so.3 => /lib/aarch64-linux-gnu/libssl.so.3 (0x0000ffffb1880000)
#15 17.62 	libcrypto.so.3 => /lib/aarch64-linux-gnu/libcrypto.so.3 (0x0000ffffb1260000)
#15 17.62 	libgssapi_krb5.so.2 => /lib/aarch64-linux-gnu/libgssapi_krb5.so.2 (0x0000ffffb11f0000)
#15 17.62 	libldap.so.2 => /lib/aarch64-linux-gnu/libldap.so.2 (0x0000ffffb1170000)
#15 17.62 	libz.so.1 => /lib/aarch64-linux-gnu/libz.so.1 (0x0000ffffb1130000)
#15 17.62 	libzstd.so.1 => /lib/aarch64-linux-gnu/libzstd.so.1 (0x0000ffffb1060000)
#15 17.62 	libkrb5.so.3 => /lib/aarch64-linux-gnu/libkrb5.so.3 (0x0000ffffb0f70000)
#15 17.62 	libk5crypto.so.3 => /lib/aarch64-linux-gnu/libk5crypto.so.3 (0x0000ffffb0f20000)
#15 17.62 	libcom_err.so.2 => /lib/aarch64-linux-gnu/libcom_err.so.2 (0x0000ffffb0ef0000)
#15 17.62 	libkrb5support.so.0 => /lib/aarch64-linux-gnu/libkrb5support.so.0 (0x0000ffffb0ec0000)
#15 17.62 	liblber.so.2 => /lib/aarch64-linux-gnu/liblber.so.2 (0x0000ffffb0e90000)
#15 17.62 	libsasl2.so.2 => /lib/aarch64-linux-gnu/libsasl2.so.2 (0x0000ffffb0e50000)
#15 17.62 	libkeyutils.so.1 => /lib/aarch64-linux-gnu/libkeyutils.so.1 (0x0000ffffb0e20000)
#15 17.62 	libresolv.so.2 => /lib/aarch64-linux-gnu/libresolv.so.2 (0x0000ffffb0df0000)
#15 DONE 17.7s

#16 [runtime 2/4] RUN apt-get update -qq     && apt-get install --no-install-recommends -y libpq5 libjemalloc2 ca-certificates     && rm -rf /var/lib/apt/lists/*     && groupadd --gid 10001 app && useradd --uid 10001 --gid app --no-create-home --home-dir /app app
#16 CACHED

#17 [runtime 3/4] WORKDIR /app
#17 CACHED

#18 [runtime 4/4] COPY --from=build --chown=10001:10001 /runtime/ ./
#18 DONE 0.1s

#19 exporting to image
#19 exporting layers 0.0s done
#19 writing image sha256:35e20405d6257ee3d3478a480d2fa3086b55fa5c08803f8ff6b2c8134443bd78
#19 writing image sha256:35e20405d6257ee3d3478a480d2fa3086b55fa5c08803f8ff6b2c8134443bd78 done
#19 naming to docker.io/library/agentmvc-one-shot-v5-gate-v5-final-compiled-70149:latest done
#19 DONE 0.1s
Success api/hurl/articles.hurl (17 request(s) in 213 ms)
Success api/hurl/auth.hurl (20 request(s) in 378 ms)
Success api/hurl/comments.hurl (13 request(s) in 194 ms)
Success api/hurl/errors_articles.hurl (20 request(s) in 210 ms)
Success api/hurl/errors_auth.hurl (20 request(s) in 1950 ms)
Success api/hurl/errors_authorization.hurl (9 request(s) in 373 ms)
Success api/hurl/errors_comments.hurl (10 request(s) in 184 ms)
Success api/hurl/errors_profiles.hurl (6 request(s) in 179 ms)
Success api/hurl/favorites.hurl (9 request(s) in 198 ms)
Success api/hurl/feed.hurl (12 request(s) in 379 ms)
Success api/hurl/pagination.hurl (7 request(s) in 192 ms)
Success api/hurl/profiles.hurl (7 request(s) in 359 ms)
Success api/hurl/tags.hurl (4 request(s) in 190 ms)
Success features/drafts/hurl/drafts.hurl (23 request(s) in 392 ms)
Success features/drafts/hurl/errors_drafts.hurl (24 request(s) in 371 ms)
Success features/exports/hurl/exports.hurl (18 request(s) in 682 ms)
Success features/live-editing/hurl/live-editing.hurl (18 request(s) in 409 ms)
--------------------------------------------------------------------------------
Executed files:    17
Executed requests: 237 (34.5/s)
Succeeded files:   17 (100.0%)
Failed files:      0 (0.0%)
Duration:          6873 ms (0h:0m:6s:873ms)

PASS live protocol: authorization, presence, updates, conflict, reconnect, revocation

Running 4 tests using 1 worker

  ✓  1 tests/editor.spec.js:7:1 › three independent browsers share edits and presence without losing a dirty draft (690ms)
  ✓  2 tests/editor.spec.js:42:1 › the 101st editor sees Room full and can retry after a slot opens (487ms)
  ✓  3 tests/editor.spec.js:70:1 › revoking the link ends access to the editor (245ms)
  ✓  4 tests/editor.spec.js:84:1 › a delayed save response preserves newer typing and socket state (422ms)

  4 passed (2.2s)
Success s01_jwt_alg_none.hurl (1 request(s) in 1 ms)
Success s02_jwt_signature_stripped.hurl (3 request(s) in 188 ms)
Success s03_jwt_garbage.hurl (2 request(s) in 0 ms)
Success s04_mass_assignment_user.hurl (2 request(s) in 178 ms)
Success s05_mass_assignment_article.hurl (2 request(s) in 182 ms)
Success s06_injection_filters.hurl (4 request(s) in 3 ms)
Success s07_malformed_json.hurl (1 request(s) in 0 ms)
Success s08_wrong_types.hurl (8 request(s) in 178 ms)
Success s09_oversized_body.hurl (2 request(s) in 223 ms)
Success s10_unknown_route.hurl (1 request(s) in 0 ms)
Success s11_login_enumeration.hurl (3 request(s) in 352 ms)
Success s12_nosniff_header.hurl (1 request(s) in 2 ms)
Success s13_login_rate_limit.hurl (22 request(s) in 3833 ms)
--------------------------------------------------------------------------------
Executed files:    13
Executed requests: 52 (10.1/s)
Succeeded files:   13 (100.0%)
Failed files:      0 (0.0%)
Duration:          5149 ms (0h:0m:5s:149ms)

