Waiting for shared Docker lock: ~/co/agentmvc/.work/lane-docker.lock
Acquired shared Docker lock
gate inputs: 72 files, sha256 a8999f01c936cc37fe182c314c7a9a602b62611c1a15dc8338e7853d30831710 (matches the published workspace)
workspace: /work/app/build/gate-throttle-raise/conduit-v6-ws-compiled
log: /work/app/build/gate-throttle-raise/gate-compiled.log
#0 building with "orbstack" instance using docker driver

#1 [internal] load build definition from Dockerfile
#1 transferring dockerfile: 1.99kB done
#1 DONE 0.0s

#2 resolve image config for docker-image://docker.io/docker/dockerfile:1
#2 DONE 3.8s

#3 docker-image://docker.io/docker/dockerfile:1@sha256:4edf897a3ffa55b89f906fc8cc78afdb3f1834cc9c7083565e611a8a7d5fe99e
#3 CACHED

#4 [internal] load metadata for docker.io/library/debian:trixie-slim@sha256:020c0d20b9880058cbe785a9db107156c3c75c2ac944a6aa7ab59f2add76a7bd
#4 DONE 0.0s

#5 [internal] load metadata for docker.io/library/conduit-v6-toolchain:2b395944ea25
#5 DONE 0.0s

#6 [internal] load .dockerignore
#6 transferring context: 210B done
#6 DONE 0.0s

#7 [toolchain 1/2] FROM docker.io/library/conduit-v6-toolchain:2b395944ea25
#7 DONE 0.0s

#8 [runtime 1/4] FROM docker.io/library/debian:trixie-slim@sha256:020c0d20b9880058cbe785a9db107156c3c75c2ac944a6aa7ab59f2add76a7bd
#8 DONE 0.0s

#9 [internal] load build context
#9 transferring context: 5.84kB done
#9 DONE 0.0s

#10 [toolchain 2/2] RUN echo '2b395944ea25f8989ba9bea324514968caacedd86bf51f82e3a0b3c54556ea4f  /usr/local/share/roundhouse-patches/SHA256SUMS' | sha256sum -c -
#10 CACHED

#11 [build 1/5] WORKDIR /src/app
#11 CACHED

#12 [build 2/5] COPY . .
#12 DONE 0.1s

#13 [build 3/5] RUN roundhouse check /src/app && roundhouse --target spinel -o /build /src/app
#13 0.221 /src/app/app/controllers/application_controller.rb:23:5: warning[gradual_untyped]: method call resolves to RBS `untyped` (gradual escape)
#13 0.221 /src/app/app/controllers/application_controller.rb:30:14: warning[gradual_untyped]: method call resolves to RBS `untyped` (gradual escape)
#13 0.221 /src/app/app/controllers/application_controller.rb:33:15: warning[gradual_untyped]: method call resolves to RBS `untyped` (gradual escape)
#13 0.221 /src/app/app/controllers/application_controller.rb:33:65: warning[gradual_untyped]: method call resolves to RBS `untyped` (gradual escape)
#13 0.221 /src/app/app/controllers/application_controller.rb:34:38: warning[gradual_untyped]: method call resolves to RBS `untyped` (gradual escape)
#13 0.221 /src/app/app/controllers/application_controller.rb:34:38: warning[gradual_untyped]: local read resolves to RBS `untyped` (gradual escape)
#13 0.221 /src/app/app/controllers/application_controller.rb:58:15: warning[gradual_untyped]: method call resolves to RBS `untyped` (gradual escape)
#13 0.221 /src/app/app/controllers/application_controller.rb:59:13: warning[gradual_untyped]: method call resolves to RBS `untyped` (gradual escape)
#13 0.221 /src/app/app/controllers/application_controller.rb:60:65: warning[gradual_untyped]: method call resolves to RBS `untyped` (gradual escape)
#13 0.221 /src/app/app/controllers/application_controller.rb:70:5: warning[gradual_untyped]: method call resolves to RBS `untyped` (gradual escape)
#13 0.221 /src/app/app/controllers/application_controller.rb:79:8: warning[unresolved_type]: local read `wrap` has unresolved type
#13 0.221 /src/app/app/controllers/application_controller.rb:92:19: warning[gradual_untyped]: method call resolves to RBS `untyped` (gradual escape)
#13 0.221 /src/app/app/controllers/application_controller.rb:93:15: warning[gradual_untyped]: method call resolves to RBS `untyped` (gradual escape)
#13 0.221 /src/app/app/controllers/application_controller.rb:94:15: warning[gradual_untyped]: local read resolves to RBS `untyped` (gradual escape)
#13 0.221 /src/app/app/controllers/application_controller.rb:94:36: warning[gradual_untyped]: local read resolves to RBS `untyped` (gradual escape)
#13 0.221 /src/app/app/controllers/application_controller.rb:95:31: warning[gradual_untyped]: local read resolves to RBS `untyped` (gradual escape)
#13 0.221 /src/app/app/controllers/application_controller.rb:101:21: warning[gradual_untyped]: local read resolves to RBS `untyped` (gradual escape)
#13 0.221 /src/app/app/controllers/application_controller.rb:105:37: warning[gradual_untyped]: method call resolves to RBS `untyped` (gradual escape)
#13 0.221 /src/app/app/controllers/application_controller.rb:125:7: warning[unresolved_type]: local read `following_ids` has unresolved type
#13 0.221 /src/app/app/controllers/application_controller.rb:125:23: warning[unresolved_type]: local read `following_ids` has unresolved type
#13 0.221 /src/app/app/controllers/application_controller.rb:135:35: warning[unresolved_type]: local read `favorite_ids` has unresolved type
#13 0.221 /src/app/app/controllers/application_controller.rb:135:50: warning[unresolved_type]: local read `favorite_ids` has unresolved type
#13 0.221 /src/app/app/controllers/application_controller.rb:136:13: warning[unresolved_type]: local read `favorite_counts` has unresolved type
#13 0.221 /src/app/app/controllers/application_controller.rb:136:31: warning[unresolved_type]: local read `favorite_counts` has unresolved type
#13 0.221 /src/app/app/controllers/application_controller.rb:139:83: warning[unresolved_type]: local read `following_ids` has unresolved type
#13 0.221 /src/app/app/controllers/application_controller.rb:141:39: warning[unresolved_type]: local read `list` has unresolved type
#13 0.221 /src/app/app/controllers/application_controller.rb:146:13: warning[gradual_untyped]: method call resolves to RBS `untyped` (gradual escape)
#13 0.221 /src/app/app/controllers/application_controller.rb:146:21: warning[gradual_untyped]: method call resolves to RBS `untyped` (gradual escape)
#13 0.221 /src/app/app/controllers/application_controller.rb:147:14: warning[gradual_untyped]: method call resolves to RBS `untyped` (gradual escape)
#13 0.221 /src/app/app/controllers/application_controller.rb:147:22: warning[gradual_untyped]: method call resolves to RBS `untyped` (gradual escape)
#13 0.221 /src/app/app/controllers/application_controller.rb:148:13: warning[gradual_untyped]: method call resolves to RBS `untyped` (gradual escape)
#13 0.221 /src/app/app/controllers/application_controller.rb:149:14: warning[gradual_untyped]: method call resolves to RBS `untyped` (gradual escape)
#13 0.221 /src/app/app/controllers/application_controller.rb:151:67: warning[gradual_untyped]: local read resolves to RBS `untyped` (gradual escape)
#13 0.221 /src/app/app/controllers/application_controller.rb:151:81: warning[gradual_untyped]: local read resolves to RBS `untyped` (gradual escape)
#13 0.221 /src/app/app/controllers/articles_controller.rb:4:79: warning[gradual_untyped]: method call resolves to RBS `untyped` (gradual escape)
#13 0.221 /src/app/app/controllers/articles_controller.rb:4:63: warning[gradual_untyped]: method call resolves to RBS `untyped` (gradual escape)
#13 0.221 /src/app/app/controllers/articles_controller.rb:5:86: warning[gradual_untyped]: method call resolves to RBS `untyped` (gradual escape)
#13 0.221 /src/app/app/controllers/articles_controller.rb:5:65: warning[gradual_untyped]: method call resolves to RBS `untyped` (gradual escape)
#13 0.221 /src/app/app/controllers/articles_controller.rb:6:127: warning[gradual_untyped]: method call resolves to RBS `untyped` (gradual escape)
#13 0.221 /src/app/app/controllers/articles_controller.rb:6:82: warning[gradual_untyped]: method call resolves to RBS `untyped` (gradual escape)
#13 0.221 /src/app/app/controllers/articles_controller.rb:7:5: warning[gradual_untyped]: method call resolves to RBS `untyped` (gradual escape)
#13 0.221 /src/app/app/controllers/articles_controller.rb:13:5: warning[gradual_untyped]: method call resolves to RBS `untyped` (gradual escape)
#13 0.221 /src/app/app/controllers/articles_controller.rb:18:5: warning[gradual_untyped]: method call resolves to RBS `untyped` (gradual escape)
#13 0.221 /src/app/app/controllers/articles_controller.rb:22:5: warning[gradual_untyped]: method call resolves to RBS `untyped` (gradual escape)
#13 0.221 /src/app/app/controllers/articles_controller.rb:28:14: warning[gradual_untyped]: method call resolves to RBS `untyped` (gradual escape)
#13 0.221 /src/app/app/controllers/articles_controller.rb:29:87: warning[gradual_untyped]: local read resolves to RBS `untyped` (gradual escape)
#13 0.221 /src/app/app/controllers/articles_controller.rb:30:12: warning[gradual_untyped]: method call resolves to RBS `untyped` (gradual escape)
#13 0.221 /src/app/app/controllers/articles_controller.rb:31:59: warning[gradual_untyped]: local read resolves to RBS `untyped` (gradual escape)
#13 0.221 /src/app/app/controllers/articles_controller.rb:31:98: warning[gradual_untyped]: local read resolves to RBS `untyped` (gradual escape)
#13 0.221 /src/app/app/controllers/articles_controller.rb:33:38: warning[gradual_untyped]: local read resolves to RBS `untyped` (gradual escape)
#13 0.221 /src/app/app/controllers/articles_controller.rb:33:77: warning[gradual_untyped]: local read resolves to RBS `untyped` (gradual escape)
#13 0.221 /src/app/app/controllers/articles_controller.rb:34:17: warning[gradual_untyped]: method call resolves to RBS `untyped` (gradual escape)
#13 0.221 /src/app/app/controllers/articles_controller.rb:34:17: warning[gradual_untyped]: local read resolves to RBS `untyped` (gradual escape)
#13 0.221 /src/app/app/controllers/articles_controller.rb:34:51: warning[gradual_untyped]: method call resolves to RBS `untyped` (gradual escape)
#13 0.221 /src/app/app/controllers/articles_controller.rb:36:5: warning[gradual_untyped]: method call resolves to RBS `untyped` (gradual escape)
#13 0.221 /src/app/app/controllers/articles_controller.rb:42:50: warning[gradual_untyped]: method call resolves to RBS `untyped` (gradual escape)
#13 0.221 /src/app/app/controllers/articles_controller.rb:42:106: warning[unresolved_type]: local read `a` has unresolved type
#13 0.221 /src/app/app/controllers/articles_controller.rb:43:5: warning[gradual_untyped]: method call resolves to RBS `untyped` (gradual escape)
#13 0.221 /src/app/app/controllers/articles_controller.rb:50:5: warning[gradual_untyped]: method call resolves to RBS `untyped` (gradual escape)
#13 0.221 /src/app/app/controllers/articles_controller.rb:56:5: warning[gradual_untyped]: method call resolves to RBS `untyped` (gradual escape)
#13 0.221 /src/app/app/controllers/comments_controller.rb:5:85: warning[gradual_untyped]: method call resolves to RBS `untyped` (gradual escape)
#13 0.221 /src/app/app/controllers/comments_controller.rb:5:31: warning[gradual_untyped]: method call resolves to RBS `untyped` (gradual escape)
#13 0.221 /src/app/app/controllers/comments_controller.rb:5:32: warning[gradual_untyped]: method call resolves to RBS `untyped` (gradual escape)
#13 0.221 /src/app/app/controllers/comments_controller.rb:5:40: warning[gradual_untyped]: method call resolves to RBS `untyped` (gradual escape)
#13 0.221 /src/app/app/controllers/comments_controller.rb:6:91: warning[gradual_untyped]: method call resolves to RBS `untyped` (gradual escape)
#13 0.221 /src/app/app/controllers/comments_controller.rb:6:32: warning[gradual_untyped]: method call resolves to RBS `untyped` (gradual escape)
#13 0.221 /src/app/app/controllers/comments_controller.rb:6:33: warning[gradual_untyped]: method call resolves to RBS `untyped` (gradual escape)
#13 0.221 /src/app/app/controllers/comments_controller.rb:6:41: warning[gradual_untyped]: method call resolves to RBS `untyped` (gradual escape)
#13 0.221 /src/app/app/controllers/comments_controller.rb:9:5: warning[gradual_untyped]: method call resolves to RBS `untyped` (gradual escape)
#13 0.221 /src/app/app/controllers/comments_controller.rb:15:81: warning[gradual_untyped]: method call resolves to RBS `untyped` (gradual escape)
#13 0.221 /src/app/app/controllers/comments_controller.rb:16:5: warning[gradual_untyped]: method call resolves to RBS `untyped` (gradual escape)
#13 0.221 /src/app/app/controllers/comments_controller.rb:22:44: warning[gradual_untyped]: method call resolves to RBS `untyped` (gradual escape)
#13 0.221 /src/app/app/controllers/comments_controller.rb:25:5: warning[gradual_untyped]: method call resolves to RBS `untyped` (gradual escape)
#13 0.221 /src/app/app/controllers/comments_controller.rb:31:64: warning[unresolved_type]: local read `followed` has unresolved type
#13 0.221 /src/app/app/controllers/exports_controller.rb:6:5: warning[gradual_untyped]: method call resolves to RBS `untyped` (gradual escape)
#13 0.221 /src/app/app/controllers/exports_controller.rb:11:40: warning[gradual_untyped]: method call resolves to RBS `untyped` (gradual escape)
#13 0.221 /src/app/app/controllers/exports_controller.rb:13:5: warning[gradual_untyped]: method call resolves to RBS `untyped` (gradual escape)
#13 0.221 /src/app/app/controllers/favorites_controller.rb:6:5: warning[gradual_untyped]: method call resolves to RBS `untyped` (gradual escape)
#13 0.221 /src/app/app/controllers/favorites_controller.rb:12:5: warning[gradual_untyped]: method call resolves to RBS `untyped` (gradual escape)
#13 0.221 /src/app/app/controllers/health_controller.rb:3:5: warning[gradual_untyped]: method call resolves to RBS `untyped` (gradual escape)
#13 0.221 /src/app/app/controllers/profiles_controller.rb:3:5: warning[gradual_untyped]: method call resolves to RBS `untyped` (gradual escape)
#13 0.221 /src/app/app/controllers/profiles_controller.rb:9:5: warning[gradual_untyped]: method call resolves to RBS `untyped` (gradual escape)
#13 0.221 /src/app/app/controllers/profiles_controller.rb:15:5: warning[gradual_untyped]: method call resolves to RBS `untyped` (gradual escape)
#13 0.221 /src/app/app/controllers/profiles_controller.rb:19:28: warning[gradual_untyped]: method call resolves to RBS `untyped` (gradual escape)
#13 0.221 /src/app/app/controllers/shares_controller.rb:6:5: warning[gradual_untyped]: method call resolves to RBS `untyped` (gradual escape)
#13 0.221 /src/app/app/controllers/shares_controller.rb:10:11: warning[gradual_untyped]: method call resolves to RBS `untyped` (gradual escape)
#13 0.221 /src/app/app/controllers/shares_controller.rb:16:23: warning[gradual_untyped]: local read resolves to RBS `untyped` (gradual escape)
#13 0.221 /src/app/app/controllers/shares_controller.rb:17:5: warning[gradual_untyped]: method call resolves to RBS `untyped` (gradual escape)
#13 0.221 /src/app/app/controllers/shares_controller.rb:21:5: warning[gradual_untyped]: method call resolves to RBS `untyped` (gradual escape)
#13 0.221 /src/app/app/controllers/shares_controller.rb:27:59: warning[gradual_untyped]: method call resolves to RBS `untyped` (gradual escape)
#13 0.221 /src/app/app/controllers/shares_controller.rb:27:95: warning[gradual_untyped]: method call resolves to RBS `untyped` (gradual escape)
#13 0.221 /src/app/app/controllers/shares_controller.rb:27:127: warning[gradual_untyped]: method call resolves to RBS `untyped` (gradual escape)
#13 0.221 /src/app/app/controllers/shares_controller.rb:28:56: warning[gradual_untyped]: method call resolves to RBS `untyped` (gradual escape)
#13 0.221 /src/app/app/controllers/shares_controller.rb:28:99: warning[unresolved_type]: local read `a` has unresolved type
#13 0.221 /src/app/app/controllers/shares_controller.rb:28:135: warning[gradual_untyped]: method call resolves to RBS `untyped` (gradual escape)
#13 0.221 /src/app/app/controllers/shares_controller.rb:29:5: warning[gradual_untyped]: method call resolves to RBS `untyped` (gradual escape)
#13 0.221 /src/app/app/controllers/shares_controller.rb:32:21: warning[gradual_untyped]: method call resolves to RBS `untyped` (gradual escape)
#13 0.221 /src/app/app/controllers/shares_controller.rb:32:34: warning[gradual_untyped]: method call resolves to RBS `untyped` (gradual escape)
#13 0.221 /src/app/app/controllers/shares_controller.rb:36:45: warning[gradual_untyped]: method call resolves to RBS `untyped` (gradual escape)
#13 0.221 /src/app/app/controllers/shares_controller.rb:37:74: warning[gradual_untyped]: method call resolves to RBS `untyped` (gradual escape)
#13 0.221 /src/app/app/controllers/tags_controller.rb:5:5: warning[gradual_untyped]: method call resolves to RBS `untyped` (gradual escape)
#13 0.221 /src/app/app/controllers/users_controller.rb:5:5: warning[gradual_untyped]: expression resolves to RBS `untyped` (gradual escape)
#13 0.221 /src/app/app/controllers/users_controller.rb:6:7: warning[gradual_untyped]: method call resolves to RBS `untyped` (gradual escape)
#13 0.221 /src/app/app/controllers/users_controller.rb:7:5: warning[gradual_untyped]: expression resolves to RBS `untyped` (gradual escape)
#13 0.221 /src/app/app/controllers/users_controller.rb:8:7: warning[gradual_untyped]: method call resolves to RBS `untyped` (gradual escape)
#13 0.221 /src/app/app/controllers/users_controller.rb:10:7: warning[gradual_untyped]: method call resolves to RBS `untyped` (gradual escape)
#13 0.221 /src/app/app/controllers/users_controller.rb:17:58: warning[gradual_untyped]: method call resolves to RBS `untyped` (gradual escape)
#13 0.221 /src/app/app/controllers/users_controller.rb:19:13: warning[gradual_untyped]: method call resolves to RBS `untyped` (gradual escape)
#13 0.221 /src/app/app/controllers/users_controller.rb:20:16: warning[gradual_untyped]: method call resolves to RBS `untyped` (gradual escape)
#13 0.221 /src/app/app/controllers/users_controller.rb:21:60: warning[gradual_untyped]: local read resolves to RBS `untyped` (gradual escape)
#13 0.221 /src/app/app/controllers/users_controller.rb:21:83: warning[gradual_untyped]: local read resolves to RBS `untyped` (gradual escape)
#13 0.221 /src/app/app/controllers/users_controller.rb:22:43: warning[gradual_untyped]: method call resolves to RBS `untyped` (gradual escape)
#13 0.221 /src/app/app/controllers/users_controller.rb:22:43: warning[gradual_untyped]: local read resolves to RBS `untyped` (gradual escape)
#13 0.221 /src/app/app/controllers/users_controller.rb:23:5: warning[gradual_untyped]: expression resolves to RBS `untyped` (gradual escape)
#13 0.221 /src/app/app/controllers/users_controller.rb:23:27: warning[gradual_untyped]: local read resolves to RBS `untyped` (gradual escape)
#13 0.221 /src/app/app/controllers/users_controller.rb:24:7: warning[gradual_untyped]: method call resolves to RBS `untyped` (gradual escape)
#13 0.221 /src/app/app/controllers/users_controller.rb:26:27: warning[gradual_untyped]: local read resolves to RBS `untyped` (gradual escape)
#13 0.221 /src/app/app/controllers/users_controller.rb:26:34: warning[gradual_untyped]: method call resolves to RBS `untyped` (gradual escape)
#13 0.221 /src/app/app/controllers/users_controller.rb:33:5: warning[gradual_untyped]: method call resolves to RBS `untyped` (gradual escape)
#13 0.221 /src/app/app/controllers/users_controller.rb:39:5: warning[gradual_untyped]: method call resolves to RBS `untyped` (gradual escape)
#13 0.221 /src/app/app/controllers/users_controller.rb:45:52: warning[gradual_untyped]: method call resolves to RBS `untyped` (gradual escape)
#13 0.221 /src/app/app/controllers/users_controller.rb:45:77: warning[gradual_untyped]: method call resolves to RBS `untyped` (gradual escape)
#13 0.221 /src/app/app/models/article.rb:10:80: warning[unresolved_type]: local read `user` has unresolved type
#13 0.221 /src/app/app/models/article.rb:13:8: warning[gradual_untyped]: method call resolves to RBS `untyped` (gradual escape)
#13 0.221 /src/app/app/models/article.rb:13:8: warning[gradual_untyped]: local read resolves to RBS `untyped` (gradual escape)
#13 0.221 /src/app/app/models/user.rb:19:72: warning[unresolved_type]: method call `password` has unresolved type
#13 0.221 /src/app/app/models/user.rb:19:93: warning[unresolved_type]: method call `password` has unresolved type
#13 0.221 /src/app/app/models/user.rb:23:70: warning[unresolved_type]: method call `password` has unresolved type
#13 0.221 /src/app/app/models/user.rb:28:5: warning[gradual_untyped]: expression resolves to RBS `untyped` (gradual escape)
#13 0.221 
#13 0.221 roundhouse-check: 10 gems: 1 framework, 1 modeled, 5 infrastructure, 3 unknown (faye-websocket, good_job, jwt)
#13 0.221 roundhouse-check: /src/app — 0 parse error(s), 0 error(s), 129 warning(s), 0 gap-attributed note(s), 0 survey gap(s)
#13 0.468 roundhouse: treeshake (spinel): dropped 49 runtime defs + 157 synthesized model defs (text-level, whole-tree name scan)
#13 0.469 roundhouse: 169 analyze warning(s) not shown — rerun with --allow-unsupported to list them
#13 0.477 roundhouse: emitted 327 files to /build (spinel)
#13 DONE 0.6s

#14 [build 4/5] WORKDIR /build
#14 DONE 0.1s

#15 [build 5/5] RUN spin build -- --cc=clang --jobs=8     && mkdir -p /runtime/static /runtime/public /runtime/db /runtime/config /runtime/storage     && set -- build/bin/* && test "$#" -eq 1 && test -x "$1"     && install -m755 "$1" /runtime/server && strip /runtime/server     && for dir in static public db config; do if [ -d "$dir" ]; then cp -a "$dir/." "/runtime/$dir/"; fi; done     && test -s /runtime/db/structure.sql && ldd /runtime/server
#15 8.534 build blog
#15 8.700 cc bcrypt/crypt_blowfish.c
#15 8.861 cc bcrypt/crypt_blowfish.c (threaded)
#15 8.884 cc bcrypt/sp_bcrypt.c
#15 8.908 cc bcrypt/sp_bcrypt.c (threaded)
#15 32.32 warning: --rbs: Attached @variations: Array[Variation] stays a boxed array; every use of it must be one the unboxed array supports ([], []=, push, length, empty?, first, last, min, max, sort) from the class's own instance methods or its attr_reader
#15 32.32 warning: --rbs: ActiveRecord__Base @validation_entries: Array[ActiveModel__Error] stays a boxed array; every use of it must be one the unboxed array supports ([], []=, push, length, empty?, first, last, min, max, sort) from the class's own instance methods or its attr_reader
#15 32.32 warning: --rbs: UserAgent @tokens: Array[UserAgentToken] stays a boxed array; every use of it must be one the unboxed array supports ([], []=, push, length, empty?, first, last, min, max, sort) from the class's own instance methods or its attr_reader
#15 32.32 warning: --rbs: ApplicationRecord @validation_entries: Array[ActiveModel__Error] stays a boxed array; every use of it must be one the unboxed array supports ([], []=, push, length, empty?, first, last, min, max, sort) from the class's own instance methods or its attr_reader
#15 32.32 warning: --rbs: Article @validation_entries: Array[ActiveModel__Error] stays a boxed array; every use of it must be one the unboxed array supports ([], []=, push, length, empty?, first, last, min, max, sort) from the class's own instance methods or its attr_reader
#15 32.32 warning: --rbs: ArticleExport @validation_entries: Array[ActiveModel__Error] stays a boxed array; every use of it must be one the unboxed array supports ([], []=, push, length, empty?, first, last, min, max, sort) from the class's own instance methods or its attr_reader
#15 32.32 warning: --rbs: ArticleShare @validation_entries: Array[ActiveModel__Error] stays a boxed array; every use of it must be one the unboxed array supports ([], []=, push, length, empty?, first, last, min, max, sort) from the class's own instance methods or its attr_reader
#15 32.32 warning: --rbs: Comment @validation_entries: Array[ActiveModel__Error] stays a boxed array; every use of it must be one the unboxed array supports ([], []=, push, length, empty?, first, last, min, max, sort) from the class's own instance methods or its attr_reader
#15 32.32 warning: --rbs: Favorite @validation_entries: Array[ActiveModel__Error] stays a boxed array; every use of it must be one the unboxed array supports ([], []=, push, length, empty?, first, last, min, max, sort) from the class's own instance methods or its attr_reader
#15 32.32 warning: --rbs: Follow @validation_entries: Array[ActiveModel__Error] stays a boxed array; every use of it must be one the unboxed array supports ([], []=, push, length, empty?, first, last, min, max, sort) from the class's own instance methods or its attr_reader
#15 32.32 warning: --rbs: User @validation_entries: Array[ActiveModel__Error] stays a boxed array; every use of it must be one the unboxed array supports ([], []=, push, length, empty?, first, last, min, max, sort) from the class's own instance methods or its attr_reader
#15 32.32 /build/bin/blog.rb -> /build/build/bin/blog
#15 32.34 	linux-vdso.so.1 (0x0000ffff9ac6c000)
#15 32.34 	libm.so.6 => /lib/aarch64-linux-gnu/libm.so.6 (0x0000ffff9a660000)
#15 32.34 	libjemalloc.so.2 => /lib/aarch64-linux-gnu/libjemalloc.so.2 (0x0000ffff9a530000)
#15 32.34 	libpq.so.5 => /lib/aarch64-linux-gnu/libpq.so.5 (0x0000ffff9a4b0000)
#15 32.34 	libc.so.6 => /lib/aarch64-linux-gnu/libc.so.6 (0x0000ffff9a2f0000)
#15 32.34 	/lib/ld-linux-aarch64.so.1 (0x0000ffff9ac30000)
#15 32.34 	libstdc++.so.6 => /lib/aarch64-linux-gnu/libstdc++.so.6 (0x0000ffff9a080000)
#15 32.34 	libgcc_s.so.1 => /lib/aarch64-linux-gnu/libgcc_s.so.1 (0x0000ffff9a040000)
#15 32.34 	libssl.so.3 => /lib/aarch64-linux-gnu/libssl.so.3 (0x0000ffff99f10000)
#15 32.34 	libcrypto.so.3 => /lib/aarch64-linux-gnu/libcrypto.so.3 (0x0000ffff998f0000)
#15 32.34 	libgssapi_krb5.so.2 => /lib/aarch64-linux-gnu/libgssapi_krb5.so.2 (0x0000ffff99880000)
#15 32.34 	libldap.so.2 => /lib/aarch64-linux-gnu/libldap.so.2 (0x0000ffff99800000)
#15 32.34 	libz.so.1 => /lib/aarch64-linux-gnu/libz.so.1 (0x0000ffff997c0000)
#15 32.34 	libzstd.so.1 => /lib/aarch64-linux-gnu/libzstd.so.1 (0x0000ffff996f0000)
#15 32.34 	libkrb5.so.3 => /lib/aarch64-linux-gnu/libkrb5.so.3 (0x0000ffff99600000)
#15 32.34 	libk5crypto.so.3 => /lib/aarch64-linux-gnu/libk5crypto.so.3 (0x0000ffff995b0000)
#15 32.34 	libcom_err.so.2 => /lib/aarch64-linux-gnu/libcom_err.so.2 (0x0000ffff99580000)
#15 32.34 	libkrb5support.so.0 => /lib/aarch64-linux-gnu/libkrb5support.so.0 (0x0000ffff99550000)
#15 32.34 	liblber.so.2 => /lib/aarch64-linux-gnu/liblber.so.2 (0x0000ffff99520000)
#15 32.34 	libsasl2.so.2 => /lib/aarch64-linux-gnu/libsasl2.so.2 (0x0000ffff994e0000)
#15 32.34 	libkeyutils.so.1 => /lib/aarch64-linux-gnu/libkeyutils.so.1 (0x0000ffff994b0000)
#15 32.34 	libresolv.so.2 => /lib/aarch64-linux-gnu/libresolv.so.2 (0x0000ffff99480000)
#15 DONE 33.3s

#16 [runtime 2/4] RUN apt-get update -qq     && apt-get install --no-install-recommends -y libpq5 libjemalloc2 ca-certificates     && rm -rf /var/lib/apt/lists/*     && groupadd --gid 10001 app && useradd --uid 10001 --gid app --no-create-home --home-dir /app app
#16 CACHED

#17 [runtime 3/4] WORKDIR /app
#17 CACHED

#18 [runtime 4/4] COPY --from=build --chown=10001:10001 /runtime/ ./
#18 DONE 0.1s

#19 exporting to image
#19 exporting layers
#19 exporting layers 0.0s done
#19 writing image sha256:2197c7e84261c951fbd452766f3edc18899017bccbbf00442bfdfea133c8084d done
#19 naming to docker.io/library/conduit-v6-gate-conduit-v6-ws-compiled-84254:latest done
#19 DONE 0.1s
Success api/hurl/articles.hurl (17 request(s) in 259 ms)
Success api/hurl/auth.hurl (20 request(s) in 455 ms)
Success api/hurl/comments.hurl (13 request(s) in 236 ms)
Success api/hurl/errors_articles.hurl (20 request(s) in 225 ms)
Success api/hurl/errors_auth.hurl (20 request(s) in 2356 ms)
Success api/hurl/errors_authorization.hurl (9 request(s) in 441 ms)
Success api/hurl/errors_comments.hurl (10 request(s) in 240 ms)
Success api/hurl/errors_profiles.hurl (6 request(s) in 233 ms)
Success api/hurl/favorites.hurl (9 request(s) in 263 ms)
Success api/hurl/feed.hurl (12 request(s) in 474 ms)
Success api/hurl/pagination.hurl (7 request(s) in 249 ms)
Success api/hurl/profiles.hurl (7 request(s) in 465 ms)
Success api/hurl/tags.hurl (4 request(s) in 234 ms)
Success features/drafts/hurl/drafts.hurl (23 request(s) in 534 ms)
Success features/drafts/hurl/errors_drafts.hurl (24 request(s) in 484 ms)
Success features/exports/hurl/exports.hurl (18 request(s) in 761 ms)
Success features/live-editing/hurl/live-editing.hurl (18 request(s) in 513 ms)
--------------------------------------------------------------------------------
Executed files:    17
Executed requests: 237 (28.1/s)
Succeeded files:   17 (100.0%)
Failed files:      0 (0.0%)
Duration:          8448 ms (0h:0m:8s:448ms)

PASS live protocol: authorization, presence, updates, conflict, reconnect, revocation

Running 4 tests using 1 worker

  ✓  1 tests/editor.spec.js:7:1 › three independent browsers share edits and presence without losing a dirty draft (916ms)
  ✓  2 tests/editor.spec.js:42:1 › the 101st editor sees Room full and can retry after a slot opens (675ms)
  ✓  3 tests/editor.spec.js:70:1 › revoking the link ends access to the editor (333ms)
  ✓  4 tests/editor.spec.js:84:1 › a delayed save response preserves newer typing and socket state (502ms)

  4 passed (3.0s)
Success s01_jwt_alg_none.hurl (1 request(s) in 0 ms)
Success s02_jwt_signature_stripped.hurl (3 request(s) in 218 ms)
Success s03_jwt_garbage.hurl (2 request(s) in 2 ms)
Success s04_mass_assignment_user.hurl (2 request(s) in 216 ms)
Success s05_mass_assignment_article.hurl (2 request(s) in 207 ms)
Success s06_injection_filters.hurl (4 request(s) in 2 ms)
Success s07_malformed_json.hurl (1 request(s) in 0 ms)
Success s08_wrong_types.hurl (8 request(s) in 217 ms)
Success s09_oversized_body.hurl (2 request(s) in 273 ms)
Success s10_unknown_route.hurl (1 request(s) in 0 ms)
Success s11_login_enumeration.hurl (3 request(s) in 432 ms)
Success s12_nosniff_header.hurl (1 request(s) in 3 ms)
error: Assert status code
  --> s13_login_rate_limit.hurl:27:6
   |
   | POST {{host}}/api/users/login
   | ...
27 | HTTP 429
   |      ^^^ actual value is <511>
   |

Failure s13_login_rate_limit.hurl (22 request(s) in 4833 ms)
--------------------------------------------------------------------------------
Executed files:    13
Executed requests: 52 (8.1/s)
Succeeded files:   12 (92.3%)
Failed files:      1 (7.7%)
Duration:          6416 ms (0h:0m:6s:416ms)

/work/app/package/results/ruby-compile/roundhouse-spinel-conduit-pg-20261004/reproduce/run-gate.sh: line 91: 84253 Terminated: 15          ( while sleep 2; do
    for c in $(docker ps -q --filter "name=agentmvc-one-shot-$(basename "$ws")-");
    do
        docker inspect -f '{{range .Mounts}}{{if eq .Type "volume"}}{{println .Name}}{{end}}{{end}}' "$c" 2> /dev/null;
    done >> "$volumes";
done )
removed volume 938f78fe6e13b43c81d57abb4b7b4f625ad9542668df66dafdb03db676e05ccc
check-production.sh exit 4
