PASS live protocol: authorization, presence, updates, conflict, reconnect, revocation

Running 4 tests using 1 worker

  ✓  1 tests/editor.spec.js:7:1 › three independent browsers share edits and presence without losing a dirty draft (654ms)
  ✓  2 tests/editor.spec.js:42:1 › the 101st editor sees Room full and can retry after a slot opens (517ms)
  ✓  3 tests/editor.spec.js:70:1 › revoking the link ends access to the editor (278ms)
  ✓  4 tests/editor.spec.js:84:1 › a delayed save response preserves newer typing and socket state (403ms)

  4 passed (2.2s)
#0 building with "orbstack" instance using docker driver

#1 [internal] load build definition from Dockerfile
#1 transferring dockerfile:
#1 transferring dockerfile: 627B done
#1 DONE 0.2s

#2 [internal] load metadata for docker.io/library/elixir:1.18.4-otp-27
#2 DONE 0.0s

#3 [internal] load .dockerignore
#3 transferring context: 134B done
#3 DONE 0.0s

#4 [ 1/10] FROM docker.io/library/elixir:1.18.4-otp-27
#4 DONE 0.0s

#5 [internal] load build context
#5 transferring context: 1.60kB done
#5 DONE 0.0s

#6 [ 7/10] RUN DATABASE_URL=ecto://build:build@localhost/build SECRET_KEY_BASE=build-secret-key-base-build-secret-key-base-build-secret-key-base mix deps.get --only prod
#6 CACHED

#7 [ 3/10] RUN mix local.hex --force && mix local.rebar --force
#7 CACHED

#8 [ 2/10] WORKDIR /app
#8 CACHED

#9 [ 6/10] COPY config ./config
#9 CACHED

#10 [ 9/10] COPY priv ./priv
#10 CACHED

#11 [ 4/10] COPY mix.exs ./
#11 CACHED

#12 [ 8/10] COPY lib ./lib
#12 CACHED

#13 [ 5/10] COPY conduit/mix.lock ./mix.lock
#13 CACHED

#14 [10/10] RUN DATABASE_URL=ecto://build:build@localhost/build SECRET_KEY_BASE=build-secret-key-base-build-secret-key-base-build-secret-key-base mix compile
#14 CACHED

#15 exporting to image
#15 exporting layers done
#15 writing image sha256:71e8a8e47c6a3064bf26f915b87c3a771e15b3bb0f3718ece6c535412a80275a done
#15 naming to docker.io/library/agentmvc-one-shot-phoenix-2797:latest done
#15 DONE 0.0s
Success api/hurl/articles.hurl (17 request(s) in 259 ms)
Success api/hurl/auth.hurl (20 request(s) in 391 ms)
Success api/hurl/comments.hurl (13 request(s) in 228 ms)
Success api/hurl/errors_articles.hurl (20 request(s) in 205 ms)
Success api/hurl/errors_auth.hurl (20 request(s) in 1432 ms)
Success api/hurl/errors_authorization.hurl (9 request(s) in 369 ms)
Success api/hurl/errors_comments.hurl (10 request(s) in 187 ms)
Success api/hurl/errors_profiles.hurl (6 request(s) in 181 ms)
Success api/hurl/favorites.hurl (9 request(s) in 204 ms)
Success api/hurl/feed.hurl (12 request(s) in 386 ms)
Success api/hurl/pagination.hurl (7 request(s) in 204 ms)
Success api/hurl/profiles.hurl (7 request(s) in 432 ms)
Success api/hurl/tags.hurl (4 request(s) in 288 ms)
Success features/drafts/hurl/drafts.hurl (23 request(s) in 606 ms)
Success features/drafts/hurl/errors_drafts.hurl (24 request(s) in 528 ms)
Success features/exports/hurl/exports.hurl (18 request(s) in 793 ms)
Success features/live-editing/hurl/live-editing.hurl (18 request(s) in 544 ms)
--------------------------------------------------------------------------------
Executed files:    17
Executed requests: 237 (32.7/s)
Succeeded files:   17 (100.0%)
Failed files:      0 (0.0%)
Duration:          7258 ms (0h:0m:7s:258ms)

Success s01_jwt_alg_none.hurl (1 request(s) in 1 ms)
Success s02_jwt_signature_stripped.hurl (3 request(s) in 183 ms)
Success s03_jwt_garbage.hurl (2 request(s) in 2 ms)
Success s04_mass_assignment_user.hurl (2 request(s) in 185 ms)
Success s05_mass_assignment_article.hurl (2 request(s) in 181 ms)
Success s06_injection_filters.hurl (4 request(s) in 3 ms)
Success s07_malformed_json.hurl (1 request(s) in 4 ms)
Success s08_wrong_types.hurl (8 request(s) in 177 ms)
Success s09_oversized_body.hurl (2 request(s) in 196 ms)
Success s10_unknown_route.hurl (1 request(s) in 1 ms)
Success s11_login_enumeration.hurl (3 request(s) in 521 ms)
Success s12_nosniff_header.hurl (1 request(s) in 1 ms)
Success s13_login_rate_limit.hurl (22 request(s) in 3810 ms)
--------------------------------------------------------------------------------
Executed files:    13
Executed requests: 52 (9.9/s)
Succeeded files:   13 (100.0%)
Failed files:      0 (0.0%)
Duration:          5276 ms (0h:0m:5s:276ms)

