#0 building with "orbstack" instance using docker driver

#1 [internal] load build definition from Dockerfile
#1 transferring dockerfile: 1.09kB done
#1 DONE 0.0s

#2 resolve image config for docker-image://docker.io/docker/dockerfile:1
#2 DONE 1.5s

#3 docker-image://docker.io/docker/dockerfile:1@sha256:4edf897a3ffa55b89f906fc8cc78afdb3f1834cc9c7083565e611a8a7d5fe99e
#3 CACHED

#4 [internal] load metadata for docker.io/library/ruby:4.0.7-slim
#4 DONE 0.0s

#5 [internal] load .dockerignore
#5 transferring context: 210B done
#5 DONE 0.0s

#6 [base 1/3] FROM docker.io/library/ruby:4.0.7-slim
#6 DONE 0.0s

#7 [internal] load build context
#7 transferring context: 3.43kB done
#7 DONE 0.0s

#8 [build 3/5] RUN bundle install && rm -rf /usr/local/bundle/ruby/*/cache
#8 CACHED

#9 [build 4/5] COPY . .
#9 CACHED

#10 [base 3/3] RUN apt-get update -qq && apt-get install --no-install-recommends -y     libpq5 ca-certificates && rm -rf /var/lib/apt/lists/*
#10 CACHED

#11 [build 5/5] RUN bundle exec bootsnap precompile -j 1 --gemfile &&     bundle exec bootsnap precompile -j 1 app/ lib/
#11 CACHED

#12 [base 2/3] WORKDIR /rails
#12 CACHED

#13 [build 2/5] COPY Gemfile Gemfile.lock ./
#13 CACHED

#14 [build 1/5] RUN apt-get update -qq && apt-get install --no-install-recommends -y     build-essential libpq-dev git && rm -rf /var/lib/apt/lists/*
#14 CACHED

#15 [stage-2 2/3] COPY --from=build --chown=rails:rails /usr/local/bundle /usr/local/bundle
#15 CACHED

#16 [stage-2 1/3] RUN groupadd --system --gid 1000 rails &&     useradd rails --uid 1000 --gid 1000 --create-home
#16 CACHED

#17 [stage-2 3/3] COPY --from=build --chown=rails:rails /rails /rails
#17 CACHED

#18 exporting to image
#18 exporting layers done
#18 writing image sha256:d5095d7a967ed70f05003766700f997bf777bdad175d169adcdcdf2fe6642a02 done
#18 naming to docker.io/library/conduit-v8b-app:cruby done
#18 DONE 0.0s
#0 building with "orbstack" instance using docker driver

#1 [internal] load build definition from Dockerfile
#1 transferring dockerfile: 1.09kB done
#1 DONE 0.0s

#2 resolve image config for docker-image://docker.io/docker/dockerfile:1
#2 DONE 0.5s

#3 docker-image://docker.io/docker/dockerfile:1@sha256:4edf897a3ffa55b89f906fc8cc78afdb3f1834cc9c7083565e611a8a7d5fe99e
#3 CACHED

#4 [internal] load metadata for docker.io/library/ruby:3.3.2-slim
#4 DONE 2.8s

#5 [internal] load .dockerignore
#5 transferring context: 210B done
#5 DONE 0.0s

#6 [base 1/3] FROM docker.io/library/ruby:3.3.2-slim@sha256:4d611590cb3dc3211dc2e42c87347970c0ae9f7ad9c3db17a121d5996296f8ff
#6 resolve docker.io/library/ruby:3.3.2-slim@sha256:4d611590cb3dc3211dc2e42c87347970c0ae9f7ad9c3db17a121d5996296f8ff 0.0s done
#6 sha256:4d611590cb3dc3211dc2e42c87347970c0ae9f7ad9c3db17a121d5996296f8ff 10.37kB / 10.37kB done
#6 sha256:9e20d87fc90b12696b53c4df65ce801abbe4967fcd2b1667caa7e2f6ecca1ad3 1.94kB / 1.94kB done
#6 sha256:7faa7b9a720c6edc373fd8a6aab3ebaf6c52b44e6b1bb2a0c9ec6dbfcdd92c53 6.11kB / 6.11kB done
#6 DONE 0.2s

#7 [internal] load build context
#7 transferring context: 79.56kB 0.0s done
#7 DONE 0.0s

#8 [base 2/3] WORKDIR /rails
#8 DONE 0.1s

#9 [base 3/3] RUN apt-get update -qq && apt-get install --no-install-recommends -y     libpq5 ca-certificates && rm -rf /var/lib/apt/lists/*
#9 2.764 Reading package lists...
#9 2.970 Building dependency tree...
#9 3.024 Reading state information...
#9 3.102 The following additional packages will be installed:
#9 3.102   libldap-2.5-0 libsasl2-2 libsasl2-modules-db
#9 3.103 Recommended packages:
#9 3.103   libldap-common libsasl2-modules
#9 3.120 The following NEW packages will be installed:
#9 3.120   libldap-2.5-0 libpq5 libsasl2-2 libsasl2-modules-db
#9 3.120 The following packages will be upgraded:
#9 3.120   ca-certificates
#9 3.249 1 upgraded, 4 newly installed, 0 to remove and 52 not upgraded.
#9 3.249 Need to get 607 kB of archives.
#9 3.249 After this operation, 1842 kB of additional disk space will be used.
#9 3.249 Get:1 http://deb.debian.org/debian-security bookworm-security/main arm64 ca-certificates all 20250419~deb12u1 [162 kB]
#9 3.557 Get:2 http://deb.debian.org/debian bookworm/main arm64 libsasl2-modules-db arm64 2.1.28+dfsg-10 [20.8 kB]
#9 3.559 Get:3 http://deb.debian.org/debian bookworm/main arm64 libsasl2-2 arm64 2.1.28+dfsg-10 [58.0 kB]
#9 3.576 Get:4 http://deb.debian.org/debian bookworm/main arm64 libldap-2.5-0 arm64 2.5.13+dfsg-5 [171 kB]
#9 3.639 Get:5 http://deb.debian.org/debian-security bookworm-security/main arm64 libpq5 arm64 15.19-0+deb12u1 [196 kB]
#9 3.739 debconf: delaying package configuration, since apt-utils is not installed
#9 3.752 Fetched 607 kB in 1s (1083 kB/s)
#9 3.782 (Reading database ... 
(Reading database ... 5%
(Reading database ... 10%
(Reading database ... 15%
(Reading database ... 20%
(Reading database ... 25%
(Reading database ... 30%
(Reading database ... 35%
(Reading database ... 40%
(Reading database ... 45%
(Reading database ... 50%
(Reading database ... 55%
(Reading database ... 60%
(Reading database ... 65%
(Reading database ... 70%
(Reading database ... 75%
(Reading database ... 80%
(Reading database ... 85%
(Reading database ... 90%
(Reading database ... 95%
(Reading database ... 100%
(Reading database ... 8728 files and directories currently installed.)
#9 3.793 Preparing to unpack .../ca-certificates_20250419~deb12u1_all.deb ...
#9 3.855 Unpacking ca-certificates (20250419~deb12u1) over (20230311) ...
#9 3.997 Selecting previously unselected package libsasl2-modules-db:arm64.
#9 3.998 Preparing to unpack .../libsasl2-modules-db_2.1.28+dfsg-10_arm64.deb ...
#9 4.001 Unpacking libsasl2-modules-db:arm64 (2.1.28+dfsg-10) ...
#9 4.021 Selecting previously unselected package libsasl2-2:arm64.
#9 4.022 Preparing to unpack .../libsasl2-2_2.1.28+dfsg-10_arm64.deb ...
#9 4.028 Unpacking libsasl2-2:arm64 (2.1.28+dfsg-10) ...
#9 4.049 Selecting previously unselected package libldap-2.5-0:arm64.
#9 4.050 Preparing to unpack .../libldap-2.5-0_2.5.13+dfsg-5_arm64.deb ...
#9 4.052 Unpacking libldap-2.5-0:arm64 (2.5.13+dfsg-5) ...
#9 4.077 Selecting previously unselected package libpq5:arm64.
#9 4.078 Preparing to unpack .../libpq5_15.19-0+deb12u1_arm64.deb ...
#9 4.080 Unpacking libpq5:arm64 (15.19-0+deb12u1) ...
#9 4.111 Setting up libsasl2-modules-db:arm64 (2.1.28+dfsg-10) ...
#9 4.118 Setting up ca-certificates (20250419~deb12u1) ...
#9 4.153 debconf: unable to initialize frontend: Dialog
#9 4.153 debconf: (TERM is not set, so the dialog frontend is not usable.)
#9 4.153 debconf: falling back to frontend: Readline
#9 4.153 debconf: unable to initialize frontend: Readline
#9 4.153 debconf: (Can't locate Term/ReadLine.pm in @INC (you may need to install the Term::ReadLine module) (@INC contains: /etc/perl /usr/local/lib/aarch64-linux-gnu/perl/5.36.0 /usr/local/share/perl/5.36.0 /usr/lib/aarch64-linux-gnu/perl5/5.36 /usr/share/perl5 /usr/lib/aarch64-linux-gnu/perl-base /usr/lib/aarch64-linux-gnu/perl/5.36 /usr/share/perl/5.36 /usr/local/lib/site_perl) at /usr/share/perl5/Debconf/FrontEnd/Readline.pm line 7.)
#9 4.153 debconf: falling back to frontend: Teletype
#9 4.615 Updating certificates in /etc/ssl/certs...
#9 4.882 rehash: warning: skipping ca-certificates.crt,it does not contain exactly one certificate or CRL
#9 4.894 23 added, 13 removed; done.
#9 4.916 Setting up libsasl2-2:arm64 (2.1.28+dfsg-10) ...
#9 4.925 Setting up libldap-2.5-0:arm64 (2.5.13+dfsg-5) ...
#9 4.933 Setting up libpq5:arm64 (15.19-0+deb12u1) ...
#9 4.942 Processing triggers for libc-bin (2.36-9+deb12u7) ...
#9 4.980 Processing triggers for ca-certificates (20250419~deb12u1) ...
#9 4.984 Updating certificates in /etc/ssl/certs...
#9 5.125 0 added, 0 removed; done.
#9 5.125 Running hooks in /etc/ca-certificates/update.d...
#9 5.126 done.
#9 DONE 5.2s

#10 [stage-2 1/3] RUN groupadd --system --gid 1000 rails &&     useradd rails --uid 1000 --gid 1000 --create-home
#10 DONE 0.2s

#11 [build 1/5] RUN apt-get update -qq && apt-get install --no-install-recommends -y     build-essential libpq-dev git && rm -rf /var/lib/apt/lists/*
#11 2.660 Reading package lists...
#11 2.862 Building dependency tree...
#11 2.916 Reading state information...
#11 3.075 The following additional packages will be installed:
#11 3.075   binutils binutils-aarch64-linux-gnu binutils-common cpp cpp-12 dpkg dpkg-dev
#11 3.075   g++ g++-12 gcc gcc-12 gcc-12-base git-man libasan8 libatomic1 libbinutils
#11 3.075   libbrotli1 libcc1-0 libctf-nobfd0 libctf0 libcurl3-gnutls libdpkg-perl
#11 3.075   liberror-perl libexpat1 libgcc-12-dev libgcc-s1 libgdbm-compat4 libgdbm6
#11 3.075   libgomp1 libgprofng0 libhwasan0 libisl23 libitm1 libjansson4 liblsan0
#11 3.075   liblzma5 libmpc3 libmpfr6 libnghttp2-14 libperl5.36 libpsl5 librtmp1
#11 3.075   libssh2-1 libstdc++-12-dev libstdc++6 libtsan2 libubsan1 make patch perl
#11 3.075   perl-base perl-modules-5.36 xz-utils
#11 3.076 Suggested packages:
#11 3.076   binutils-doc cpp-doc gcc-12-locales cpp-12-doc debsig-verify debian-keyring
#11 3.076   gcc-12-doc gcc-multilib manpages-dev autoconf automake libtool flex bison
#11 3.076   gdb gcc-doc gettext-base git-daemon-run | git-daemon-sysvinit git-doc
#11 3.076   git-email git-gui gitk gitweb git-cvs git-mediawiki git-svn gnupg | sq
#11 3.076   | sqop | pgpainless-cli sensible-utils bzr gdbm-l10n postgresql-doc-15
#11 3.076   libstdc++-12-doc make-doc ed diffutils-doc perl-doc
#11 3.076   libterm-readline-gnu-perl | libterm-readline-perl-perl
#11 3.076   libtap-harness-archive-perl
#11 3.076 Recommended packages:
#11 3.076   fakeroot gnupg | sq | sqop | pgpainless-cli libalgorithm-merge-perl less
#11 3.076   ssh-client libfile-fcntllock-perl liblocale-gettext-perl publicsuffix
#11 3.076   netbase
#11 3.165 The following NEW packages will be installed:
#11 3.165   binutils binutils-aarch64-linux-gnu binutils-common build-essential cpp
#11 3.165   cpp-12 dpkg-dev g++ g++-12 gcc gcc-12 git git-man libasan8 libatomic1
#11 3.165   libbinutils libbrotli1 libcc1-0 libctf-nobfd0 libctf0 libcurl3-gnutls
#11 3.165   libdpkg-perl liberror-perl libexpat1 libgcc-12-dev libgdbm-compat4 libgdbm6
#11 3.165   libgomp1 libgprofng0 libhwasan0 libisl23 libitm1 libjansson4 liblsan0
#11 3.165   libmpc3 libmpfr6 libnghttp2-14 libperl5.36 libpq-dev libpsl5 librtmp1
#11 3.165   libssh2-1 libstdc++-12-dev libtsan2 libubsan1 make patch perl
#11 3.165   perl-modules-5.36 xz-utils
#11 3.165 The following packages will be upgraded:
#11 3.165   dpkg gcc-12-base libgcc-s1 liblzma5 libstdc++6 perl-base
#11 3.297 6 upgraded, 50 newly installed, 0 to remove and 46 not upgraded.
#11 3.297 Need to get 76.3 MB of archives.
#11 3.297 After this operation, 331 MB of additional disk space will be used.
#11 3.297 Get:1 http://deb.debian.org/debian bookworm/main arm64 dpkg arm64 1.21.23 [1550 kB]
#11 3.869 Get:2 http://deb.debian.org/debian-security bookworm-security/main arm64 perl-base arm64 5.36.0-7+deb12u4 [1478 kB]
#11 4.182 Get:3 http://deb.debian.org/debian-security bookworm-security/main arm64 perl-modules-5.36 all 5.36.0-7+deb12u4 [2817 kB]
#11 4.445 Get:4 http://deb.debian.org/debian bookworm/main arm64 libgdbm6 arm64 1.23-3 [70.9 kB]
#11 4.449 Get:5 http://deb.debian.org/debian bookworm/main arm64 libgdbm-compat4 arm64 1.23-3 [48.0 kB]
#11 4.456 Get:6 http://deb.debian.org/debian-security bookworm-security/main arm64 libperl5.36 arm64 5.36.0-7+deb12u4 [4002 kB]
#11 4.888 Get:7 http://deb.debian.org/debian-security bookworm-security/main arm64 perl arm64 5.36.0-7+deb12u4 [239 kB]
#11 4.910 Get:8 http://deb.debian.org/debian bookworm/main arm64 gcc-12-base arm64 12.2.0-14+deb12u1 [37.6 kB]
#11 4.911 Get:9 http://deb.debian.org/debian bookworm/main arm64 libstdc++6 arm64 12.2.0-14+deb12u1 [557 kB]
#11 5.030 Get:10 http://deb.debian.org/debian bookworm/main arm64 libgcc-s1 arm64 12.2.0-14+deb12u1 [34.8 kB]
#11 5.033 Get:11 http://deb.debian.org/debian-security bookworm-security/main arm64 liblzma5 arm64 5.4.1-1+deb12u2 [200 kB]
#11 5.049 Get:12 http://deb.debian.org/debian-security bookworm-security/main arm64 xz-utils arm64 5.4.1-1+deb12u2 [471 kB]
#11 5.068 Get:13 http://deb.debian.org/debian bookworm/main arm64 binutils-common arm64 2.40-2 [2487 kB]
#11 5.303 Get:14 http://deb.debian.org/debian bookworm/main arm64 libbinutils arm64 2.40-2 [645 kB]
#11 5.377 Get:15 http://deb.debian.org/debian bookworm/main arm64 libctf-nobfd0 arm64 2.40-2 [144 kB]
#11 5.377 Get:16 http://deb.debian.org/debian bookworm/main arm64 libctf0 arm64 2.40-2 [79.2 kB]
#11 5.390 Get:17 http://deb.debian.org/debian bookworm/main arm64 libgprofng0 arm64 2.40-2 [680 kB]
#11 5.593 Get:18 http://deb.debian.org/debian bookworm/main arm64 libjansson4 arm64 2.14-2 [40.2 kB]
#11 5.593 Get:19 http://deb.debian.org/debian bookworm/main arm64 binutils-aarch64-linux-gnu arm64 2.40-2 [2637 kB]
#11 5.778 Get:20 http://deb.debian.org/debian bookworm/main arm64 binutils arm64 2.40-2 [64.9 kB]
#11 5.846 Get:21 http://deb.debian.org/debian bookworm/main arm64 libisl23 arm64 0.25-1.1 [610 kB]
#11 5.856 Get:22 http://deb.debian.org/debian bookworm/main arm64 libmpfr6 arm64 4.2.0-1 [600 kB]
#11 5.927 Get:23 http://deb.debian.org/debian bookworm/main arm64 libmpc3 arm64 1.3.1-1 [49.2 kB]
#11 5.938 Get:24 http://deb.debian.org/debian bookworm/main arm64 cpp-12 arm64 12.2.0-14+deb12u1 [8228 kB]
#11 6.813 Get:25 http://deb.debian.org/debian bookworm/main arm64 cpp arm64 4:12.2.0-3 [6832 B]
#11 6.813 Get:26 http://deb.debian.org/debian bookworm/main arm64 libcc1-0 arm64 12.2.0-14+deb12u1 [37.7 kB]
#11 6.813 Get:27 http://deb.debian.org/debian bookworm/main arm64 libgomp1 arm64 12.2.0-14+deb12u1 [104 kB]
#11 6.814 Get:28 http://deb.debian.org/debian bookworm/main arm64 libitm1 arm64 12.2.0-14+deb12u1 [24.0 kB]
#11 6.815 Get:29 http://deb.debian.org/debian bookworm/main arm64 libatomic1 arm64 12.2.0-14+deb12u1 [9568 B]
#11 6.816 Get:30 http://deb.debian.org/debian bookworm/main arm64 libasan8 arm64 12.2.0-14+deb12u1 [2096 kB]
#11 7.071 Get:31 http://deb.debian.org/debian bookworm/main arm64 liblsan0 arm64 12.2.0-14+deb12u1 [926 kB]
#11 7.182 Get:32 http://deb.debian.org/debian bookworm/main arm64 libtsan2 arm64 12.2.0-14+deb12u1 [2178 kB]
#11 7.364 Get:33 http://deb.debian.org/debian bookworm/main arm64 libubsan1 arm64 12.2.0-14+deb12u1 [862 kB]
#11 7.396 Get:34 http://deb.debian.org/debian bookworm/main arm64 libhwasan0 arm64 12.2.0-14+deb12u1 [999 kB]
#11 7.551 Get:35 http://deb.debian.org/debian bookworm/main arm64 libgcc-12-dev arm64 12.2.0-14+deb12u1 [956 kB]
#11 7.607 Get:36 http://deb.debian.org/debian bookworm/main arm64 gcc-12 arm64 12.2.0-14+deb12u1 [16.3 MB]
#11 9.349 Get:37 http://deb.debian.org/debian bookworm/main arm64 gcc arm64 4:12.2.0-3 [5244 B]
#11 9.349 Get:38 http://deb.debian.org/debian bookworm/main arm64 libstdc++-12-dev arm64 12.2.0-14+deb12u1 [2007 kB]
#11 9.515 Get:39 http://deb.debian.org/debian bookworm/main arm64 g++-12 arm64 12.2.0-14+deb12u1 [9072 kB]
#11 10.47 Get:40 http://deb.debian.org/debian bookworm/main arm64 g++ arm64 4:12.2.0-3 [1336 B]
#11 10.47 Get:41 http://deb.debian.org/debian bookworm/main arm64 make arm64 4.3-4.1 [391 kB]
#11 10.50 Get:42 http://deb.debian.org/debian bookworm/main arm64 libdpkg-perl all 1.21.23 [604 kB]
#11 10.62 Get:43 http://deb.debian.org/debian bookworm/main arm64 patch arm64 2.7.6-7 [121 kB]
#11 10.63 Get:44 http://deb.debian.org/debian bookworm/main arm64 dpkg-dev all 1.21.23 [1354 kB]
#11 10.78 Get:45 http://deb.debian.org/debian bookworm/main arm64 build-essential arm64 12.9 [7704 B]
#11 10.78 Get:46 http://deb.debian.org/debian bookworm/main arm64 libbrotli1 arm64 1.0.9-2+b6 [269 kB]
#11 10.80 Get:47 http://deb.debian.org/debian bookworm/main arm64 libnghttp2-14 arm64 1.52.0-1+deb12u3 [69.0 kB]
#11 10.81 Get:48 http://deb.debian.org/debian bookworm/main arm64 libpsl5 arm64 0.21.2-1 [58.6 kB]
#11 10.81 Get:49 http://deb.debian.org/debian bookworm/main arm64 librtmp1 arm64 2.4+20151223.gitfa8646d.1-2+b2 [59.4 kB]
#11 10.81 Get:50 http://deb.debian.org/debian-security bookworm-security/main arm64 libssh2-1 arm64 1.10.0-3+deb12u1 [169 kB]
#11 10.82 Get:51 http://deb.debian.org/debian bookworm/main arm64 libcurl3-gnutls arm64 7.88.1-10+deb12u15 [362 kB]
#11 10.84 Get:52 http://deb.debian.org/debian-security bookworm-security/main arm64 libexpat1 arm64 2.5.0-1+deb12u4 [89.2 kB]
#11 10.85 Get:53 http://deb.debian.org/debian bookworm/main arm64 liberror-perl all 0.17029-2 [29.0 kB]
#11 10.85 Get:54 http://deb.debian.org/debian bookworm/main arm64 git-man all 1:2.39.5-0+deb12u3 [2053 kB]
#11 11.07 Get:55 http://deb.debian.org/debian bookworm/main arm64 git arm64 1:2.39.5-0+deb12u3 [7153 kB]
#11 11.88 Get:56 http://deb.debian.org/debian-security bookworm-security/main arm64 libpq-dev arm64 15.19-0+deb12u1 [153 kB]
#11 11.93 debconf: delaying package configuration, since apt-utils is not installed
#11 11.94 Fetched 76.3 MB in 9s (8753 kB/s)
#11 11.97 (Reading database ... 
(Reading database ... 5%
(Reading database ... 10%
(Reading database ... 15%
(Reading database ... 20%
(Reading database ... 25%
(Reading database ... 30%
(Reading database ... 35%
(Reading database ... 40%
(Reading database ... 45%
(Reading database ... 50%
(Reading database ... 55%
(Reading database ... 60%
(Reading database ... 65%
(Reading database ... 70%
(Reading database ... 75%
(Reading database ... 80%
(Reading database ... 85%
(Reading database ... 90%
(Reading database ... 95%
(Reading database ... 100%
(Reading database ... 8784 files and directories currently installed.)
#11 11.97 Preparing to unpack .../dpkg_1.21.23_arm64.deb ...
#11 11.99 Unpacking dpkg (1.21.23) over (1.21.22) ...
#11 12.09 Setting up dpkg (1.21.23) ...
#11 12.17 (Reading database ... 
(Reading database ... 5%
(Reading database ... 10%
(Reading database ... 15%
(Reading database ... 20%
(Reading database ... 25%
(Reading database ... 30%
(Reading database ... 35%
(Reading database ... 40%
(Reading database ... 45%
(Reading database ... 50%
(Reading database ... 55%
(Reading database ... 60%
(Reading database ... 65%
(Reading database ... 70%
(Reading database ... 75%
(Reading database ... 80%
(Reading database ... 85%
(Reading database ... 90%
(Reading database ... 95%
(Reading database ... 100%
(Reading database ... 8784 files and directories currently installed.)
#11 12.18 Preparing to unpack .../perl-base_5.36.0-7+deb12u4_arm64.deb ...
#11 12.19 Unpacking perl-base (5.36.0-7+deb12u4) over (5.36.0-7+deb12u1) ...
#11 12.33 Setting up perl-base (5.36.0-7+deb12u4) ...
#11 12.35 Selecting previously unselected package perl-modules-5.36.
#11 12.35 (Reading database ... 
(Reading database ... 5%
(Reading database ... 10%
(Reading database ... 15%
(Reading database ... 20%
(Reading database ... 25%
(Reading database ... 30%
(Reading database ... 35%
(Reading database ... 40%
(Reading database ... 45%
(Reading database ... 50%
(Reading database ... 55%
(Reading database ... 60%
(Reading database ... 65%
(Reading database ... 70%
(Reading database ... 75%
(Reading database ... 80%
(Reading database ... 85%
(Reading database ... 90%
(Reading database ... 95%
(Reading database ... 100%
(Reading database ... 8785 files and directories currently installed.)
#11 12.35 Preparing to unpack .../0-perl-modules-5.36_5.36.0-7+deb12u4_all.deb ...
#11 12.36 Unpacking perl-modules-5.36 (5.36.0-7+deb12u4) ...
#11 12.53 Selecting previously unselected package libgdbm6:arm64.
#11 12.53 Preparing to unpack .../1-libgdbm6_1.23-3_arm64.deb ...
#11 12.54 Unpacking libgdbm6:arm64 (1.23-3) ...
#11 12.56 Selecting previously unselected package libgdbm-compat4:arm64.
#11 12.56 Preparing to unpack .../2-libgdbm-compat4_1.23-3_arm64.deb ...
#11 12.56 Unpacking libgdbm-compat4:arm64 (1.23-3) ...
#11 12.59 Selecting previously unselected package libperl5.36:arm64.
#11 12.59 Preparing to unpack .../3-libperl5.36_5.36.0-7+deb12u4_arm64.deb ...
#11 12.59 Unpacking libperl5.36:arm64 (5.36.0-7+deb12u4) ...
#11 12.78 Selecting previously unselected package perl.
#11 12.78 Preparing to unpack .../4-perl_5.36.0-7+deb12u4_arm64.deb ...
#11 12.79 Unpacking perl (5.36.0-7+deb12u4) ...
#11 12.81 Preparing to unpack .../5-gcc-12-base_12.2.0-14+deb12u1_arm64.deb ...
#11 12.82 Unpacking gcc-12-base:arm64 (12.2.0-14+deb12u1) over (12.2.0-14) ...
#11 12.84 Setting up gcc-12-base:arm64 (12.2.0-14+deb12u1) ...
#11 12.87 (Reading database ... 
(Reading database ... 5%
(Reading database ... 10%
(Reading database ... 15%
(Reading database ... 20%
(Reading database ... 25%
(Reading database ... 30%
(Reading database ... 35%
(Reading database ... 40%
(Reading database ... 45%
(Reading database ... 50%
(Reading database ... 55%
(Reading database ... 60%
(Reading database ... 65%
(Reading database ... 70%
(Reading database ... 75%
(Reading database ... 80%
(Reading database ... 85%
(Reading database ... 90%
(Reading database ... 95%
(Reading database ... 100%
(Reading database ... 10796 files and directories currently installed.)
#11 12.87 Preparing to unpack .../libstdc++6_12.2.0-14+deb12u1_arm64.deb ...
#11 12.89 Unpacking libstdc++6:arm64 (12.2.0-14+deb12u1) over (12.2.0-14) ...
#11 12.94 Setting up libstdc++6:arm64 (12.2.0-14+deb12u1) ...
#11 13.04 (Reading database ... 
(Reading database ... 5%
(Reading database ... 10%
(Reading database ... 15%
(Reading database ... 20%
(Reading database ... 25%
(Reading database ... 30%
(Reading database ... 35%
(Reading database ... 40%
(Reading database ... 45%
(Reading database ... 50%
(Reading database ... 55%
(Reading database ... 60%
(Reading database ... 65%
(Reading database ... 70%
(Reading database ... 75%
(Reading database ... 80%
(Reading database ... 85%
(Reading database ... 90%
(Reading database ... 95%
(Reading database ... 100%
(Reading database ... 10796 files and directories currently installed.)
#11 13.04 Preparing to unpack .../libgcc-s1_12.2.0-14+deb12u1_arm64.deb ...
#11 13.05 Unpacking libgcc-s1:arm64 (12.2.0-14+deb12u1) over (12.2.0-14) ...
#11 13.07 Setting up libgcc-s1:arm64 (12.2.0-14+deb12u1) ...
#11 13.17 (Reading database ... 
(Reading database ... 5%
(Reading database ... 10%
(Reading database ... 15%
(Reading database ... 20%
(Reading database ... 25%
(Reading database ... 30%
(Reading database ... 35%
(Reading database ... 40%
(Reading database ... 45%
(Reading database ... 50%
(Reading database ... 55%
(Reading database ... 60%
(Reading database ... 65%
(Reading database ... 70%
(Reading database ... 75%
(Reading database ... 80%
(Reading database ... 85%
(Reading database ... 90%
(Reading database ... 95%
(Reading database ... 100%
(Reading database ... 10796 files and directories currently installed.)
#11 13.17 Preparing to unpack .../liblzma5_5.4.1-1+deb12u2_arm64.deb ...
#11 13.18 Unpacking liblzma5:arm64 (5.4.1-1+deb12u2) over (5.4.1-0.2) ...
#11 13.21 Setting up liblzma5:arm64 (5.4.1-1+deb12u2) ...
#11 13.23 Selecting previously unselected package xz-utils.
#11 13.23 (Reading database ... 
(Reading database ... 5%
(Reading database ... 10%
(Reading database ... 15%
(Reading database ... 20%
(Reading database ... 25%
(Reading database ... 30%
(Reading database ... 35%
(Reading database ... 40%
(Reading database ... 45%
(Reading database ... 50%
(Reading database ... 55%
(Reading database ... 60%
(Reading database ... 65%
(Reading database ... 70%
(Reading database ... 75%
(Reading database ... 80%
(Reading database ... 85%
(Reading database ... 90%
(Reading database ... 95%
(Reading database ... 100%
(Reading database ... 10796 files and directories currently installed.)
#11 13.23 Preparing to unpack .../00-xz-utils_5.4.1-1+deb12u2_arm64.deb ...
#11 13.24 Unpacking xz-utils (5.4.1-1+deb12u2) ...
#11 13.27 Selecting previously unselected package binutils-common:arm64.
#11 13.27 Preparing to unpack .../01-binutils-common_2.40-2_arm64.deb ...
#11 13.28 Unpacking binutils-common:arm64 (2.40-2) ...
#11 13.40 Selecting previously unselected package libbinutils:arm64.
#11 13.40 Preparing to unpack .../02-libbinutils_2.40-2_arm64.deb ...
#11 13.40 Unpacking libbinutils:arm64 (2.40-2) ...
#11 13.46 Selecting previously unselected package libctf-nobfd0:arm64.
#11 13.46 Preparing to unpack .../03-libctf-nobfd0_2.40-2_arm64.deb ...
#11 13.46 Unpacking libctf-nobfd0:arm64 (2.40-2) ...
#11 13.49 Selecting previously unselected package libctf0:arm64.
#11 13.49 Preparing to unpack .../04-libctf0_2.40-2_arm64.deb ...
#11 13.49 Unpacking libctf0:arm64 (2.40-2) ...
#11 13.52 Selecting previously unselected package libgprofng0:arm64.
#11 13.52 Preparing to unpack .../05-libgprofng0_2.40-2_arm64.deb ...
#11 13.53 Unpacking libgprofng0:arm64 (2.40-2) ...
#11 13.63 Selecting previously unselected package libjansson4:arm64.
#11 13.63 Preparing to unpack .../06-libjansson4_2.14-2_arm64.deb ...
#11 13.64 Unpacking libjansson4:arm64 (2.14-2) ...
#11 13.67 Selecting previously unselected package binutils-aarch64-linux-gnu.
#11 13.67 Preparing to unpack .../07-binutils-aarch64-linux-gnu_2.40-2_arm64.deb ...
#11 13.67 Unpacking binutils-aarch64-linux-gnu (2.40-2) ...
#11 13.83 Selecting previously unselected package binutils.
#11 13.83 Preparing to unpack .../08-binutils_2.40-2_arm64.deb ...
#11 13.83 Unpacking binutils (2.40-2) ...
#11 13.87 Selecting previously unselected package libisl23:arm64.
#11 13.87 Preparing to unpack .../09-libisl23_0.25-1.1_arm64.deb ...
#11 13.88 Unpacking libisl23:arm64 (0.25-1.1) ...
#11 13.94 Selecting previously unselected package libmpfr6:arm64.
#11 13.94 Preparing to unpack .../10-libmpfr6_4.2.0-1_arm64.deb ...
#11 13.94 Unpacking libmpfr6:arm64 (4.2.0-1) ...
#11 13.99 Selecting previously unselected package libmpc3:arm64.
#11 13.99 Preparing to unpack .../11-libmpc3_1.3.1-1_arm64.deb ...
#11 14.00 Unpacking libmpc3:arm64 (1.3.1-1) ...
#11 14.04 Selecting previously unselected package cpp-12.
#11 14.04 Preparing to unpack .../12-cpp-12_12.2.0-14+deb12u1_arm64.deb ...
#11 14.05 Unpacking cpp-12 (12.2.0-14+deb12u1) ...
#11 14.36 Selecting previously unselected package cpp.
#11 14.36 Preparing to unpack .../13-cpp_4%3a12.2.0-3_arm64.deb ...
#11 14.36 Unpacking cpp (4:12.2.0-3) ...
#11 14.40 Selecting previously unselected package libcc1-0:arm64.
#11 14.40 Preparing to unpack .../14-libcc1-0_12.2.0-14+deb12u1_arm64.deb ...
#11 14.41 Unpacking libcc1-0:arm64 (12.2.0-14+deb12u1) ...
#11 14.44 Selecting previously unselected package libgomp1:arm64.
#11 14.44 Preparing to unpack .../15-libgomp1_12.2.0-14+deb12u1_arm64.deb ...
#11 14.45 Unpacking libgomp1:arm64 (12.2.0-14+deb12u1) ...
#11 14.48 Selecting previously unselected package libitm1:arm64.
#11 14.48 Preparing to unpack .../16-libitm1_12.2.0-14+deb12u1_arm64.deb ...
#11 14.48 Unpacking libitm1:arm64 (12.2.0-14+deb12u1) ...
#11 14.51 Selecting previously unselected package libatomic1:arm64.
#11 14.51 Preparing to unpack .../17-libatomic1_12.2.0-14+deb12u1_arm64.deb ...
#11 14.51 Unpacking libatomic1:arm64 (12.2.0-14+deb12u1) ...
#11 14.54 Selecting previously unselected package libasan8:arm64.
#11 14.54 Preparing to unpack .../18-libasan8_12.2.0-14+deb12u1_arm64.deb ...
#11 14.55 Unpacking libasan8:arm64 (12.2.0-14+deb12u1) ...
#11 14.66 Selecting previously unselected package liblsan0:arm64.
#11 14.66 Preparing to unpack .../19-liblsan0_12.2.0-14+deb12u1_arm64.deb ...
#11 14.66 Unpacking liblsan0:arm64 (12.2.0-14+deb12u1) ...
#11 14.73 Selecting previously unselected package libtsan2:arm64.
#11 14.73 Preparing to unpack .../20-libtsan2_12.2.0-14+deb12u1_arm64.deb ...
#11 14.73 Unpacking libtsan2:arm64 (12.2.0-14+deb12u1) ...
#11 14.85 Selecting previously unselected package libubsan1:arm64.
#11 14.85 Preparing to unpack .../21-libubsan1_12.2.0-14+deb12u1_arm64.deb ...
#11 14.85 Unpacking libubsan1:arm64 (12.2.0-14+deb12u1) ...
#11 14.92 Selecting previously unselected package libhwasan0:arm64.
#11 14.92 Preparing to unpack .../22-libhwasan0_12.2.0-14+deb12u1_arm64.deb ...
#11 14.92 Unpacking libhwasan0:arm64 (12.2.0-14+deb12u1) ...
#11 14.99 Selecting previously unselected package libgcc-12-dev:arm64.
#11 14.99 Preparing to unpack .../23-libgcc-12-dev_12.2.0-14+deb12u1_arm64.deb ...
#11 14.99 Unpacking libgcc-12-dev:arm64 (12.2.0-14+deb12u1) ...
#11 15.07 Selecting previously unselected package gcc-12.
#11 15.07 Preparing to unpack .../24-gcc-12_12.2.0-14+deb12u1_arm64.deb ...
#11 15.07 Unpacking gcc-12 (12.2.0-14+deb12u1) ...
#11 15.43 Selecting previously unselected package gcc.
#11 15.43 Preparing to unpack .../25-gcc_4%3a12.2.0-3_arm64.deb ...
#11 15.43 Unpacking gcc (4:12.2.0-3) ...
#11 15.46 Selecting previously unselected package libstdc++-12-dev:arm64.
#11 15.46 Preparing to unpack .../26-libstdc++-12-dev_12.2.0-14+deb12u1_arm64.deb ...
#11 15.46 Unpacking libstdc++-12-dev:arm64 (12.2.0-14+deb12u1) ...
#11 15.57 Selecting previously unselected package g++-12.
#11 15.58 Preparing to unpack .../27-g++-12_12.2.0-14+deb12u1_arm64.deb ...
#11 15.58 Unpacking g++-12 (12.2.0-14+deb12u1) ...
#11 15.95 Selecting previously unselected package g++.
#11 15.95 Preparing to unpack .../28-g++_4%3a12.2.0-3_arm64.deb ...
#11 15.96 Unpacking g++ (4:12.2.0-3) ...
#11 15.98 Selecting previously unselected package make.
#11 15.98 Preparing to unpack .../29-make_4.3-4.1_arm64.deb ...
#11 15.98 Unpacking make (4.3-4.1) ...
#11 16.02 Selecting previously unselected package libdpkg-perl.
#11 16.02 Preparing to unpack .../30-libdpkg-perl_1.21.23_all.deb ...
#11 16.02 Unpacking libdpkg-perl (1.21.23) ...
#11 16.07 Selecting previously unselected package patch.
#11 16.07 Preparing to unpack .../31-patch_2.7.6-7_arm64.deb ...
#11 16.08 Unpacking patch (2.7.6-7) ...
#11 16.11 Selecting previously unselected package dpkg-dev.
#11 16.11 Preparing to unpack .../32-dpkg-dev_1.21.23_all.deb ...
#11 16.11 Unpacking dpkg-dev (1.21.23) ...
#11 16.18 Selecting previously unselected package build-essential.
#11 16.18 Preparing to unpack .../33-build-essential_12.9_arm64.deb ...
#11 16.18 Unpacking build-essential (12.9) ...
#11 16.20 Selecting previously unselected package libbrotli1:arm64.
#11 16.20 Preparing to unpack .../34-libbrotli1_1.0.9-2+b6_arm64.deb ...
#11 16.21 Unpacking libbrotli1:arm64 (1.0.9-2+b6) ...
#11 16.25 Selecting previously unselected package libnghttp2-14:arm64.
#11 16.25 Preparing to unpack .../35-libnghttp2-14_1.52.0-1+deb12u3_arm64.deb ...
#11 16.25 Unpacking libnghttp2-14:arm64 (1.52.0-1+deb12u3) ...
#11 16.28 Selecting previously unselected package libpsl5:arm64.
#11 16.28 Preparing to unpack .../36-libpsl5_0.21.2-1_arm64.deb ...
#11 16.29 Unpacking libpsl5:arm64 (0.21.2-1) ...
#11 16.31 Selecting previously unselected package librtmp1:arm64.
#11 16.32 Preparing to unpack .../37-librtmp1_2.4+20151223.gitfa8646d.1-2+b2_arm64.deb ...
#11 16.32 Unpacking librtmp1:arm64 (2.4+20151223.gitfa8646d.1-2+b2) ...
#11 16.35 Selecting previously unselected package libssh2-1:arm64.
#11 16.35 Preparing to unpack .../38-libssh2-1_1.10.0-3+deb12u1_arm64.deb ...
#11 16.35 Unpacking libssh2-1:arm64 (1.10.0-3+deb12u1) ...
#11 16.39 Selecting previously unselected package libcurl3-gnutls:arm64.
#11 16.39 Preparing to unpack .../39-libcurl3-gnutls_7.88.1-10+deb12u15_arm64.deb ...
#11 16.39 Unpacking libcurl3-gnutls:arm64 (7.88.1-10+deb12u15) ...
#11 16.43 Selecting previously unselected package libexpat1:arm64.
#11 16.43 Preparing to unpack .../40-libexpat1_2.5.0-1+deb12u4_arm64.deb ...
#11 16.43 Unpacking libexpat1:arm64 (2.5.0-1+deb12u4) ...
#11 16.46 Selecting previously unselected package liberror-perl.
#11 16.46 Preparing to unpack .../41-liberror-perl_0.17029-2_all.deb ...
#11 16.46 Unpacking liberror-perl (0.17029-2) ...
#11 16.49 Selecting previously unselected package git-man.
#11 16.49 Preparing to unpack .../42-git-man_1%3a2.39.5-0+deb12u3_all.deb ...
#11 16.49 Unpacking git-man (1:2.39.5-0+deb12u3) ...
#11 16.57 Selecting previously unselected package git.
#11 16.57 Preparing to unpack .../43-git_1%3a2.39.5-0+deb12u3_arm64.deb ...
#11 16.58 Unpacking git (1:2.39.5-0+deb12u3) ...
#11 16.76 Selecting previously unselected package libpq-dev.
#11 16.76 Preparing to unpack .../44-libpq-dev_15.19-0+deb12u1_arm64.deb ...
#11 16.77 Unpacking libpq-dev (15.19-0+deb12u1) ...
#11 16.80 Setting up libexpat1:arm64 (2.5.0-1+deb12u4) ...
#11 16.81 Setting up libpsl5:arm64 (0.21.2-1) ...
#11 16.82 Setting up libbrotli1:arm64 (1.0.9-2+b6) ...
#11 16.84 Setting up binutils-common:arm64 (2.40-2) ...
#11 16.85 Setting up libnghttp2-14:arm64 (1.52.0-1+deb12u3) ...
#11 16.86 Setting up libctf-nobfd0:arm64 (2.40-2) ...
#11 16.87 Setting up libpq-dev (15.19-0+deb12u1) ...
#11 16.88 Setting up libgomp1:arm64 (12.2.0-14+deb12u1) ...
#11 16.89 Setting up libjansson4:arm64 (2.14-2) ...
#11 16.90 Setting up perl-modules-5.36 (5.36.0-7+deb12u4) ...
#11 16.91 Setting up make (4.3-4.1) ...
#11 16.92 Setting up libmpfr6:arm64 (4.2.0-1) ...
#11 16.93 Setting up librtmp1:arm64 (2.4+20151223.gitfa8646d.1-2+b2) ...
#11 16.94 Setting up xz-utils (5.4.1-1+deb12u2) ...
#11 16.95 update-alternatives: using /usr/bin/xz to provide /usr/bin/lzma (lzma) in auto mode
#11 16.95 update-alternatives: warning: skip creation of /usr/share/man/man1/lzma.1.gz because associated file /usr/share/man/man1/xz.1.gz (of link group lzma) doesn't exist
#11 16.95 update-alternatives: warning: skip creation of /usr/share/man/man1/unlzma.1.gz because associated file /usr/share/man/man1/unxz.1.gz (of link group lzma) doesn't exist
#11 16.95 update-alternatives: warning: skip creation of /usr/share/man/man1/lzcat.1.gz because associated file /usr/share/man/man1/xzcat.1.gz (of link group lzma) doesn't exist
#11 16.95 update-alternatives: warning: skip creation of /usr/share/man/man1/lzmore.1.gz because associated file /usr/share/man/man1/xzmore.1.gz (of link group lzma) doesn't exist
#11 16.95 update-alternatives: warning: skip creation of /usr/share/man/man1/lzless.1.gz because associated file /usr/share/man/man1/xzless.1.gz (of link group lzma) doesn't exist
#11 16.95 update-alternatives: warning: skip creation of /usr/share/man/man1/lzdiff.1.gz because associated file /usr/share/man/man1/xzdiff.1.gz (of link group lzma) doesn't exist
#11 16.95 update-alternatives: warning: skip creation of /usr/share/man/man1/lzcmp.1.gz because associated file /usr/share/man/man1/xzcmp.1.gz (of link group lzma) doesn't exist
#11 16.95 update-alternatives: warning: skip creation of /usr/share/man/man1/lzgrep.1.gz because associated file /usr/share/man/man1/xzgrep.1.gz (of link group lzma) doesn't exist
#11 16.95 update-alternatives: warning: skip creation of /usr/share/man/man1/lzegrep.1.gz because associated file /usr/share/man/man1/xzegrep.1.gz (of link group lzma) doesn't exist
#11 16.95 update-alternatives: warning: skip creation of /usr/share/man/man1/lzfgrep.1.gz because associated file /usr/share/man/man1/xzfgrep.1.gz (of link group lzma) doesn't exist
#11 16.96 Setting up libmpc3:arm64 (1.3.1-1) ...
#11 16.97 Setting up libatomic1:arm64 (12.2.0-14+deb12u1) ...
#11 16.98 Setting up patch (2.7.6-7) ...
#11 16.99 Setting up libubsan1:arm64 (12.2.0-14+deb12u1) ...
#11 17.00 Setting up libhwasan0:arm64 (12.2.0-14+deb12u1) ...
#11 17.00 Setting up libasan8:arm64 (12.2.0-14+deb12u1) ...
#11 17.01 Setting up git-man (1:2.39.5-0+deb12u3) ...
#11 17.02 Setting up libssh2-1:arm64 (1.10.0-3+deb12u1) ...
#11 17.03 Setting up libtsan2:arm64 (12.2.0-14+deb12u1) ...
#11 17.05 Setting up libbinutils:arm64 (2.40-2) ...
#11 17.06 Setting up libisl23:arm64 (0.25-1.1) ...
#11 17.07 Setting up libcc1-0:arm64 (12.2.0-14+deb12u1) ...
#11 17.08 Setting up liblsan0:arm64 (12.2.0-14+deb12u1) ...
#11 17.10 Setting up libitm1:arm64 (12.2.0-14+deb12u1) ...
#11 17.11 Setting up libgdbm6:arm64 (1.23-3) ...
#11 17.12 Setting up libctf0:arm64 (2.40-2) ...
#11 17.13 Setting up cpp-12 (12.2.0-14+deb12u1) ...
#11 17.14 Setting up libcurl3-gnutls:arm64 (7.88.1-10+deb12u15) ...
#11 17.15 Setting up libgprofng0:arm64 (2.40-2) ...
#11 17.16 Setting up libgcc-12-dev:arm64 (12.2.0-14+deb12u1) ...
#11 17.17 Setting up libgdbm-compat4:arm64 (1.23-3) ...
#11 17.19 Setting up cpp (4:12.2.0-3) ...
#11 17.20 Setting up libperl5.36:arm64 (5.36.0-7+deb12u4) ...
#11 17.21 Setting up libstdc++-12-dev:arm64 (12.2.0-14+deb12u1) ...
#11 17.22 Setting up binutils-aarch64-linux-gnu (2.40-2) ...
#11 17.23 Setting up binutils (2.40-2) ...
#11 17.24 Setting up perl (5.36.0-7+deb12u4) ...
#11 17.25 Setting up gcc-12 (12.2.0-14+deb12u1) ...
#11 17.27 Setting up libdpkg-perl (1.21.23) ...
#11 17.28 Setting up g++-12 (12.2.0-14+deb12u1) ...
#11 17.29 Setting up gcc (4:12.2.0-3) ...
#11 17.31 Setting up dpkg-dev (1.21.23) ...
#11 17.38 Setting up liberror-perl (0.17029-2) ...
#11 17.39 Setting up git (1:2.39.5-0+deb12u3) ...
#11 17.40 Setting up g++ (4:12.2.0-3) ...
#11 17.42 update-alternatives: using /usr/bin/g++ to provide /usr/bin/c++ (c++) in auto mode
#11 17.42 Setting up build-essential (12.9) ...
#11 17.43 Processing triggers for libc-bin (2.36-9+deb12u7) ...
#11 DONE 17.9s

#12 [build 2/5] COPY Gemfile Gemfile.lock ./
#12 DONE 0.1s

#13 [build 3/5] RUN bundle install && rm -rf /usr/local/bundle/ruby/*/cache
#13 0.212 Bundler 2.5.9 is running, but your lockfile was generated with 2.5.23. Installing Bundler 2.5.23 and restarting using that version.
#13 4.068 Fetching gem metadata from https://rubygems.org/.
#13 4.222 Fetching bundler 2.5.23
#13 4.912 Installing bundler 2.5.23
#13 5.623 Fetching gem metadata from https://rubygems.org/........
#13 11.01 Fetching rake 13.4.2
#13 11.52 Installing rake 13.4.2
#13 11.55 Fetching base64 0.3.0
#13 11.55 Fetching bigdecimal 4.1.2
#13 11.55 Fetching connection_pool 3.0.2
#13 11.55 Fetching concurrent-ruby 1.3.8
#13 11.55 Fetching logger 1.7.0
#13 11.55 Fetching json 2.21.2
#13 11.55 Fetching prism 1.9.0
#13 11.55 Fetching drb 2.2.3
#13 11.55 Fetching securerandom 0.4.1
#13 11.55 Fetching builder 3.3.0
#13 11.55 Fetching uri 1.1.1
#13 11.55 Fetching racc 1.8.1
#13 11.55 Fetching erubi 1.13.1
#13 11.55 Fetching crass 1.0.7
#13 11.55 Fetching rack 3.2.7
#13 11.55 Fetching prettyprint 0.2.0
#13 11.55 Fetching useragent 0.16.11
#13 11.55 Fetching erb 6.0.7
#13 11.67 Installing base64 0.3.0
#13 11.68 Fetching tsort 0.2.0
#13 11.79 Installing erb 6.0.7 with native extensions
#13 11.86 Installing connection_pool 3.0.2
#13 11.86 Fetching io-console 0.9.2
#13 12.05 Fetching thor 1.5.0
#13 12.07 Installing concurrent-ruby 1.3.8
#13 12.09 Fetching zeitwerk 2.8.3
#13 12.18 Installing logger 1.7.0
#13 12.18 Fetching nio4r 2.7.5
#13 12.29 Installing json 2.21.2 with native extensions
#13 12.48 Installing prism 1.9.0 with native extensions
#13 12.61 Installing securerandom 0.4.1
#13 12.62 Fetching websocket-extensions 0.1.5
#13 12.74 Installing drb 2.2.3
#13 12.74 Fetching timeout 0.6.1
#13 12.80 Installing builder 3.3.0
#13 12.80 Fetching marcel 1.2.1
#13 12.92 Installing uri 1.1.1
#13 12.92 Fetching mini_mime 1.1.5
#13 13.04 Installing racc 1.8.1 with native extensions
#13 13.16 Installing erubi 1.13.1
#13 13.17 Fetching date 3.5.1
#13 13.26 Installing crass 1.0.7
#13 13.27 Fetching bcrypt 3.1.22
#13 13.35 Fetching msgpack 1.8.4
#13 13.48 Installing rack 3.2.7
#13 13.49 Fetching eventmachine 1.2.7
#13 13.55 Installing prettyprint 0.2.0
#13 13.55 Fetching raabro 1.5.0
#13 13.67 Installing useragent 0.16.11
#13 13.67 Fetching pg 1.6.3 (aarch64-linux)
#13 13.85 Installing bigdecimal 4.1.2 with native extensions
#13 13.98 Installing tsort 0.2.0
#13 13.98 Fetching jwt 3.3.0
#13 14.10 Installing io-console 0.9.2 with native extensions
#13 14.22 Installing thor 1.5.0
#13 14.23 Fetching i18n 1.15.2
#13 14.33 Installing zeitwerk 2.8.3
#13 14.33 Fetching tzinfo 2.0.6
#13 14.50 Installing nio4r 2.7.5 with native extensions
#13 14.70 Installing websocket-extensions 0.1.5
#13 14.70 Fetching nokogiri 1.19.4 (aarch64-linux-gnu)
#13 14.82 Installing timeout 0.6.1
#13 14.82 Fetching rack-session 2.1.2
#13 14.94 Installing marcel 1.2.1
#13 14.94 Fetching rack-test 2.2.0
#13 15.08 Installing mini_mime 1.1.5
#13 15.09 Fetching rackup 2.3.1
#13 15.19 Installing date 3.5.1 with native extensions
#13 15.30 Fetching rack-cors 3.0.0
#13 15.31 Installing bcrypt 3.1.22 with native extensions
#13 15.42 Installing msgpack 1.8.4 with native extensions
#13 15.66 Installing eventmachine 1.2.7 with native extensions
#13 15.70 Fetching pp 0.6.4
#13 15.73 Installing raabro 1.5.0
#13 15.73 Fetching websocket-driver 0.8.2
#13 15.88 Fetching net-protocol 0.3.0
#13 16.37 Fetching reline 0.7.0
#13 16.91 Fetching puma 8.0.2
#13 17.62 Installing pg 1.6.3 (aarch64-linux)
#13 17.65 Installing jwt 3.3.0
#13 17.71 Installing i18n 1.15.2
#13 17.83 Installing tzinfo 2.0.6
#13 17.84 Fetching et-orbi 1.4.2
#13 18.07 Fetching bootsnap 1.24.5
#13 18.86 Installing nokogiri 1.19.4 (aarch64-linux-gnu)
#13 18.94 Fetching loofah 2.25.2
#13 18.94 Installing rack-session 2.1.2
#13 19.08 Installing rack-test 2.2.0
#13 19.15 Installing rackup 2.3.1
#13 19.21 Installing rack-cors 3.0.0
#13 19.27 Installing pp 0.6.4
#13 19.40 Installing websocket-driver 0.8.2 with native extensions
#13 19.52 Installing net-protocol 0.3.0
#13 19.52 Fetching net-imap 0.6.6
#13 19.52 Fetching net-pop 0.1.2
#13 19.52 Fetching net-smtp 0.5.1
#13 19.71 Installing reline 0.7.0
#13 20.17 Installing puma 8.0.2 with native extensions
#13 20.29 Installing et-orbi 1.4.2
#13 20.29 Fetching fugit 1.14.0
#13 20.40 Installing bootsnap 1.24.5 with native extensions
#13 20.52 Installing loofah 2.25.2
#13 20.52 Fetching rails-html-sanitizer 1.7.1
#13 20.76 Installing net-imap 0.6.6
#13 20.88 Installing net-pop 0.1.2
#13 21.00 Installing net-smtp 0.5.1
#13 21.00 Fetching mail 2.9.1
#13 21.12 Installing fugit 1.14.0
#13 21.21 Installing rails-html-sanitizer 1.7.1
#13 21.66 Fetching faye-websocket 0.12.0
#13 21.82 Installing mail 2.9.1
#13 21.93 Installing faye-websocket 0.12.0
#13 24.36 Fetching minitest 6.0.6
#13 24.36 Fetching rbs 4.2.0
#13 24.84 Installing minitest 6.0.6
#13 24.85 Fetching activesupport 8.1.3.1
#13 25.29 Installing rbs 4.2.0 with native extensions
#13 25.48 Installing activesupport 8.1.3.1
#13 25.50 Fetching globalid 1.4.0
#13 25.50 Fetching rails-dom-testing 2.3.0
#13 25.50 Fetching activemodel 8.1.3.1
#13 25.62 Installing globalid 1.4.0
#13 25.62 Fetching activejob 8.1.3.1
#13 25.74 Installing rails-dom-testing 2.3.0
#13 25.74 Fetching actionview 8.1.3.1
#13 25.86 Installing activemodel 8.1.3.1
#13 25.87 Fetching activerecord 8.1.3.1
#13 25.98 Installing activejob 8.1.3.1
#13 26.13 Installing actionview 8.1.3.1
#13 26.14 Fetching actionpack 8.1.3.1
#13 26.42 Installing activerecord 8.1.3.1
#13 26.57 Installing actionpack 8.1.3.1
#13 26.59 Fetching actioncable 8.1.3.1
#13 26.59 Fetching activestorage 8.1.3.1
#13 26.59 Fetching actionmailer 8.1.3.1
#13 26.71 Installing actioncable 8.1.3.1
#13 26.83 Installing activestorage 8.1.3.1
#13 26.83 Fetching actionmailbox 8.1.3.1
#13 26.90 Installing actionmailer 8.1.3.1
#13 26.97 Installing actionmailbox 8.1.3.1
#13 28.61 Fetching rdoc 8.0.0
#13 28.92 Installing rdoc 8.0.0
#13 28.94 Fetching irb 1.18.0
#13 29.03 Installing irb 1.18.0
#13 29.04 Fetching railties 8.1.3.1
#13 29.17 Installing railties 8.1.3.1
#13 29.21 Fetching action_text-trix 2.1.19
#13 29.21 Fetching good_job 4.19.3
#13 29.33 Installing action_text-trix 2.1.19
#13 29.34 Fetching actiontext 8.1.3.1
#13 29.51 Installing good_job 4.19.3
#13 29.62 Installing actiontext 8.1.3.1
#13 29.63 Fetching rails 8.1.3.1
#13 29.75 Installing rails 8.1.3.1
#13 29.75 Bundle complete! 10 Gemfile dependencies, 79 gems now installed.
#13 29.76 Gems in the groups 'development' and 'test' were not installed.
#13 29.76 Bundled gems are installed into `/usr/local/bundle`
#13 29.76 1 installed gem you directly depend on is looking for funding.
#13 29.76   Run `bundle fund` for details
#13 DONE 30.3s

#14 [build 4/5] COPY . .
#14 DONE 0.1s

#15 [build 5/5] RUN bundle exec bootsnap precompile -j 1 --gemfile &&     bundle exec bootsnap precompile -j 1 app/ lib/
#15 DONE 2.2s

#16 [stage-2 2/3] COPY --from=build --chown=rails:rails /usr/local/bundle /usr/local/bundle
#16 DONE 0.3s

#17 [stage-2 3/3] COPY --from=build --chown=rails:rails /rails /rails
#17 DONE 0.2s

#18 exporting to image
#18 exporting layers
#18 exporting layers 0.3s done
#18 writing image sha256:8a2edfaf12265695fb81f63a421eff0800c7eaaf8fcef2fab190fd94298d1d13
#18 writing image sha256:8a2edfaf12265695fb81f63a421eff0800c7eaaf8fcef2fab190fd94298d1d13 done
#18 naming to docker.io/library/conduit-v8b-rails:reference-1 done
#18 DONE 0.3s
