Waiting for shared Docker lock: ~/co/agentmvc/.work/lane-docker.lock
#0 building with "orbstack" instance using docker driver

#1 [internal] load build definition from Dockerfile
#1 transferring dockerfile: 2.73kB done
#1 DONE 0.1s

#2 resolve image config for docker-image://docker.io/docker/dockerfile:1
#2 DONE 2.0s

#3 docker-image://docker.io/docker/dockerfile:1@sha256:4edf897a3ffa55b89f906fc8cc78afdb3f1834cc9c7083565e611a8a7d5fe99e
#3 CACHED

#4 [internal] load metadata for docker.io/library/rust:1.98.1-trixie@sha256:a8a5f0a1e5fe7dfe1d352591e4a1c7dd2c08fd70475cae872cf3458ba0df0546
#4 DONE 1.7s

#5 [internal] load metadata for docker.io/library/ruby:4.0.7-slim-trixie
#5 DONE 4.0s

#6 [internal] load .dockerignore
#6 transferring context: 2B done
#6 DONE 0.0s

#7 [ruby407 1/1] FROM docker.io/library/ruby:4.0.7-slim-trixie@sha256:073f6464ca7c0b66fa86715ec57339a39da08fdc803583140edc66e486af9aeb
#7 DONE 0.0s

#8 [builder  1/11] FROM docker.io/library/rust:1.98.1-trixie@sha256:a8a5f0a1e5fe7dfe1d352591e4a1c7dd2c08fd70475cae872cf3458ba0df0546
#8 DONE 0.0s

#9 [internal] load build context
#9 transferring context: 64.02MB 1.2s done
#9 DONE 1.2s

#10 [builder  2/11] RUN apt-get update && apt-get install -y --no-install-recommends     clang make git pkg-config libsqlite3-dev sqlite3 libjemalloc-dev     libpq-dev postgresql-client curl ca-certificates libssl-dev libcrypt-dev     libyaml-0-2 libgmp10 file time && rm -rf /var/lib/apt/lists/*
#10 CACHED

#11 [builder  3/11] COPY --from=ruby407 /usr/local/ /usr/local/
#11 CACHED

#12 [builder  4/11] RUN ruby --version
#12 CACHED

#13 [builder  5/11] COPY vendor/spinel /src/spinel
#13 DONE 2.6s

#14 [builder  6/11] WORKDIR /src/spinel
#14 DONE 0.1s

#15 [builder  7/11] RUN make deps -j8 && make -j8 CC=clang && make install -j8 CC=clang
#15 0.812 Fetching rbs v4.0.1 from rubygems.org...
#15 0.812 Fetching prism v1.9.0 from rubygems.org...
#15 1.681 prism v1.9.0 ready at vendor/prism
#15 1.703 rbs v4.0.1 ready at vendor/rbs
#15 1.941 clang -c -O2 -ffunction-sections -fdata-sections -ffp-contract=off   -Ilib/regexp -Ilib/regexp/shim lib/regexp/re_compile.c -o build/regexp/re_compile.o
#15 1.941 clang -c -O2 -ffunction-sections -fdata-sections -ffp-contract=off   -Ilib/regexp -Ilib/regexp/shim lib/regexp/re_exec.c -o build/regexp/re_exec.o
#15 1.941 clang -c -O2 -ffunction-sections -fdata-sections -ffp-contract=off   -Ilib/regexp -Ilib/regexp/shim lib/regexp/re_utf8.c -o build/regexp/re_utf8.o
#15 1.943 clang -c -O2 -ffunction-sections -fdata-sections -ffp-contract=off   -Ilib/regexp -Ilib/regexp/shim lib/regexp/unicase.c -o build/regexp/unicase.o
#15 1.943 clang -c -O2 -ffunction-sections -fdata-sections -ffp-contract=off   -Ilib/regexp -Ilib/regexp/shim lib/regexp/re_spinel.c -o build/regexp/re_spinel.o
#15 1.944 clang -c -O2 -Wno-all -ffunction-sections -fdata-sections -ffp-contract=off  -Ilib lib/sp_bigint.c -o build/sp_bigint.o
#15 1.945 clang -c -O2 -Wno-all -ffunction-sections -fdata-sections -ffp-contract=off  -Ilib lib/sp_crypto.c -o build/sp_crypto.o
#15 1.945 clang -c -O2 -Wno-all -ffunction-sections -fdata-sections -ffp-contract=off  -Ilib lib/sp_pack.c -o build/sp_pack.o
#15 1.973 clang -c -O2 -Wno-all -ffunction-sections -fdata-sections -ffp-contract=off  -Ilib lib/sp_time.c -o build/sp_time.o
#15 1.994 clang -c -O2 -Wno-all -ffunction-sections -fdata-sections -ffp-contract=off  -Ilib lib/sp_core.c -o build/sp_core.o
#15 2.012 clang -c -O2 -Wno-all -ffunction-sections -fdata-sections -ffp-contract=off  -Ilib lib/sp_net.c -o build/sp_net.o
#15 2.112 clang -c -O2 -Wno-all -ffunction-sections -fdata-sections -ffp-contract=off  -Ilib lib/sp_system.c -o build/sp_system.o
#15 2.148 clang -c -O2 -Wno-all -ffunction-sections -fdata-sections -ffp-contract=off  -Ilib lib/sp_gc.c -o build/sp_gc.o
#15 2.177 clang -c -O2 -Wno-all -ffunction-sections -fdata-sections -ffp-contract=off  -Ilib lib/sp_slab.c -o build/sp_slab.o
#15 2.181 clang -c -O2 -Wno-all -ffunction-sections -fdata-sections -ffp-contract=off  -Ilib lib/sp_alloc.c -o build/sp_alloc.o
#15 2.182 clang -c -O2 -Wno-all -ffunction-sections -fdata-sections -ffp-contract=off  -Ilib lib/sp_dtoa.c -o build/sp_dtoa.o
#15 2.257 clang -c -O2 -Wno-all -ffunction-sections -fdata-sections -ffp-contract=off  -Ilib lib/sp_marshal.c -o build/sp_marshal.o
#15 2.280 clang -c -O2 -Wno-all -ffunction-sections -fdata-sections -ffp-contract=off  -Ilib lib/sp_format.c -o build/sp_format.o
#15 2.288 clang -c -O2 -Wno-all -ffunction-sections -fdata-sections -ffp-contract=off  -Ilib lib/sp_string.c -o build/sp_string.o
#15 2.333 clang -c -O2 -Wno-all -ffunction-sections -fdata-sections -ffp-contract=off  -Ilib lib/sp_inspect.c -o build/sp_inspect.o
#15 2.345 clang -c -O2 -Wno-all -ffunction-sections -fdata-sections -ffp-contract=off  -Ilib lib/sp_poly_cold.c -o build/sp_poly_cold.o
#15 2.368 clang -c -O2 -Wno-all -ffunction-sections -fdata-sections -ffp-contract=off  -Ilib lib/sp_array.c -o build/sp_array.o
#15 2.409 clang -c -O2 -Wno-all -ffunction-sections -fdata-sections -ffp-contract=off  -Ilib lib/sp_str.c -o build/sp_str.o
#15 2.434 clang -c -O2 -Wno-all -ffunction-sections -fdata-sections -ffp-contract=off  -Ilib lib/sp_str_crypt.c -o build/sp_str_crypt.o
#15 2.440 clang -c -O2 -Wno-all -ffunction-sections -fdata-sections -ffp-contract=off  -Ilib lib/sp_hash.c -o build/sp_hash.o
#15 2.476 clang -c -O2 -Wno-all -ffunction-sections -fdata-sections -ffp-contract=off  -Ilib lib/sp_proc.c -o build/sp_proc.o
#15 2.506 clang -c -O2 -Wno-all -ffunction-sections -fdata-sections -ffp-contract=off  -Ilib lib/sp_exc.c -o build/sp_exc.o
#15 2.565 clang -c -O2 -Wno-all -ffunction-sections -fdata-sections -ffp-contract=off  -Ilib lib/sp_re.c -o build/sp_re.o
#15 2.609 clang -c -O2 -Wno-all -ffunction-sections -fdata-sections -ffp-contract=off  -Ilib lib/sp_random.c -o build/sp_random.o
#15 2.643 clang -c -O2 -Wno-all -ffunction-sections -fdata-sections -ffp-contract=off  -Ilib lib/sp_fiber.c -o build/sp_fiber.o
#15 2.673 clang -c -O2 -Wno-all -ffunction-sections -fdata-sections -ffp-contract=off  -Ilib lib/sp_sched.c -o build/sp_sched.o
#15 2.696 clang -c -O2 -Wno-all -ffunction-sections -fdata-sections -ffp-contract=off  -Ilib lib/sp_io.c -o build/sp_io.o
#15 2.734 clang -c -O2 -Wno-all -ffunction-sections -fdata-sections -ffp-contract=off  -Ilib lib/sp_iobuffer.c -o build/sp_iobuffer.o
#15 2.768 clang -c -O2 -Wno-all -ffunction-sections -fdata-sections -ffp-contract=off  -Ilib -Ilib/regexp -Ilib/regexp/shim lib/sp_cold.c -o build/sp_cold.o
#15 2.808 clang -c -O2 -Wno-all -ffunction-sections -fdata-sections -ffp-contract=off  -Ilib lib/sp_process.c -o build/sp_process.o
#15 2.887 clang -c -O2 -Wno-all -ffunction-sections -fdata-sections -ffp-contract=off  -Ilib lib/sp_process_status.c -o build/sp_process_status.o
#15 2.897 clang -c -O2 -ffunction-sections -fdata-sections -ffp-contract=off  -DSP_THREADS -ftls-model=initial-exec -Ilib/regexp -Ilib/regexp/shim lib/regexp/re_compile.c -o build/mt/regexp/re_compile.o
#15 2.898 clang -c -O2 -ffunction-sections -fdata-sections -ffp-contract=off  -DSP_THREADS -ftls-model=initial-exec -Ilib/regexp -Ilib/regexp/shim lib/regexp/re_exec.c -o build/mt/regexp/re_exec.o
#15 2.915 clang -c -O2 -ffunction-sections -fdata-sections -ffp-contract=off  -DSP_THREADS -ftls-model=initial-exec -Ilib/regexp -Ilib/regexp/shim lib/regexp/re_utf8.c -o build/mt/regexp/re_utf8.o
#15 2.921 clang -c -O2 -ffunction-sections -fdata-sections -ffp-contract=off  -DSP_THREADS -ftls-model=initial-exec -Ilib/regexp -Ilib/regexp/shim lib/regexp/unicase.c -o build/mt/regexp/unicase.o
#15 2.922 clang -c -O2 -ffunction-sections -fdata-sections -ffp-contract=off  -DSP_THREADS -ftls-model=initial-exec -Ilib/regexp -Ilib/regexp/shim lib/regexp/re_spinel.c -o build/mt/regexp/re_spinel.o
#15 2.943 clang -c -O2 -Wno-all -ffunction-sections -fdata-sections -ffp-contract=off  -DSP_THREADS -ftls-model=initial-exec -Ilib -Ilib/regexp -Ilib/regexp/shim lib/sp_bigint.c -o build/mt/sp_bigint.o
#15 2.979 clang -c -O2 -Wno-all -ffunction-sections -fdata-sections -ffp-contract=off  -DSP_THREADS -ftls-model=initial-exec -Ilib -Ilib/regexp -Ilib/regexp/shim lib/sp_crypto.c -o build/mt/sp_crypto.o
#15 2.992 clang -c -O2 -Wno-all -ffunction-sections -fdata-sections -ffp-contract=off  -DSP_THREADS -ftls-model=initial-exec -Ilib -Ilib/regexp -Ilib/regexp/shim lib/sp_pack.c -o build/mt/sp_pack.o
#15 3.108 clang -c -O2 -Wno-all -ffunction-sections -fdata-sections -ffp-contract=off  -DSP_THREADS -ftls-model=initial-exec -Ilib -Ilib/regexp -Ilib/regexp/shim lib/sp_time.c -o build/mt/sp_time.o
#15 3.147 clang -c -O2 -Wno-all -ffunction-sections -fdata-sections -ffp-contract=off  -DSP_THREADS -ftls-model=initial-exec -Ilib -Ilib/regexp -Ilib/regexp/shim lib/sp_core.c -o build/mt/sp_core.o
#15 3.171 clang -c -O2 -Wno-all -ffunction-sections -fdata-sections -ffp-contract=off  -DSP_THREADS -ftls-model=initial-exec -Ilib -Ilib/regexp -Ilib/regexp/shim lib/sp_net.c -o build/mt/sp_net.o
#15 3.185 clang -c -O2 -Wno-all -ffunction-sections -fdata-sections -ffp-contract=off  -DSP_THREADS -ftls-model=initial-exec -Ilib -Ilib/regexp -Ilib/regexp/shim lib/sp_system.c -o build/mt/sp_system.o
#15 3.210 clang -c -O2 -Wno-all -ffunction-sections -fdata-sections -ffp-contract=off  -DSP_THREADS -ftls-model=initial-exec -Ilib -Ilib/regexp -Ilib/regexp/shim lib/sp_gc.c -o build/mt/sp_gc.o
#15 3.245 clang -c -O2 -Wno-all -ffunction-sections -fdata-sections -ffp-contract=off  -DSP_THREADS -ftls-model=initial-exec -Ilib -Ilib/regexp -Ilib/regexp/shim lib/sp_slab.c -o build/mt/sp_slab.o
#15 3.262 clang -c -O2 -Wno-all -ffunction-sections -fdata-sections -ffp-contract=off  -DSP_THREADS -ftls-model=initial-exec -Ilib -Ilib/regexp -Ilib/regexp/shim lib/sp_alloc.c -o build/mt/sp_alloc.o
#15 3.265 clang -c -O2 -Wno-all -ffunction-sections -fdata-sections -ffp-contract=off  -DSP_THREADS -ftls-model=initial-exec -Ilib -Ilib/regexp -Ilib/regexp/shim lib/sp_dtoa.c -o build/mt/sp_dtoa.o
#15 3.274 clang -c -O2 -Wno-all -ffunction-sections -fdata-sections -ffp-contract=off  -DSP_THREADS -ftls-model=initial-exec -Ilib -Ilib/regexp -Ilib/regexp/shim lib/sp_marshal.c -o build/mt/sp_marshal.o
#15 3.362 clang -c -O2 -Wno-all -ffunction-sections -fdata-sections -ffp-contract=off  -DSP_THREADS -ftls-model=initial-exec -Ilib -Ilib/regexp -Ilib/regexp/shim lib/sp_format.c -o build/mt/sp_format.o
#15 3.389 clang -c -O2 -Wno-all -ffunction-sections -fdata-sections -ffp-contract=off  -DSP_THREADS -ftls-model=initial-exec -Ilib -Ilib/regexp -Ilib/regexp/shim lib/sp_string.c -o build/mt/sp_string.o
#15 3.395 clang -c -O2 -Wno-all -ffunction-sections -fdata-sections -ffp-contract=off  -DSP_THREADS -ftls-model=initial-exec -Ilib -Ilib/regexp -Ilib/regexp/shim lib/sp_inspect.c -o build/mt/sp_inspect.o
#15 3.422 clang -c -O2 -Wno-all -ffunction-sections -fdata-sections -ffp-contract=off  -DSP_THREADS -ftls-model=initial-exec -Ilib -Ilib/regexp -Ilib/regexp/shim lib/sp_poly_cold.c -o build/mt/sp_poly_cold.o
#15 3.424 clang -c -O2 -Wno-all -ffunction-sections -fdata-sections -ffp-contract=off  -DSP_THREADS -ftls-model=initial-exec -Ilib -Ilib/regexp -Ilib/regexp/shim lib/sp_array.c -o build/mt/sp_array.o
#15 3.449 clang -c -O2 -Wno-all -ffunction-sections -fdata-sections -ffp-contract=off  -DSP_THREADS -ftls-model=initial-exec -Ilib -Ilib/regexp -Ilib/regexp/shim lib/sp_str.c -o build/mt/sp_str.o
#15 3.451 clang -c -O2 -Wno-all -ffunction-sections -fdata-sections -ffp-contract=off  -DSP_THREADS -ftls-model=initial-exec -Ilib -Ilib/regexp -Ilib/regexp/shim lib/sp_str_crypt.c -o build/mt/sp_str_crypt.o
#15 3.489 clang -c -O2 -Wno-all -ffunction-sections -fdata-sections -ffp-contract=off  -DSP_THREADS -ftls-model=initial-exec -Ilib -Ilib/regexp -Ilib/regexp/shim lib/sp_hash.c -o build/mt/sp_hash.o
#15 3.492 clang -c -O2 -Wno-all -ffunction-sections -fdata-sections -ffp-contract=off  -DSP_THREADS -ftls-model=initial-exec -Ilib -Ilib/regexp -Ilib/regexp/shim lib/sp_proc.c -o build/mt/sp_proc.o
#15 3.554 clang -c -O2 -Wno-all -ffunction-sections -fdata-sections -ffp-contract=off  -DSP_THREADS -ftls-model=initial-exec -Ilib -Ilib/regexp -Ilib/regexp/shim lib/sp_exc.c -o build/mt/sp_exc.o
#15 3.588 clang -c -O2 -Wno-all -ffunction-sections -fdata-sections -ffp-contract=off  -DSP_THREADS -ftls-model=initial-exec -Ilib -Ilib/regexp -Ilib/regexp/shim lib/sp_re.c -o build/mt/sp_re.o
#15 3.613 clang -c -O2 -Wno-all -ffunction-sections -fdata-sections -ffp-contract=off  -DSP_THREADS -ftls-model=initial-exec -Ilib -Ilib/regexp -Ilib/regexp/shim lib/sp_random.c -o build/mt/sp_random.o
#15 3.679 clang -c -O2 -Wno-all -ffunction-sections -fdata-sections -ffp-contract=off  -DSP_THREADS -ftls-model=initial-exec -Ilib -Ilib/regexp -Ilib/regexp/shim lib/sp_fiber.c -o build/mt/sp_fiber.o
#15 3.691 clang -c -O2 -Wno-all -ffunction-sections -fdata-sections -ffp-contract=off  -DSP_THREADS -ftls-model=initial-exec -Ilib -Ilib/regexp -Ilib/regexp/shim lib/sp_sched.c -o build/mt/sp_sched.o
#15 3.733 clang -c -O2 -Wno-all -ffunction-sections -fdata-sections -ffp-contract=off  -DSP_THREADS -ftls-model=initial-exec -Ilib -Ilib/regexp -Ilib/regexp/shim lib/sp_io.c -o build/mt/sp_io.o
#15 3.760 clang -c -O2 -Wno-all -ffunction-sections -fdata-sections -ffp-contract=off  -DSP_THREADS -ftls-model=initial-exec -Ilib -Ilib/regexp -Ilib/regexp/shim lib/sp_iobuffer.c -o build/mt/sp_iobuffer.o
#15 3.810 clang -c -O2 -Wno-all -ffunction-sections -fdata-sections -ffp-contract=off  -DSP_THREADS -ftls-model=initial-exec -Ilib -Ilib/regexp -Ilib/regexp/shim lib/sp_cold.c -o build/mt/sp_cold.o
#15 3.890 clang -c -O2 -Wno-all -ffunction-sections -fdata-sections -ffp-contract=off  -DSP_THREADS -ftls-model=initial-exec -Ilib -Ilib/regexp -Ilib/regexp/shim lib/sp_process.c -o build/mt/sp_process.o
#15 3.928 clang -c -O2 -Wno-all -ffunction-sections -fdata-sections -ffp-contract=off  -DSP_THREADS -ftls-model=initial-exec -Ilib -Ilib/regexp -Ilib/regexp/shim lib/sp_process_status.c -o build/mt/sp_process_status.o
#15 3.937 clang -c -O2 -Ivendor/prism/include -Ivendor/prism/src vendor/prism/src/diagnostic.c -o build/prism/diagnostic.o
#15 3.970 clang -c -O2 -Ivendor/prism/include -Ivendor/prism/src vendor/prism/src/encoding.c -o build/prism/encoding.o
#15 3.978 clang -c -O2 -Ivendor/prism/include -Ivendor/prism/src vendor/prism/src/node.c -o build/prism/node.o
#15 3.981 clang -c -O2 -Ivendor/prism/include -Ivendor/prism/src vendor/prism/src/options.c -o build/prism/options.o
#15 4.005 clang -c -O2 -Ivendor/prism/include -Ivendor/prism/src vendor/prism/src/pack.c -o build/prism/pack.o
#15 4.019 clang -c -O2 -Ivendor/prism/include -Ivendor/prism/src vendor/prism/src/prettyprint.c -o build/prism/prettyprint.o
#15 4.045 clang -c -O2 -Ivendor/prism/include -Ivendor/prism/src vendor/prism/src/prism.c -o build/prism/prism.o
#15 4.074 clang -c -O2 -Ivendor/prism/include -Ivendor/prism/src vendor/prism/src/regexp.c -o build/prism/regexp.o
#15 4.102 clang -c -O2 -Ivendor/prism/include -Ivendor/prism/src vendor/prism/src/serialize.c -o build/prism/serialize.o
#15 4.120 clang -c -O2 -Ivendor/prism/include -Ivendor/prism/src vendor/prism/src/static_literals.c -o build/prism/static_literals.o
#15 4.134 clang -c -O2 -Ivendor/prism/include -Ivendor/prism/src vendor/prism/src/token_type.c -o build/prism/token_type.o
#15 4.172 clang -c -O2 -Ivendor/prism/include -Ivendor/prism/src vendor/prism/src/util/pm_buffer.c -o build/prism/util/pm_buffer.o
#15 4.181 clang -c -O2 -Ivendor/prism/include -Ivendor/prism/src vendor/prism/src/util/pm_char.c -o build/prism/util/pm_char.o
#15 4.215 clang -c -O2 -Ivendor/prism/include -Ivendor/prism/src vendor/prism/src/util/pm_constant_pool.c -o build/prism/util/pm_constant_pool.o
#15 4.230 clang -c -O2 -Ivendor/prism/include -Ivendor/prism/src vendor/prism/src/util/pm_integer.c -o build/prism/util/pm_integer.o
#15 4.230 clang -c -O2 -Ivendor/prism/include -Ivendor/prism/src vendor/prism/src/util/pm_list.c -o build/prism/util/pm_list.o
#15 4.251 clang -c -O2 -Ivendor/prism/include -Ivendor/prism/src vendor/prism/src/util/pm_memchr.c -o build/prism/util/pm_memchr.o
#15 4.255 clang -c -O2 -Ivendor/prism/include -Ivendor/prism/src vendor/prism/src/util/pm_newline_list.c -o build/prism/util/pm_newline_list.o
#15 4.262 clang -c -O2 -Ivendor/prism/include -Ivendor/prism/src vendor/prism/src/util/pm_string.c -o build/prism/util/pm_string.o
#15 4.279 clang -c -O2 -Ivendor/prism/include -Ivendor/prism/src vendor/prism/src/util/pm_strncasecmp.c -o build/prism/util/pm_strncasecmp.o
#15 4.285 clang -c -O2 -Ivendor/prism/include -Ivendor/prism/src vendor/prism/src/util/pm_strpbrk.c -o build/prism/util/pm_strpbrk.o
#15 4.294 clang -O2 -Wno-all -Wno-unknown-warning-option -Wno-alloc-size-larger-than -Wno-format-truncation -ffp-contract=off  -Ilib/regexp -Ilib/regexp/shim -c src/re_lit_check.c -o build/csrc/re_lit_check.o
#15 4.305 clang -c -O2 -Wno-all -Ivendor/rbs/include -Ivendor/rbs/src vendor/rbs/src/ast.c -o build/rbs/ast.o
#15 4.314 clang -c -O2 -Wno-all -Ivendor/rbs/include -Ivendor/rbs/src vendor/rbs/src/lexer.c -o build/rbs/lexer.o
#15 4.317 clang -c -O2 -Wno-all -Ivendor/rbs/include -Ivendor/rbs/src vendor/rbs/src/lexstate.c -o build/rbs/lexstate.o
#15 4.325 clang -c -O2 -Wno-all -Ivendor/rbs/include -Ivendor/rbs/src vendor/rbs/src/location.c -o build/rbs/location.o
#15 4.335 clang -c -O2 -Wno-all -Ivendor/rbs/include -Ivendor/rbs/src vendor/rbs/src/parser.c -o build/rbs/parser.o
#15 4.337 clang -c -O2 -Wno-all -Ivendor/rbs/include -Ivendor/rbs/src vendor/rbs/src/string.c -o build/rbs/string.o
#15 4.342 clang -c -O2 -Wno-all -Ivendor/rbs/include -Ivendor/rbs/src vendor/rbs/src/util/rbs_allocator.c -o build/rbs/util/rbs_allocator.o
#15 4.359 clang -c -O2 -Wno-all -Ivendor/rbs/include -Ivendor/rbs/src vendor/rbs/src/util/rbs_assert.c -o build/rbs/util/rbs_assert.o
#15 4.366 clang -c -O2 -Wno-all -Ivendor/rbs/include -Ivendor/rbs/src vendor/rbs/src/util/rbs_buffer.c -o build/rbs/util/rbs_buffer.o
#15 4.367 clang -c -O2 -Wno-all -Ivendor/rbs/include -Ivendor/rbs/src vendor/rbs/src/util/rbs_constant_pool.c -o build/rbs/util/rbs_constant_pool.o
#15 4.380 clang -c -O2 -Wno-all -Ivendor/rbs/include -Ivendor/rbs/src vendor/rbs/src/util/rbs_encoding.c -o build/rbs/util/rbs_encoding.o
#15 4.391 clang -c -O2 -Wno-all -Ivendor/rbs/include -Ivendor/rbs/src vendor/rbs/src/util/rbs_unescape.c -o build/rbs/util/rbs_unescape.o
#15 4.394 clang -c -O2 -Wno-all -ffunction-sections -fdata-sections -ffp-contract=off  -Ilib -Ipackages/json packages/json/sp_json.c -o packages/json/sp_json.o
#15 4.399 clang -c -O2 -Wno-all -ffunction-sections -fdata-sections -ffp-contract=off  -Ilib -Ipackages/stringio packages/stringio/sp_stringio.c -o packages/stringio/sp_stringio.o
#15 4.412 clang -c -O2 -Wno-all -ffunction-sections -fdata-sections -ffp-contract=off  -Ilib packages/strscan/sp_strscan.c -o packages/strscan/sp_strscan.o
#15 4.431 clang -c -O2 -Wno-all -ffunction-sections -fdata-sections -ffp-contract=off  -Ilib packages/base64/sp_base64.c -o packages/base64/sp_base64.o
#15 4.482 clang -c -O2 -Wno-all -ffunction-sections -fdata-sections -ffp-contract=off  -Ilib packages/tmpdir/sp_tmpdir.c -o packages/tmpdir/sp_tmpdir.o
#15 4.482 clang -c -O2 -Wno-all -ffunction-sections -fdata-sections -ffp-contract=off  -Ilib packages/zlib/sp_zlib.c -o packages/zlib/sp_zlib.o
#15 4.505 clang -c -O2 -Wno-all -ffunction-sections -fdata-sections -ffp-contract=off  -Ilib packages/pty/sp_pty.c -o packages/pty/sp_pty.o
#15 4.531 clang -c -O2 -Wno-all -ffunction-sections -fdata-sections -ffp-contract=off   -Ilib -Ipackages/openssl packages/openssl/sp_openssl.c -o packages/openssl/sp_openssl.o
#15 4.538 clang -c -O2 -Wno-all -ffunction-sections -fdata-sections -ffp-contract=off   -Ilib -Ipackages/ffi packages/ffi/sp_ffi.c -o packages/ffi/sp_ffi.o
#15 4.567 clang -c -O2 -Wno-all -ffunction-sections -fdata-sections -ffp-contract=off  -DSP_THREADS -ftls-model=initial-exec -Ilib -Ipackages/json packages/json/sp_json.c -o packages/json/sp_json_mt.o
#15 4.571 clang -c -O2 -Wno-all -ffunction-sections -fdata-sections -ffp-contract=off  -DSP_THREADS -ftls-model=initial-exec -Ilib -Ipackages/stringio packages/stringio/sp_stringio.c -o packages/stringio/sp_stringio_mt.o
#15 4.579 clang -c -O2 -Wno-all -ffunction-sections -fdata-sections -ffp-contract=off  -DSP_THREADS -ftls-model=initial-exec -Ilib packages/strscan/sp_strscan.c -o packages/strscan/sp_strscan_mt.o
#15 4.613 clang -c -O2 -Wno-all -ffunction-sections -fdata-sections -ffp-contract=off  -DSP_THREADS -ftls-model=initial-exec -Ilib packages/base64/sp_base64.c -o packages/base64/sp_base64_mt.o
#15 4.653 clang -c -O2 -Wno-all -ffunction-sections -fdata-sections -ffp-contract=off  -DSP_THREADS -ftls-model=initial-exec -Ilib packages/tmpdir/sp_tmpdir.c -o packages/tmpdir/sp_tmpdir_mt.o
#15 4.657 clang -c -O2 -Wno-all -ffunction-sections -fdata-sections -ffp-contract=off  -DSP_THREADS -ftls-model=initial-exec -Ilib packages/zlib/sp_zlib.c -o packages/zlib/sp_zlib_mt.o
#15 4.662 clang -c -O2 -Wno-all -ffunction-sections -fdata-sections -ffp-contract=off  -DSP_THREADS -ftls-model=initial-exec -Ilib packages/pty/sp_pty.c -o packages/pty/sp_pty_mt.o
#15 4.684 clang -c -O2 -Wno-all -ffunction-sections -fdata-sections -ffp-contract=off  -DSP_THREADS -ftls-model=initial-exec  -Ilib -Ipackages/openssl packages/openssl/sp_openssl.c -o packages/openssl/sp_openssl_mt.o
#15 4.703 clang -c -O2 -Wno-all -ffunction-sections -fdata-sections -ffp-contract=off  -DSP_THREADS -ftls-model=initial-exec  -Ilib -Ipackages/ffi packages/ffi/sp_ffi.c -o packages/ffi/sp_ffi_mt.o
#15 4.706 ar rcs lib/libspinel_rt.a build/regexp/re_compile.o build/regexp/re_exec.o build/regexp/re_utf8.o build/regexp/unicase.o build/regexp/re_spinel.o build/sp_bigint.o build/sp_crypto.o build/sp_pack.o build/sp_time.o build/sp_core.o build/sp_net.o build/sp_system.o build/sp_gc.o build/sp_slab.o build/sp_alloc.o build/sp_dtoa.o build/sp_marshal.o build/sp_format.o build/sp_string.o build/sp_inspect.o build/sp_poly_cold.o build/sp_array.o build/sp_str.o build/sp_str_crypt.o build/sp_hash.o build/sp_proc.o build/sp_exc.o build/sp_re.o build/sp_random.o build/sp_fiber.o build/sp_sched.o build/sp_io.o build/sp_iobuffer.o build/sp_cold.o build/sp_process.o build/sp_process_status.o
#15 4.720 clang -O2 -Wno-all -Wno-unknown-warning-option -Wno-alloc-size-larger-than -Wno-format-truncation -ffp-contract=off  -Werror=return-type -Isrc -Ibuild/csrc -c src/node_table.c -o build/csrc/node_table.o
#15 4.727 clang -O2 -Wno-all -Wno-unknown-warning-option -Wno-alloc-size-larger-than -Wno-format-truncation -ffp-contract=off  -Werror=return-type -Isrc -Ibuild/csrc -c src/types.c -o build/csrc/types.o
#15 4.737 clang -O2 -Wno-all -Wno-unknown-warning-option -Wno-alloc-size-larger-than -Wno-format-truncation -ffp-contract=off  -Werror=return-type -Isrc -Ibuild/csrc -c src/compiler.c -o build/csrc/compiler.o
#15 4.748 clang -O2 -Wno-all -Wno-unknown-warning-option -Wno-alloc-size-larger-than -Wno-format-truncation -ffp-contract=off  -Werror=return-type -Isrc -Ibuild/csrc -c src/ffi_spec.c -o build/csrc/ffi_spec.o
#15 4.763 clang -O2 -Wno-all -Wno-unknown-warning-option -Wno-alloc-size-larger-than -Wno-format-truncation -ffp-contract=off  -Werror=return-type -Isrc -Ibuild/csrc -c src/analyze.c -o build/csrc/analyze.o
#15 4.776 clang -O2 -Wno-all -Wno-unknown-warning-option -Wno-alloc-size-larger-than -Wno-format-truncation -ffp-contract=off  -Werror=return-type -Isrc -Ibuild/csrc -c src/analyze_util.c -o build/csrc/analyze_util.o
#15 4.789 clang -O2 -Wno-all -Wno-unknown-warning-option -Wno-alloc-size-larger-than -Wno-format-truncation -ffp-contract=off  -Werror=return-type -Isrc -Ibuild/csrc -c src/analyze_infer.c -o build/csrc/analyze_infer.o
#15 4.807 clang -O2 -Wno-all -Wno-unknown-warning-option -Wno-alloc-size-larger-than -Wno-format-truncation -ffp-contract=off  -Werror=return-type -Isrc -Ibuild/csrc -c src/analyze_infer_recv.c -o build/csrc/analyze_infer_recv.o
#15 4.869 clang -O2 -Wno-all -Wno-unknown-warning-option -Wno-alloc-size-larger-than -Wno-format-truncation -ffp-contract=off  -Werror=return-type -Isrc -Ibuild/csrc -c src/analyze_scope.c -o build/csrc/analyze_scope.o
#15 4.869 clang -O2 -Wno-all -Wno-unknown-warning-option -Wno-alloc-size-larger-than -Wno-format-truncation -ffp-contract=off  -Werror=return-type -Isrc -Ibuild/csrc -c src/analyze_pass.c -o build/csrc/analyze_pass.o
#15 5.305 clang -O2 -Wno-all -Wno-unknown-warning-option -Wno-alloc-size-larger-than -Wno-format-truncation -ffp-contract=off  -Werror=return-type -Isrc -Ibuild/csrc -c src/analyze_desugar.c -o build/csrc/analyze_desugar.o
#15 5.400 clang -O2 -Wno-all -Wno-unknown-warning-option -Wno-alloc-size-larger-than -Wno-format-truncation -ffp-contract=off  -Werror=return-type -Isrc -Ibuild/csrc -c src/analyze_nil.c -o build/csrc/analyze_nil.o
#15 5.540 clang -O2 -Wno-all -Wno-unknown-warning-option -Wno-alloc-size-larger-than -Wno-format-truncation -ffp-contract=off  -Werror=return-type -Isrc -Ibuild/csrc -c src/analyze_share.c -o build/csrc/analyze_share.o
#15 5.552 clang -O2 -Wno-all -Wno-unknown-warning-option -Wno-alloc-size-larger-than -Wno-format-truncation -ffp-contract=off  -Werror=return-type -Isrc -Ibuild/csrc -c src/repr.c -o build/csrc/repr.o
#15 5.833 clang -O2 -Wno-all -Wno-unknown-warning-option -Wno-alloc-size-larger-than -Wno-format-truncation -ffp-contract=off  -Werror=return-type -Isrc -Ibuild/csrc -c src/holder.c -o build/csrc/holder.o
#15 5.877 clang -O2 -Wno-all -Wno-unknown-warning-option -Wno-alloc-size-larger-than -Wno-format-truncation -ffp-contract=off  -Werror=return-type -Isrc -Ibuild/csrc -c src/codegen.c -o build/csrc/codegen.o
#15 6.166 clang -O2 -Wno-all -Wno-unknown-warning-option -Wno-alloc-size-larger-than -Wno-format-truncation -ffp-contract=off  -Werror=return-type -Isrc -Ibuild/csrc -c src/ty_traits_check.c -o build/csrc/ty_traits_check.o
#15 6.217 clang -O2 -Wno-all -Wno-unknown-warning-option -Wno-alloc-size-larger-than -Wno-format-truncation -ffp-contract=off  -Werror=return-type -Isrc -Ibuild/csrc -c src/codegen_fold.c -o build/csrc/codegen_fold.o
#15 6.876 clang -O2 -Wno-all -Wno-unknown-warning-option -Wno-alloc-size-larger-than -Wno-format-truncation -ffp-contract=off  -Werror=return-type -Isrc -Ibuild/csrc -c src/codegen_call.c -o build/csrc/codegen_call.o
#15 7.761 clang -O2 -Wno-all -Wno-unknown-warning-option -Wno-alloc-size-larger-than -Wno-format-truncation -ffp-contract=off  -Werror=return-type -Isrc -Ibuild/csrc -c src/codegen_call_poly.c -o build/csrc/codegen_call_poly.o
#15 7.834 clang -O2 -Wno-all -Wno-unknown-warning-option -Wno-alloc-size-larger-than -Wno-format-truncation -ffp-contract=off  -Werror=return-type -Isrc -Ibuild/csrc -c src/codegen_call_method.c -o build/csrc/codegen_call_method.o
#15 7.835 clang -O2 -Wno-all -Wno-unknown-warning-option -Wno-alloc-size-larger-than -Wno-format-truncation -ffp-contract=off  -Werror=return-type -Isrc -Ibuild/csrc -c src/codegen_call_io.c -o build/csrc/codegen_call_io.o
#15 8.142 clang -O2 -Wno-all -Wno-unknown-warning-option -Wno-alloc-size-larger-than -Wno-format-truncation -ffp-contract=off  -Werror=return-type -Isrc -Ibuild/csrc -c src/codegen_call_kernel.c -o build/csrc/codegen_call_kernel.o
#15 8.159 clang -O2 -Wno-all -Wno-unknown-warning-option -Wno-alloc-size-larger-than -Wno-format-truncation -ffp-contract=off  -Werror=return-type -Isrc -Ibuild/csrc -c src/codegen_call_exception.c -o build/csrc/codegen_call_exception.o
#15 8.330 clang -O2 -Wno-all -Wno-unknown-warning-option -Wno-alloc-size-larger-than -Wno-format-truncation -ffp-contract=off  -Werror=return-type -Isrc -Ibuild/csrc -c src/codegen_call_module.c -o build/csrc/codegen_call_module.o
#15 8.334 clang -O2 -Wno-all -Wno-unknown-warning-option -Wno-alloc-size-larger-than -Wno-format-truncation -ffp-contract=off  -Werror=return-type -Isrc -Ibuild/csrc -c src/codegen_call_string.c -o build/csrc/codegen_call_string.o
#15 8.390 clang -O2 -Wno-all -Wno-unknown-warning-option -Wno-alloc-size-larger-than -Wno-format-truncation -ffp-contract=off  -Werror=return-type -Isrc -Ibuild/csrc -c src/codegen_call_class.c -o build/csrc/codegen_call_class.o
#15 8.606 clang -O2 -Wno-all -Wno-unknown-warning-option -Wno-alloc-size-larger-than -Wno-format-truncation -ffp-contract=off  -Werror=return-type -Isrc -Ibuild/csrc -c src/codegen_call_operator.c -o build/csrc/codegen_call_operator.o
#15 8.677 clang -O2 -Wno-all -Wno-unknown-warning-option -Wno-alloc-size-larger-than -Wno-format-truncation -ffp-contract=off  -Werror=return-type -Isrc -Ibuild/csrc -c src/codegen_call_object.c -o build/csrc/codegen_call_object.o
#15 8.823 clang -O2 -Wno-all -Wno-unknown-warning-option -Wno-alloc-size-larger-than -Wno-format-truncation -ffp-contract=off  -Werror=return-type -Isrc -Ibuild/csrc -c src/codegen_ops.c -o build/csrc/codegen_ops.o
#15 8.871 clang -O2 -Wno-all -Wno-unknown-warning-option -Wno-alloc-size-larger-than -Wno-format-truncation -ffp-contract=off  -Werror=return-type -Isrc -Ibuild/csrc -c src/codegen_call_concurrency.c -o build/csrc/codegen_call_concurrency.o
#15 8.909 clang -O2 -Wno-all -Wno-unknown-warning-option -Wno-alloc-size-larger-than -Wno-format-truncation -ffp-contract=off  -Werror=return-type -Isrc -Ibuild/csrc -c src/codegen_call_numeric.c -o build/csrc/codegen_call_numeric.o
#15 8.943 clang -O2 -Wno-all -Wno-unknown-warning-option -Wno-alloc-size-larger-than -Wno-format-truncation -ffp-contract=off  -Werror=return-type -Isrc -Ibuild/csrc -c src/codegen_call_hash.c -o build/csrc/codegen_call_hash.o
#15 9.021 clang -O2 -Wno-all -Wno-unknown-warning-option -Wno-alloc-size-larger-than -Wno-format-truncation -ffp-contract=off  -Werror=return-type -Isrc -Ibuild/csrc -c src/codegen_call_array.c -o build/csrc/codegen_call_array.o
#15 9.041 clang -O2 -Wno-all -Wno-unknown-warning-option -Wno-alloc-size-larger-than -Wno-format-truncation -ffp-contract=off  -Werror=return-type -Isrc -Ibuild/csrc -c src/codegen_view.c -o build/csrc/codegen_view.o
#15 9.054 clang -O2 -Wno-all -Wno-unknown-warning-option -Wno-alloc-size-larger-than -Wno-format-truncation -ffp-contract=off  -Werror=return-type -Isrc -Ibuild/csrc -c src/builtin_ops.c -o build/csrc/builtin_ops.o
#15 9.075 clang -O2 -Wno-all -Wno-unknown-warning-option -Wno-alloc-size-larger-than -Wno-format-truncation -ffp-contract=off  -Werror=return-type -Isrc -Ibuild/csrc -c src/builtin_names.c -o build/csrc/builtin_names.o
#15 9.079 clang -O2 -Wno-all -Wno-unknown-warning-option -Wno-alloc-size-larger-than -Wno-format-truncation -ffp-contract=off  -Werror=return-type -Isrc -Ibuild/csrc -c src/codegen_call_recv.c -o build/csrc/codegen_call_recv.o
#15 9.158 clang -O2 -Wno-all -Wno-unknown-warning-option -Wno-alloc-size-larger-than -Wno-format-truncation -ffp-contract=off  -Werror=return-type -Isrc -Ibuild/csrc -c src/codegen_iter.c -o build/csrc/codegen_iter.o
#15 9.343 clang -O2 -Wno-all -Wno-unknown-warning-option -Wno-alloc-size-larger-than -Wno-format-truncation -ffp-contract=off  -Werror=return-type -Isrc -Ibuild/csrc -c src/call_plan.c -o build/csrc/call_plan.o
#15 9.348 clang -O2 -Wno-all -Wno-unknown-warning-option -Wno-alloc-size-larger-than -Wno-format-truncation -ffp-contract=off  -Werror=return-type -Isrc -Ibuild/csrc -c src/codegen_poly_plan.c -o build/csrc/codegen_poly_plan.o
#15 9.988 clang -O2 -Wno-all -Wno-unknown-warning-option -Wno-alloc-size-larger-than -Wno-format-truncation -ffp-contract=off  -Werror=return-type -Isrc -Ibuild/csrc -c src/codegen_expr.c -o build/csrc/codegen_expr.o
#15 9.990 clang -O2 -Wno-all -Wno-unknown-warning-option -Wno-alloc-size-larger-than -Wno-format-truncation -ffp-contract=off  -Werror=return-type -Isrc -Ibuild/csrc -c src/codegen_stmt.c -o build/csrc/codegen_stmt.o
#15 10.27 clang -O2 -Wno-all -Wno-unknown-warning-option -Wno-alloc-size-larger-than -Wno-format-truncation -ffp-contract=off  -Werror=return-type -Isrc -Ibuild/csrc -c src/csplit.c -o build/csrc/csplit.o
#15 10.35 clang -O2 -Wno-all -Wno-unknown-warning-option -Wno-alloc-size-larger-than -Wno-format-truncation -ffp-contract=off  -Werror=return-type -Isrc -Ibuild/csrc -c src/decide.c -o build/csrc/decide.o
#15 10.39 ar rcs build/libprism.a build/prism/diagnostic.o build/prism/encoding.o build/prism/node.o build/prism/options.o build/prism/pack.o build/prism/prettyprint.o build/prism/prism.o build/prism/regexp.o build/prism/serialize.o build/prism/static_literals.o build/prism/token_type.o build/prism/util/pm_buffer.o build/prism/util/pm_char.o build/prism/util/pm_constant_pool.o build/prism/util/pm_integer.o build/prism/util/pm_list.o build/prism/util/pm_memchr.o build/prism/util/pm_newline_list.o build/prism/util/pm_string.o build/prism/util/pm_strncasecmp.o build/prism/util/pm_strpbrk.o
#15 10.40 ar rcs build/librbs.a build/rbs/ast.o build/rbs/lexer.o build/rbs/lexstate.o build/rbs/location.o build/rbs/parser.o build/rbs/string.o build/rbs/util/rbs_allocator.o build/rbs/util/rbs_assert.o build/rbs/util/rbs_buffer.o build/rbs/util/rbs_constant_pool.o build/rbs/util/rbs_encoding.o build/rbs/util/rbs_unescape.o
#15 10.41 ar rcs lib/libspinel_rt_mt.a build/mt/regexp/re_compile.o build/mt/regexp/re_exec.o build/mt/regexp/re_utf8.o build/mt/regexp/unicase.o build/mt/regexp/re_spinel.o build/mt/sp_bigint.o build/mt/sp_crypto.o build/mt/sp_pack.o build/mt/sp_time.o build/mt/sp_core.o build/mt/sp_net.o build/mt/sp_system.o build/mt/sp_gc.o build/mt/sp_slab.o build/mt/sp_alloc.o build/mt/sp_dtoa.o build/mt/sp_marshal.o build/mt/sp_format.o build/mt/sp_string.o build/mt/sp_inspect.o build/mt/sp_poly_cold.o build/mt/sp_array.o build/mt/sp_str.o build/mt/sp_str_crypt.o build/mt/sp_hash.o build/mt/sp_proc.o build/mt/sp_exc.o build/mt/sp_re.o build/mt/sp_random.o build/mt/sp_fiber.o build/mt/sp_sched.o build/mt/sp_io.o build/mt/sp_iobuffer.o build/mt/sp_cold.o build/mt/sp_process.o build/mt/sp_process_status.o
#15 10.41 clang -O2 -Wno-all -Wno-unknown-warning-option -Wno-alloc-size-larger-than -Wno-format-truncation -ffp-contract=off  -Werror=return-type -Isrc -Ibuild/csrc -c src/codegen_util.c -o build/csrc/codegen_util.o
#15 10.42 clang -O2 -Wno-all -Wno-unknown-warning-option -Wno-alloc-size-larger-than -Wno-format-truncation -ffp-contract=off  -Werror=return-type -Isrc -Ibuild/csrc -c src/main.c -o build/csrc/main.o
#15 10.63 clang -O2 -Wno-all -Wno-unknown-warning-option -Wno-alloc-size-larger-than -Wno-format-truncation -ffp-contract=off  -Ivendor/prism/include -c src/spinel_parse.c -o build/csrc/sp_parse_lib.o
#15 10.79 clang -O2 -Wno-all -Wno-unknown-warning-option -Wno-alloc-size-larger-than -Wno-format-truncation -ffp-contract=off  -Ivendor/rbs/include tools/spinel_rbs_extract.c build/librbs.a   -o build/spinel_rbs_extract
#15 19.34 clang -O2 -Wno-all -Wno-unknown-warning-option -Wno-alloc-size-larger-than -Wno-format-truncation -ffp-contract=off  build/csrc/node_table.o build/csrc/types.o build/csrc/compiler.o build/csrc/ffi_spec.o build/csrc/analyze.o build/csrc/analyze_util.o build/csrc/analyze_infer.o build/csrc/analyze_infer_recv.o build/csrc/analyze_scope.o build/csrc/analyze_pass.o build/csrc/analyze_desugar.o build/csrc/analyze_nil.o build/csrc/analyze_share.o build/csrc/repr.o build/csrc/holder.o build/csrc/codegen.o build/csrc/codegen_util.o build/csrc/ty_traits_check.o build/csrc/codegen_fold.o build/csrc/codegen_call.o build/csrc/codegen_call_poly.o build/csrc/codegen_call_method.o build/csrc/codegen_call_io.o build/csrc/codegen_call_kernel.o build/csrc/codegen_call_exception.o build/csrc/codegen_call_module.o build/csrc/codegen_call_string.o build/csrc/codegen_call_class.o build/csrc/codegen_call_operator.o build/csrc/codegen_call_object.o build/csrc/codegen_ops.o build/csrc/codegen_call_concurrency.o build/csrc/codegen_call_numeric.o build/csrc/codegen_call_hash.o build/csrc/codegen_call_array.o build/csrc/codegen_view.o build/csrc/builtin_ops.o build/csrc/builtin_names.o build/csrc/codegen_call_recv.o build/csrc/codegen_iter.o build/csrc/call_plan.o build/csrc/codegen_poly_plan.o build/csrc/codegen_expr.o build/csrc/codegen_stmt.o build/csrc/csplit.o build/csrc/main.o build/csrc/decide.o build/csrc/sp_parse_lib.o build/csrc/re_lit_check.o build/regexp/re_compile.o build/regexp/re_exec.o build/regexp/re_utf8.o build/regexp/unicase.o build/regexp/re_spinel.o build/libprism.a  -lm -lcrypt  -o bin/spinel
#15 19.40 bin/spinel tools/doctor.rb -o bin/spinel-doctor
#15 19.40 bin/spinel tools/reduce.rb -o bin/spinel-reduce
#15 19.40 bin/spinel tools/flatten.rb -o bin/spinel-flatten
#15 19.40 bin/spinel tools/diff.rb -o bin/spinel-diff
#15 19.40 bin/spinel -I build tools/spin.rb -o bin/spin
#15 19.40 bin/spinel tools/bisect.rb -o bin/spinel-bisect
#15 20.31 tools/flatten.rb -> bin/spinel-flatten
#15 20.48 tools/reduce.rb -> bin/spinel-reduce
#15 20.54 tools/doctor.rb -> bin/spinel-doctor
#15 20.85 tools/diff.rb -> bin/spinel-diff
#15 22.41 tools/bisect.rb -> bin/spinel-bisect
#15 25.89 tools/spin.rb -> bin/spin
#15 25.89 build/spinel_rbs_extract -> bin/spinel_rbs_extract
#15 26.12 install -d /usr/local/lib/spinel/lib
#15 26.12 install -m 755 bin/spinel            /usr/local/lib/spinel/spinel
#15 26.12 install -m 755 bin/spin             /usr/local/lib/spinel/spin
#15 26.12 install -m 644 lib/libspinel_rt.a    /usr/local/lib/spinel/lib/
#15 26.12 install -m 644 lib/libspinel_rt_mt.a /usr/local/lib/spinel/lib/
#15 26.12 for h in lib/*.h; do install -m 644 $h /usr/local/lib/spinel/lib/; done
#15 26.13 install -d /usr/local/lib/spinel/lib/spinel
#15 26.13 install -m 644 lib/spinel/runtime.h  /usr/local/lib/spinel/lib/spinel/
#15 26.13 install -d /usr/local/lib/spinel/lib/wasi/sys
#15 26.13 for h in lib/wasi/*.h; do install -m 644 $h /usr/local/lib/spinel/lib/wasi/; done
#15 26.13 for h in lib/wasi/sys/*.h; do install -m 644 $h /usr/local/lib/spinel/lib/wasi/sys/; done
#15 26.14 rm -rf /usr/local/lib/spinel/packages
#15 26.14 cp -r packages /usr/local/lib/spinel/packages
#15 26.15 rm -rf /usr/local/lib/spinel/builtins
#15 26.15 cp -r builtins /usr/local/lib/spinel/builtins
#15 26.15 rm -rf /usr/local/lib/spinel/packages/*/build
#15 26.15 chmod -R a+rX /usr/local/lib/spinel/packages /usr/local/lib/spinel/builtins
#15 26.15 install -d /usr/local/bin
#15 26.15 ln -sf /usr/local/lib/spinel/spinel /usr/local/bin/spinel
#15 26.15 ln -sf /usr/local/lib/spinel/spin   /usr/local/bin/spin
#15 26.15 for t in doctor reduce flatten diff bisect; do \
#15 26.15   install -m 755 bin/spinel-$t /usr/local/bin/spinel-$t; \
#15 26.15 done
#15 DONE 26.3s

#16 [builder  8/11] COPY vendor/roundhouse /src/roundhouse
#16 DONE 0.2s

#17 [builder  9/11] WORKDIR /src/roundhouse
#17 DONE 0.1s

#18 [builder 10/11] RUN --mount=type=cache,id=v8b-cargo-registry,target=/usr/local/cargo/registry     --mount=type=cache,id=v8b-cargo-git,target=/usr/local/cargo/git     --mount=type=cache,id=v8b-cargo-target,target=/src/roundhouse/target     ROUNDHOUSE_COMMIT=$(echo ea4d3e682c86d817b2617b5862ed9a14d634f7eb | cut -c1-8) cargo build --locked --release --bin roundhouse -j8     && install -m755 target/release/roundhouse /usr/local/bin/roundhouse
#18 0.355 info: syncing channel updates for 1.98.1-aarch64-unknown-linux-gnu
#18 1.433 info: latest update on 2026-09-03 for version 1.98.1 (48a229cea 2026-09-01)
#18 1.439 info: downloading 2 components
#18 3.326     Updating crates.io index
#18 3.326     Updating git repository `https://github.com/Shopify/rubydex`
#18 8.751  Downloading crates ...
#18 9.172   Downloaded adler2 v2.0.1
#18 9.268   Downloaded unicase v2.9.0
#18 9.289   Downloaded anstyle v1.0.14
#18 9.290   Downloaded bitflags v1.3.2
#18 9.300   Downloaded bitflags v2.11.1
#18 9.319   Downloaded anstyle-parse v1.0.0
#18 9.320   Downloaded cexpr v0.6.0
#18 9.322   Downloaded thiserror-impl v2.0.18
#18 9.325   Downloaded anstream v1.0.0
#18 9.334   Downloaded utf8_iter v1.0.4
#18 9.349   Downloaded clap_builder v4.6.7
#18 9.356   Downloaded toml_datetime v1.1.1+spec-1.1.0
#18 9.360   Downloaded crossbeam-epoch v0.9.21
#18 9.361   Downloaded flate2 v1.1.9
#18 9.369   Downloaded clang-sys v1.8.1
#18 9.371   Downloaded cfg-if v1.0.4
#18 9.373   Downloaded yoke-derive v0.8.3
#18 9.384   Downloaded clap v4.6.7
#18 9.392   Downloaded clap_derive v4.6.7
#18 9.413   Downloaded bindgen v0.72.1
#18 9.417   Downloaded crossbeam-utils v0.8.21
#18 9.420   Downloaded anstyle-query v1.1.5
#18 9.431   Downloaded bumpalo v3.20.2
#18 9.563   Downloaded text-size v1.1.1
#18 9.563   Downloaded utf8parse v0.2.2
#18 9.564   Downloaded writeable v0.6.4
#18 9.565   Downloaded cypher-parser v0.8.1
#18 9.566   Downloaded arraydeque v0.5.1
#18 9.566   Downloaded line-index v0.1.2
#18 9.567   Downloaded litemap v0.8.3
#18 9.567   Downloaded memchr v2.8.0
#18 9.569   Downloaded pulldown-cmark-escape v0.11.0
#18 9.569   Downloaded aho-corasick v1.1.4
#18 9.571   Downloaded bytecount v0.6.9
#18 9.571   Downloaded cc v1.2.60
#18 9.572   Downloaded crossbeam-deque v0.8.8
#18 9.573   Downloaded itoa v1.0.18
#18 9.699   Downloaded find-msvc-tools v0.1.9
#18 9.700   Downloaded foldhash v0.2.0
#18 9.701   Downloaded idna_adapter v1.2.2
#18 9.701   Downloaded serde_spanned v1.1.1
#18 9.708   Downloaded log v0.4.29
#18 9.709   Downloaded miniz_oxide v0.8.9
#18 9.710   Downloaded quote v1.0.45
#18 9.711   Downloaded synstructure v0.14.0
#18 9.711   Downloaded winnow v1.0.4
#18 9.715   Downloaded glob v0.3.3
#18 9.718   Downloaded unsafe-libyaml v0.2.11
#18 9.719   Downloaded zerofrom v0.1.8
#18 9.722   Downloaded percent-encoding v2.3.2
#18 9.725   Downloaded rustc-hash v2.1.2
#18 9.725   Downloaded tinystr v0.8.4
#18 9.726   Downloaded toml_parser v1.1.3+spec-1.1.0
#18 9.727   Downloaded xattr v1.6.1
#18 9.727   Downloaded zerofrom-derive v0.1.8
#18 9.727   Downloaded thiserror v2.0.18
#18 9.729   Downloaded toml_writer v1.1.2+spec-1.1.0
#18 9.729   Downloaded unicode-ident v1.0.24
#18 9.730   Downloaded idna v1.1.0
#18 9.732   Downloaded displaydoc v0.2.5
#18 9.733   Downloaded ryu v1.0.23
#18 9.733   Downloaded stable_deref_trait v1.2.1
#18 9.734   Downloaded clap_lex v1.1.1
#18 9.734   Downloaded is_terminal_polyfill v1.70.2
#18 9.740   Downloaded icu_provider v2.3.1
#18 9.741   Downloaded lsp-server v0.7.9
#18 9.741   Downloaded regex v1.12.3
#18 9.743   Downloaded serde v1.0.228
#18 9.744   Downloaded serde_yaml v0.9.34+deprecated
#18 9.745   Downloaded simd-adler32 v0.3.9
#18 9.746   Downloaded nohash-hasher v0.2.0
#18 9.746   Downloaded equivalent v1.0.2
#18 9.754   Downloaded form_urlencoded v1.2.2
#18 9.756   Downloaded tar v0.4.45
#18 9.766   Downloaded libloading v0.8.9
#18 9.785   Downloaded yoke v0.8.3
#18 9.855   Downloaded toml v1.1.6+spec-1.1.0
#18 9.865   Downloaded xxhash-rust v0.8.19
#18 9.932   Downloaded crossbeam-channel v0.5.15
#18 9.934   Downloaded icu_normalizer_data v2.3.0
#18 9.935   Downloaded yaml-rust2 v0.13.0
#18 9.936   Downloaded url v2.5.8
#18 9.944   Downloaded errno v0.3.14
#18 9.944   Downloaded ruby-rbs v0.3.0
#18 9.952   Downloaded zopfli v0.8.3
#18 10.02   Downloaded hashlink v0.12.2
#18 10.02   Downloaded proc-macro2 v1.0.106
#18 10.02   Downloaded smallvec v1.16.2
#18 10.02   Downloaded heck v0.5.0
#18 10.03   Downloaded zmij v1.0.21
#18 10.03   Downloaded zerovec-derive v0.11.6
#18 10.03   Downloaded zerotrie v0.2.5
#18 10.08   Downloaded zip v2.4.2
#18 10.08   Downloaded potential_utf v0.1.6
#18 10.08   Downloaded shlex v1.3.0
#18 10.08   Downloaded strsim v0.11.1
#18 10.08   Downloaded colorchoice v1.0.5
#18 10.08   Downloaded filetime v0.2.27
#18 10.08   Downloaded icu_collections v2.3.0
#18 10.09   Downloaded indexmap v2.14.0
#18 10.09   Downloaded ruby-prism v1.9.0
#18 10.09   Downloaded serde_repr v0.1.20
#18 10.09   Downloaded crc32fast v1.5.0
#18 10.09   Downloaded icu_locale_core v2.3.0
#18 10.09   Downloaded icu_properties v2.3.0
#18 10.09   Downloaded zerovec v0.11.8
#18 10.09   Downloaded minimal-lexical v0.2.1
#18 10.10   Downloaded prettyplease v0.2.37
#18 10.10   Downloaded either v1.15.0
#18 10.10   Downloaded nom v7.1.3
#18 10.10   Downloaded serde_core v1.0.228
#18 10.11   Downloaded fluent-uri v0.1.4
#18 10.11   Downloaded serde_yaml_ng v0.10.0
#18 10.12   Downloaded serde_derive v1.0.228
#18 10.13   Downloaded ruby-rbs-sys v0.3.0
#18 10.15   Downloaded pulldown-cmark v0.13.4
#18 10.16   Downloaded lsp-types v0.97.0
#18 10.22   Downloaded serde_json v1.0.149
#18 10.23   Downloaded icu_properties_data v2.3.0
#18 10.26   Downloaded itertools v0.13.0
#18 10.28   Downloaded hashbrown v0.17.0
#18 10.32   Downloaded syn v3.0.6
#18 10.34   Downloaded syn v2.0.117
#18 10.36   Downloaded regex-syntax v0.8.10
#18 10.37   Downloaded ruby-prism-sys v1.9.0
#18 10.41   Downloaded rustix v1.1.4
#18 10.48   Downloaded icu_normalizer v2.3.0
#18 10.51   Downloaded regex-automata v0.4.14
#18 10.56   Downloaded libc v0.2.185
#18 10.77   Downloaded linux-raw-sys v0.12.1
#18 10.84    Compiling proc-macro2 v1.0.106
#18 10.84    Compiling quote v1.0.45
#18 10.84    Compiling unicode-ident v1.0.24
#18 10.84    Compiling memchr v2.8.0
#18 10.84    Compiling serde v1.0.228
#18 10.84    Compiling glob v0.3.3
#18 10.84    Compiling libc v0.2.185
#18 10.84    Compiling stable_deref_trait v1.2.1
#18 10.94    Compiling prettyplease v0.2.37
#18 10.95    Compiling cfg-if v1.0.4
#18 10.96    Compiling regex-syntax v0.8.10
#18 11.01    Compiling serde_core v1.0.228
#18 11.01    Compiling minimal-lexical v0.2.1
#18 11.02    Compiling libloading v0.8.9
#18 11.03    Compiling clang-sys v1.8.1
#18 11.08    Compiling nom v7.1.3
#18 11.08    Compiling bindgen v0.72.1
#18 11.09    Compiling shlex v1.3.0
#18 11.11    Compiling either v1.15.0
#18 11.13    Compiling zmij v1.0.21
#18 11.14    Compiling log v0.4.29
#18 11.15    Compiling itertools v0.13.0
#18 11.20    Compiling rustc-hash v2.1.2
#18 11.22    Compiling syn v2.0.117
#18 11.24    Compiling syn v3.0.6
#18 11.24    Compiling bitflags v2.11.1
#18 11.29    Compiling find-msvc-tools v0.1.9
#18 11.34    Compiling regex-automata v0.4.14
#18 11.45    Compiling cc v1.2.60
#18 11.52    Compiling cexpr v0.6.0
#18 11.73    Compiling serde_json v1.0.149
#18 11.78    Compiling regex v1.12.3
#18 11.83    Compiling itoa v1.0.18
#18 11.86    Compiling writeable v0.6.4
#18 11.87    Compiling litemap v0.8.3
#18 11.88    Compiling icu_properties_data v2.3.0
#18 11.91    Compiling icu_normalizer_data v2.3.0
#18 11.93    Compiling crossbeam-utils v0.8.21
#18 11.93    Compiling utf8_iter v1.0.4
#18 11.97    Compiling hashbrown v0.17.0
#18 11.97    Compiling equivalent v1.0.2
#18 11.99    Compiling foldhash v0.2.0
#18 12.13    Compiling indexmap v2.14.0
#18 12.15    Compiling utf8parse v0.2.2
#18 12.17    Compiling crc32fast v1.5.0
#18 12.18    Compiling synstructure v0.14.0
#18 12.23    Compiling unsafe-libyaml v0.2.11
#18 12.32    Compiling smallvec v1.16.2
#18 12.39    Compiling ryu v1.0.23
#18 12.43    Compiling anstyle-parse v1.0.0
#18 12.47    Compiling is_terminal_polyfill v1.70.2
#18 12.48    Compiling anstyle-query v1.1.5
#18 12.49    Compiling colorchoice v1.0.5
#18 12.49    Compiling crossbeam-epoch v0.9.21
#18 12.51    Compiling anstyle v1.0.14
#18 12.55    Compiling rustix v1.1.4
#18 12.56    Compiling simd-adler32 v0.3.9
#18 12.59    Compiling anstream v1.0.0
#18 12.60    Compiling serde_derive v1.0.228
#18 12.62    Compiling displaydoc v0.2.5
#18 12.73    Compiling zerofrom-derive v0.1.8
#18 12.78    Compiling yoke-derive v0.8.3
#18 12.80    Compiling zerovec-derive v0.11.6
#18 12.92    Compiling strsim v0.11.1
#18 12.95    Compiling linux-raw-sys v0.12.1
#18 13.05    Compiling adler2 v2.0.1
#18 13.09    Compiling crossbeam-deque v0.8.8
#18 13.13    Compiling winnow v1.0.4
#18 13.15    Compiling heck v0.5.0
#18 13.17    Compiling zerofrom v0.1.8
#18 13.18    Compiling thiserror v2.0.18
#18 13.18    Compiling percent-encoding v2.3.2
#18 13.19    Compiling yoke v0.8.3
#18 13.20    Compiling clap_lex v1.1.1
#18 13.24    Compiling zerovec v0.11.8
#18 13.25    Compiling zerotrie v0.2.5
#18 13.26    Compiling clap_builder v4.6.7
#18 13.28    Compiling toml_parser v1.1.3+spec-1.1.0
#18 13.30    Compiling form_urlencoded v1.2.2
#18 13.37    Compiling clap_derive v4.6.7
#18 13.39    Compiling miniz_oxide v0.8.9
#18 13.43    Compiling tinystr v0.8.4
#18 13.48    Compiling icu_locale_core v2.3.0
#18 13.49    Compiling potential_utf v0.1.6
#18 13.53    Compiling icu_collections v2.3.0
#18 13.76    Compiling icu_provider v2.3.1
#18 13.80    Compiling serde_yaml v0.9.34+deprecated
#18 13.96    Compiling icu_properties v2.3.0
#18 13.97    Compiling icu_normalizer v2.3.0
#18 13.99    Compiling ruby-prism v1.9.0
#18 14.24    Compiling ruby-rbs v0.3.0
#18 14.25    Compiling ruby-prism-sys v1.9.0
#18 14.45    Compiling ruby-rbs-sys v0.3.0
#18 14.45    Compiling idna_adapter v1.2.2
#18 14.48    Compiling idna v1.1.0
#18 14.53    Compiling thiserror-impl v2.0.18
#18 14.65    Compiling crossbeam-channel v0.5.15
#18 14.86    Compiling serde_spanned v1.1.1
#18 14.88    Compiling toml_datetime v1.1.1+spec-1.1.0
#18 14.89    Compiling zip v2.4.2
#18 14.93    Compiling bitflags v1.3.2
#18 14.94    Compiling nohash-hasher v0.2.0
#18 14.96    Compiling text-size v1.1.1
#18 14.99    Compiling bumpalo v3.20.2
#18 15.00    Compiling pulldown-cmark v0.13.4
#18 15.01    Compiling toml_writer v1.1.2+spec-1.1.0
#18 15.04    Compiling line-index v0.1.2
#18 15.06    Compiling zopfli v0.8.3
#18 15.07    Compiling toml v1.1.6+spec-1.1.0
#18 15.17    Compiling fluent-uri v0.1.4
#18 15.25    Compiling url v2.5.8
#18 15.34    Compiling xattr v1.6.1
#18 15.39    Compiling clap v4.6.7
#18 15.40    Compiling flate2 v1.1.9
#18 15.55    Compiling filetime v0.2.27
#18 15.57    Compiling serde_repr v0.1.20
#18 15.62    Compiling hashlink v0.12.2
#18 15.71    Compiling pulldown-cmark-escape v0.11.0
#18 15.72    Compiling unicase v2.9.0
#18 15.74    Compiling xxhash-rust v0.8.19
#18 15.74    Compiling arraydeque v0.5.1
#18 15.80    Compiling cypher-parser v0.8.1
#18 15.91    Compiling roundhouse v2026.9.18 (/src/roundhouse)
#18 16.02    Compiling bytecount v0.6.9
#18 16.25    Compiling yaml-rust2 v0.13.0
#18 16.29    Compiling serde_yaml_ng v0.10.0
#18 16.81    Compiling lsp-types v0.97.0
#18 16.98    Compiling tar v0.4.45
#18 17.60    Compiling lsp-server v0.7.9
#18 18.89    Compiling rubydex v0.4.1 (https://github.com/Shopify/rubydex?rev=d8ff47595223571588ae40cb748f43cef6a9dfaf#d8ff4759)
#18 61.51     Finished `release` profile [optimized] target(s) in 58.21s
#18 DONE 61.9s

#19 [builder 11/11] RUN roundhouse --version && spinel --version && spin --version
#19 0.131 roundhouse 2026.9.18 (ea4d3e68)
#19 0.144 spinel 2026.09.12+7503 (f85f04b3a) [gcc 14.2.0 (cc)]
#19 0.149 spin 2026.09.12+7503 (f85f04b3a) [gcc 14.2.0 (cc)]
#19 DONE 0.2s

#20 [stage-2 5/9] COPY --from=builder /usr/local/lib/spinel /usr/local/lib/spinel
#20 DONE 0.1s

#21 [stage-2 6/9] COPY --from=builder /usr/local/bin/roundhouse /usr/local/bin/roundhouse
#21 DONE 0.1s

#22 [stage-2 7/9] COPY patches /usr/local/share/roundhouse-patches
#22 DONE 0.1s

#23 [stage-2 8/9] RUN ln -s /usr/local/lib/spinel/spinel /usr/local/bin/spinel     && ln -s /usr/local/lib/spinel/spin /usr/local/bin/spin
#23 DONE 0.1s

#24 [stage-2 9/9] WORKDIR /work
#24 DONE 0.1s

#25 exporting to image
#25 exporting layers 0.1s done
#25 writing image sha256:8672bda676270867cfb018b0162c889d00ec1aaa546635470df1f7cacb45213c done
#25 naming to docker.io/library/conduit-v8b-toolchain:dfb385415a9a done
#25 DONE 0.1s
ruby 4.0.7 (2026-09-15 revision 229531a6cf) +PRISM [aarch64-linux]
roundhouse 2026.9.18 (ea4d3e68)
spinel 2026.09.12+7503 (f85f04b3a) [gcc 14.2.0 (cc)]
spin 2026.09.12+7503 (f85f04b3a) [gcc 14.2.0 (cc)]
#0 building with "orbstack" instance using docker driver

#1 [internal] load build definition from Dockerfile.production
#1 transferring dockerfile: 2.13kB done
#1 DONE 0.0s

#2 resolve image config for docker-image://docker.io/docker/dockerfile:1
#2 DONE 1.1s

#3 docker-image://docker.io/docker/dockerfile:1@sha256:4edf897a3ffa55b89f906fc8cc78afdb3f1834cc9c7083565e611a8a7d5fe99e
#3 CACHED

#4 [internal] load metadata for docker.io/library/conduit-v8b-toolchain:dfb385415a9a
#4 DONE 0.0s

#5 [internal] load metadata for docker.io/library/debian:trixie-slim@sha256:020c0d20b9880058cbe785a9db107156c3c75c2ac944a6aa7ab59f2add76a7bd
#5 DONE 0.0s

#6 [internal] load .dockerignore
#6 transferring context: 210B done
#6 DONE 0.0s

#7 [runtime 1/4] FROM docker.io/library/debian:trixie-slim@sha256:020c0d20b9880058cbe785a9db107156c3c75c2ac944a6aa7ab59f2add76a7bd
#7 DONE 0.0s

#8 [internal] load build context
#8 transferring context: 136.10kB 0.0s done
#8 DONE 0.1s

#9 [toolchain 1/2] FROM docker.io/library/conduit-v8b-toolchain:dfb385415a9a
#9 DONE 0.2s

#10 [toolchain 2/2] RUN echo 'dfb385415a9af41e75c6e582c1fb71bedcc48cffb17e44336a9899c46ddf4c1d  /usr/local/share/roundhouse-patches/SHA256SUMS' | sha256sum -c -
#10 0.144 /usr/local/share/roundhouse-patches/SHA256SUMS: OK
#10 DONE 0.2s

#11 [build 1/5] WORKDIR /src/app
#11 DONE 0.0s

#12 [build 2/5] COPY . .
#12 DONE 0.1s

#13 [runtime 2/4] RUN apt-get update -qq     && apt-get install --no-install-recommends -y libpq5 libjemalloc2 ca-certificates     && rm -rf /var/lib/apt/lists/*     && groupadd --gid 10001 app && useradd --uid 10001 --gid app --no-create-home --home-dir /app app
#13 ...

#14 [build 3/5] RUN ulimit -v 12582912; /usr/bin/time -f "analysis peak_rss_kib=%M exit=%x" roundhouse check /src/app && /usr/bin/time -f "emission peak_rss_kib=%M exit=%x" roundhouse --target spinel -o /build /src/app
#14 0.155 /src/app/app/controllers/application_controller.rb:23:5: warning[gradual_untyped]: method call resolves to RBS `untyped` (gradual escape)
#14 0.155 /src/app/app/controllers/application_controller.rb:30:14: warning[gradual_untyped]: method call resolves to RBS `untyped` (gradual escape)
#14 0.155 /src/app/app/controllers/application_controller.rb:33:65: warning[gradual_untyped]: method call resolves to RBS `untyped` (gradual escape)
#14 0.155 /src/app/app/controllers/application_controller.rb:58:15: warning[gradual_untyped]: method call resolves to RBS `untyped` (gradual escape)
#14 0.155 /src/app/app/controllers/application_controller.rb:59:13: warning[gradual_untyped]: method call resolves to RBS `untyped` (gradual escape)
#14 0.155 /src/app/app/controllers/application_controller.rb:60:65: warning[gradual_untyped]: method call resolves to RBS `untyped` (gradual escape)
#14 0.155 /src/app/app/controllers/application_controller.rb:70:5: warning[gradual_untyped]: method call resolves to RBS `untyped` (gradual escape)
#14 0.155 /src/app/app/controllers/application_controller.rb:79:8: warning[unresolved_type]: local read `wrap` has unresolved type
#14 0.155 /src/app/app/controllers/application_controller.rb:105:37: warning[gradual_untyped]: method call resolves to RBS `untyped` (gradual escape)
#14 0.155 /src/app/app/controllers/application_controller.rb:125:7: warning[unresolved_type]: local read `following_ids` has unresolved type
#14 0.155 /src/app/app/controllers/application_controller.rb:125:23: warning[unresolved_type]: local read `following_ids` has unresolved type
#14 0.155 /src/app/app/controllers/application_controller.rb:135:35: warning[unresolved_type]: local read `favorite_ids` has unresolved type
#14 0.155 /src/app/app/controllers/application_controller.rb:135:50: warning[unresolved_type]: local read `favorite_ids` has unresolved type
#14 0.155 /src/app/app/controllers/application_controller.rb:136:13: warning[unresolved_type]: local read `favorite_counts` has unresolved type
#14 0.155 /src/app/app/controllers/application_controller.rb:136:31: warning[unresolved_type]: local read `favorite_counts` has unresolved type
#14 0.155 /src/app/app/controllers/application_controller.rb:139:83: warning[unresolved_type]: local read `following_ids` has unresolved type
#14 0.155 /src/app/app/controllers/application_controller.rb:141:39: warning[unresolved_type]: local read `list` has unresolved type
#14 0.155 /src/app/app/controllers/application_controller.rb:146:13: warning[gradual_untyped]: method call resolves to RBS `untyped` (gradual escape)
#14 0.155 /src/app/app/controllers/application_controller.rb:146:21: warning[gradual_untyped]: method call resolves to RBS `untyped` (gradual escape)
#14 0.155 /src/app/app/controllers/application_controller.rb:147:14: warning[gradual_untyped]: method call resolves to RBS `untyped` (gradual escape)
#14 0.155 /src/app/app/controllers/application_controller.rb:147:22: warning[gradual_untyped]: method call resolves to RBS `untyped` (gradual escape)
#14 0.155 /src/app/app/controllers/application_controller.rb:148:13: warning[gradual_untyped]: method call resolves to RBS `untyped` (gradual escape)
#14 0.155 /src/app/app/controllers/application_controller.rb:149:14: warning[gradual_untyped]: method call resolves to RBS `untyped` (gradual escape)
#14 0.155 /src/app/app/controllers/application_controller.rb:151:67: warning[gradual_untyped]: local read resolves to RBS `untyped` (gradual escape)
#14 0.155 /src/app/app/controllers/application_controller.rb:151:81: warning[gradual_untyped]: local read resolves to RBS `untyped` (gradual escape)
#14 0.155 /src/app/app/controllers/articles_controller.rb:4:79: warning[gradual_untyped]: method call resolves to RBS `untyped` (gradual escape)
#14 0.155 /src/app/app/controllers/articles_controller.rb:4:63: warning[gradual_untyped]: method call resolves to RBS `untyped` (gradual escape)
#14 0.155 /src/app/app/controllers/articles_controller.rb:5:86: warning[gradual_untyped]: method call resolves to RBS `untyped` (gradual escape)
#14 0.155 /src/app/app/controllers/articles_controller.rb:5:65: warning[gradual_untyped]: method call resolves to RBS `untyped` (gradual escape)
#14 0.155 /src/app/app/controllers/articles_controller.rb:6:127: warning[gradual_untyped]: method call resolves to RBS `untyped` (gradual escape)
#14 0.155 /src/app/app/controllers/articles_controller.rb:6:82: warning[gradual_untyped]: method call resolves to RBS `untyped` (gradual escape)
#14 0.155 /src/app/app/controllers/articles_controller.rb:7:5: warning[gradual_untyped]: method call resolves to RBS `untyped` (gradual escape)
#14 0.155 /src/app/app/controllers/articles_controller.rb:13:5: warning[gradual_untyped]: method call resolves to RBS `untyped` (gradual escape)
#14 0.155 /src/app/app/controllers/articles_controller.rb:18:5: warning[gradual_untyped]: method call resolves to RBS `untyped` (gradual escape)
#14 0.155 /src/app/app/controllers/articles_controller.rb:22:5: warning[gradual_untyped]: method call resolves to RBS `untyped` (gradual escape)
#14 0.155 /src/app/app/controllers/articles_controller.rb:36:5: warning[gradual_untyped]: method call resolves to RBS `untyped` (gradual escape)
#14 0.155 /src/app/app/controllers/articles_controller.rb:42:106: warning[unresolved_type]: local read `a` has unresolved type
#14 0.155 /src/app/app/controllers/articles_controller.rb:43:5: warning[gradual_untyped]: method call resolves to RBS `untyped` (gradual escape)
#14 0.155 /src/app/app/controllers/articles_controller.rb:50:5: warning[gradual_untyped]: method call resolves to RBS `untyped` (gradual escape)
#14 0.155 /src/app/app/controllers/articles_controller.rb:56:5: warning[gradual_untyped]: method call resolves to RBS `untyped` (gradual escape)
#14 0.155 /src/app/app/controllers/comments_controller.rb:5:85: warning[gradual_untyped]: method call resolves to RBS `untyped` (gradual escape)
#14 0.155 /src/app/app/controllers/comments_controller.rb:5:31: warning[gradual_untyped]: method call resolves to RBS `untyped` (gradual escape)
#14 0.155 /src/app/app/controllers/comments_controller.rb:5:32: warning[gradual_untyped]: method call resolves to RBS `untyped` (gradual escape)
#14 0.155 /src/app/app/controllers/comments_controller.rb:5:40: warning[gradual_untyped]: method call resolves to RBS `untyped` (gradual escape)
#14 0.155 /src/app/app/controllers/comments_controller.rb:6:91: warning[gradual_untyped]: method call resolves to RBS `untyped` (gradual escape)
#14 0.155 /src/app/app/controllers/comments_controller.rb:6:32: warning[gradual_untyped]: method call resolves to RBS `untyped` (gradual escape)
#14 0.155 /src/app/app/controllers/comments_controller.rb:6:33: warning[gradual_untyped]: method call resolves to RBS `untyped` (gradual escape)
#14 0.155 /src/app/app/controllers/comments_controller.rb:6:41: warning[gradual_untyped]: method call resolves to RBS `untyped` (gradual escape)
#14 0.155 /src/app/app/controllers/comments_controller.rb:9:5: warning[gradual_untyped]: method call resolves to RBS `untyped` (gradual escape)
#14 0.155 /src/app/app/controllers/comments_controller.rb:16:5: warning[gradual_untyped]: method call resolves to RBS `untyped` (gradual escape)
#14 0.155 /src/app/app/controllers/comments_controller.rb:22:44: warning[gradual_untyped]: method call resolves to RBS `untyped` (gradual escape)
#14 0.155 /src/app/app/controllers/comments_controller.rb:25:5: warning[gradual_untyped]: method call resolves to RBS `untyped` (gradual escape)
#14 0.155 /src/app/app/controllers/comments_controller.rb:31:64: warning[unresolved_type]: local read `followed` has unresolved type
#14 0.155 /src/app/app/controllers/exports_controller.rb:6:5: warning[gradual_untyped]: method call resolves to RBS `untyped` (gradual escape)
#14 0.155 /src/app/app/controllers/exports_controller.rb:11:40: warning[gradual_untyped]: method call resolves to RBS `untyped` (gradual escape)
#14 0.155 /src/app/app/controllers/exports_controller.rb:13:5: warning[gradual_untyped]: method call resolves to RBS `untyped` (gradual escape)
#14 0.155 /src/app/app/controllers/favorites_controller.rb:6:5: warning[gradual_untyped]: method call resolves to RBS `untyped` (gradual escape)
#14 0.155 /src/app/app/controllers/favorites_controller.rb:12:5: warning[gradual_untyped]: method call resolves to RBS `untyped` (gradual escape)
#14 0.155 /src/app/app/controllers/health_controller.rb:3:5: warning[gradual_untyped]: method call resolves to RBS `untyped` (gradual escape)
#14 0.155 /src/app/app/controllers/profiles_controller.rb:3:5: warning[gradual_untyped]: method call resolves to RBS `untyped` (gradual escape)
#14 0.155 /src/app/app/controllers/profiles_controller.rb:9:5: warning[gradual_untyped]: method call resolves to RBS `untyped` (gradual escape)
#14 0.155 /src/app/app/controllers/profiles_controller.rb:15:5: warning[gradual_untyped]: method call resolves to RBS `untyped` (gradual escape)
#14 0.155 /src/app/app/controllers/profiles_controller.rb:19:28: warning[gradual_untyped]: method call resolves to RBS `untyped` (gradual escape)
#14 0.155 /src/app/app/controllers/shares_controller.rb:6:5: warning[gradual_untyped]: method call resolves to RBS `untyped` (gradual escape)
#14 0.155 /src/app/app/controllers/shares_controller.rb:10:11: warning[gradual_untyped]: method call resolves to RBS `untyped` (gradual escape)
#14 0.155 /src/app/app/controllers/shares_controller.rb:16:23: warning[gradual_untyped]: local read resolves to RBS `untyped` (gradual escape)
#14 0.155 /src/app/app/controllers/shares_controller.rb:17:5: warning[gradual_untyped]: method call resolves to RBS `untyped` (gradual escape)
#14 0.155 /src/app/app/controllers/shares_controller.rb:21:5: warning[gradual_untyped]: method call resolves to RBS `untyped` (gradual escape)
#14 0.155 /src/app/app/controllers/shares_controller.rb:28:99: warning[unresolved_type]: local read `a` has unresolved type
#14 0.155 /src/app/app/controllers/shares_controller.rb:28:135: warning[gradual_untyped]: method call resolves to RBS `untyped` (gradual escape)
#14 0.155 /src/app/app/controllers/shares_controller.rb:29:5: warning[gradual_untyped]: method call resolves to RBS `untyped` (gradual escape)
#14 0.155 /src/app/app/controllers/shares_controller.rb:32:21: warning[gradual_untyped]: method call resolves to RBS `untyped` (gradual escape)
#14 0.155 /src/app/app/controllers/shares_controller.rb:32:34: warning[gradual_untyped]: method call resolves to RBS `untyped` (gradual escape)
#14 0.155 /src/app/app/controllers/shares_controller.rb:36:45: warning[gradual_untyped]: method call resolves to RBS `untyped` (gradual escape)
#14 0.155 /src/app/app/controllers/shares_controller.rb:37:74: warning[gradual_untyped]: method call resolves to RBS `untyped` (gradual escape)
#14 0.155 /src/app/app/controllers/tags_controller.rb:5:5: warning[gradual_untyped]: method call resolves to RBS `untyped` (gradual escape)
#14 0.155 /src/app/app/controllers/users_controller.rb:5:5: warning[gradual_untyped]: expression resolves to RBS `untyped` (gradual escape)
#14 0.155 /src/app/app/controllers/users_controller.rb:6:7: warning[gradual_untyped]: method call resolves to RBS `untyped` (gradual escape)
#14 0.155 /src/app/app/controllers/users_controller.rb:7:5: warning[gradual_untyped]: expression resolves to RBS `untyped` (gradual escape)
#14 0.155 /src/app/app/controllers/users_controller.rb:8:7: warning[gradual_untyped]: method call resolves to RBS `untyped` (gradual escape)
#14 0.155 /src/app/app/controllers/users_controller.rb:10:7: warning[gradual_untyped]: method call resolves to RBS `untyped` (gradual escape)
#14 0.155 /src/app/app/controllers/users_controller.rb:23:5: warning[gradual_untyped]: expression resolves to RBS `untyped` (gradual escape)
#14 0.155 /src/app/app/controllers/users_controller.rb:24:7: warning[gradual_untyped]: method call resolves to RBS `untyped` (gradual escape)
#14 0.155 /src/app/app/controllers/users_controller.rb:26:34: warning[gradual_untyped]: method call resolves to RBS `untyped` (gradual escape)
#14 0.155 /src/app/app/controllers/users_controller.rb:33:5: warning[gradual_untyped]: method call resolves to RBS `untyped` (gradual escape)
#14 0.155 /src/app/app/controllers/users_controller.rb:39:5: warning[gradual_untyped]: method call resolves to RBS `untyped` (gradual escape)
#14 0.155 /src/app/app/controllers/users_controller.rb:45:52: warning[gradual_untyped]: method call resolves to RBS `untyped` (gradual escape)
#14 0.155 /src/app/app/controllers/users_controller.rb:45:77: warning[gradual_untyped]: method call resolves to RBS `untyped` (gradual escape)
#14 0.155 /src/app/app/models/article.rb:10:80: warning[unresolved_type]: local read `user` has unresolved type
#14 0.155 /src/app/app/models/user.rb:19:72: warning[unresolved_type]: method call `password` has unresolved type
#14 0.155 /src/app/app/models/user.rb:19:93: warning[unresolved_type]: method call `password` has unresolved type
#14 0.155 /src/app/app/models/user.rb:23:70: warning[unresolved_type]: method call `password` has unresolved type
#14 0.155 /src/app/app/models/user.rb:28:5: warning[gradual_untyped]: expression resolves to RBS `untyped` (gradual escape)
#14 0.155 /src/app/app/services/login_throttle.rb:3:38: warning[unresolved_type]: local read `hash` has unresolved type
#14 0.155 /src/app/app/services/login_throttle.rb:3:43: warning[unresolved_type]: local read `key` has unresolved type
#14 0.155 
#14 0.155 roundhouse-check: 10 gems: 1 framework, 1 modeled, 5 infrastructure, 3 unknown (faye-websocket, good_job, jwt)
#14 0.155 roundhouse-check: /src/app — 0 parse error(s), 0 error(s), 95 warning(s), 0 gap-attributed note(s), 0 survey gap(s)
#14 0.156 analysis peak_rss_kib=36884 exit=0
#14 0.290 roundhouse: treeshake (spinel): dropped 56 runtime defs + 157 synthesized model defs (text-level, whole-tree name scan)
#14 0.291 roundhouse: 136 analyze warning(s) not shown — rerun with --allow-unsupported to list them
#14 0.295 roundhouse: emitted 345 files to /build (spinel)
#14 0.297 emission peak_rss_kib=53064 exit=0
#14 DONE 0.4s

#15 [build 4/5] WORKDIR /build
#15 DONE 0.1s

#16 [build 5/5] RUN spin build -- --cc=clang --jobs=8     && mkdir -p /runtime/static /runtime/public /runtime/db /runtime/config /runtime/storage     && set -- build/bin/* && test "$#" -eq 1 && test -x "$1"     && install -m755 "$1" /runtime/server && strip /runtime/server     && for dir in static public db config; do if [ -d "$dir" ]; then cp -a "$dir/." "/runtime/$dir/"; fi; done     && test -s /runtime/db/structure.sql && ldd /runtime/server
#16 1.231 build blog
#16 1.343 cc bcrypt/crypt_blowfish.c
#16 1.447 cc bcrypt/crypt_blowfish.c (threaded)
#16 1.461 cc bcrypt/sp_bcrypt.c
#16 1.473 cc bcrypt/sp_bcrypt.c (threaded)
#16 ...

#13 [runtime 2/4] RUN apt-get update -qq     && apt-get install --no-install-recommends -y libpq5 libjemalloc2 ca-certificates     && rm -rf /var/lib/apt/lists/*     && groupadd --gid 10001 app && useradd --uid 10001 --gid app --no-create-home --home-dir /app app
#13 3.000 Reading package lists...
#13 3.249 Building dependency tree...
#13 3.318 Reading state information...
#13 3.438 The following additional packages will be installed:
#13 3.438   libcom-err2 libgssapi-krb5-2 libk5crypto3 libkeyutils1 libkrb5-3
#13 3.438   libkrb5support0 libldap2 libsasl2-2 libsasl2-modules-db libssl3t64 openssl
#13 3.438   openssl-provider-legacy
#13 3.438 Suggested packages:
#13 3.438   krb5-doc krb5-user
#13 3.438 Recommended packages:
#13 3.438   krb5-locales libldap-common libsasl2-modules
#13 3.482 The following NEW packages will be installed:
#13 3.482   ca-certificates libcom-err2 libgssapi-krb5-2 libjemalloc2 libk5crypto3
#13 3.482   libkeyutils1 libkrb5-3 libkrb5support0 libldap2 libpq5 libsasl2-2
#13 3.482   libsasl2-modules-db openssl
#13 3.483 The following packages will be upgraded:
#13 3.483   libssl3t64 openssl-provider-legacy
#13 3.635 2 upgraded, 13 newly installed, 0 to remove and 22 not upgraded.
#13 3.635 Need to get 6004 kB of archives.
#13 3.635 After this operation, 8037 kB of additional disk space will be used.
#13 3.635 Get:1 http://deb.debian.org/debian-security trixie-security/main arm64 openssl-provider-legacy arm64 3.5.7-1~deb13u3 [314 kB]
#13 4.002 Get:2 http://deb.debian.org/debian-security trixie-security/main arm64 libssl3t64 arm64 3.5.7-1~deb13u3 [2770 kB]
#13 4.460 Get:3 http://deb.debian.org/debian-security trixie-security/main arm64 openssl arm64 3.5.7-1~deb13u3 [1473 kB]
#13 4.607 Get:4 http://deb.debian.org/debian trixie/main arm64 ca-certificates all 20250419 [162 kB]
#13 4.630 Get:5 http://deb.debian.org/debian trixie/main arm64 libcom-err2 arm64 1.47.2-3+b12 [24.9 kB]
#13 4.630 Get:6 http://deb.debian.org/debian trixie/main arm64 libkrb5support0 arm64 1.21.3-5+deb13u1 [32.5 kB]
#13 4.632 Get:7 http://deb.debian.org/debian trixie/main arm64 libk5crypto3 arm64 1.21.3-5+deb13u1 [81.4 kB]
#13 4.640 Get:8 http://deb.debian.org/debian trixie/main arm64 libkeyutils1 arm64 1.6.3-6 [9716 B]
#13 4.644 Get:9 http://deb.debian.org/debian trixie/main arm64 libkrb5-3 arm64 1.21.3-5+deb13u1 [308 kB]
#13 4.677 Get:10 http://deb.debian.org/debian trixie/main arm64 libgssapi-krb5-2 arm64 1.21.3-5+deb13u1 [128 kB]
#13 4.690 Get:11 http://deb.debian.org/debian trixie/main arm64 libjemalloc2 arm64 5.3.0-3 [216 kB]
#13 4.711 Get:12 http://deb.debian.org/debian trixie/main arm64 libsasl2-modules-db arm64 2.1.28+dfsg1-9 [20.1 kB]
#13 4.714 Get:13 http://deb.debian.org/debian trixie/main arm64 libsasl2-2 arm64 2.1.28+dfsg1-9 [55.6 kB]
#13 4.721 Get:14 http://deb.debian.org/debian trixie/main arm64 libldap2 arm64 2.6.10+dfsg-1 [179 kB]
#13 4.739 Get:15 http://deb.debian.org/debian trixie/main arm64 libpq5 arm64 17.11-0+deb13u1 [230 kB]
#13 4.844 debconf: unable to initialize frontend: Dialog
#13 4.844 debconf: (TERM is not set, so the dialog frontend is not usable.)
#13 4.844 debconf: falling back to frontend: Readline
#13 4.844 debconf: unable to initialize frontend: Readline
#13 4.844 debconf: (Can't locate Term/ReadLine.pm in @INC (you may need to install the Term::ReadLine module) (@INC entries checked: /etc/perl /usr/local/lib/aarch64-linux-gnu/perl/5.40.1 /usr/local/share/perl/5.40.1 /usr/lib/aarch64-linux-gnu/perl5/5.40 /usr/share/perl5 /usr/lib/aarch64-linux-gnu/perl-base /usr/lib/aarch64-linux-gnu/perl/5.40 /usr/share/perl/5.40 /usr/local/lib/site_perl) at /usr/share/perl5/Debconf/FrontEnd/Readline.pm line 8, <STDIN> line 15.)
#13 4.844 debconf: falling back to frontend: Teletype
#13 4.846 debconf: unable to initialize frontend: Teletype
#13 4.846 debconf: (This frontend requires a controlling tty.)
#13 4.846 debconf: falling back to frontend: Noninteractive
#13 5.103 Preconfiguring packages ...
#13 5.155 Fetched 6004 kB in 1s (4722 kB/s)
#13 5.166 (Reading database ... 
(Reading database ... 5%
(Reading database ... 10%
(Reading database ... 15%
(Reading database ... 20%
(Reading database ... 25%
(Reading database ... 30%
(Reading database ... 35%
(Reading database ... 40%
(Reading database ... 45%
(Reading database ... 50%
(Reading database ... 55%
(Reading database ... 60%
(Reading database ... 65%
(Reading database ... 70%
(Reading database ... 75%
(Reading database ... 80%
(Reading database ... 85%
(Reading database ... 90%
(Reading database ... 95%
(Reading database ... 100%
(Reading database ... 4933 files and directories currently installed.)
#13 5.178 Preparing to unpack .../openssl-provider-legacy_3.5.7-1~deb13u3_arm64.deb ...
#13 5.195 Unpacking openssl-provider-legacy (3.5.7-1~deb13u3) over (3.5.6-1~deb13u2) ...
#13 5.238 Setting up openssl-provider-legacy (3.5.7-1~deb13u3) ...
#13 5.276 (Reading database ... 
(Reading database ... 5%
(Reading database ... 10%
(Reading database ... 15%
(Reading database ... 20%
(Reading database ... 25%
(Reading database ... 30%
(Reading database ... 35%
(Reading database ... 40%
(Reading database ... 45%
(Reading database ... 50%
(Reading database ... 55%
(Reading database ... 60%
(Reading database ... 65%
(Reading database ... 70%
(Reading database ... 75%
(Reading database ... 80%
(Reading database ... 85%
(Reading database ... 90%
(Reading database ... 95%
(Reading database ... 100%
(Reading database ... 4933 files and directories currently installed.)
#13 5.277 Preparing to unpack .../libssl3t64_3.5.7-1~deb13u3_arm64.deb ...
#13 5.294 Unpacking libssl3t64:arm64 (3.5.7-1~deb13u3) over (3.5.6-1~deb13u2) ...
#13 5.413 Setting up libssl3t64:arm64 (3.5.7-1~deb13u3) ...
#13 5.447 Selecting previously unselected package openssl.
#13 5.447 (Reading database ... 
(Reading database ... 5%
(Reading database ... 10%
(Reading database ... 15%
(Reading database ... 20%
(Reading database ... 25%
(Reading database ... 30%
(Reading database ... 35%
(Reading database ... 40%
(Reading database ... 45%
(Reading database ... 50%
(Reading database ... 55%
(Reading database ... 60%
(Reading database ... 65%
(Reading database ... 70%
(Reading database ... 75%
(Reading database ... 80%
(Reading database ... 85%
(Reading database ... 90%
(Reading database ... 95%
(Reading database ... 100%
(Reading database ... 4933 files and directories currently installed.)
#13 5.447 Preparing to unpack .../00-openssl_3.5.7-1~deb13u3_arm64.deb ...
#13 5.450 Unpacking openssl (3.5.7-1~deb13u3) ...
#13 5.526 Selecting previously unselected package ca-certificates.
#13 5.526 Preparing to unpack .../01-ca-certificates_20250419_all.deb ...
#13 5.529 Unpacking ca-certificates (20250419) ...
#13 5.564 Selecting previously unselected package libcom-err2:arm64.
#13 5.565 Preparing to unpack .../02-libcom-err2_1.47.2-3+b12_arm64.deb ...
#13 5.568 Unpacking libcom-err2:arm64 (1.47.2-3+b12) ...
#13 5.593 Selecting previously unselected package libkrb5support0:arm64.
#13 5.594 Preparing to unpack .../03-libkrb5support0_1.21.3-5+deb13u1_arm64.deb ...
#13 5.597 Unpacking libkrb5support0:arm64 (1.21.3-5+deb13u1) ...
#13 5.622 Selecting previously unselected package libk5crypto3:arm64.
#13 5.623 Preparing to unpack .../04-libk5crypto3_1.21.3-5+deb13u1_arm64.deb ...
#13 5.626 Unpacking libk5crypto3:arm64 (1.21.3-5+deb13u1) ...
#13 5.651 Selecting previously unselected package libkeyutils1:arm64.
#13 5.652 Preparing to unpack .../05-libkeyutils1_1.6.3-6_arm64.deb ...
#13 5.655 Unpacking libkeyutils1:arm64 (1.6.3-6) ...
#13 5.679 Selecting previously unselected package libkrb5-3:arm64.
#13 5.680 Preparing to unpack .../06-libkrb5-3_1.21.3-5+deb13u1_arm64.deb ...
#13 5.683 Unpacking libkrb5-3:arm64 (1.21.3-5+deb13u1) ...
#13 5.722 Selecting previously unselected package libgssapi-krb5-2:arm64.
#13 5.722 Preparing to unpack .../07-libgssapi-krb5-2_1.21.3-5+deb13u1_arm64.deb ...
#13 5.725 Unpacking libgssapi-krb5-2:arm64 (1.21.3-5+deb13u1) ...
#13 5.753 Selecting previously unselected package libjemalloc2:arm64.
#13 5.753 Preparing to unpack .../08-libjemalloc2_5.3.0-3_arm64.deb ...
#13 5.756 Unpacking libjemalloc2:arm64 (5.3.0-3) ...
#13 5.781 Selecting previously unselected package libsasl2-modules-db:arm64.
#13 5.782 Preparing to unpack .../09-libsasl2-modules-db_2.1.28+dfsg1-9_arm64.deb ...
#13 5.784 Unpacking libsasl2-modules-db:arm64 (2.1.28+dfsg1-9) ...
#13 5.807 Selecting previously unselected package libsasl2-2:arm64.
#13 5.807 Preparing to unpack .../10-libsasl2-2_2.1.28+dfsg1-9_arm64.deb ...
#13 5.810 Unpacking libsasl2-2:arm64 (2.1.28+dfsg1-9) ...
#13 5.834 Selecting previously unselected package libldap2:arm64.
#13 5.834 Preparing to unpack .../11-libldap2_2.6.10+dfsg-1_arm64.deb ...
#13 5.837 Unpacking libldap2:arm64 (2.6.10+dfsg-1) ...
#13 5.865 Selecting previously unselected package libpq5:arm64.
#13 5.865 Preparing to unpack .../12-libpq5_17.11-0+deb13u1_arm64.deb ...
#13 5.868 Unpacking libpq5:arm64 (17.11-0+deb13u1) ...
#13 5.900 Setting up libkeyutils1:arm64 (1.6.3-6) ...
#13 5.909 Setting up libcom-err2:arm64 (1.47.2-3+b12) ...
#13 5.917 Setting up libjemalloc2:arm64 (5.3.0-3) ...
#13 5.925 Setting up libkrb5support0:arm64 (1.21.3-5+deb13u1) ...
#13 5.933 Setting up libsasl2-modules-db:arm64 (2.1.28+dfsg1-9) ...
#13 5.940 Setting up libk5crypto3:arm64 (1.21.3-5+deb13u1) ...
#13 5.947 Setting up libsasl2-2:arm64 (2.1.28+dfsg1-9) ...
#13 5.953 Setting up libkrb5-3:arm64 (1.21.3-5+deb13u1) ...
#13 5.959 Setting up openssl (3.5.7-1~deb13u3) ...
#13 5.965 Setting up libldap2:arm64 (2.6.10+dfsg-1) ...
#13 5.970 Setting up ca-certificates (20250419) ...
#13 6.001 debconf: unable to initialize frontend: Dialog
#13 6.001 debconf: (TERM is not set, so the dialog frontend is not usable.)
#13 6.001 debconf: falling back to frontend: Readline
#13 6.001 debconf: unable to initialize frontend: Readline
#13 6.001 debconf: (Can't locate Term/ReadLine.pm in @INC (you may need to install the Term::ReadLine module) (@INC entries checked: /etc/perl /usr/local/lib/aarch64-linux-gnu/perl/5.40.1 /usr/local/share/perl/5.40.1 /usr/lib/aarch64-linux-gnu/perl5/5.40 /usr/share/perl5 /usr/lib/aarch64-linux-gnu/perl-base /usr/lib/aarch64-linux-gnu/perl/5.40 /usr/share/perl/5.40 /usr/local/lib/site_perl) at /usr/share/perl5/Debconf/FrontEnd/Readline.pm line 8.)
#13 6.001 debconf: falling back to frontend: Teletype
#13 6.002 debconf: unable to initialize frontend: Teletype
#13 6.002 debconf: (This frontend requires a controlling tty.)
#13 6.002 debconf: falling back to frontend: Noninteractive
#13 6.127 Updating certificates in /etc/ssl/certs...
#13 6.287 150 added, 0 removed; done.
#13 6.309 Setting up libgssapi-krb5-2:arm64 (1.21.3-5+deb13u1) ...
#13 6.318 Setting up libpq5:arm64 (17.11-0+deb13u1) ...
#13 6.325 Processing triggers for libc-bin (2.41-12+deb13u3) ...
#13 6.362 Processing triggers for ca-certificates (20250419) ...
#13 6.366 Updating certificates in /etc/ssl/certs...
#13 6.488 0 added, 0 removed; done.
#13 6.488 Running hooks in /etc/ca-certificates/update.d...
#13 6.489 done.
#13 DONE 6.6s

#16 [build 5/5] RUN spin build -- --cc=clang --jobs=8     && mkdir -p /runtime/static /runtime/public /runtime/db /runtime/config /runtime/storage     && set -- build/bin/* && test "$#" -eq 1 && test -x "$1"     && install -m755 "$1" /runtime/server && strip /runtime/server     && for dir in static public db config; do if [ -d "$dir" ]; then cp -a "$dir/." "/runtime/$dir/"; fi; done     && test -s /runtime/db/structure.sql && ldd /runtime/server
#16 ...

#17 [runtime 3/4] WORKDIR /app
#17 DONE 0.1s

#16 [build 5/5] RUN spin build -- --cc=clang --jobs=8     && mkdir -p /runtime/static /runtime/public /runtime/db /runtime/config /runtime/storage     && set -- build/bin/* && test "$#" -eq 1 && test -x "$1"     && install -m755 "$1" /runtime/server && strip /runtime/server     && for dir in static public db config; do if [ -d "$dir" ]; then cp -a "$dir/." "/runtime/$dir/"; fi; done     && test -s /runtime/db/structure.sql && ldd /runtime/server
#16 16.64 warning: --rbs: Attached @variations: Array[Variation] stays a boxed array; every use of it must be one the unboxed array supports ([], []=, push, length, empty?, first, last, min, max, sort) from the class's own instance methods or its attr_reader
#16 16.64 warning: --rbs: ActiveRecord__Base @validation_entries: Array[ActiveModel__Error] stays a boxed array; every use of it must be one the unboxed array supports ([], []=, push, length, empty?, first, last, min, max, sort) from the class's own instance methods or its attr_reader
#16 16.64 warning: --rbs: UserAgent @tokens: Array[UserAgentToken] stays a boxed array; every use of it must be one the unboxed array supports ([], []=, push, length, empty?, first, last, min, max, sort) from the class's own instance methods or its attr_reader
#16 16.64 warning: --rbs: ApplicationRecord @validation_entries: Array[ActiveModel__Error] stays a boxed array; every use of it must be one the unboxed array supports ([], []=, push, length, empty?, first, last, min, max, sort) from the class's own instance methods or its attr_reader
#16 16.64 warning: --rbs: Article @validation_entries: Array[ActiveModel__Error] stays a boxed array; every use of it must be one the unboxed array supports ([], []=, push, length, empty?, first, last, min, max, sort) from the class's own instance methods or its attr_reader
#16 16.64 warning: --rbs: ArticleExport @validation_entries: Array[ActiveModel__Error] stays a boxed array; every use of it must be one the unboxed array supports ([], []=, push, length, empty?, first, last, min, max, sort) from the class's own instance methods or its attr_reader
#16 16.64 warning: --rbs: ArticleShare @validation_entries: Array[ActiveModel__Error] stays a boxed array; every use of it must be one the unboxed array supports ([], []=, push, length, empty?, first, last, min, max, sort) from the class's own instance methods or its attr_reader
#16 16.64 warning: --rbs: Comment @validation_entries: Array[ActiveModel__Error] stays a boxed array; every use of it must be one the unboxed array supports ([], []=, push, length, empty?, first, last, min, max, sort) from the class's own instance methods or its attr_reader
#16 16.64 warning: --rbs: Favorite @validation_entries: Array[ActiveModel__Error] stays a boxed array; every use of it must be one the unboxed array supports ([], []=, push, length, empty?, first, last, min, max, sort) from the class's own instance methods or its attr_reader
#16 16.64 warning: --rbs: Follow @validation_entries: Array[ActiveModel__Error] stays a boxed array; every use of it must be one the unboxed array supports ([], []=, push, length, empty?, first, last, min, max, sort) from the class's own instance methods or its attr_reader
#16 16.64 warning: --rbs: User @validation_entries: Array[ActiveModel__Error] stays a boxed array; every use of it must be one the unboxed array supports ([], []=, push, length, empty?, first, last, min, max, sort) from the class's own instance methods or its attr_reader
#16 16.64 /build/bin/blog.rb -> /build/build/bin/blog
#16 16.65 	linux-vdso.so.1 (0x0000ffff98007000)
#16 16.65 	libm.so.6 => /lib/aarch64-linux-gnu/libm.so.6 (0x0000ffff97980000)
#16 16.65 	libjemalloc.so.2 => /lib/aarch64-linux-gnu/libjemalloc.so.2 (0x0000ffff97850000)
#16 16.65 	libpq.so.5 => /lib/aarch64-linux-gnu/libpq.so.5 (0x0000ffff977d0000)
#16 16.65 	libc.so.6 => /lib/aarch64-linux-gnu/libc.so.6 (0x0000ffff97610000)
#16 16.65 	/lib/ld-linux-aarch64.so.1 (0x0000ffff97fc0000)
#16 16.65 	libstdc++.so.6 => /lib/aarch64-linux-gnu/libstdc++.so.6 (0x0000ffff973a0000)
#16 16.65 	libgcc_s.so.1 => /lib/aarch64-linux-gnu/libgcc_s.so.1 (0x0000ffff97360000)
#16 16.65 	libssl.so.3 => /lib/aarch64-linux-gnu/libssl.so.3 (0x0000ffff97230000)
#16 16.65 	libcrypto.so.3 => /lib/aarch64-linux-gnu/libcrypto.so.3 (0x0000ffff96c10000)
#16 16.65 	libgssapi_krb5.so.2 => /lib/aarch64-linux-gnu/libgssapi_krb5.so.2 (0x0000ffff96ba0000)
#16 16.65 	libldap.so.2 => /lib/aarch64-linux-gnu/libldap.so.2 (0x0000ffff96b20000)
#16 16.65 	libz.so.1 => /lib/aarch64-linux-gnu/libz.so.1 (0x0000ffff96ae0000)
#16 16.65 	libzstd.so.1 => /lib/aarch64-linux-gnu/libzstd.so.1 (0x0000ffff96a10000)
#16 16.65 	libkrb5.so.3 => /lib/aarch64-linux-gnu/libkrb5.so.3 (0x0000ffff96920000)
#16 16.65 	libk5crypto.so.3 => /lib/aarch64-linux-gnu/libk5crypto.so.3 (0x0000ffff968d0000)
#16 16.65 	libcom_err.so.2 => /lib/aarch64-linux-gnu/libcom_err.so.2 (0x0000ffff968a0000)
#16 16.65 	libkrb5support.so.0 => /lib/aarch64-linux-gnu/libkrb5support.so.0 (0x0000ffff96870000)
#16 16.65 	liblber.so.2 => /lib/aarch64-linux-gnu/liblber.so.2 (0x0000ffff96840000)
#16 16.65 	libsasl2.so.2 => /lib/aarch64-linux-gnu/libsasl2.so.2 (0x0000ffff96800000)
#16 16.65 	libkeyutils.so.1 => /lib/aarch64-linux-gnu/libkeyutils.so.1 (0x0000ffff967d0000)
#16 16.65 	libresolv.so.2 => /lib/aarch64-linux-gnu/libresolv.so.2 (0x0000ffff967a0000)
#16 DONE 16.7s

#18 [runtime 4/4] COPY --from=build --chown=10001:10001 /runtime/ ./
#18 DONE 0.1s

#19 exporting to image
#19 exporting layers 0.1s done
#19 writing image sha256:f54e764791e8fe859464c3ac2db0d66af99829211fccad70da755f1e1126e694
#19 writing image sha256:f54e764791e8fe859464c3ac2db0d66af99829211fccad70da755f1e1126e694 done
#19 naming to docker.io/library/conduit-v8b-app:compiled done
#19 DONE 0.1s
sha256:f54e764791e8fe859464c3ac2db0d66af99829211fccad70da755f1e1126e694 119539566
