DATABASE_URL=postgres://agentmvc:agentmvc@127.0.0.1:54204/agentmvc

57664df2686ef4e2aa9e489902b8334ce396395206b7f796c3e765897cd7e76f

PASS live protocol: authorization, presence, updates, conflict, reconnect, revocation

Running 4 tests using 1 worker

  ✓  1 tests/editor.spec.js:7:1 › three independent browsers share edits and presence without losing a dirty draft (523ms)
  ✓  2 tests/editor.spec.js:42:1 › the 101st editor sees Room full and can retry after a slot opens (436ms)
  ✓  3 tests/editor.spec.js:70:1 › revoking the link ends access to the editor (119ms)
  ✓  4 tests/editor.spec.js:84:1 › a delayed save response preserves newer typing and socket state (254ms)

  4 passed (1.7s)
Success api/hurl/articles.hurl (17 request(s) in 156 ms)
Success api/hurl/auth.hurl (20 request(s) in 131 ms)
Success api/hurl/comments.hurl (13 request(s) in 83 ms)
Success api/hurl/errors_articles.hurl (20 request(s) in 60 ms)
Success api/hurl/errors_auth.hurl (20 request(s) in 176 ms)
Success api/hurl/errors_authorization.hurl (9 request(s) in 100 ms)
Success api/hurl/errors_comments.hurl (10 request(s) in 57 ms)
Success api/hurl/errors_profiles.hurl (6 request(s) in 42 ms)
Success api/hurl/favorites.hurl (9 request(s) in 78 ms)
Success api/hurl/feed.hurl (12 request(s) in 108 ms)
Success api/hurl/pagination.hurl (7 request(s) in 66 ms)
Success api/hurl/profiles.hurl (7 request(s) in 99 ms)
Success api/hurl/tags.hurl (4 request(s) in 45 ms)
Success features/drafts/hurl/drafts.hurl (23 request(s) in 112 ms)
Success features/drafts/hurl/errors_drafts.hurl (24 request(s) in 95 ms)
Success features/exports/hurl/exports.hurl (18 request(s) in 364 ms)
Success features/live-editing/hurl/live-editing.hurl (18 request(s) in 94 ms)
--------------------------------------------------------------------------------
Executed files:    17
Executed requests: 237 (125.4/s)
Succeeded files:   17 (100.0%)
Failed files:      0 (0.0%)
Duration:          1890 ms (0h:0m:1s:890ms)

Success s01_jwt_alg_none.hurl (1 request(s) in 0 ms)
Success s02_jwt_signature_stripped.hurl (3 request(s) in 46 ms)
Success s03_jwt_garbage.hurl (2 request(s) in 0 ms)
Success s04_mass_assignment_user.hurl (2 request(s) in 46 ms)
Success s05_mass_assignment_article.hurl (2 request(s) in 41 ms)
Success s06_injection_filters.hurl (4 request(s) in 2 ms)
Success s07_malformed_json.hurl (1 request(s) in 0 ms)
Success s08_wrong_types.hurl (8 request(s) in 53 ms)
Success s09_oversized_body.hurl (2 request(s) in 62 ms)
Success s10_unknown_route.hurl (1 request(s) in 0 ms)
Success s11_login_enumeration.hurl (3 request(s) in 76 ms)
Success s12_nosniff_header.hurl (1 request(s) in 6 ms)
Success s13_login_rate_limit.hurl (22 request(s) in 798 ms)
--------------------------------------------------------------------------------
Executed files:    13
Executed requests: 52 (45.6/s)
Succeeded files:   13 (100.0%)
Failed files:      0 (0.0%)
Duration:          1140 ms (0h:0m:1s:140ms)


