The image agentmvc-ihp-nix-build:latest already exists, renaming the old one with ID sha256:bfbda32ed3eca0bf6ddc640ec01ebcfa4c0cc2891b529d871de1dfaed1d88a33 to empty string
Loaded image: agentmvc-ihp-nix-build:latest
PASS live protocol: authorization, presence, updates, conflict, reconnect, revocation

Running 4 tests using 1 worker

  ✓  1 tests/editor.spec.js:7:1 › three independent browsers share edits and presence without losing a dirty draft (469ms)
  ✓  2 tests/editor.spec.js:42:1 › the 101st editor sees Room full and can retry after a slot opens (302ms)
  ✓  3 tests/editor.spec.js:70:1 › revoking the link ends access to the editor (109ms)
  ✓  4 tests/editor.spec.js:84:1 › a delayed save response preserves newer typing and socket state (271ms)

  4 passed (1.6s)
these 5 derivations will be built:
  /nix/store/40q3jg6mvdmzbx8bjsq97lrgp7vq33z5-agentmvc-start.drv
  /nix/store/s7bkhzqs31plwlzm72c2dwwy3c54cpbm-agentmvc-ihp-nix-build-config.json.drv
  /nix/store/23xxy1pilzxbxzdsk13irjas8zvk1fwq-docker-layer-agentmvc-ihp-nix-build.drv
  /nix/store/9hd84hbkbdx8k6g87qxibdw3r1bvva3h-runtime-deps.drv
  /nix/store/sp72s4f50xy0akbrwlzcayxdpxz08hpp-docker-image-agentmvc-ihp-nix-build.tar.gz.drv
building '/nix/store/40q3jg6mvdmzbx8bjsq97lrgp7vq33z5-agentmvc-start.drv'...
building '/nix/store/s7bkhzqs31plwlzm72c2dwwy3c54cpbm-agentmvc-ihp-nix-build-config.json.drv'...
building '/nix/store/23xxy1pilzxbxzdsk13irjas8zvk1fwq-docker-layer-agentmvc-ihp-nix-build.drv'...
building '/nix/store/9hd84hbkbdx8k6g87qxibdw3r1bvva3h-runtime-deps.drv'...
building '/nix/store/sp72s4f50xy0akbrwlzcayxdpxz08hpp-docker-image-agentmvc-ihp-nix-build.tar.gz.drv'...
#0 building with "orbstack" instance using docker driver

#1 [internal] load build definition from Dockerfile
#1 transferring dockerfile: 156B done
#1 DONE 0.0s

#2 [internal] load metadata for docker.io/library/agentmvc-ihp-nix-build:latest
#2 DONE 0.0s

#3 [internal] load .dockerignore
#3 transferring context: 43B done
#3 DONE 0.0s

#4 [1/1] FROM docker.io/library/agentmvc-ihp-nix-build:latest
#4 DONE 0.0s

#5 exporting to image
#5 exporting layers done
#5 writing image sha256:d8c2d2c946e4768316305f75a98fe4a2ef2aa1f6e650947ca6f72c9f5aa894e3 done
#5 naming to docker.io/library/agentmvc-one-shot-ihp-61226:latest done
#5 DONE 0.0s
Success api/hurl/articles.hurl (17 request(s) in 89 ms)
Success api/hurl/auth.hurl (20 request(s) in 127 ms)
Success api/hurl/comments.hurl (13 request(s) in 64 ms)
Success api/hurl/errors_articles.hurl (20 request(s) in 55 ms)
Success api/hurl/errors_auth.hurl (20 request(s) in 176 ms)
Success api/hurl/errors_authorization.hurl (9 request(s) in 91 ms)
Success api/hurl/errors_comments.hurl (10 request(s) in 46 ms)
Success api/hurl/errors_profiles.hurl (6 request(s) in 41 ms)
Success api/hurl/favorites.hurl (9 request(s) in 60 ms)
Success api/hurl/feed.hurl (12 request(s) in 104 ms)
Success api/hurl/pagination.hurl (7 request(s) in 48 ms)
Success api/hurl/profiles.hurl (7 request(s) in 79 ms)
Success api/hurl/tags.hurl (4 request(s) in 42 ms)
Success features/drafts/hurl/drafts.hurl (23 request(s) in 97 ms)
Success features/drafts/hurl/errors_drafts.hurl (24 request(s) in 84 ms)
Success features/exports/hurl/exports.hurl (18 request(s) in 347 ms)
Success features/live-editing/hurl/live-editing.hurl (18 request(s) in 91 ms)
--------------------------------------------------------------------------------
Executed files:    17
Executed requests: 237 (141.1/s)
Succeeded files:   17 (100.0%)
Failed files:      0 (0.0%)
Duration:          1680 ms (0h:0m:1s:680ms)

Success s01_jwt_alg_none.hurl (1 request(s) in 2 ms)
Success s02_jwt_signature_stripped.hurl (3 request(s) in 43 ms)
Success s03_jwt_garbage.hurl (2 request(s) in 0 ms)
Success s04_mass_assignment_user.hurl (2 request(s) in 39 ms)
Success s05_mass_assignment_article.hurl (2 request(s) in 42 ms)
Success s06_injection_filters.hurl (4 request(s) in 2 ms)
Success s07_malformed_json.hurl (1 request(s) in 0 ms)
Success s08_wrong_types.hurl (8 request(s) in 44 ms)
Success s09_oversized_body.hurl (2 request(s) in 66 ms)
Success s10_unknown_route.hurl (1 request(s) in 0 ms)
Success s11_login_enumeration.hurl (3 request(s) in 74 ms)
Success s12_nosniff_header.hurl (1 request(s) in 3 ms)
Success s13_login_rate_limit.hurl (22 request(s) in 784 ms)
--------------------------------------------------------------------------------
Executed files:    13
Executed requests: 52 (46.7/s)
Succeeded files:   13 (100.0%)
Failed files:      0 (0.0%)
Duration:          1113 ms (0h:0m:1s:113ms)

