#0 building with "orbstack" instance using docker driver

#1 [internal] load build definition from Dockerfile
#1 transferring dockerfile: 1.62kB done
#1 DONE 0.0s

#2 resolve image config for docker-image://docker.io/docker/dockerfile:1
#2 DONE 0.6s

#3 docker-image://docker.io/docker/dockerfile:1@sha256:ecfaec9ed6d810b56388c508f4121597bfbba70d41a6dfeee4d8cad5f295fc32
#3 CACHED

#4 [internal] load metadata for docker.io/library/eclipse-temurin:25-jdk-noble@sha256:f6366ccac38ceae180280ad7012d18a15e8031548a430dc2bae06631d9e88ed0
#4 DONE 0.0s

#5 [internal] load metadata for docker.io/library/eclipse-temurin:25-jre-noble@sha256:693fdaf83831eeeefd9709eae44c8b8706622652f972cf5903bd0e481bbf6ad3
#5 DONE 0.0s

#6 [internal] load .dockerignore
#6 transferring context: 217B done
#6 DONE 0.0s

#7 [build 1/8] FROM docker.io/library/eclipse-temurin:25-jdk-noble@sha256:f6366ccac38ceae180280ad7012d18a15e8031548a430dc2bae06631d9e88ed0
#7 DONE 0.0s

#8 [stage-1 1/3] FROM docker.io/library/eclipse-temurin:25-jre-noble@sha256:693fdaf83831eeeefd9709eae44c8b8706622652f972cf5903bd0e481bbf6ad3
#8 DONE 0.0s

#9 [internal] load build context
#9 transferring context: 59.29kB done
#9 DONE 0.0s

#10 [stage-1 2/3] WORKDIR /app
#10 CACHED

#11 [build 2/8] RUN apt-get update -qq && apt-get install --no-install-recommends -y curl ca-certificates &&     rm -rf /var/lib/apt/lists/*
#11 CACHED

#12 [build 7/8] COPY . .
#12 CACHED

#13 [build 6/8] RUN --mount=type=cache,target=/root/.m2 clojure -P -T:build && clojure -P
#13 CACHED

#14 [build 3/8] RUN curl -fsSL --retry 5 https://github.com/clojure/brew-install/releases/download/1.12.5.1664/clojure-tools-1.12.5.1664.tar.gz -o /tmp/clojure.tar.gz &&     echo '77dd6868948074adcc93e83a796f8e8f15a1a92bcb1b9002d715fd2210e476f3  /tmp/clojure.tar.gz' | sha256sum -c - &&     tar xzf /tmp/clojure.tar.gz -C /tmp &&     mkdir -p /usr/local/lib/clojure/libexec &&     cp /tmp/clojure-tools/deps.edn /tmp/clojure-tools/example-deps.edn /tmp/clojure-tools/tools.edn /usr/local/lib/clojure/ &&     cp /tmp/clojure-tools/*.jar /usr/local/lib/clojure/libexec/ &&     sed 's@PREFIX@/usr/local/lib/clojure@g' /tmp/clojure-tools/clojure > /usr/local/bin/clojure &&     chmod +x /usr/local/bin/clojure && rm -rf /tmp/clojure-tools /tmp/clojure.tar.gz
#14 CACHED

#15 [build 4/8] WORKDIR /src
#15 CACHED

#16 [build 8/8] RUN --mount=type=cache,target=/root/.m2 clojure -T:build uber
#16 CACHED

#17 [build 5/8] COPY deps.edn ./
#17 CACHED

#18 [stage-1 3/3] COPY --from=build --chown=10001:10001 /src/target/conduit.jar /app/conduit.jar
#18 CACHED

#19 exporting to image
#19 exporting layers done
#19 writing image sha256:6aa4df89a758a16eddcb48789bd83a802afe3336a30979c5fd6dbe55868ddc5a done
#19 naming to docker.io/library/agentmvc-lane-clojure-8-live-editing-1:current done
#19 DONE 0.0s

93db41142707c4e53c4e68fb7b23ddee937984dd7c86b7c1c641470e6720426a

e44013683c96b4facf450a91791eb4875f174abaf3aeac0b25448537fc82b69e

e53d8917ac6ba3a8ed23b763327f3d7f0244a9e27277c8361ee7c184ad38f14a

Success api/hurl/articles.hurl (17 request(s) in 289 ms)
Success api/hurl/auth.hurl (20 request(s) in 472 ms)
Success api/hurl/comments.hurl (13 request(s) in 251 ms)
Success api/hurl/errors_articles.hurl (20 request(s) in 237 ms)
Success api/hurl/errors_auth.hurl (20 request(s) in 878 ms)
Success api/hurl/errors_authorization.hurl (9 request(s) in 472 ms)
Success api/hurl/errors_comments.hurl (10 request(s) in 245 ms)
Success api/hurl/errors_profiles.hurl (6 request(s) in 220 ms)
Success api/hurl/favorites.hurl (9 request(s) in 242 ms)
Success api/hurl/feed.hurl (12 request(s) in 453 ms)
Success api/hurl/pagination.hurl (7 request(s) in 228 ms)
Success api/hurl/profiles.hurl (7 request(s) in 438 ms)
Success api/hurl/tags.hurl (4 request(s) in 221 ms)
Success features/drafts/hurl/drafts.hurl (23 request(s) in 468 ms)
Success features/drafts/hurl/errors_drafts.hurl (24 request(s) in 475 ms)
Success features/exports/hurl/exports.hurl (18 request(s) in 722 ms)
Success features/live-editing/hurl/live-editing.hurl (18 request(s) in 455 ms)
--------------------------------------------------------------------------------
Executed files:    17
Executed requests: 237 (34.9/s)
Succeeded files:   17 (100.0%)
Failed files:      0 (0.0%)
Duration:          6787 ms (0h:0m:6s:787ms)

Success s01_jwt_alg_none.hurl (1 request(s) in 3 ms)
Success s02_jwt_signature_stripped.hurl (3 request(s) in 220 ms)
Success s03_jwt_garbage.hurl (2 request(s) in 2 ms)
Success s04_mass_assignment_user.hurl (2 request(s) in 217 ms)
Success s05_mass_assignment_article.hurl (2 request(s) in 217 ms)
Success s06_injection_filters.hurl (4 request(s) in 5 ms)
Success s07_malformed_json.hurl (1 request(s) in 1 ms)
Success s08_wrong_types.hurl (8 request(s) in 225 ms)
Success s09_oversized_body.hurl (2 request(s) in 301 ms)
Success s10_unknown_route.hurl (1 request(s) in 1 ms)
Success s11_login_enumeration.hurl (3 request(s) in 427 ms)
Success s12_nosniff_header.hurl (1 request(s) in 7 ms)
Success s13_login_rate_limit.hurl (22 request(s) in 2323 ms)
--------------------------------------------------------------------------------
Executed files:    13
Executed requests: 52 (13.1/s)
Succeeded files:   13 (100.0%)
Failed files:      0 (0.0%)
Duration:          3959 ms (0h:0m:3s:959ms)

PASS live protocol: authorization, presence, updates, conflict, reconnect, revocation

Running 4 tests using 1 worker

  ✓  1 tests/editor.spec.js:7:1 › three independent browsers share edits and presence without losing a dirty draft (752ms)
  ✓  2 tests/editor.spec.js:42:1 › the 101st editor sees Room full and can retry after a slot opens (686ms)
  ✓  3 tests/editor.spec.js:70:1 › revoking the link ends access to the editor (456ms)
  ✓  4 tests/editor.spec.js:84:1 › a delayed save response preserves newer typing and socket state (453ms)

  4 passed (2.6s)

[main] INFO migratus.core - Starting migrations
[main] INFO com.zaxxer.hikari.HikariDataSource - conduit - Starting...
[main] INFO com.zaxxer.hikari.pool.HikariPool - conduit - Added connection org.postgresql.jdbc.PgConnection@36ecf9f6
[main] INFO com.zaxxer.hikari.HikariDataSource - conduit - Start completed.
[main] INFO migratus.database - creating migration table 'schema_migrations'
[main] INFO migratus.core - Running up for [1 2 3 4 5]
[main] INFO migratus.core - Up 1-conduit
[main] INFO migratus.database - Connection is  {:connection #object[com.zaxxer.hikari.pool.HikariProxyConnection 0x751bb780 HikariProxyConnection@1964750720 wrapping org.postgresql.jdbc.PgConnection@36ecf9f6]} Config is {:store :database, :migration-dir migrations, :db {:datasource #object[com.zaxxer.hikari.HikariDataSource 0xde0c402 HikariDataSource (conduit)]}}
[main] INFO migratus.core - Up 2-drafts
[main] INFO migratus.database - Connection is  {:connection #object[com.zaxxer.hikari.pool.HikariProxyConnection 0x751bb780 HikariProxyConnection@1964750720 wrapping org.postgresql.jdbc.PgConnection@36ecf9f6]} Config is {:store :database, :migration-dir migrations, :db {:datasource #object[com.zaxxer.hikari.HikariDataSource 0xde0c402 HikariDataSource (conduit)]}}
[main] INFO migratus.core - Up 3-proletarian
[main] INFO migratus.database - Connection is  {:connection #object[com.zaxxer.hikari.pool.HikariProxyConnection 0x751bb780 HikariProxyConnection@1964750720 wrapping org.postgresql.jdbc.PgConnection@36ecf9f6]} Config is {:store :database, :migration-dir migrations, :db {:datasource #object[com.zaxxer.hikari.HikariDataSource 0xde0c402 HikariDataSource (conduit)]}}
[main] INFO migratus.core - Up 4-exports
[main] INFO migratus.database - Connection is  {:connection #object[com.zaxxer.hikari.pool.HikariProxyConnection 0x751bb780 HikariProxyConnection@1964750720 wrapping org.postgresql.jdbc.PgConnection@36ecf9f6]} Config is {:store :database, :migration-dir migrations, :db {:datasource #object[com.zaxxer.hikari.HikariDataSource 0xde0c402 HikariDataSource (conduit)]}}
[main] INFO migratus.core - Up 5-article-shares
[main] INFO migratus.database - Connection is  {:connection #object[com.zaxxer.hikari.pool.HikariProxyConnection 0x751bb780 HikariProxyConnection@1964750720 wrapping org.postgresql.jdbc.PgConnection@36ecf9f6]} Config is {:store :database, :migration-dir migrations, :db {:datasource #object[com.zaxxer.hikari.HikariDataSource 0xde0c402 HikariDataSource (conduit)]}}
[main] INFO migratus.core - Ending migrations
[main] INFO org.eclipse.jetty.server.Server - jetty-12.1.13; built: 2026-09-04T06:53:08.311Z; git: e99386749a0a4888cd9b555ffc96a476fd48d94e; jvm 25.0.4.1+1-LTS
[main] INFO org.eclipse.jetty.server.handler.ContextHandler - Started oeje9n.ContextHandler$CoreContextHandler@77226121{ROOT,/,b=null,a=AVAILABLE,h=oeje9n.ContextHandler$CoreContextHandler$CoreToNestedHandler@3117ac8d{STARTED}}
[main] INFO org.eclipse.jetty.server.AbstractConnector - Started oejs.ServerConnector@4452e13c{HTTP/1.1, (http/1.1)}{0.0.0.0:4112}
[main] INFO org.eclipse.jetty.server.Server - Started oejs.Server@42172065{STARTING}[12.1.13,sto=5000] @28ms
:proletarian.worker/handling-job {:job-id #uuid "c26319da-4f59-4bfd-89c0-206d6f44af79", :job-type :conduit.exports/build, :attempt 1, :worker-thread-id 1, :proletarian.worker/queue-worker-id proletarian[:proletarian/default]}
:proletarian.worker/job-finished {:job-id #uuid "c26319da-4f59-4bfd-89c0-206d6f44af79", :job-type :conduit.exports/build, :attempt 1, :worker-thread-id 1, :proletarian.worker/queue-worker-id proletarian[:proletarian/default]}
[qtp170899621-36] WARN org.eclipse.jetty.ee9.nested.HttpChannel - /api/articles/parity-article-f0ef431d3c0f-c8f3aa36/comments/9999999999999999999999999999999999999999999999999999999999999999999999999999999999999999999999999999
java.lang.NumberFormatException: For input string: "9999999999999999999999999999999999999999999999999999999999999999999999999999999999999999999999999999"
	at java.base/java.lang.NumberFormatException.forInputString(Unknown Source)
	at java.base/java.lang.Long.parseLong(Unknown Source)
	at java.base/java.lang.Long.parseLong(Unknown Source)
	at conduit.articles$delete_comment_BANG_.invokeStatic(articles.clj:199)
	at conduit.articles$delete_comment_BANG_.invoke(articles.clj:196)
	at conduit.http$handler$fn__9760.invoke(http.clj:114)
	at conduit.http$authorized$fn__9689.invoke(http.clj:29)
	at muuntaja.middleware$wrap_format_request$fn__9495.invoke(middleware.clj:114)
	at muuntaja.middleware$wrap_format_response$fn__9499.invoke(middleware.clj:132)
	at muuntaja.middleware$wrap_format_negotiate$fn__9492.invoke(middleware.clj:96)
	at ring.middleware.params$wrap_params$fn__9673.invoke(params.clj:75)
	at reitit.ring$ring_handler$fn__9446.invoke(ring.cljc:390)
	at clojure.lang.AFn.applyToHelper(AFn.java:154)
	at clojure.lang.AFn.applyTo(AFn.java:144)
	at clojure.lang.AFunction$1.doInvoke(AFunction.java:33)
	at clojure.lang.RestFn.invoke(RestFn.java:411)
	at conduit.http$wrap_api$fn__9692.invoke(http.clj:45)
	at ring.adapter.jetty$proxy_handler$fn__11962.invoke(jetty.clj:115)
	at ring.adapter.jetty.proxy$org.eclipse.jetty.ee9.servlet.ServletHandler$ff19274a.doHandle(Unknown Source)
	at org.eclipse.jetty.ee9.nested.ScopedHandler.nextHandle(ScopedHandler.java:193)
	at org.eclipse.jetty.ee9.nested.ContextHandler.doHandle(ContextHandler.java:1047)
	at org.eclipse.jetty.ee9.nested.ScopedHandler.nextScope(ScopedHandler.java:162)
	at org.eclipse.jetty.ee9.servlet.ServletHandler.doScope(ServletHandler.java:483)
	at ring.adapter.jetty.proxy$org.eclipse.jetty.ee9.servlet.ServletHandler$ff19274a.doScope(Unknown Source)
	at org.eclipse.jetty.ee9.nested.ScopedHandler.nextScope(ScopedHandler.java:160)
	at org.eclipse.jetty.ee9.nested.ContextHandler.doScope(ContextHandler.java:962)
	at org.eclipse.jetty.ee9.nested.ScopedHandler.handle(ScopedHandler.java:123)
	at org.eclipse.jetty.ee9.nested.ContextHandler.handle(ContextHandler.java:1738)
	at org.eclipse.jetty.ee9.nested.HttpChannel$RequestDispatchable.dispatch(HttpChannel.java:1586)
	at org.eclipse.jetty.ee9.nested.HttpChannel.dispatch(HttpChannel.java:737)
	at org.eclipse.jetty.ee9.nested.HttpChannel.handle(HttpChannel.java:520)
	at org.eclipse.jetty.ee9.nested.ContextHandler$CoreContextHandler$CoreToNestedHandler.handle(ContextHandler.java:3098)
	at org.eclipse.jetty.server.handler.ContextHandler.handle(ContextHandler.java:1253)
	at org.eclipse.jetty.server.Server.handle(Server.java:197)
	at org.eclipse.jetty.server.internal.HttpChannelState$HandlerInvoker.run(HttpChannelState.java:804)
	at org.eclipse.jetty.server.internal.HttpConnection.onFillable(HttpConnection.java:420)
	at org.eclipse.jetty.server.internal.HttpConnection$FillableCallback.succeeded(HttpConnection.java:1790)
	at org.eclipse.jetty.io.FillInterest.fillable(FillInterest.java:105)
	at org.eclipse.jetty.io.SelectableChannelEndPoint$1.run(SelectableChannelEndPoint.java:54)
	at org.eclipse.jetty.util.thread.strategy.AdaptiveExecutionStrategy.runTask(AdaptiveExecutionStrategy.java:492)
	at org.eclipse.jetty.util.thread.strategy.AdaptiveExecutionStrategy.epcRunTask(AdaptiveExecutionStrategy.java:428)
	at org.eclipse.jetty.util.thread.strategy.AdaptiveExecutionStrategy.consumeTask(AdaptiveExecutionStrategy.java:401)
	at org.eclipse.jetty.util.thread.strategy.AdaptiveExecutionStrategy.tryProduce(AdaptiveExecutionStrategy.java:255)
	at org.eclipse.jetty.util.thread.strategy.AdaptiveExecutionStrategy.run(AdaptiveExecutionStrategy.java:204)
	at org.eclipse.jetty.util.thread.ReservedThreadExecutor$ReservedThread.run(ReservedThreadExecutor.java:317)
	at org.eclipse.jetty.util.thread.QueuedThreadPool.runJob(QueuedThreadPool.java:1009)
	at org.eclipse.jetty.util.thread.QueuedThreadPool$Runner.doRunJob(QueuedThreadPool.java:1240)
	at org.eclipse.jetty.util.thread.QueuedThreadPool$Runner.run(QueuedThreadPool.java:1194)
	at java.base/java.lang.Thread.run(Unknown Source)
