Success api/hurl/articles.hurl (17 request(s) in 289 ms)
Success api/hurl/auth.hurl (20 request(s) in 498 ms)
Success api/hurl/comments.hurl (13 request(s) in 251 ms)
Success api/hurl/errors_articles.hurl (20 request(s) in 244 ms)
Success api/hurl/errors_auth.hurl (20 request(s) in 2566 ms)
Success api/hurl/errors_authorization.hurl (9 request(s) in 446 ms)
Success api/hurl/errors_comments.hurl (10 request(s) in 228 ms)
Success api/hurl/errors_profiles.hurl (6 request(s) in 214 ms)
Success api/hurl/favorites.hurl (9 request(s) in 231 ms)
Success api/hurl/feed.hurl (12 request(s) in 450 ms)
Success api/hurl/pagination.hurl (7 request(s) in 226 ms)
Success api/hurl/profiles.hurl (7 request(s) in 455 ms)
Success api/hurl/tags.hurl (4 request(s) in 223 ms)
Success features/drafts/hurl/drafts.hurl (23 request(s) in 467 ms)
Success features/drafts/hurl/errors_drafts.hurl (24 request(s) in 485 ms)
Success features/exports/hurl/exports.hurl (18 request(s) in 697 ms)
Success features/live-editing/hurl/live-editing.hurl (18 request(s) in 432 ms)
--------------------------------------------------------------------------------
Executed files:    17
Executed requests: 237 (28.1/s)
Succeeded files:   17 (100.0%)
Failed files:      0 (0.0%)
Duration:          8429 ms (0h:0m:8s:429ms)

