#0 building with "orbstack" instance using docker driver

#1 [internal] load build definition from Dockerfile
#1 transferring dockerfile: 750B done
#1 DONE 0.0s

#2 [internal] load metadata for docker.io/library/python:3.14.7-slim-bookworm@sha256:82bc3c539b8813ada9d68c63b40158fa002f7f33de9bf3312a3dfdc0620dff56
#2 DONE 0.0s

#3 [internal] load .dockerignore
#3 transferring context: 154B done
#3 DONE 0.0s

#4 [builder 1/5] FROM docker.io/library/python:3.14.7-slim-bookworm@sha256:82bc3c539b8813ada9d68c63b40158fa002f7f33de9bf3312a3dfdc0620dff56
#4 DONE 0.0s

#5 [internal] load build context
#5 transferring context: 1.11kB done
#5 DONE 0.0s

#6 [stage-1 4/8] COPY conduit ./conduit
#6 CACHED

#7 [stage-1 2/8] WORKDIR /app
#7 CACHED

#8 [stage-1 3/8] COPY --from=builder /app/.venv /app/.venv
#8 CACHED

#9 [stage-1 5/8] COPY config ./config
#9 CACHED

#10 [builder 3/5] WORKDIR /app
#10 CACHED

#11 [builder 5/5] RUN uv sync --frozen --no-dev --no-cache --compile-bytecode
#11 CACHED

#12 [stage-1 6/8] COPY manage.py ./
#12 CACHED

#13 [stage-1 7/8] COPY bin/serve ./bin/serve
#13 CACHED

#14 [builder 4/5] COPY pyproject.toml uv.lock ./
#14 CACHED

#15 [builder 2/5] RUN pip install --no-cache-dir uv==0.12.20
#15 CACHED

#16 [stage-1 8/8] RUN python -m compileall -q conduit config manage.py && useradd --create-home --uid 10001 app
#16 CACHED

#17 exporting to image
#17 exporting layers done
#17 writing image sha256:d414e488e5894aeff83d8e638e9a172618de91497b4b47cbb3ac70fec3f80737 done
#17 naming to docker.io/library/agentmvc-lane-python-8-live-editing-reference-1:current done
#17 DONE 0.0s

6925c9f330d5d89dfc68243bc6fc928aea38dafa6db19c23c1130c150545261c

a0644d0debb9c27b0935ff0e6b968934d893efe15aad201a1b94f98d0c5f1edb

efb13c58c03c97857c80304e56271291f82eb4fcb18fa85a24c6657de0a0841b

Operations to perform:
  Apply all migrations: auth, conduit, contenttypes, procrastinate
Running migrations:
  Applying contenttypes.0001_initial... OK
  Applying contenttypes.0002_remove_content_type_name... OK
  Applying auth.0001_initial... OK
  Applying auth.0002_alter_permission_name_max_length... OK
  Applying auth.0003_alter_user_email_max_length... OK
  Applying auth.0004_alter_user_username_opts... OK
  Applying auth.0005_alter_user_last_login_null... OK
  Applying auth.0006_require_contenttypes_0002... OK
  Applying auth.0007_alter_validators_add_error_messages... OK
  Applying auth.0008_alter_user_username_max_length... OK
  Applying auth.0009_alter_user_last_name_max_length... OK
  Applying auth.0010_alter_group_name_max_length... OK
  Applying auth.0011_update_proxy_permissions... OK
  Applying auth.0012_alter_user_first_name_max_length... OK
  Applying conduit.0001_initial... OK
  Applying conduit.0002_article_published_at_article_revision_article_status... OK
  Applying conduit.0003_loginattempt... OK
  Applying conduit.0004_export... OK
  Applying conduit.0005_editinglink... OK
  Applying procrastinate.0001_initial... OK
  Applying procrastinate.0002_drop_started_at_column... OK
  Applying procrastinate.0003_drop_started_at_column... OK
  Applying procrastinate.0004_drop_procrastinate_version_table... OK
  Applying procrastinate.0005_fix_procrastinate_fetch_job... OK
  Applying procrastinate.0006_fix_trigger_status_events_insert... OK
  Applying procrastinate.0007_add_queueing_lock_column... OK
  Applying procrastinate.0008_close_fetch_job_race_condition... OK
  Applying procrastinate.0009_add_defer_job_function... OK
  Applying procrastinate.0010_add_procrastinate_periodic_defers... OK
  Applying procrastinate.0011_add_foreign_key_index... OK
  Applying procrastinate.0012_add_locks_to_periodic_defer... OK
  Applying procrastinate.0013_fix_procrastinate_defer_periodic_job... OK
  Applying procrastinate.0014_add_finish_job_and_retry_job_functions... OK
  Applying procrastinate.0015_add_trigger_on_job_deletion... OK
  Applying procrastinate.0016_delete_finished_jobs... OK
  Applying procrastinate.0017_add_checks_to_finish_job... OK
  Applying procrastinate.0018_add_checks_to_retry_job... OK
  Applying procrastinate.0019_fix_finish_job_compat_issue... OK
  Applying procrastinate.0020_add_index_on_procrastinate_jobs... OK
  Applying procrastinate.0021_add_kwargs_to_defer_periodic_job... OK
  Applying procrastinate.0022_null_locks_excluded... OK
  Applying procrastinate.0023_remove_old_finish_job_function... OK
  Applying procrastinate.0024_job_id_bigint... OK
  Applying procrastinate.0025_add_models... OK
  Applying procrastinate.0026_add_job_priority... OK
  Applying procrastinate.0027_add_periodic_job_priority... OK
  Applying procrastinate.0028_add_cancel_states... OK
  Applying procrastinate.0029_add_additional_params_to_retry_job... OK
  Applying procrastinate.0030_alter_procrastinateevent_options... OK
  Applying procrastinate.0031_add_indexes_for_fetch_job... OK
  Applying procrastinate.0032_pre_cancel_notification... OK
  Applying procrastinate.0033_post_cancel_notification... OK
  Applying procrastinate.0034_pre_add_heartbeat... OK
  Applying procrastinate.0035_post_add_heartbeat... OK
  Applying procrastinate.0036_add_worker_model... OK
  Applying procrastinate.0037_pre_batch_defer_jobs... OK
  Applying procrastinate.0038_post_batch_defer_jobs... OK
  Applying procrastinate.0039_pre_priority_lock_fetch_job... OK
  Applying procrastinate.0040_pre_retry_failed_job... OK
  Applying procrastinate.0041_post_retry_failed_job... OK
Launching a worker on all queues
INFO:     Started server process [15]
INFO:     Uvicorn running on http://0.0.0.0:4151 (Press CTRL+C to quit)
INFO:     172.29.51.1:52140 - "GET /api/tags HTTP/1.1" 200 OK
INFO:     172.29.51.1:52150 - "POST /api/users HTTP/1.1" 201 Created
INFO:     172.29.51.1:52166 - "POST /api/articles HTTP/1.1" 201 Created
INFO:     172.29.51.1:52182 - "GET /api/articles/share-probe-valid_revision-6c6635323ba44300-c29beeae9f7a HTTP/1.1" 200 OK
INFO:     172.29.51.1:52190 - "POST /api/articles/share-probe-valid_revision-6c6635323ba44300-c29beeae9f7a/share HTTP/1.1" 201 Created
INFO:     172.29.51.1:52206 - "GET /api/shares/6792bff494de41b98d82419dd4e356f5/article HTTP/1.1" 200 OK
INFO:     172.29.51.1:52220 - "PUT /api/shares/6792bff494de41b98d82419dd4e356f5/article HTTP/1.1" 200 OK
INFO:     172.29.51.1:52234 - "GET /api/shares/6792bff494de41b98d82419dd4e356f5/article HTTP/1.1" 200 OK
INFO:     172.29.51.1:52240 - "POST /api/articles HTTP/1.1" 201 Created
INFO:     172.29.51.1:52242 - "GET /api/articles/share-probe-revision_zero-6c6635323ba44300-f5dbbb41e5ae HTTP/1.1" 200 OK
INFO:     172.29.51.1:52258 - "POST /api/articles/share-probe-revision_zero-6c6635323ba44300-f5dbbb41e5ae/share HTTP/1.1" 201 Created
INFO:     172.29.51.1:52272 - "GET /api/shares/a46bd1832ecf42d1803823aaced8b0a3/article HTTP/1.1" 200 OK
INFO:     172.29.51.1:52274 - "PUT /api/shares/a46bd1832ecf42d1803823aaced8b0a3/article HTTP/1.1" 409 Conflict
INFO:     172.29.51.1:52286 - "GET /api/shares/a46bd1832ecf42d1803823aaced8b0a3/article HTTP/1.1" 200 OK
INFO:     172.29.51.1:52302 - "GET /api/articles/share-probe-revision_zero-6c6635323ba44300-f5dbbb41e5ae HTTP/1.1" 200 OK
INFO:     172.29.51.1:52314 - "POST /api/articles HTTP/1.1" 201 Created
INFO:     172.29.51.1:52318 - "GET /api/articles/share-probe-revision_negative-6c6635323ba44300-508793d2ec79 HTTP/1.1" 200 OK
INFO:     172.29.51.1:52326 - "POST /api/articles/share-probe-revision_negative-6c6635323ba44300-508793d2ec79/share HTTP/1.1" 201 Created
INFO:     172.29.51.1:52342 - "GET /api/shares/c8c4685d2229458d81409d876ba6d02c/article HTTP/1.1" 200 OK
INFO:     172.29.51.1:52352 - "PUT /api/shares/c8c4685d2229458d81409d876ba6d02c/article HTTP/1.1" 409 Conflict
INFO:     172.29.51.1:52354 - "GET /api/shares/c8c4685d2229458d81409d876ba6d02c/article HTTP/1.1" 200 OK
INFO:     172.29.51.1:52360 - "GET /api/articles/share-probe-revision_negative-6c6635323ba44300-508793d2ec79 HTTP/1.1" 200 OK
INFO:     172.29.51.1:52364 - "POST /api/articles HTTP/1.1" 201 Created
INFO:     172.29.51.1:52366 - "GET /api/articles/share-probe-extra_envelope_key-6c6635323ba44300-58a342dc5287 HTTP/1.1" 200 OK
INFO:     172.29.51.1:52380 - "POST /api/articles/share-probe-extra_envelope_key-6c6635323ba44300-58a342dc5287/share HTTP/1.1" 201 Created
INFO:     172.29.51.1:52392 - "GET /api/shares/2b2cbb21b3fb4fa687d2a35e56f4285a/article HTTP/1.1" 200 OK
INFO:     172.29.51.1:52406 - "PUT /api/shares/2b2cbb21b3fb4fa687d2a35e56f4285a/article HTTP/1.1" 422 Unprocessable Content
INFO:     172.29.51.1:52408 - "GET /api/shares/2b2cbb21b3fb4fa687d2a35e56f4285a/article HTTP/1.1" 200 OK
INFO:     172.29.51.1:52416 - "GET /api/articles/share-probe-extra_envelope_key-6c6635323ba44300-58a342dc5287 HTTP/1.1" 200 OK
