   Compiling proc-macro2 v1.0.107
   Compiling quote v1.0.47
   Compiling unicode-ident v1.0.26
   Compiling libc v0.2.189
   Compiling cfg-if v1.0.5
   Compiling serde_core v1.0.229
   Compiling memchr v2.8.3
   Compiling version_check v0.9.5
   Compiling typenum v1.20.1
   Compiling serde v1.0.229
   Compiling pin-project-lite v0.2.17
   Compiling itoa v1.0.18
   Compiling subtle v2.6.1
   Compiling autocfg v1.5.1
   Compiling const-oid v0.9.6
   Compiling log v0.4.34
   Compiling bytes v1.12.1
   Compiling smallvec v1.16.2
   Compiling libm v0.2.16
   Compiling futures-core v0.3.34
   Compiling scopeguard v1.2.0
   Compiling find-msvc-tools v0.1.14
   Compiling lock_api v0.4.14
   Compiling once_cell v1.21.4
   Compiling shlex v2.0.1
   Compiling stable_deref_trait v1.2.1
   Compiling futures-sink v0.3.34
   Compiling generic-array v0.14.9
   Compiling zmij v1.0.23
   Compiling percent-encoding v2.3.2
   Compiling serde_json v1.0.151
   Compiling futures-channel v0.3.34
   Compiling num-traits v0.2.19
   Compiling slab v0.4.12
   Compiling spin v0.9.9
   Compiling futures-task v0.3.34
   Compiling futures-io v0.3.34
   Compiling litemap v0.8.3
   Compiling writeable v0.6.4
   Compiling tracing-core v0.1.36
   Compiling icu_normalizer_data v2.3.0
   Compiling icu_properties_data v2.3.0
   Compiling crossbeam-utils v0.8.23
   Compiling utf8_iter v1.0.4
   Compiling form_urlencoded v1.2.2
   Compiling aho-corasick v1.1.5
   Compiling core-foundation-sys v0.8.7
   Compiling regex-syntax v0.8.11
   Compiling thiserror v2.0.21
   Compiling hashbrown v0.17.1
   Compiling iana-time-zone v0.1.65
   Compiling rand_core v0.10.1
   Compiling ident_case v1.0.1
   Compiling zerocopy v0.8.59
   Compiling regex-automata v0.4.18
   Compiling strsim v0.11.1
   Compiling getrandom v0.4.3
   Compiling errno v0.3.14
   Compiling getrandom v0.2.17
   Compiling signal-hook-registry v1.4.8
   Compiling jobserver v0.1.35
   Compiling mio v1.2.3
   Compiling cc v1.5.1
   Compiling socket2 v0.6.5
   Compiling rand_core v0.6.4
   Compiling cpufeatures v0.2.17
   Compiling pkg-config v0.3.34
   Compiling equivalent v1.0.2
   Compiling chacha20 v0.10.2
   Compiling hybrid-array v0.4.15
   Compiling http v1.5.0
   Compiling base64ct v1.8.3
   Compiling bitflags v2.13.2
   Compiling time-core v0.1.9
   Compiling num-conv v0.2.2
   Compiling ring v0.17.14
   Compiling cmov v0.5.4
   Compiling block-buffer v0.12.1
   Compiling time-macros v0.2.32
   Compiling crypto-common v0.2.2
   Compiling ctutils v0.4.2
   Compiling powerfmt v0.2.0
   Compiling deranged v0.5.8
   Compiling const-oid v0.10.2
   Compiling pem-rfc7468 v0.7.0
   Compiling digest v0.11.3
   Compiling indexmap v2.14.2
   Compiling base64 v0.22.1
   Compiling fnv v1.0.7
   Compiling syn v2.0.119
   Compiling syn v3.0.6
   Compiling untrusted v0.9.0
   Compiling parking_lot_core v0.9.12
   Compiling time v0.3.55
   Compiling lazy_static v1.5.0
   Compiling rust_decimal v1.43.0
   Compiling rustls v0.23.45
   Compiling parking v2.2.1
   Compiling regex v1.13.1
   Compiling event-listener v5.4.2
   Compiling arrayvec v0.7.8
   Compiling siphasher v1.0.4
   Compiling getrandom v0.3.4
   Compiling heck v0.5.0
   Compiling heck v0.4.1
   Compiling phf_shared v0.11.3
   Compiling md-5 v0.11.0
   Compiling allocator-api2 v0.2.21
   Compiling httparse v1.10.1
   Compiling foldhash v0.2.0
   Compiling hashbrown v0.16.1
   Compiling rand v0.8.8
   Compiling crc-catalog v2.5.0
   Compiling crossbeam-epoch v0.9.21
   Compiling rustversion v1.0.23
   Compiling darling_core v0.20.11
   Compiling synstructure v0.14.0
   Compiling either v1.18.0
   Compiling vcpkg v0.2.15
   Compiling hashlink v0.11.1
   Compiling phf_generator v0.11.3
   Compiling libsqlite3-sys v0.37.0
   Compiling rand v0.10.3
   Compiling crossbeam-queue v0.3.14
   Compiling crc v3.4.0
   Compiling http-body v1.1.0
   Compiling zstd-sys v2.1.0+zstd.1.5.7
   Compiling mime v0.3.17
   Compiling tinyvec v1.13.3
   Compiling zeroize_derive v1.5.0
   Compiling tracing-attributes v0.1.31
   Compiling serde_derive v1.0.229
   Compiling zerofrom-derive v0.1.8
   Compiling yoke-derive v0.8.3
   Compiling tokio-macros v2.7.2
   Compiling zerovec-derive v0.11.6
   Compiling zeroize v1.9.0
   Compiling displaydoc v0.2.7
   Compiling tokio v1.53.1
   Compiling futures-macro v0.3.34
   Compiling thiserror-impl v2.0.21
   Compiling tracing v0.1.44
   Compiling uuid v1.26.1
   Compiling zerofrom v0.1.8
   Compiling futures-util v0.3.34
   Compiling darling_macro v0.20.11
   Compiling parking_lot v0.12.5
   Compiling darling v0.20.11
   Compiling futures-intrusive v0.5.0
   Compiling same-file v1.0.6
   Compiling ppv-lite86 v0.2.21
   Compiling rand_core v0.9.5
   Compiling ryu v1.0.23
   Compiling thiserror v1.0.69
   Compiling rand_chacha v0.3.1
   Compiling rand_chacha v0.9.0
   Compiling walkdir v2.5.0
   Compiling unicode-normalization v0.1.25
   Compiling thiserror-impl v1.0.69
   Compiling parse-zoneinfo v0.3.1
   Compiling phf_codegen v0.11.3
   Compiling phf v0.11.3
   Compiling hmac v0.13.0
   Compiling atoi v2.0.0
   Compiling num-integer v0.1.47
   Compiling ff v0.13.1
   Compiling cpufeatures v0.3.1
   Compiling bstr v1.13.1
   Compiling base16ct v0.2.0
   Compiling crossbeam-deque v0.8.8
   Compiling unicode-bidi v0.3.18
   Compiling der v0.7.10
   Compiling rustls-pki-types v1.15.1
   Compiling tower-service v0.3.3
   Compiling httpdate v1.0.3
   Compiling crypto-common v0.1.6
   Compiling block-buffer v0.10.4
   Compiling digest v0.10.7
   Compiling webpki-roots v1.0.9
   Compiling utf8parse v0.2.2
   Compiling sha2 v0.10.9
   Compiling hmac v0.12.1
   Compiling spki v0.7.3
   Compiling signature v2.2.0
   Compiling pkcs8 v0.10.2
   Compiling unicode-properties v0.1.4
   Compiling dotenvy v0.15.7
   Compiling ucd-trie v0.1.7
   Compiling pest v2.9.2
   Compiling yoke v0.8.3
   Compiling stringprep v0.1.5
   Compiling sec1 v0.7.3
   Compiling hkdf v0.12.4
   Compiling anstyle-parse v1.0.0
   Compiling crypto-bigint v0.5.5
   Compiling rustls-webpki v0.103.15
   Compiling globset v0.4.20
   Compiling sha2 v0.11.0
   Compiling group v0.13.0
   Compiling hkdf v0.13.0
   Compiling chrono-tz-build v0.3.0
   Compiling encoding_rs v0.8.42
   Compiling rand v0.9.5
   Compiling tokio-stream v0.1.19
   Compiling flume v0.12.0
   Compiling proc-macro2-diagnostics v0.10.1
   Compiling futures-executor v0.3.34
   Compiling byteorder v1.5.0
   Compiling semver v1.0.28
   Compiling is_terminal_polyfill v1.70.2
   Compiling alloc-no-stdlib v2.0.4
   Compiling tower-layer v0.3.3
   Compiling whoami v2.1.3
   Compiling base64 v0.23.1
   Compiling chrono v0.4.45
   Compiling signal-hook v0.4.4
   Compiling crc32fast v1.5.2
   Compiling hex v0.4.3
   Compiling anstyle v1.0.14
   Compiling anstyle-query v1.1.5
   Compiling zstd-safe v8.0.0
   Compiling colorchoice v1.0.5
   Compiling anyhow v1.0.104
   Compiling anstream v1.0.0
   Compiling alloc-stdlib v0.2.4
   Compiling rustc_version v0.4.1
   Compiling sea-query-derive v1.0.0
   Compiling chrono-tz v0.9.0
   Compiling elliptic-curve v0.13.8
   Compiling pest_meta v2.9.2
   Compiling sha1 v0.10.7
   Compiling http-body-util v0.1.5
   Compiling ordered-float v4.6.0
   Compiling multer v3.1.0
   Compiling data-encoding v2.11.1
   Compiling simd-adler32 v0.3.10
   Compiling rustix v1.1.5
   Compiling clap_lex v1.1.1
   Compiling simdutf8 v0.1.5
   Compiling jiff-core v0.1.1
   Compiling sync_wrapper v1.0.2
   Compiling atomic-waker v1.1.2
   Compiling yansi v1.0.1
   Compiling adler2 v2.0.1
   Compiling multiversion_no_op v1.0.0
   Compiling jiff v0.2.37
   Compiling miniz_oxide v0.9.1
   Compiling zerovec v0.11.8
   Compiling zerotrie v0.2.5
   Compiling clap_builder v4.6.7
   Compiling ignore v0.4.33
   Compiling hyper v1.11.1
   Compiling tungstenite v0.29.0
   Compiling sea-query v1.0.2
   Compiling pest_generator v2.9.2
   Compiling curve25519-dalek v4.1.3
   Compiling brotli-decompressor v5.0.3
   Compiling quick-xml v0.41.0
   Compiling tracing-serde v0.2.0
   Compiling futures v0.3.34
   Compiling derive_builder_core v0.20.2
   Compiling rfc6979 v0.4.0
   Compiling async-trait v0.1.92
   Compiling clap_derive v4.6.7
   Compiling darling_core v0.23.0
   Compiling tinystr v0.8.4
   Compiling potential_utf v0.1.6
   Compiling icu_collections v2.3.0
   Compiling icu_locale_core v2.3.0
   Compiling sharded-slab v0.1.7
   Compiling matchers v0.2.0
   Compiling os_pipe v1.2.3
   Compiling asyncband v0.6.7
   Compiling tracing-log v0.2.0
   Compiling fs-err v2.11.0
   Compiling icu_provider v2.3.1
   Compiling thread_local v1.1.10
   Compiling fastrand v2.5.0
   Compiling icu_properties v2.3.0
   Compiling icu_normalizer v2.3.0
   Compiling glob v0.3.4
   Compiling deunicode v1.6.2
   Compiling unsafe-libyaml v0.2.11
   Compiling unicase v2.9.0
   Compiling num-bigint-dig v0.8.6
   Compiling idna_adapter v1.2.2
   Compiling unicode-xid v0.2.6
   Compiling idna v1.1.0
   Compiling nu-ansi-term v0.50.3
   Compiling url v2.5.8
   Compiling tracing-subscriber v0.3.23
   Compiling derive_more-impl v2.1.1
   Compiling mime_guess v2.0.5
   Compiling itertools v0.14.0
   Compiling slug v0.1.6
   Compiling darling_macro v0.23.0
   Compiling sqlx-core v0.9.0
   Compiling opendal-core v0.58.2
   Compiling pluralizer v0.5.0
   Compiling clap v4.6.7
   Compiling sigchld v0.2.5
   Compiling derive_builder_macro v0.20.2
   Compiling brotli v8.0.4
   Compiling ecdsa v0.16.9
   Compiling ouroboros_macro v0.18.5
   Compiling pest_derive v2.9.2
   Compiling flate2 v1.1.10
   Compiling tokio-tungstenite v0.29.0
   Compiling hyper-util v0.1.21
   Compiling globwalk v0.9.1
   Compiling tower v0.5.3
   Compiling axum-core v0.5.6
   Compiling primeorder v0.13.6
   Compiling serde_urlencoded v0.7.1
   Compiling num-iter v0.1.46
   Compiling sqlx-postgres v0.9.0
   Compiling sea-bae v0.2.2
   Compiling axum-macros v0.5.1
   Compiling sea-schema-derive v0.3.0
   Compiling async-stream-impl v0.3.6
   Compiling strum_macros v0.27.2
   Compiling phf_shared v0.12.1
   Compiling proc-macro-error-attr3 v3.1.1
   Compiling serde_path_to_error v0.1.20
   Compiling humansize v2.1.3
   Compiling cookie v0.18.2
   Compiling nonempty v0.7.0
   Compiling aliasable v0.1.3
   Compiling winnow v1.0.4
   Compiling compression-core v0.4.33
   Compiling portable-atomic v1.15.0
   Compiling unicode-segmentation v1.13.3
   Compiling chrono-tz v0.10.4
   Compiling static_assertions v1.1.0
   Compiling matchit v0.8.4
   Compiling tera v1.20.1
   Compiling toml_parser v1.1.3+spec-1.1.0
   Compiling ouroboros v0.18.5
   Compiling axum v0.8.9
   Compiling strum v0.27.2
   Compiling forwarded-header-value v0.1.1
   Compiling proc-macro-error3 v3.1.1
   Compiling async-stream v0.3.6
   Compiling sea-orm-macros v2.0.4
   Compiling phf v0.12.1
   Compiling xattr v1.6.1
   Compiling derive_builder v0.20.2
   Compiling shared_child v1.1.2
   Compiling derive_more v2.1.1
   Compiling darling v0.23.0
   Compiling serde_yaml v0.9.34+deprecated
   Compiling backon v1.6.0
   Compiling serde_spanned v0.6.9
   Compiling toml_datetime v0.6.11
   Compiling serde_regex v1.2.0
   Compiling ed25519 v2.2.3
   Compiling pkcs1 v0.7.5
   Compiling derive-where v1.7.0
   Compiling crossbeam-channel v0.5.17
   Compiling cruet v0.13.3
   Compiling event-listener-strategy v0.5.4
   Compiling include_dir_macros v0.7.4
   Compiling toml_datetime v1.1.1+spec-1.1.0
   Compiling serde_spanned v1.1.1
   Compiling tokio-cron-scheduler v0.15.1
   Compiling toml_writer v1.1.2+spec-1.1.0
   Compiling winnow v0.7.15
   Compiling strum v0.28.0
   Compiling toml_write v0.1.2
   Compiling shared_thread v0.2.1
   Compiling indoc v2.0.7
   Compiling duct v1.1.2
   Compiling rrgen v0.6.0
   Compiling sea-orm-cli v2.0.4
   Compiling validator_derive v0.20.1
   Compiling toml v1.1.6+spec-1.1.0
   Compiling include_dir v0.7.4
   Compiling async-lock v3.4.2
   Compiling croner v3.0.1
   Compiling rsa v0.9.10
   Compiling ed25519-dalek v2.2.0
   Compiling zstd v0.14.0
   Compiling toml_edit v0.22.27
   Compiling opendal-layer-retry v0.58.2
   Compiling compression-codecs v0.4.43
   Compiling opendal-service-fs v0.58.2
   Compiling async-compression v0.4.48
   Compiling client-ip v0.2.1
   Compiling p256 v0.13.2
   Compiling p384 v0.13.1
   Compiling tokio-rustls v0.26.5
   Compiling email-encoding v0.4.2
   Compiling tokio-util v0.7.19
   Compiling blake2 v0.10.6
   Compiling num-derive v0.4.2
   Compiling cruet v1.0.0
   Compiling colored v2.2.0
   Compiling password-hash v0.5.0
   Compiling notify-types v2.1.0
   Compiling fsevent-sys v4.1.0
   Compiling hostname v0.4.2
   Compiling nom v8.0.0
   Compiling http-range-header v0.4.2
   Compiling hashbrown v0.14.5
   Compiling quoted_printable v0.5.2
   Compiling btparse-stable v0.1.2
   Compiling loco-rs v1.2.0
   Compiling email_address v0.2.9
   Compiling symlink v0.1.0
   Compiling tagptr v0.2.0
   Compiling utf8-width v0.1.9
   Compiling colored v3.1.1
   Compiling moka v0.12.16
   Compiling byte-unit v5.2.6
   Compiling dashmap v6.2.1
   Compiling tracing-appender v0.2.5
   Compiling loco-gen v1.2.0
   Compiling backtrace_printer v1.3.0
   Compiling toml v0.8.23
   Compiling tower-http v0.6.11
   Compiling notify v8.2.0
   Compiling argon2 v0.5.3
   Compiling cargo-lock v11.1.0
   Compiling jsonwebtoken v10.4.0
   Compiling axum-client-ip v1.3.1
   Compiling opendal v0.58.2
   Compiling axum-extra v0.10.3
   Compiling validator v0.20.0
   Compiling serde_yaml_ng v0.10.0
   Compiling lettre v0.11.23
   Compiling sqlx-sqlite v0.9.0
   Compiling serde_variant v0.1.3
   Compiling tera v2.4.0
   Compiling ulid v1.2.1
   Compiling num-bigint v0.4.8
   Compiling english-to-cron v0.1.7
   Compiling termcolor v1.4.1
   Compiling pem v3.0.6
   Compiling ts-rs-macros v12.0.1
   Compiling sqlx v0.9.0
   Compiling sea-query-sqlx v0.9.1
   Compiling simple_asn1 v0.6.4
   Compiling ts-rs v12.0.1
   Compiling sea-schema v0.18.1
   Compiling jsonwebtoken v9.3.1
   Compiling sea-orm v2.0.4
   Compiling sea-orm-migration v2.0.4
   Compiling migration v0.1.0 (/work/app/conduit/migration)
   Compiling conduit v0.1.0 (/work/app/conduit)
    Finished `release` profile [optimized] target(s) in 1m 06s
