DATABASE_URL=postgres://agentmvc:agentmvc@127.0.0.1:54418/agentmvc

PASS live protocol: authorization, presence, updates, conflict, reconnect, revocation

Running 4 tests using 1 worker

  ✓  1 tests/editor.spec.js:7:1 › three independent browsers share edits and presence without losing a dirty draft (747ms)
  ✓  2 tests/editor.spec.js:42:1 › the 101st editor sees Room full and can retry after a slot opens (967ms)
  ✓  3 tests/editor.spec.js:70:1 › revoking the link ends access to the editor (286ms)
  ✓  4 tests/editor.spec.js:84:1 › a delayed save response preserves newer typing and socket state (442ms)

  4 passed (2.8s)
Success api/hurl/articles.hurl (17 request(s) in 270 ms)
Success api/hurl/auth.hurl (20 request(s) in 448 ms)
Success api/hurl/comments.hurl (13 request(s) in 238 ms)
Success api/hurl/errors_articles.hurl (20 request(s) in 224 ms)
Success api/hurl/errors_auth.hurl (20 request(s) in 832 ms)
Success api/hurl/errors_authorization.hurl (9 request(s) in 431 ms)
Success api/hurl/errors_comments.hurl (10 request(s) in 214 ms)
Success api/hurl/errors_profiles.hurl (6 request(s) in 211 ms)
Success api/hurl/favorites.hurl (9 request(s) in 241 ms)
Success api/hurl/feed.hurl (12 request(s) in 448 ms)
Success api/hurl/pagination.hurl (7 request(s) in 226 ms)
Success api/hurl/profiles.hurl (7 request(s) in 436 ms)
Success api/hurl/tags.hurl (4 request(s) in 222 ms)
Success features/drafts/hurl/drafts.hurl (23 request(s) in 469 ms)
Success features/drafts/hurl/errors_drafts.hurl (24 request(s) in 437 ms)
Success features/exports/hurl/exports.hurl (19 request(s) in 966 ms)
Success features/live-editing/hurl/live-editing.hurl (18 request(s) in 440 ms)
--------------------------------------------------------------------------------
Executed files:    17
Executed requests: 238 (35.1/s)
Succeeded files:   17 (100.0%)
Failed files:      0 (0.0%)
Duration:          6784 ms (0h:0m:6s:784ms)

Success s01_jwt_alg_none.hurl (1 request(s) in 1 ms)
Success s02_jwt_signature_stripped.hurl (3 request(s) in 213 ms)
Success s03_jwt_garbage.hurl (2 request(s) in 1 ms)
Success s04_mass_assignment_user.hurl (2 request(s) in 213 ms)
Success s05_mass_assignment_article.hurl (2 request(s) in 210 ms)
Success s06_injection_filters.hurl (4 request(s) in 8 ms)
Success s07_malformed_json.hurl (1 request(s) in 0 ms)
Success s08_wrong_types.hurl (8 request(s) in 215 ms)
Success s09_oversized_body.hurl (2 request(s) in 218 ms)
Success s10_unknown_route.hurl (1 request(s) in 1 ms)
Success s11_login_enumeration.hurl (3 request(s) in 416 ms)
Success s12_nosniff_header.hurl (1 request(s) in 1 ms)
Success s13_login_rate_limit.hurl (22 request(s) in 4268 ms)
--------------------------------------------------------------------------------
Executed files:    13
Executed requests: 52 (9.0/s)
Succeeded files:   13 (100.0%)
Failed files:      0 (0.0%)
Duration:          5779 ms (0h:0m:5s:779ms)



    Checking cfg-if v1.0.5
    Checking memchr v2.8.3
    Checking typenum v1.20.1
    Checking pin-project-lite v0.2.17
    Checking itoa v1.0.18
    Checking log v0.4.34
    Checking smallvec v1.16.2
    Checking subtle v2.6.1
    Checking scopeguard v1.2.0
    Checking const-oid v0.9.6
    Checking futures-core v0.3.34
    Checking bytes v1.12.1
    Checking libc v0.2.189
    Checking serde_core v1.0.229
    Checking once_cell v1.21.4
    Checking zeroize v1.9.0
    Checking libm v0.2.16
    Checking stable_deref_trait v1.2.1
    Checking futures-sink v0.3.34
    Checking lock_api v0.4.14
    Checking zerofrom v0.1.8
    Checking slab v0.4.12
    Checking futures-io v0.3.34
    Checking futures-task v0.3.34
    Checking zmij v1.0.23
    Checking percent-encoding v2.3.2
    Checking futures-channel v0.3.34
   Compiling siphasher v1.0.4
    Checking yoke v0.8.3
    Checking writeable v0.6.4
    Checking tracing-core v0.1.36
    Checking litemap v0.8.3
    Checking spin v0.9.9
    Checking utf8_iter v1.0.4
    Checking form_urlencoded v1.2.2
    Checking aho-corasick v1.1.5
    Checking futures-util v0.3.34
    Checking icu_properties_data v2.3.0
    Checking icu_normalizer_data v2.3.0
    Checking thiserror v2.0.21
    Checking zerovec v0.11.8
    Checking zerotrie v0.2.5
    Checking rand_core v0.10.1
    Checking hashbrown v0.17.1
    Checking regex-syntax v0.8.11
    Checking bitflags v2.13.2
    Checking zerocopy v0.8.59
    Checking crossbeam-utils v0.8.23
    Checking tracing v0.1.44
    Checking errno v0.3.14
    Checking getrandom v0.2.17
    Checking socket2 v0.6.5
    Checking mio v1.2.3
    Checking signal-hook-registry v1.4.8
   Compiling jobserver v0.1.35
    Checking rand_core v0.6.4
    Checking cpufeatures v0.2.17
    Checking core-foundation-sys v0.8.7
    Checking getrandom v0.4.3
    Checking http v1.5.0
   Compiling strsim v0.11.1
    Checking equivalent v1.0.2
    Checking generic-array v0.14.9
    Checking parking_lot_core v0.9.12
   Compiling cc v1.5.1
    Checking hybrid-array v0.4.15
    Checking iana-time-zone v0.1.65
    Checking tokio v1.53.1
    Checking chacha20 v0.10.2
    Checking tinystr v0.8.4
    Checking potential_utf v0.1.6
   Compiling num-conv v0.2.2
   Compiling time-core v0.1.9
    Checking base64ct v1.8.3
    Checking num-traits v0.2.19
    Checking parking_lot v0.12.5
    Checking icu_collections v2.3.0
    Checking rand v0.10.3
    Checking icu_locale_core v2.3.0
   Compiling time-macros v0.2.32
    Checking powerfmt v0.2.0
    Checking block-buffer v0.10.4
    Checking crypto-common v0.1.6
    Checking cmov v0.5.4
    Checking indexmap v2.14.2
   Compiling phf_shared v0.13.1
    Checking digest v0.10.7
    Checking ctutils v0.4.2
    Checking base64 v0.22.1
    Checking const-oid v0.10.2
   Compiling fastrand v2.5.0
    Checking crypto-common v0.2.2
    Checking block-buffer v0.12.1
    Checking pem-rfc7468 v0.7.0
    Checking untrusted v0.9.0
   Compiling phf_generator v0.13.1
   Compiling darling_core v0.20.11
    Checking lazy_static v1.5.0
    Checking der v0.7.10
    Checking rustls-pki-types v1.15.1
    Checking getrandom v0.3.4
    Checking sha2 v0.10.9
    Checking parking v2.2.1
    Checking rand_core v0.9.5
    Checking icu_provider v2.3.1
   Compiling heck v0.5.0
    Checking event-listener v5.4.2
    Checking arrayvec v0.7.8
   Compiling heck v0.4.1
   Compiling phf_shared v0.11.3
    Checking digest v0.11.3
    Checking icu_normalizer v2.3.0
    Checking icu_properties v2.3.0
    Checking foldhash v0.2.0
    Checking mime v0.3.17
    Checking allocator-api2 v0.2.21
    Checking httparse v1.10.1
    Checking serde v1.0.229
    Checking serde_json v1.0.151
    Checking deranged v0.5.8
    Checking uuid v1.26.1
    Checking regex-automata v0.4.18
    Checking md-5 v0.11.0
    Checking webpki-roots v1.0.9
    Checking hashbrown v0.16.1
   Compiling phf_codegen v0.13.1
    Checking http-body v1.1.0
    Checking either v1.18.0
    Checking chrono v0.4.45
    Checking spki v0.7.3
    Checking rust_decimal v1.43.0
    Checking crc-catalog v2.5.0
    Checking ryu v1.0.23
    Checking crc v3.4.0
   Compiling ring v0.17.14
   Compiling zstd-sys v2.1.0+zstd.1.5.7
    Checking pkcs8 v0.10.2
   Compiling libsqlite3-sys v0.37.0
   Compiling phf_generator v0.11.3
    Checking hmac v0.12.1
    Checking futures-intrusive v0.5.0
    Checking hashlink v0.11.1
    Checking crossbeam-queue v0.3.14
   Compiling ucd-trie v0.1.7
    Checking httpdate v1.0.3
    Checking new_debug_unreachable v1.0.6
    Checking tinyvec v1.13.3
    Checking same-file v1.0.6
    Checking tower-service v0.3.3
   Compiling pest v2.9.2
    Checking walkdir v2.5.0
   Compiling phf_codegen v0.11.3
    Checking time v0.3.55
    Checking crossbeam-epoch v0.9.21
    Checking futures-executor v0.3.34
    Checking hmac v0.13.0
   Compiling phf v0.11.3
    Checking idna_adapter v1.2.2
    Checking unicode-normalization v0.1.25
   Compiling phf_macros v0.13.1
    Checking num-integer v0.1.47
    Checking atoi v2.0.0
    Checking idna v1.1.0
    Checking signature v2.2.0
    Checking ff v0.13.1
    Checking cpufeatures v0.3.1
    Checking bstr v1.13.1
    Checking try-lock v0.2.5
    Checking utf8parse v0.2.2
    Checking dotenvy v0.15.7
    Checking unicode-bidi v0.3.18
    Checking url v2.5.8
    Checking unicode-properties v0.1.4
    Checking base16ct v0.2.0
    Checking tower-layer v0.3.3
   Compiling rustix v1.1.5
    Checking sec1 v0.7.3
    Checking anstyle-parse v1.0.0
    Checking want v0.3.1
    Checking sha2 v0.11.0
    Checking stringprep v0.1.5
    Checking thiserror v1.0.69
    Checking group v0.13.0
    Checking hkdf v0.13.0
   Compiling darling_macro v0.20.11
    Checking hkdf v0.12.4
    Checking http-body-util v0.1.5
   Compiling string_cache_codegen v0.6.1
    Checking sha1 v0.10.7
    Checking phf v0.13.1
    Checking crypto-bigint v0.5.5
    Checking flume v0.12.0
    Checking ppv-lite86 v0.2.21
    Checking byteorder v1.5.0
    Checking base64 v0.23.1
   Compiling darling v0.20.11
   Compiling pest_meta v2.9.2
    Checking rand_chacha v0.9.0
    Checking rand_chacha v0.3.1
    Checking colorchoice v1.0.5
    Checking hex v0.4.3
    Checking rand v0.9.5
    Checking whoami v2.1.3
    Checking precomputed-hash v0.1.1
    Checking rand v0.8.8
    Checking regex v1.13.1
    Checking globset v0.4.20
    Checking alloc-no-stdlib v2.0.4
    Checking anstyle v1.0.14
    Checking is_terminal_polyfill v1.70.2
    Checking anstyle-query v1.1.5
    Checking tokio-stream v0.1.19
    Checking simdutf8 v0.1.5
    Checking data-encoding v2.11.1
    Checking sync_wrapper v1.0.2
    Checking atomic-waker v1.1.2
    Checking anstream v1.0.0
    Checking hyper v1.11.1
    Checking encoding_rs v0.8.42
    Checking alloc-stdlib v0.2.4
   Compiling pest_generator v2.9.2
   Compiling web_atoms v0.2.6
    Checking tungstenite v0.29.0
   Compiling derive_more-impl v2.1.1
    Checking anyhow v1.0.104
    Checking elliptic-curve v0.13.8
    Checking crossbeam-deque v0.8.8
    Checking ordered-float v4.6.0
    Checking adler2 v2.0.1
    Checking simd-adler32 v0.3.10
    Checking clap_lex v1.1.1
    Checking jiff-core v0.1.1
   Compiling parse-zoneinfo v0.3.1
    Checking mac v0.1.1
    Checking miniz_oxide v0.9.1
    Checking clap_builder v4.6.7
    Checking hyper-util v0.1.21
    Checking futf v0.1.5
    Checking multer v3.1.0
   Compiling chrono-tz-build v0.3.0
   Compiling pest_derive v2.9.2
    Checking tokio-tungstenite v0.29.0
    Checking ignore v0.4.33
    Checking crc32fast v1.5.2
    Checking brotli-decompressor v5.0.3
    Checking jiff v0.2.37
    Checking signal-hook v0.4.4
    Checking axum-core v0.5.6
   Compiling chrono-tz v0.9.0
    Checking tower v0.5.3
    Checking string_cache v0.9.0
    Checking matchers v0.2.0
    Checking derive_more v2.1.1
    Checking futures v0.3.34
    Checking rfc6979 v0.4.0
    Checking serde_urlencoded v0.7.1
    Checking quick-xml v0.41.0
    Checking tracing-serde v0.2.0
    Checking serde_path_to_error v0.1.20
   Compiling clap_derive v4.6.7
    Checking sharded-slab v0.1.7
    Checking asyncband v0.6.7
   Compiling darling_core v0.23.0
    Checking os_pipe v1.2.3
    Checking tracing-log v0.2.0
    Checking thread_local v1.1.10
    Checking nu-ansi-term v0.50.3
    Checking unsafe-libyaml v0.2.11
   Compiling unicase v2.9.0
    Checking matchit v0.8.4
    Checking dtoa v1.0.11
    Checking utf-8 v0.7.6
    Checking deunicode v1.6.2
    Checking glob v0.3.4
   Compiling itertools v0.14.0
    Checking tendril v0.4.3
   Compiling sea-query-derive v1.0.0
   Compiling derive_builder_core v0.20.2
    Checking axum v0.8.9
    Checking slug v0.1.6
   Compiling pluralizer v0.5.0
    Checking dtoa-short v0.3.5
   Compiling mime_guess v2.0.5
    Checking tracing-subscriber v0.3.23
    Checking sigchld v0.2.5
    Checking ecdsa v0.16.9
    Checking brotli v8.0.4
    Checking globwalk v0.9.1
    Checking flate2 v1.1.10
   Compiling ouroboros_macro v0.18.5
    Checking primeorder v0.13.6
    Checking num-iter v0.1.46
   Compiling selectors v0.33.0
   Compiling sea-schema-derive v0.3.0
   Compiling sea-bae v0.2.2
    Checking sea-query v1.0.2
    Checking opendal-core v0.58.2
   Compiling derive_builder_macro v0.20.2
    Checking clap v4.6.7
   Compiling strum_macros v0.27.2
    Checking humansize v2.1.3
    Checking phf_shared v0.12.1
   Compiling cssparser-macros v0.6.1
    Checking compression-core v0.4.33
    Checking static_assertions v1.1.0
    Checking winnow v1.0.4
    Checking unicode-segmentation v1.13.3
    Checking aliasable v0.1.3
    Checking nonempty v0.7.0
    Checking forwarded-header-value v0.1.1
    Checking toml_parser v1.1.3+spec-1.1.0
   Compiling sea-orm-macros v2.0.4
    Checking cssparser v0.36.0
    Checking markup5ever v0.36.1
    Checking ouroboros v0.18.5
    Checking phf v0.12.1
    Checking async-stream v0.3.6
    Checking derive_builder v0.20.2
    Checking num-bigint-dig v0.8.6
   Compiling darling_macro v0.23.0
    Checking shared_child v1.1.2
   Compiling rustls v0.23.45
   Compiling darling v0.23.0
    Checking curve25519-dalek v4.1.3
    Checking serde_yaml v0.9.34+deprecated
    Checking strum v0.27.2
    Checking fs-err v2.11.0
    Checking cookie v0.18.2
    Checking rustls-webpki v0.103.15
    Checking xattr v1.6.1
    Checking backon v1.6.0
    Checking serde_regex v1.2.0
    Checking cruet v0.13.3
    Checking ed25519 v2.2.3
    Checking pkcs1 v0.7.5
    Checking toml_datetime v0.6.11
    Checking serde_spanned v0.6.9
    Checking toml_datetime v1.1.1+spec-1.1.0
    Checking serde_spanned v1.1.1
    Checking event-listener-strategy v0.5.4
    Checking crossbeam-channel v0.5.17
    Checking servo_arc v0.4.3
    Checking yansi v1.0.1
    Checking shared_thread v0.2.1
    Checking unicode-width v0.2.2
    Checking strum v0.28.0
    Checking toml_write v0.1.2
    Checking toml_writer v1.1.2+spec-1.1.0
    Checking winnow v0.7.15
    Checking rustc-hash v2.1.3
    Checking diff v0.1.13
    Checking getopts v0.2.24
    Checking sea-orm-cli v2.0.4
    Checking tera v1.20.1
    Checking duct v1.1.2
    Checking toml v1.1.6+spec-1.1.0
    Checking async-lock v3.4.2
    Checking pretty_assertions v1.4.1
    Checking include_dir v0.7.4
    Checking rsa v0.9.10
    Checking ed25519-dalek v2.2.0
    Checking opendal-layer-retry v0.58.2
    Checking opendal-service-fs v0.58.2
    Checking html5ever v0.36.1
    Checking chrono-tz v0.10.4
    Checking client-ip v0.2.1
    Checking portable-atomic v1.15.0
    Checking p256 v0.13.2
    Checking p384 v0.13.1
    Checking rust-multipart-rfc7578_2 v0.8.0
    Checking cruet v1.0.0
    Checking tokio-util v0.7.19
    Checking email-encoding v0.4.2
    Checking assert-json-diff v2.0.2
    Checking semver v1.0.28
    Checking colored v2.2.0
    Checking blake2 v0.10.6
    Checking password-hash v0.5.0
    Checking notify-types v2.1.0
    Checking hostname v0.4.2
    Checking fsevent-sys v4.1.0
    Checking reserve-port v2.5.0
    Checking nom v8.0.0
    Checking quoted_printable v0.5.2
    Checking ego-tree v0.10.0
   Compiling loco-rs v1.2.0
    Checking colored v3.1.1
    Checking hashbrown v0.14.5
    Checking toml_edit v0.22.27
    Checking btparse-stable v0.1.2
    Checking symlink v0.1.0
    Checking auto-future v1.0.0
    Checking tagptr v0.2.0
    Checking bytesize v2.7.0
    Checking http-range-header v0.4.2
    Checking utf8-width v0.1.9
    Checking email_address v0.2.9
    Checking axum-test v17.3.0
    Checking byte-unit v5.2.6
    Checking moka v0.12.16
    Checking dashmap v6.2.1
    Checking tracing-appender v0.2.5
    Checking backtrace_printer v1.3.0
    Checking argon2 v0.5.3
    Checking notify v8.2.0
    Checking cargo-lock v11.1.0
    Checking jsonwebtoken v10.4.0
    Checking toml v0.8.23
    Checking opendal v0.58.2
    Checking axum-client-ip v1.3.1
    Checking axum-extra v0.10.3
    Checking scraper v0.25.0
    Checking serde_yaml_ng v0.10.0
    Checking ulid v1.2.1
    Checking tree-fs v0.3.1
    Checking english-to-cron v0.1.7
    Checking tera v2.4.0
    Checking num-bigint v0.4.8
    Checking serde_variant v0.1.3
   Compiling rstest_macros v0.25.0
    Checking pem v3.0.6
    Checking ts-rs v12.0.1
   Compiling toml_edit v0.25.15+spec-1.1.0
    Checking vte v0.14.1
   Compiling relative-path v1.9.3
    Checking strip-ansi-escapes v0.2.1
    Checking tempfile v3.27.0
    Checking console v0.16.6
   Compiling serial_test_derive v3.5.0
    Checking futures-timer v3.0.4
    Checking similar v2.7.0
   Compiling proc-macro-crate v3.5.0
   Compiling zstd-safe v8.0.0
    Checking simple_asn1 v0.6.4
    Checking serial_test v3.5.0
    Checking insta v1.48.0
    Checking jsonwebtoken v9.3.1
   Compiling validator_derive v0.20.1
    Checking validator v0.20.0
    Checking croner v3.0.1
    Checking sqlx-core v0.9.0
    Checking tokio-rustls v0.26.5
    Checking tokio-cron-scheduler v0.15.1
    Checking lettre v0.11.23
    Checking sqlx-postgres v0.9.0
    Checking sqlx-sqlite v0.9.0
    Checking rrgen v0.6.0
    Checking loco-gen v1.2.0
    Checking zstd v0.14.0
    Checking sqlx v0.9.0
    Checking compression-codecs v0.4.43
    Checking sea-query-sqlx v0.9.1
    Checking async-compression v0.4.48
    Checking sea-schema v0.18.1
    Checking tower-http v0.6.11
    Checking rstest v0.25.0
    Checking sea-orm v2.0.4
    Checking sea-orm-migration v2.0.4
    Checking migration v0.1.0 (/work/app/conduit/migration)
    Checking conduit v0.1.0 (/work/app/conduit)
error: this function has too many arguments (8/7)
   --> src/models/realworld.rs:129:1
    |
129 | / pub async fn article_list(
130 | |     db: &DatabaseConnection,
131 | |     mode: &str,
132 | |     viewer: Option<i64>,
...   |
137 | |     offset: usize,
138 | | ) -> Result<Json, DbErr> {
    | |________________________^
    |
    = help: for further information visit https://rust-lang.github.io/rust-clippy/rust-1.95.0/index.html#too_many_arguments
    = note: `-D clippy::too-many-arguments` implied by `-D warnings`
    = help: to override `-D warnings` add `#[allow(clippy::too_many_arguments)]`

error: could not compile `conduit` (lib test) due to 1 previous error
warning: build failed, waiting for other jobs to finish...
error: could not compile `conduit` (lib) due to 1 previous error

