#0 building with "orbstack" instance using docker driver

#1 [internal] load build definition from Dockerfile
#1 transferring dockerfile: 487B done
#1 DONE 0.0s

#2 [internal] load metadata for docker.io/library/rust:1.95-bookworm
#2 ...

#3 [internal] load metadata for docker.io/library/debian:bookworm-slim
#3 DONE 2.6s

#2 [internal] load metadata for docker.io/library/rust:1.95-bookworm
#2 DONE 5.6s

#4 [internal] load .dockerignore
#4 transferring context: 100B done
#4 DONE 0.0s

#5 [build 1/4] FROM docker.io/library/rust:1.95-bookworm@sha256:6258907abe69656e41cd992e0b705cdcfabcbbe3db374f92ed2d47121282d4a1
#5 DONE 0.0s

#6 [stage-1 1/5] FROM docker.io/library/debian:bookworm-slim@sha256:3783cc01769c7b2b1b83a5c5ad96c815348e28ed7da68e2e3687004faa906251
#6 DONE 0.0s

#7 [internal] load build context
#7 transferring context: 652.88kB 0.0s done
#7 DONE 0.0s

#8 [build 2/4] WORKDIR /app
#8 CACHED

#9 [build 3/4] COPY conduit/ .
#9 DONE 0.1s

#10 [build 4/4] RUN cargo build --release --bin conduit-cli
#10 0.399     Updating crates.io index
#10 10.97  Downloading crates ...
#10 11.72   Downloaded block-buffer v0.10.4
#10 11.86   Downloaded adler2 v2.0.1
#10 12.22   Downloaded byte-unit v5.2.6
#10 12.27   Downloaded borsh-derive v1.8.1
#10 12.28   Downloaded anstream v1.0.0
#10 12.30   Downloaded async-stream v0.3.6
#10 12.38   Downloaded darling_macro v0.23.0
#10 12.38   Downloaded darling_macro v0.20.11
#10 12.39   Downloaded cmov v0.5.4
#10 12.42   Downloaded alloc-stdlib v0.2.4
#10 12.43   Downloaded clap_lex v1.1.1
#10 12.44   Downloaded bitflags v2.13.2
#10 12.46   Downloaded arrayvec v0.7.8
#10 12.49   Downloaded allocator-api2 v0.2.21
#10 12.50   Downloaded alloc-no-stdlib v2.0.4
#10 12.50   Downloaded auto-future v1.0.0
#10 12.51   Downloaded anstyle-parse v1.0.0
#10 12.51   Downloaded crossbeam-queue v0.3.14
#10 12.54   Downloaded cfg-if v1.0.5
#10 12.54   Downloaded bytesize v2.7.0
#10 12.55   Downloaded dashmap v6.2.1
#10 12.56   Downloaded atomic-waker v1.1.2
#10 12.58   Downloaded data-encoding v2.11.1
#10 12.62   Downloaded async-trait v0.1.92
#10 12.65   Downloaded atoi v2.0.0
#10 12.66   Downloaded anstyle v1.0.14
#10 12.67   Downloaded chrono-tz-build v0.3.0
#10 12.67   Downloaded colorchoice v1.0.5
#10 12.68   Downloaded defmt v1.1.1
#10 12.68   Downloaded assert-json-diff v2.0.2
#10 12.72   Downloaded derive_builder_core v0.20.2
#10 12.74   Downloaded defmt-parser v1.0.0
#10 12.75   Downloaded anstyle-query v1.1.5
#10 12.77   Downloaded base16ct v0.2.0
#10 12.78   Downloaded cfg_aliases v0.2.2
#10 12.79   Downloaded byteorder v1.5.0
#10 12.79   Downloaded argon2 v0.5.3
#10 12.80   Downloaded arrow-cmp v60.0.0
#10 12.80   Downloaded client-ip v0.2.1
#10 12.81   Downloaded block-buffer v0.12.1
#10 12.81   Downloaded backtrace_printer v1.3.0
#10 12.89   Downloaded chacha20 v0.10.2
#10 12.94   Downloaded compression-core v0.4.33
#10 12.94   Downloaded async-stream-impl v0.3.6
#10 12.95   Downloaded aliasable v0.1.3
#10 12.96   Downloaded bitflags v1.3.2
#10 12.97   Downloaded btparse-stable v0.1.2
#10 12.97   Downloaded derive-where v1.7.0
#10 12.98   Downloaded compression-codecs v0.4.43
#10 13.00   Downloaded axum-core v0.5.6
#10 13.01   Downloaded base64ct v1.8.3
#10 13.01   Downloaded either v1.18.0
#10 13.01   Downloaded ahash v0.8.12
#10 13.02   Downloaded ecdsa v0.16.9
#10 13.04   Downloaded autocfg v1.5.1
#10 13.05   Downloaded atoi v3.1.0
#10 13.05   Downloaded colored v3.1.1
#10 13.05   Downloaded backon v1.6.0
#10 13.06   Downloaded email_address v0.2.9
#10 13.06   Downloaded clap_derive v4.6.7
#10 13.06   Downloaded cargo-lock v11.1.0
#10 13.06   Downloaded async-lock v3.4.2
#10 13.06   Downloaded anyhow v1.0.104
#10 13.07   Downloaded colored v2.2.0
#10 13.08   Downloaded axum-client-ip v1.3.1
#10 13.08   Downloaded digest v0.10.7
#10 13.08   Downloaded crypto-common v0.1.6
#10 13.09   Downloaded arrow-string v60.0.0
#10 13.10   Downloaded arrow-ord v60.0.0
#10 13.10   Downloaded deranged v0.5.8
#10 13.11   Downloaded derive_builder v0.20.2
#10 13.11   Downloaded axum-macros v0.5.1
#10 13.12   Downloaded futures-sink v0.3.34
#10 13.12   Downloaded dotenvy v0.15.7
#10 13.12   Downloaded crc v3.4.0
#10 13.13   Downloaded blake2 v0.10.6
#10 13.13   Downloaded arrow-arith v60.0.0
#10 13.13   Downloaded croner v3.0.1
#10 13.13   Downloaded const-random-macro v0.1.16
#10 13.13   Downloaded crc32fast v1.5.2
#10 13.14   Downloaded find-msvc-tools v0.1.14
#10 13.14   Downloaded dtoa v1.0.11
#10 13.14   Downloaded form_urlencoded v1.2.2
#10 13.16   Downloaded crossbeam-deque v0.8.8
#10 13.17   Downloaded english-to-cron v0.1.7
#10 13.17   Downloaded cpufeatures v0.3.1
#10 13.17   Downloaded const-oid v0.9.6
#10 13.18   Downloaded crossbeam-epoch v0.9.21
#10 13.19   Downloaded cookie v0.18.2
#10 13.20   Downloaded const-oid v0.10.2
#10 13.20   Downloaded http-range-header v0.4.2
#10 13.20   Downloaded http-body-util v0.1.5
#10 13.20   Downloaded crossbeam-utils v0.8.23
#10 13.20   Downloaded crc-catalog v2.5.0
#10 13.21   Downloaded httpdate v1.0.3
#10 13.21   Downloaded humansize v2.1.3
#10 13.21   Downloaded httparse v1.10.1
#10 13.21   Downloaded futures-macro v0.3.34
#10 13.21   Downloaded cpufeatures v0.2.17
#10 13.21   Downloaded const-random v0.1.18
#10 13.22   Downloaded arrow-row v60.0.0
#10 13.22   Downloaded futures-core v0.3.34
#10 13.22   Downloaded async-compression v0.4.48
#10 13.23   Downloaded iana-time-zone v0.1.65
#10 13.28   Downloaded forwarded-header-value v0.1.1
#10 13.29   Downloaded icu_provider v2.3.1
#10 13.30   Downloaded arrow v60.0.0
#10 13.30   Downloaded idna_adapter v1.2.2
#10 13.31   Downloaded arrow-cast v60.0.0
#10 13.32   Downloaded include_dir v0.7.4
#10 13.32   Downloaded axum-test v17.3.0
#10 13.32   Downloaded arrow-schema v60.0.0
#10 13.34   Downloaded clap_builder v4.6.7
#10 13.36   Downloaded dtoa-short v0.3.5
#10 13.36   Downloaded getopts v0.2.24
#10 13.36   Downloaded futf v0.1.5
#10 13.37   Downloaded email-encoding v0.4.2
#10 13.39   Downloaded aho-corasick v1.1.5
#10 13.39   Downloaded axum v0.8.9
#10 13.40   Downloaded bstr v1.13.1
#10 13.42   Downloaded indoc v2.0.7
#10 13.43   Downloaded axum-extra v0.10.3
#10 13.44   Downloaded base64 v0.22.1
#10 13.44   Downloaded arrow-data v60.0.0
#10 13.46   Downloaded globset v0.4.20
#10 13.46   Downloaded arrow-buffer v60.0.0
#10 13.46   Downloaded arrow-select v60.0.0
#10 13.47   Downloaded getrandom v0.2.17
#10 13.49   Downloaded chrono v0.4.45
#10 13.50   Downloaded inotify-sys v0.1.8
#10 13.50   Downloaded inotify v0.11.5
#10 13.51   Downloaded is_terminal_polyfill v1.70.2
#10 13.51   Downloaded bytes v1.12.1
#10 13.53   Downloaded cc v1.5.1
#10 13.53   Downloaded asyncband v0.6.7
#10 13.54   Downloaded bigdecimal v0.4.10
#10 13.54   Downloaded jiff-static v0.2.37
#10 13.54   Downloaded brotli-decompressor v5.0.3
#10 13.56   Downloaded derive_builder_macro v0.20.2
#10 13.57   Downloaded glob v0.3.4
#10 13.57   Downloaded ctutils v0.4.2
#10 13.57   Downloaded arrow-array v60.0.0
#10 13.58   Downloaded jsonwebtoken v9.3.1
#10 13.58   Downloaded futures-channel v0.3.34
#10 13.59   Downloaded clap v4.6.7
#10 13.63   Downloaded borsh v1.8.1
#10 13.64   Downloaded base64 v0.23.1
#10 13.67   Downloaded crunchy v0.2.4
#10 13.68   Downloaded errno v0.3.14
#10 13.72   Downloaded ff v0.13.1
#10 13.75   Downloaded defmt-macros v1.1.1
#10 13.77   Downloaded globwalk v0.9.1
#10 13.78   Downloaded chrono-tz v0.9.0
#10 13.80   Downloaded lazy_static v1.5.0
#10 13.83   Downloaded brotli v8.0.4
#10 13.87   Downloaded chrono-tz v0.10.4
#10 13.88   Downloaded lexical-core v1.0.6
#10 13.90   Downloaded jobserver v0.1.35
#10 13.92   Downloaded jsonwebtoken v10.4.0
#10 13.92   Downloaded lexical-parse-integer v1.0.6
#10 13.92   Downloaded cruet v0.13.3
#10 13.92   Downloaded group v0.13.0
#10 13.93   Downloaded foldhash v0.2.0
#10 13.94   Downloaded diff v0.1.13
#10 13.94   Downloaded lexical-write-integer v1.0.6
#10 13.96   Downloaded litemap v0.8.3
#10 13.97   Downloaded lock_api v0.4.14
#10 13.97   Downloaded equivalent v1.0.2
#10 13.97   Downloaded event-listener-strategy v0.5.4
#10 13.99   Downloaded mac_address v1.1.8
#10 14.04   Downloaded mime_guess v2.0.5
#10 14.04   Downloaded memoffset v0.9.1
#10 14.04   Downloaded matchit v0.8.4
#10 14.04   Downloaded futures-io v0.3.34
#10 14.04   Downloaded md-5 v0.11.0
#10 14.04   Downloaded mac v0.1.1
#10 14.07   Downloaded matchers v0.2.0
#10 14.07   Downloaded nonempty v0.7.0
#10 14.07   Downloaded new_debug_unreachable v1.0.6
#10 14.07   Downloaded markup5ever v0.36.1
#10 14.07   Downloaded crypto-common v0.2.2
#10 14.08   Downloaded crossbeam-channel v0.5.17
#10 14.08   Downloaded num-conv v0.2.2
#10 14.08   Downloaded num-complex v0.4.6
#10 14.09   Downloaded nu-ansi-term v0.50.3
#10 14.09   Downloaded notify-types v2.1.0
#10 14.09   Downloaded num-traits v0.2.19
#10 14.10   Downloaded once_cell v1.21.4
#10 14.51   Downloaded icu_locale_core v2.3.0
#10 14.52   Downloaded icu_collections v2.3.0
#10 14.52   Downloaded hyper-util v0.1.21
#10 14.53   Downloaded dyn-clone v1.0.20
#10 14.67   Downloaded icu_normalizer v2.3.0
#10 14.68   Downloaded pem-rfc7468 v0.7.0
#10 14.68   Downloaded powerfmt v0.2.0
#10 14.68   Downloaded potential_utf v0.1.6
#10 14.68   Downloaded pluralizer v0.5.0
#10 14.68   Downloaded pkg-config v0.3.34
#10 14.68   Downloaded pkcs8 v0.10.2
#10 14.68   Downloaded pkcs1 v0.7.5
#10 14.69   Downloaded pin-project-lite v0.2.17
#10 14.69   Downloaded phf_shared v0.13.1
#10 14.69   Downloaded phf_shared v0.12.1
#10 14.69   Downloaded phf_codegen v0.13.1
#10 14.69   Downloaded phf_codegen v0.11.3
#10 14.69   Downloaded phf v0.13.1
#10 14.69   Downloaded phf v0.12.1
#10 14.70   Downloaded fs-err v2.11.0
#10 14.70   Downloaded displaydoc v0.2.7
#10 14.70   Downloaded digest v0.11.3
#10 14.70   Downloaded phf v0.11.3
#10 14.70   Downloaded pgvector v0.4.2
#10 14.70   Downloaded pest_meta v2.9.2
#10 14.71   Downloaded pest_generator v2.9.2
#10 14.71   Downloaded p256 v0.13.2
#10 14.71   Downloaded opendal-service-fs v0.58.2
#10 14.71   Downloaded opendal-layer-retry v0.58.2
#10 14.71   Downloaded itertools v0.14.0
#10 14.72   Downloaded indexmap v2.14.2
#10 14.72   Downloaded idna v1.1.0
#10 14.72   Downloaded icu_properties_data v2.3.0
#10 14.73   Downloaded futures-task v0.3.34
#10 14.73   Downloaded fnv v1.0.7
#10 14.73   Downloaded fastrand v2.5.0
#10 14.73   Downloaded icu_properties v2.3.0
#10 14.74   Downloaded icu_normalizer_data v2.3.0
#10 14.74   Downloaded ego-tree v0.10.0
#10 14.74   Downloaded pem v3.0.6
#10 14.74   Downloaded parking_lot_core v0.9.12
#10 14.74   Downloaded parking_lot v0.12.5
#10 14.74   Downloaded parking v2.2.1
#10 14.74   Downloaded ouroboros_macro v0.18.5
#10 14.75   Downloaded ouroboros v0.18.5
#10 14.76   Downloaded os_pipe v1.2.3
#10 14.76   Downloaded ordered-float v4.6.0
#10 14.93   Downloaded proc-macro-crate v3.5.0
#10 14.93   Downloaded proc-macro-error-attr3 v3.1.1
#10 14.93   Downloaded primeorder v0.13.6
#10 14.93   Downloaded precomputed-hash v0.1.1
#10 14.94   Downloaded cssparser-macros v0.6.1
#10 14.95   Downloaded proc-macro-error3 v3.1.1
#10 14.95   Downloaded proc-macro2 v1.0.107
#10 14.96   Downloaded rand_chacha v0.3.1
#10 14.96   Downloaded ed25519 v2.2.3
#10 14.96   Downloaded duct v1.1.2
#10 14.97   Downloaded proc-macro2-diagnostics v0.10.1
#10 14.97   Downloaded quote v1.0.47
#10 14.98   Downloaded getrandom v0.4.3
#10 14.98   Downloaded half v2.7.1
#10 14.98   Downloaded mio v1.2.3
#10 14.99   Downloaded loco-gen v1.2.0
#10 14.99   Downloaded libm v0.2.16
#10 15.00   Downloaded lexical-write-float v1.0.6
#10 15.00   Downloaded lexical-util v1.0.7
#10 15.00   Downloaded lexical-parse-float v1.0.6
#10 15.01   Downloaded lettre v0.11.23
#10 15.01   Downloaded getrandom v0.3.4
#10 15.02   Downloaded libc v0.2.189
#10 15.04   Downloaded event-listener v5.4.2
#10 15.04   Downloaded elliptic-curve v0.13.8
#10 15.05   Downloaded darling v0.23.0
#10 15.05   Downloaded darling v0.20.11
#10 15.05   Downloaded cssparser v0.36.0
#10 15.05   Downloaded cruet v1.0.0
#10 15.05   Downloaded generic-array v0.14.9
#10 15.06   Downloaded futures-executor v0.3.34
#10 15.06   Downloaded futures v0.3.34
#10 15.11   Downloaded heck v0.4.1
#10 15.12   Downloaded heck v0.5.0
#10 15.12   Downloaded hostname v0.4.2
#10 15.22   Downloaded rfc6979 v0.4.0
#10 15.23   Downloaded rustc_version v0.4.1
#10 15.23   Downloaded reserve-port v2.5.0
#10 15.24   Downloaded rust-multipart-rfc7578_2 v0.8.0
#10 15.24   Downloaded rand_core v0.6.4
#10 15.25   Downloaded rand_core v0.10.1
#10 15.25   Downloaded rand_core v0.9.5
#10 15.26   Downloaded rustversion v1.0.23
#10 15.27   Downloaded rrgen v0.6.0
#10 15.28   Downloaded ryu v1.0.23
#10 15.33   Downloaded http-body v1.1.0
#10 15.36   Downloaded hex v0.4.3
#10 15.76   Downloaded hmac v0.12.1
#10 15.77   Downloaded hashlink v0.11.1
#10 15.82   Downloaded hmac v0.13.0
#10 15.83   Downloaded darling_core v0.23.0
#10 15.84   Downloaded hybrid-array v0.4.15
#10 15.93   Downloaded ident_case v1.0.1
#10 15.97   Downloaded include_dir_macros v0.7.4
#10 15.99   Downloaded itoa v1.0.18
#10 16.13   Downloaded der v0.7.10
#10 16.26   Downloaded derive_more v2.1.1
#10 16.31   Downloaded mime v0.3.17
#10 16.99   Downloaded libsqlite3-sys v0.37.0
#10 17.04   Downloaded sea-orm-arrow v2.0.0-rc.5
#10 17.04   Downloaded stable_deref_trait v1.2.1
#10 17.05   Downloaded synstructure v0.14.0
#10 17.05   Downloaded sync_wrapper v1.0.2
#10 17.05   Downloaded subtle v2.6.1
#10 17.05   Downloaded ed25519-dalek v2.2.0
#10 17.05   Downloaded quick-xml v0.41.0
#10 17.06   Downloaded strum_macros v0.27.2
#10 17.06   Downloaded sqlx-macros-core v0.9.0
#10 17.06   Downloaded sqlx-macros v0.9.0
#10 17.06   Downloaded spin v0.9.9
#10 17.06   Downloaded socket2 v0.6.5
#10 17.06   Downloaded smallvec v1.16.2
#10 17.06   Downloaded slug v0.1.6
#10 17.07   Downloaded simple_asn1 v0.6.4
#10 17.07   Downloaded simd-adler32 v0.3.10
#10 17.07   Downloaded signal-hook v0.4.4
#10 17.07   Downloaded shared_child v1.1.2
#10 17.07   Downloaded sha2 v0.11.0
#10 17.07   Downloaded sha2 v0.10.9
#10 17.08   Downloaded sha1 v0.11.0
#10 17.08   Downloaded sha1 v0.10.7
#10 17.08   Downloaded servo_arc v0.4.3
#10 17.08   Downloaded serde_yaml_ng v0.10.0
#10 17.08   Downloaded serde_variant v0.1.3
#10 17.08   Downloaded serde_urlencoded v0.7.1
#10 17.08   Downloaded rand v0.10.3
#10 17.09   Downloaded spki v0.7.3
#10 17.09   Downloaded slab v0.4.12
#10 17.09   Downloaded siphasher v1.0.4
#10 17.09   Downloaded simdutf8 v0.1.5
#10 17.09   Downloaded signature v2.2.0
#10 17.09   Downloaded signal-hook-registry v1.4.8
#10 17.09   Downloaded sigchld v0.2.5
#10 17.09   Downloaded shlex v2.0.1
#10 17.09   Downloaded shared_thread v0.2.1
#10 17.09   Downloaded sharded-slab v0.1.7
#10 17.10   Downloaded serde_yaml v0.9.34+deprecated
#10 17.10   Downloaded serde_spanned v1.1.1
#10 17.10   Downloaded serde_spanned v0.6.9
#10 17.10   Downloaded serde_path_to_error v0.1.20
#10 17.10   Downloaded serde_derive v1.0.229
#10 17.10   Downloaded serde_core v1.0.229
#10 17.10   Downloaded semver v1.0.28
#10 17.11   Downloaded selectors v0.33.0
#10 17.11   Downloaded sec1 v0.7.3
#10 17.11   Downloaded sea-schema-derive v0.3.0
#10 17.11   Downloaded sea-query-sqlx v0.9.1
#10 17.11   Downloaded sea-query-derive v1.0.0
#10 17.11   Downloaded sea-orm-migration v2.0.4
#10 17.11   Downloaded sea-orm-cli v2.0.4
#10 17.11   Downloaded sea-bae v0.2.2
#10 17.11   Downloaded scraper v0.25.0
#10 17.12   Downloaded pretty_assertions v1.4.1
#10 17.12   Downloaded pest v2.9.2
#10 17.12   Downloaded termcolor v1.4.1
#10 17.12   Downloaded pest_derive v2.9.2
#10 17.12   Downloaded tokio-rustls v0.26.5
#10 17.12   Downloaded percent-encoding v2.3.2
#10 17.12   Downloaded tokio-macros v2.7.2
#10 17.12   Downloaded password-hash v0.5.0
#10 17.13   Downloaded parse-zoneinfo v0.3.1
#10 17.13   Downloaded p384 v0.13.1
#10 17.13   Downloaded tokio-tungstenite v0.29.0
#10 17.13   Downloaded opendal-core v0.58.2
#10 17.14   Downloaded toml v0.8.23
#10 17.14   Downloaded tokio-stream v0.1.19
#10 17.15   Downloaded toml v1.1.6+spec-1.1.0
#10 17.15   Downloaded futures-util v0.3.34
#10 17.16   Downloaded num-bigint-dig v0.8.6
#10 17.16   Downloaded nom v8.0.0
#10 17.16   Downloaded moka v0.12.16
#10 17.17   Downloaded rust_decimal v1.43.0
#10 17.17   Downloaded rustls-webpki v0.103.15
#10 17.17   Downloaded rsa v0.9.10
#10 17.18   Downloaded miniz_oxide v0.9.1
#10 17.18   Downloaded memchr v2.8.3
#10 17.18   Downloaded deunicode v1.6.2
#10 17.18   Downloaded darling_core v0.20.11
#10 17.19   Downloaded scopeguard v1.2.0
#10 17.19   Downloaded num-iter v0.1.46
#10 17.19   Downloaded num-integer v0.1.47
#10 17.19   Downloaded num-derive v0.4.2
#10 17.19   Downloaded notify v8.2.0
#10 17.19   Downloaded multiversion_no_op v1.0.0
#10 17.19   Downloaded multer v3.1.0
#10 17.19   Downloaded log v0.4.34
#10 17.19   Downloaded curve25519-dalek v4.1.3
#10 17.20   Downloaded phf_shared v0.11.3
#10 17.20   Downloaded phf_macros v0.13.1
#10 17.20   Downloaded phf_generator v0.13.1
#10 17.20   Downloaded phf_generator v0.11.3
#10 17.21   Downloaded flate2 v1.1.10
#10 17.21   Downloaded hashbrown v0.14.5
#10 17.22   Downloaded crypto-bigint v0.5.5
#10 17.22   Downloaded ppv-lite86 v0.2.21
#10 17.31   Downloaded quoted_printable v0.5.2
#10 17.43   Downloaded ring v0.17.14
#10 17.46   Downloaded tracing-appender v0.2.5
#10 17.46   Downloaded tower-service v0.3.3
#10 17.46   Downloaded tower-layer v0.3.3
#10 17.46   Downloaded toml_writer v1.1.2+spec-1.1.0
#10 17.46   Downloaded toml_write v0.1.2
#10 17.46   Downloaded toml_parser v1.1.3+spec-1.1.0
#10 17.48   Downloaded unicase v2.9.0
#10 17.48   Downloaded serde v1.0.229
#10 17.54   Downloaded sqlx-mysql v0.9.0
#10 17.57   Downloaded sqlx-sqlite v0.9.0
#10 17.67   Downloaded flume v0.12.0
#10 17.67   Downloaded tera v1.20.1
#10 17.74   Downloaded sqlx-postgres v0.9.0
#10 17.74   Downloaded sqlx-core v0.9.0
#10 17.78   Downloaded futures-intrusive v0.5.0
#10 17.79   Downloaded serde_json v1.0.151
#10 17.82   Downloaded tera v2.4.0
#10 17.84   Downloaded sea-query v1.0.2
#10 17.85   Downloaded derive_more-impl v2.1.1
#10 17.85   Downloaded sqlx v0.9.0
#10 18.13   Downloaded syn v2.0.119
#10 18.15   Downloaded hashbrown v0.16.1
#10 18.35   Downloaded syn v3.0.6
#10 18.51   Downloaded encoding_rs v0.8.42
#10 18.57   Downloaded same-file v1.0.6
#10 18.85   Downloaded unicode-bidi v0.3.18
#10 18.86   Downloaded rustls-pki-types v1.15.1
#10 19.59   Downloaded utf8_iter v1.0.4
#10 19.61   Downloaded tagptr v0.2.0
#10 19.61   Downloaded strum v0.27.2
#10 19.61   Downloaded string_cache_codegen v0.6.1
#10 19.61   Downloaded string_cache v0.9.0
#10 19.61   Downloaded zerofrom v0.1.8
#10 19.61   Downloaded zstd-safe v8.0.0
#10 19.61   Downloaded zstd v0.14.0
#10 19.61   Downloaded tokio-cron-scheduler v0.15.1
#10 19.62   Downloaded tower-http v0.6.11
#10 19.62   Downloaded tower v0.5.3
#10 19.63   Downloaded tracing v0.1.44
#10 19.64   Downloaded hashbrown v0.17.1
#10 19.64   Downloaded time-core v0.1.9
#10 19.64   Downloaded thiserror-impl v1.0.69
#10 19.64   Downloaded toml_edit v0.25.15+spec-1.1.0
#10 19.64   Downloaded tokio-util v0.7.19
#10 19.65   Downloaded tendril v0.4.3
#10 19.65   Downloaded html5ever v0.36.1
#10 19.65   Downloaded zmij v1.0.23
#10 19.65   Downloaded zerovec-derive v0.11.6
#10 19.66   Downloaded zeroize v1.9.0
#10 19.66   Downloaded writeable v0.6.4
#10 19.66   Downloaded web_atoms v0.2.6
#10 19.66   Downloaded walkdir v2.5.0
#10 19.66   Downloaded version_check v0.9.5
#10 19.66   Downloaded zeroize_derive v1.5.0
#10 19.66   Downloaded zerofrom-derive v0.1.8
#10 19.66   Downloaded yoke-derive v0.8.3
#10 19.66   Downloaded xattr v1.6.1
#10 19.66   Downloaded whoami v2.1.3
#10 19.67   Downloaded tiny-keccak v2.0.2
#10 19.67   Downloaded thread_local v1.1.10
#10 19.67   Downloaded thiserror-impl v2.0.21
#10 19.67   Downloaded thiserror v1.0.69
#10 19.67   Downloaded want v0.3.1
#10 19.67   Downloaded validator v0.20.0
#10 19.67   Downloaded utf8parse v0.2.2
#10 19.67   Downloaded thiserror v2.0.21
#10 19.68   Downloaded tinystr v0.8.4
#10 19.68   Downloaded utf8-width v0.1.9
#10 19.68   Downloaded utf-8 v0.7.6
#10 19.68   Downloaded unicode-ident v1.0.26
#10 19.68   Downloaded sea-orm v2.0.4
#10 19.72   Downloaded tinyvec v1.13.3
#10 19.72   Downloaded yoke v0.8.3
#10 19.72   Downloaded validator_derive v0.20.1
#10 19.72   Downloaded symlink v0.1.0
#10 19.72   Downloaded strum v0.28.0
#10 19.72   Downloaded strsim v0.11.1
#10 19.72   Downloaded stringprep v0.1.5
#10 19.72   Downloaded static_assertions v1.1.0
#10 19.72   Downloaded serde_regex v1.2.0
#10 19.72   Downloaded rustc-hash v2.1.3
#10 19.72   Downloaded ref-cast-impl v1.0.27
#10 19.72   Downloaded ref-cast v1.0.27
#10 19.73   Downloaded rand_chacha v0.9.0
#10 19.77   Downloaded time-macros v0.2.32
#10 19.93   Downloaded hkdf v0.12.4
#10 19.93   Downloaded toml_datetime v1.1.1+spec-1.1.0
#10 19.94   Downloaded toml_datetime v0.6.11
#10 20.03   Downloaded hkdf v0.13.0
#10 20.06   Downloaded http v1.5.0
#10 20.09   Downloaded tracing-attributes v0.1.31
#10 20.13   Downloaded uuid v1.26.1
#10 20.14   Downloaded yansi v1.0.1
#10 20.19   Downloaded url v2.5.8
#10 20.20   Downloaded tracing-core v0.1.36
#10 20.20   Downloaded zerotrie v0.2.5
#10 20.22   Downloaded tracing-log v0.2.0
#10 20.22   Downloaded tracing-serde v0.2.0
#10 20.27   Downloaded zerovec v0.11.8
#10 20.29   Downloaded zerocopy-derive v0.8.59
#10 20.52   Downloaded tree-fs v0.3.1
#10 20.54   Downloaded ignore v0.4.33
#10 20.54   Downloaded winnow v0.7.15
#10 20.55   Downloaded winnow v1.0.4
#10 20.56   Downloaded zlib-rs v0.6.8
#10 20.56   Downloaded webpki-roots v1.0.9
#10 20.57   Downloaded vcpkg v0.2.15
#10 20.60   Downloaded zerocopy v0.8.59
#10 20.67   Downloaded zstd-sys v2.1.0+zstd.1.5.7
#10 20.68   Downloaded jiff-core v0.1.1
#10 20.71   Downloaded hyper v1.11.1
#10 21.24   Downloaded jiff v0.2.37
#10 22.37   Downloaded ulid v1.2.1
#10 22.37   Downloaded ucd-trie v0.1.7
#10 22.42   Downloaded linux-raw-sys v0.12.1
#10 22.46   Downloaded ts-rs-macros v12.0.1
#10 22.46   Downloaded try-lock v0.2.5
#10 22.46   Downloaded ts-rs v12.0.1
#10 22.79   Downloaded num-bigint v0.4.8
#10 22.79   Downloaded num-bigint v0.5.1
#10 23.38   Downloaded opendal v0.58.2
#10 23.53   Downloaded nix v0.29.0
#10 23.62   Downloaded loco-rs v1.2.0
#10 23.64   Downloaded untrusted v0.9.0
#10 23.64   Downloaded unsafe-libyaml v0.2.11
#10 23.67   Downloaded unicode-properties v0.1.4
#10 23.72   Downloaded unicode-xid v0.2.6
#10 23.78   Downloaded portable-atomic v1.15.0
#10 23.78   Downloaded rand v0.9.5
#10 23.79   Downloaded rand v0.8.8
#10 23.81   Downloaded schemars v1.2.2
#10 23.89   Downloaded regex v1.13.1
#10 24.04   Downloaded rustix v1.1.5
#10 24.38   Downloaded rustls v0.23.45
#10 24.41   Downloaded regex-automata v0.4.18
#10 24.42   Downloaded sea-orm-macros v2.0.4
#10 24.70   Downloaded regex-syntax v0.8.11
#10 25.66   Downloaded time v0.3.55
#10 25.99   Downloaded sea-schema v0.18.1
#10 26.17   Downloaded tokio v1.53.1
#10 26.20   Downloaded toml_edit v0.22.27
#10 26.23   Downloaded tracing-subscriber v0.3.23
#10 26.32   Downloaded tungstenite v0.29.0
#10 26.32   Downloaded typenum v1.20.1
#10 26.35   Downloaded unicode-width v0.2.2
#10 26.36   Downloaded unicode-segmentation v1.13.3
#10 26.37   Downloaded unicode-normalization v0.1.25
#10 26.45    Compiling proc-macro2 v1.0.107
#10 26.45    Compiling unicode-ident v1.0.26
#10 26.45    Compiling quote v1.0.47
#10 26.45    Compiling libc v0.2.189
#10 26.45    Compiling cfg-if v1.0.5
#10 26.45    Compiling serde_core v1.0.229
#10 26.45    Compiling memchr v2.8.3
#10 26.45    Compiling version_check v0.9.5
#10 26.45    Compiling typenum v1.20.1
#10 26.45    Compiling serde v1.0.229
#10 26.45    Compiling log v0.4.34
#10 26.45    Compiling pin-project-lite v0.2.17
#10 26.45    Compiling itoa v1.0.18
#10 26.45    Compiling subtle v2.6.1
#10 26.46    Compiling autocfg v1.5.1
#10 26.46    Compiling const-oid v0.9.6
#10 26.46    Compiling bytes v1.12.1
#10 26.46    Compiling libm v0.2.16
#10 26.53    Compiling smallvec v1.16.2
#10 26.55    Compiling futures-core v0.3.34
#10 26.58    Compiling scopeguard v1.2.0
#10 26.59    Compiling find-msvc-tools v0.1.14
#10 26.63    Compiling lock_api v0.4.14
#10 26.65    Compiling shlex v2.0.1
#10 26.66    Compiling once_cell v1.21.4
#10 26.67    Compiling futures-sink v0.3.34
#10 26.68    Compiling stable_deref_trait v1.2.1
#10 26.68    Compiling generic-array v0.14.9
#10 26.71    Compiling zmij v1.0.23
#10 26.71    Compiling serde_json v1.0.151
#10 26.71    Compiling percent-encoding v2.3.2
#10 26.74    Compiling futures-channel v0.3.34
#10 26.81    Compiling slab v0.4.12
#10 26.82    Compiling spin v0.9.9
#10 26.82    Compiling num-traits v0.2.19
#10 26.82    Compiling futures-io v0.3.34
#10 26.82    Compiling futures-task v0.3.34
#10 26.84    Compiling litemap v0.8.3
#10 26.86    Compiling writeable v0.6.4
#10 26.86    Compiling tracing-core v0.1.36
#10 26.89    Compiling crossbeam-utils v0.8.23
#10 26.90    Compiling icu_normalizer_data v2.3.0
#10 26.91    Compiling utf8_iter v1.0.4
#10 26.92    Compiling icu_properties_data v2.3.0
#10 26.92    Compiling form_urlencoded v1.2.2
#10 26.95    Compiling aho-corasick v1.1.5
#10 26.97    Compiling regex-syntax v0.8.11
#10 27.01    Compiling thiserror v2.0.21
#10 27.04    Compiling hashbrown v0.17.1
#10 27.06    Compiling rand_core v0.10.1
#10 27.06    Compiling zerocopy v0.8.59
#10 27.06    Compiling strsim v0.11.1
#10 27.07    Compiling getrandom v0.4.3
#10 27.12    Compiling iana-time-zone v0.1.65
#10 27.15    Compiling ident_case v1.0.1
#10 27.19    Compiling bitflags v2.13.2
#10 27.22    Compiling jobserver v0.1.35
#10 27.22    Compiling pkg-config v0.3.34
#10 27.24    Compiling equivalent v1.0.2
#10 27.25    Compiling syn v2.0.119
#10 27.26    Compiling syn v3.0.6
#10 27.27    Compiling getrandom v0.2.17
#10 27.27    Compiling errno v0.3.14
#10 27.29    Compiling mio v1.2.3
#10 27.35    Compiling signal-hook-registry v1.4.8
#10 27.35    Compiling cc v1.5.1
#10 27.36    Compiling socket2 v0.6.5
#10 27.37    Compiling rand_core v0.6.4
#10 27.38    Compiling cpufeatures v0.2.17
#10 27.44    Compiling chacha20 v0.10.2
#10 27.46    Compiling hybrid-array v0.4.15
#10 27.47    Compiling http v1.5.0
#10 27.50    Compiling base64ct v1.8.3
#10 27.58    Compiling rand v0.10.3
#10 27.59    Compiling num-conv v0.2.2
#10 27.63    Compiling time-core v0.1.9
#10 27.63    Compiling cmov v0.5.4
#10 27.71    Compiling powerfmt v0.2.0
#10 27.73    Compiling const-oid v0.10.2
#10 27.74    Compiling time-macros v0.2.32
#10 27.76    Compiling block-buffer v0.12.1
#10 27.78    Compiling crypto-common v0.2.2
#10 27.79    Compiling ctutils v0.4.2
#10 27.84    Compiling pem-rfc7468 v0.7.0
#10 27.88    Compiling deranged v0.5.8
#10 27.88    Compiling indexmap v2.14.2
#10 27.90    Compiling uuid v1.26.1
#10 27.95    Compiling fnv v1.0.7
#10 27.99    Compiling regex-automata v0.4.18
#10 28.02    Compiling parking_lot_core v0.9.12
#10 28.14    Compiling digest v0.11.3
#10 28.21    Compiling untrusted v0.9.0
#10 28.23    Compiling ring v0.17.14
#10 28.25    Compiling base64 v0.22.1
#10 28.27    Compiling lazy_static v1.5.0
#10 28.31    Compiling parking v2.2.1
#10 28.35    Compiling rust_decimal v1.43.0
#10 28.38    Compiling rustls v0.23.45
#10 28.41    Compiling event-listener v5.4.2
#10 28.45    Compiling heck v0.5.0
#10 28.46    Compiling siphasher v1.0.4
#10 28.46    Compiling arrayvec v0.7.8
#10 28.51    Compiling getrandom v0.3.4
#10 28.51    Compiling heck v0.4.1
#10 28.52    Compiling phf_shared v0.11.3
#10 28.53    Compiling parking_lot v0.12.5
#10 28.53    Compiling md-5 v0.11.0
#10 28.56    Compiling foldhash v0.2.0
#10 28.60    Compiling httparse v1.10.1
#10 28.62    Compiling allocator-api2 v0.2.21
#10 28.64    Compiling time v0.3.55
#10 28.66    Compiling rand v0.8.8
#10 28.66    Compiling crc-catalog v2.5.0
#10 28.67    Compiling crossbeam-epoch v0.9.21
#10 28.67    Compiling either v1.18.0
#10 28.69    Compiling rustversion v1.0.23
#10 28.77    Compiling vcpkg v0.2.15
#10 28.80    Compiling darling_core v0.20.11
#10 28.82    Compiling hashbrown v0.16.1
#10 28.83    Compiling synstructure v0.14.0
#10 28.89    Compiling phf_generator v0.11.3
#10 28.99    Compiling rand_core v0.9.5
#10 28.99    Compiling crc v3.4.0
#10 29.05    Compiling futures-intrusive v0.5.0
#10 29.06    Compiling zstd-sys v2.1.0+zstd.1.5.7
#10 29.10    Compiling http-body v1.1.0
#10 29.11    Compiling libsqlite3-sys v0.37.0
#10 29.11    Compiling crossbeam-queue v0.3.14
#10 29.12    Compiling same-file v1.0.6
#10 29.20    Compiling ppv-lite86 v0.2.21
#10 29.21    Compiling hashlink v0.11.1
#10 29.23    Compiling ryu v1.0.23
#10 29.24    Compiling mime v0.3.17
#10 29.28    Compiling tinyvec v1.13.3
#10 29.29    Compiling thiserror v1.0.69
#10 29.31    Compiling rand_chacha v0.3.1
#10 29.33    Compiling rand_chacha v0.9.0
#10 29.40    Compiling walkdir v2.5.0
#10 29.49    Compiling unicode-normalization v0.1.25
#10 29.63    Compiling phf_codegen v0.11.3
#10 29.68    Compiling phf v0.11.3
#10 29.69    Compiling hmac v0.13.0
#10 29.72    Compiling serde_derive v1.0.229
#10 29.74    Compiling zeroize_derive v1.5.0
#10 29.75    Compiling zerofrom-derive v0.1.8
#10 29.75    Compiling tokio-macros v2.7.2
#10 29.75    Compiling yoke-derive v0.8.3
#10 29.76    Compiling zerovec-derive v0.11.6
#10 29.77    Compiling displaydoc v0.2.7
#10 29.90    Compiling futures-macro v0.3.34
#10 30.09    Compiling thiserror-impl v2.0.21
#10 30.10    Compiling tracing-attributes v0.1.31
#10 30.13    Compiling zeroize v1.9.0
#10 30.19    Compiling darling_macro v0.20.11
#10 30.25    Compiling tokio v1.53.1
#10 30.31    Compiling rustls-pki-types v1.15.1
#10 30.38    Compiling futures-util v0.3.34
#10 30.48    Compiling der v0.7.10
#10 30.51    Compiling regex v1.13.1
#10 30.54    Compiling block-buffer v0.10.4
#10 30.55    Compiling crypto-common v0.1.6
#10 30.55    Compiling zerofrom v0.1.8
#10 30.59    Compiling digest v0.10.7
#10 30.59    Compiling yoke v0.8.3
#10 30.60    Compiling darling v0.20.11
#10 30.62    Compiling webpki-roots v1.0.9
#10 30.69    Compiling zerovec v0.11.8
#10 30.70    Compiling zerotrie v0.2.5
#10 30.70    Compiling sha2 v0.10.9
#10 30.73    Compiling hmac v0.12.1
#10 30.79    Compiling signature v2.2.0
#10 30.80    Compiling parse-zoneinfo v0.3.1
#10 30.81    Compiling tracing v0.1.44
#10 30.83    Compiling thiserror-impl v1.0.69
#10 30.86    Compiling num-integer v0.1.47
#10 30.87    Compiling atoi v2.0.0
#10 30.89    Compiling ff v0.13.1
#10 30.92    Compiling cpufeatures v0.3.1
#10 30.95    Compiling bstr v1.13.1
#10 30.96    Compiling base16ct v0.2.0
#10 30.99    Compiling tinystr v0.8.4
#10 31.03    Compiling potential_utf v0.1.6
#10 31.06    Compiling icu_locale_core v2.3.0
#10 31.08    Compiling icu_collections v2.3.0
#10 31.09    Compiling spki v0.7.3
#10 31.10    Compiling httpdate v1.0.3
#10 31.11    Compiling utf8parse v0.2.2
#10 31.13    Compiling unicode-properties v0.1.4
#10 31.20    Compiling pkcs8 v0.10.2
#10 31.22    Compiling unicode-bidi v0.3.18
#10 31.22    Compiling ucd-trie v0.1.7
#10 31.26    Compiling dotenvy v0.15.7
#10 31.30    Compiling tower-service v0.3.3
#10 31.33    Compiling crossbeam-deque v0.8.8
#10 31.34    Compiling pest v2.9.2
#10 31.36    Compiling sec1 v0.7.3
#10 31.44    Compiling stringprep v0.1.5
#10 31.44    Compiling globset v0.4.20
#10 31.50    Compiling anstyle-parse v1.0.0
#10 31.58    Compiling icu_provider v2.3.1
#10 31.58    Compiling chrono-tz-build v0.3.0
#10 31.58    Compiling sha2 v0.11.0
#10 31.75    Compiling icu_normalizer v2.3.0
#10 31.77    Compiling icu_properties v2.3.0
#10 31.81    Compiling chrono v0.4.45
#10 31.86    Compiling futures-executor v0.3.34
#10 31.91    Compiling group v0.13.0
#10 31.95    Compiling hkdf v0.12.4
#10 31.99    Compiling crypto-bigint v0.5.5
#10 32.00    Compiling encoding_rs v0.8.42
#10 32.03    Compiling hkdf v0.13.0
#10 32.08    Compiling rand v0.9.5
#10 32.10    Compiling flume v0.12.0
#10 32.11    Compiling proc-macro2-diagnostics v0.10.1
#10 32.20    Compiling anstyle-query v1.1.5
#10 32.24    Compiling idna_adapter v1.2.2
#10 32.30    Compiling whoami v2.1.3
#10 32.34    Compiling idna v1.1.0
#10 32.45    Compiling colorchoice v1.0.5
#10 32.51    Compiling anstyle v1.0.14
#10 32.51    Compiling hex v0.4.3
#10 32.51    Compiling base64 v0.23.1
#10 32.56    Compiling url v2.5.8
#10 32.63    Compiling byteorder v1.5.0
#10 32.64    Compiling alloc-no-stdlib v2.0.4
#10 32.64    Compiling semver v1.0.28
#10 32.65    Compiling signal-hook v0.4.4
#10 32.68    Compiling is_terminal_polyfill v1.70.2
#10 32.69    Compiling crc32fast v1.5.2
#10 32.72    Compiling zstd-safe v8.0.0
#10 32.74    Compiling anyhow v1.0.104
#10 32.75    Compiling tower-layer v0.3.3
#10 32.78    Compiling rustc_version v0.4.1
#10 32.79    Compiling anstream v1.0.0
#10 32.80    Compiling alloc-stdlib v0.2.4
#10 32.82    Compiling elliptic-curve v0.13.8
#10 32.85    Compiling sea-query-derive v1.0.0
#10 32.86    Compiling tokio-stream v0.1.19
#10 32.89    Compiling pest_meta v2.9.2
#10 32.90    Compiling chrono-tz v0.9.0
#10 33.03    Compiling sha1 v0.10.7
#10 33.03    Compiling http-body-util v0.1.5
#10 33.14    Compiling ordered-float v4.6.0
#10 33.16    Compiling multer v3.1.0
#10 33.22    Compiling sync_wrapper v1.0.2
#10 33.22    Compiling multiversion_no_op v1.0.0
#10 33.23    Compiling simd-adler32 v0.3.10
#10 33.24    Compiling atomic-waker v1.1.2
#10 33.27    Compiling rustix v1.1.5
#10 33.28    Compiling adler2 v2.0.1
#10 33.28    Compiling data-encoding v2.11.1
#10 33.29    Compiling yansi v1.0.1
#10 33.34    Compiling simdutf8 v0.1.5
#10 33.40    Compiling clap_lex v1.1.1
#10 33.41    Compiling jiff-core v0.1.1
#10 33.41    Compiling sea-query v1.0.2
#10 33.46    Compiling tungstenite v0.29.0
#10 33.47    Compiling clap_builder v4.6.7
#10 33.62    Compiling miniz_oxide v0.9.1
#10 33.63    Compiling hyper v1.11.1
#10 33.73    Compiling pest_generator v2.9.2
#10 33.78    Compiling ignore v0.4.33
#10 34.03    Compiling jiff v0.2.37
#10 34.06    Compiling curve25519-dalek v4.1.3
#10 34.11    Compiling brotli-decompressor v5.0.3
#10 34.38    Compiling futures v0.3.34
#10 34.41    Compiling quick-xml v0.41.0
#10 34.42    Compiling tracing-serde v0.2.0
#10 34.43    Compiling rfc6979 v0.4.0
#10 34.47    Compiling derive_builder_core v0.20.2
#10 34.48    Compiling matchers v0.2.0
#10 34.53    Compiling async-trait v0.1.92
#10 34.57    Compiling clap_derive v4.6.7
#10 34.73    Compiling darling_core v0.23.0
#10 34.89    Compiling sharded-slab v0.1.7
#10 35.14    Compiling asyncband v0.6.7
#10 35.44    Compiling rustls-webpki v0.103.15
#10 35.58    Compiling os_pipe v1.2.3
#10 35.63    Compiling tracing-log v0.2.0
#10 35.64    Compiling fs-err v2.11.0
#10 35.71    Compiling thread_local v1.1.10
#10 35.87    Compiling deunicode v1.6.2
#10 35.96    Compiling nu-ansi-term v0.50.3
#10 36.00    Compiling num-bigint-dig v0.8.6
#10 36.08    Compiling unicode-xid v0.2.6
#10 36.17    Compiling glob v0.3.4
#10 36.31    Compiling inotify-sys v0.1.8
#10 36.37    Compiling fastrand v2.5.0
#10 36.44    Compiling unicase v2.9.0
#10 36.44    Compiling linux-raw-sys v0.12.1
#10 36.52    Compiling unsafe-libyaml v0.2.11
#10 36.62    Compiling pluralizer v0.5.0
#10 36.79    Compiling mime_guess v2.0.5
#10 36.80    Compiling itertools v0.14.0
#10 36.82    Compiling darling_macro v0.23.0
#10 36.89    Compiling derive_more-impl v2.1.1
#10 36.90    Compiling tracing-subscriber v0.3.23
#10 36.95    Compiling slug v0.1.6
#10 37.14    Compiling opendal-core v0.58.2
#10 37.18    Compiling clap v4.6.7
#10 37.21    Compiling sigchld v0.2.5
#10 37.26    Compiling derive_builder_macro v0.20.2
#10 37.27    Compiling brotli v8.0.4
#10 37.27    Compiling ecdsa v0.16.9
#10 37.51    Compiling globwalk v0.9.1
#10 37.53    Compiling flate2 v1.1.10
#10 37.65    Compiling hyper-util v0.1.21
#10 37.85    Compiling pest_derive v2.9.2
#10 37.92    Compiling tokio-tungstenite v0.29.0
#10 37.96    Compiling ouroboros_macro v0.18.5
#10 37.97    Compiling axum-core v0.5.6
#10 37.97    Compiling tower v0.5.3
#10 38.05    Compiling primeorder v0.13.6
#10 38.11    Compiling serde_urlencoded v0.7.1
#10 38.19    Compiling num-iter v0.1.46
#10 38.23    Compiling axum-macros v0.5.1
#10 38.23    Compiling strum_macros v0.27.2
#10 38.25    Compiling sea-schema-derive v0.3.0
#10 38.25    Compiling sea-bae v0.2.2
#10 38.55    Compiling sqlx-core v0.9.0
#10 38.56    Compiling async-stream-impl v0.3.6
#10 38.60    Compiling phf_shared v0.12.1
#10 38.66    Compiling serde_path_to_error v0.1.20
#10 38.81    Compiling proc-macro-error-attr3 v3.1.1
#10 38.87    Compiling humansize v2.1.3
#10 38.93    Compiling cookie v0.18.2
#10 38.93    Compiling nonempty v0.7.0
#10 38.94    Compiling compression-core v0.4.33
#10 38.99    Compiling portable-atomic v1.15.0
#10 39.00    Compiling chrono-tz v0.10.4
#10 39.01    Compiling winnow v1.0.4
#10 39.02    Compiling matchit v0.8.4
#10 39.08    Compiling static_assertions v1.1.0
#10 39.11    Compiling unicode-segmentation v1.13.3
#10 39.27    Compiling aliasable v0.1.3
#10 39.30    Compiling toml_parser v1.1.3+spec-1.1.0
#10 39.30    Compiling axum v0.8.9
#10 39.32    Compiling tera v1.20.1
#10 39.36    Compiling ouroboros v0.18.5
#10 39.40    Compiling forwarded-header-value v0.1.1
#10 39.40    Compiling proc-macro-error3 v3.1.1
#10 39.46    Compiling async-stream v0.3.6
#10 39.50    Compiling phf v0.12.1
#10 39.51    Compiling sea-orm-macros v2.0.4
#10 39.52    Compiling strum v0.27.2
#10 39.56    Compiling derive_more v2.1.1
#10 39.63    Compiling derive_builder v0.20.2
#10 39.67    Compiling xattr v1.6.1
#10 39.73    Compiling shared_child v1.1.2
#10 39.98    Compiling darling v0.23.0
#10 40.03    Compiling serde_yaml v0.9.34+deprecated
#10 40.09    Compiling sqlx-postgres v0.9.0
#10 40.14    Compiling backon v1.6.0
#10 40.29    Compiling serde_spanned v0.6.9
#10 40.30    Compiling toml_datetime v0.6.11
#10 40.37    Compiling serde_regex v1.2.0
#10 40.50    Compiling pkcs1 v0.7.5
#10 40.51    Compiling ed25519 v2.2.3
#10 40.70    Compiling cruet v0.13.3
#10 40.91    Compiling derive-where v1.7.0
#10 41.05    Compiling event-listener-strategy v0.5.4
#10 41.10    Compiling toml_datetime v1.1.1+spec-1.1.0
#10 41.30    Compiling serde_spanned v1.1.1
#10 41.35    Compiling crossbeam-channel v0.5.17
#10 41.36    Compiling include_dir_macros v0.7.4
#10 41.50    Compiling shared_thread v0.2.1
#10 41.52    Compiling strum v0.28.0
#10 41.58    Compiling tokio-cron-scheduler v0.15.1
#10 41.68    Compiling indoc v2.0.7
#10 41.69    Compiling toml_write v0.1.2
#10 41.72    Compiling winnow v0.7.15
#10 41.74    Compiling toml_writer v1.1.2+spec-1.1.0
#10 41.83    Compiling toml v1.1.6+spec-1.1.0
#10 41.85    Compiling rrgen v0.6.0
#10 41.88    Compiling include_dir v0.7.4
#10 41.88    Compiling duct v1.1.2
#10 41.92    Compiling async-lock v3.4.2
#10 41.95    Compiling sea-orm-cli v2.0.4
#10 41.96    Compiling rsa v0.9.10
#10 42.11    Compiling ed25519-dalek v2.2.0
#10 42.40    Compiling opendal-layer-retry v0.58.2
#10 42.46    Compiling inotify v0.11.5
#10 42.49    Compiling validator_derive v0.20.1
#10 42.51    Compiling opendal-service-fs v0.58.2
#10 42.64    Compiling croner v3.0.1
#10 42.82    Compiling client-ip v0.2.1
#10 43.06    Compiling toml_edit v0.22.27
#10 43.30    Compiling tokio-rustls v0.26.5
#10 43.44    Compiling p384 v0.13.1
#10 43.53    Compiling p256 v0.13.2
#10 43.63    Compiling tokio-util v0.7.19
#10 43.98    Compiling email-encoding v0.4.2
#10 44.04    Compiling cruet v1.0.0
#10 44.10    Compiling blake2 v0.10.6
#10 44.17    Compiling num-derive v0.4.2
#10 44.29    Compiling colored v2.2.0
#10 44.38    Compiling password-hash v0.5.0
#10 44.42    Compiling notify-types v2.1.0
#10 44.63    Compiling hostname v0.4.2
#10 44.64    Compiling nom v8.0.0
#10 44.68    Compiling http-range-header v0.4.2
#10 44.69    Compiling btparse-stable v0.1.2
#10 44.70    Compiling email_address v0.2.9
#10 44.72    Compiling utf8-width v0.1.9
#10 44.79    Compiling loco-rs v1.2.0
#10 44.88    Compiling quoted_printable v0.5.2
#10 44.93    Compiling colored v3.1.1
#10 44.95    Compiling tagptr v0.2.0
#10 44.95    Compiling symlink v0.1.0
#10 44.96    Compiling hashbrown v0.14.5
#10 44.98    Compiling tracing-appender v0.2.5
#10 44.99    Compiling moka v0.12.16
#10 45.07    Compiling loco-gen v1.2.0
#10 45.09    Compiling byte-unit v5.2.6
#10 45.21    Compiling backtrace_printer v1.3.0
#10 45.27    Compiling notify v8.2.0
#10 45.33    Compiling dashmap v6.2.1
#10 45.35    Compiling argon2 v0.5.3
#10 45.42    Compiling cargo-lock v11.1.0
#10 45.47    Compiling toml v0.8.23
#10 45.72    Compiling jsonwebtoken v10.4.0
#10 45.73    Compiling validator v0.20.0
#10 46.00    Compiling axum-extra v0.10.3
#10 46.03    Compiling opendal v0.58.2
#10 46.08    Compiling axum-client-ip v1.3.1
#10 46.20    Compiling serde_yaml_ng v0.10.0
#10 46.62    Compiling lettre v0.11.23
#10 46.81    Compiling ulid v1.2.1
#10 46.83    Compiling serde_variant v0.1.3
#10 46.89    Compiling tera v2.4.0
#10 47.06    Compiling num-bigint v0.4.8
#10 47.12    Compiling english-to-cron v0.1.7
#10 47.19    Compiling termcolor v1.4.1
#10 47.28    Compiling pem v3.0.6
#10 47.36    Compiling ts-rs-macros v12.0.1
#10 47.76    Compiling simple_asn1 v0.6.4
#10 48.17    Compiling jsonwebtoken v9.3.1
#10 48.43    Compiling ts-rs v12.0.1
#10 51.71    Compiling zstd v0.14.0
#10 51.79    Compiling compression-codecs v0.4.43
#10 51.89    Compiling async-compression v0.4.48
#10 52.04    Compiling tower-http v0.6.11
#10 61.15    Compiling sqlx-sqlite v0.9.0
#10 61.77    Compiling sqlx v0.9.0
#10 61.78    Compiling sea-query-sqlx v0.9.1
#10 61.93    Compiling sea-schema v0.18.1
#10 62.73    Compiling sea-orm v2.0.4
#10 68.09    Compiling sea-orm-migration v2.0.4
#10 74.70    Compiling migration v0.1.0 (/app/migration)
#10 74.98    Compiling conduit v0.1.0 (/app)
#10 87.24     Finished `release` profile [optimized] target(s) in 1m 27s
#10 DONE 87.5s

#11 [stage-1 2/5] RUN apt-get update && apt-get install -y --no-install-recommends ca-certificates && rm -rf /var/lib/apt/lists/*
#11 CACHED

#12 [stage-1 3/5] WORKDIR /app
#12 CACHED

#13 [stage-1 4/5] COPY --from=build /app/target/release/conduit-cli /app/conduit-cli
#13 DONE 0.1s

#14 [stage-1 5/5] COPY --from=build /app/config /app/config
#14 DONE 0.1s

#15 exporting to image
#15 exporting layers 0.1s done
#15 writing image sha256:e837b563c1b45822dd9f068a889de7dbdce8658e101037d36e321bf82ac5277a done
#15 naming to docker.io/library/agentmvc-one-shot-shine-loco-query-89733:latest done
#15 DONE 0.1s
Success api/hurl/articles.hurl (17 request(s) in 77 ms)
Success api/hurl/auth.hurl (20 request(s) in 63 ms)
Success api/hurl/comments.hurl (13 request(s) in 35 ms)
Success api/hurl/errors_articles.hurl (20 request(s) in 25 ms)
Success api/hurl/errors_auth.hurl (20 request(s) in 61 ms)
Success api/hurl/errors_authorization.hurl (9 request(s) in 38 ms)
Success api/hurl/errors_comments.hurl (10 request(s) in 24 ms)
Success api/hurl/errors_profiles.hurl (6 request(s) in 20 ms)
Success api/hurl/favorites.hurl (9 request(s) in 25 ms)
Success api/hurl/feed.hurl (12 request(s) in 39 ms)
Success api/hurl/pagination.hurl (7 request(s) in 23 ms)
Success api/hurl/profiles.hurl (7 request(s) in 33 ms)
Success api/hurl/tags.hurl (4 request(s) in 18 ms)
Success features/drafts/hurl/drafts.hurl (23 request(s) in 50 ms)
Success features/drafts/hurl/errors_drafts.hurl (24 request(s) in 33 ms)
Success features/exports/hurl/exports.hurl (18 request(s) in 302 ms)
Success features/live-editing/hurl/live-editing.hurl (18 request(s) in 41 ms)
--------------------------------------------------------------------------------
Executed files:    17
Executed requests: 237 (253.7/s)
Succeeded files:   17 (100.0%)
Failed files:      0 (0.0%)
Duration:          934 ms (0h:0m:0s:934ms)

PASS live protocol: authorization, presence, updates, conflict, reconnect, revocation

Running 4 tests using 1 worker

  ✓  1 tests/editor.spec.js:7:1 › three independent browsers share edits and presence without losing a dirty draft (628ms)
  ✓  2 tests/editor.spec.js:42:1 › the 101st editor sees Room full and can retry after a slot opens (258ms)
  ✓  3 tests/editor.spec.js:70:1 › revoking the link ends access to the editor (82ms)
  ✓  4 tests/editor.spec.js:84:1 › a delayed save response preserves newer typing and socket state (294ms)

  4 passed (1.6s)
Success s01_jwt_alg_none.hurl (1 request(s) in 0 ms)
Success s02_jwt_signature_stripped.hurl (3 request(s) in 16 ms)
Success s03_jwt_garbage.hurl (2 request(s) in 0 ms)
Success s04_mass_assignment_user.hurl (2 request(s) in 21 ms)
Success s05_mass_assignment_article.hurl (2 request(s) in 22 ms)
Success s06_injection_filters.hurl (4 request(s) in 10 ms)
Success s07_malformed_json.hurl (1 request(s) in 0 ms)
Success s08_wrong_types.hurl (8 request(s) in 20 ms)
Success s09_oversized_body.hurl (2 request(s) in 20 ms)
Success s10_unknown_route.hurl (1 request(s) in 0 ms)
Success s11_login_enumeration.hurl (3 request(s) in 36 ms)
Success s12_nosniff_header.hurl (1 request(s) in 2 ms)
Success s13_login_rate_limit.hurl (22 request(s) in 257 ms)
--------------------------------------------------------------------------------
Executed files:    13
Executed requests: 52 (124.4/s)
Succeeded files:   13 (100.0%)
Failed files:      0 (0.0%)
Duration:          418 ms (0h:0m:0s:418ms)

