The image agentmvc-ihp-nix-build:latest already exists, renaming the old one with ID sha256:f9c7a9cd8e6fac6355f58828c3be324ee3a1204029be9a901baa73ec0c5deef3 to empty string
Loaded image: agentmvc-ihp-nix-build:latest
PASS live protocol: authorization, presence, updates, conflict, reconnect, revocation

Running 4 tests using 1 worker

  ✓  1 tests/editor.spec.js:7:1 › three independent browsers share edits and presence without losing a dirty draft (723ms)
  ✓  2 tests/editor.spec.js:42:1 › the 101st editor sees Room full and can retry after a slot opens (543ms)
  ✓  3 tests/editor.spec.js:70:1 › revoking the link ends access to the editor (173ms)
  ✓  4 tests/editor.spec.js:84:1 › a delayed save response preserves newer typing and socket state (313ms)

  4 passed (2.4s)
these 5 derivations will be built:
  /nix/store/d84fz03vp3bdb69q8kxy7zi8ivg0hg9b-agentmvc-start.drv
  /nix/store/1fa23yllwi4bqwvlb4x0lsmyqwvpjsaa-agentmvc-ihp-nix-build-config.json.drv
  /nix/store/zqvwv7qxl1yijhrbizffwsdgxa5yxx3x-docker-layer-agentmvc-ihp-nix-build.drv
  /nix/store/czazc2j7lcrwvripbizw8xcp30f7jqxw-runtime-deps.drv
  /nix/store/q11p3arb3nkc2lcscs8xbr42mhdwbg9r-docker-image-agentmvc-ihp-nix-build.tar.gz.drv
building '/nix/store/d84fz03vp3bdb69q8kxy7zi8ivg0hg9b-agentmvc-start.drv'...
building '/nix/store/1fa23yllwi4bqwvlb4x0lsmyqwvpjsaa-agentmvc-ihp-nix-build-config.json.drv'...
building '/nix/store/zqvwv7qxl1yijhrbizffwsdgxa5yxx3x-docker-layer-agentmvc-ihp-nix-build.drv'...
building '/nix/store/czazc2j7lcrwvripbizw8xcp30f7jqxw-runtime-deps.drv'...
building '/nix/store/q11p3arb3nkc2lcscs8xbr42mhdwbg9r-docker-image-agentmvc-ihp-nix-build.tar.gz.drv'...
#0 building with "orbstack" instance using docker driver

#1 [internal] load build definition from Dockerfile
#1 transferring dockerfile: 156B done
#1 DONE 0.0s

#2 [internal] load metadata for docker.io/library/agentmvc-ihp-nix-build:latest
#2 DONE 0.0s

#3 [internal] load .dockerignore
#3 transferring context: 43B done
#3 DONE 0.0s

#4 [1/1] FROM docker.io/library/agentmvc-ihp-nix-build:latest
#4 DONE 0.0s

#5 exporting to image
#5 exporting layers done
#5 writing image sha256:ec52499a143e496195f4aec686346abbcdaaa63980ed29f5fc66535dbdf426dd done
#5 naming to docker.io/library/agentmvc-one-shot-ihp-12283:latest 0.0s done
#5 DONE 0.1s
Success api/hurl/articles.hurl (17 request(s) in 118 ms)
Success api/hurl/auth.hurl (20 request(s) in 166 ms)
Success api/hurl/comments.hurl (13 request(s) in 88 ms)
Success api/hurl/errors_articles.hurl (20 request(s) in 76 ms)
Success api/hurl/errors_auth.hurl (20 request(s) in 278 ms)
Success api/hurl/errors_authorization.hurl (9 request(s) in 138 ms)
Success api/hurl/errors_comments.hurl (10 request(s) in 75 ms)
Success api/hurl/errors_profiles.hurl (6 request(s) in 69 ms)
Success api/hurl/favorites.hurl (9 request(s) in 78 ms)
Success api/hurl/feed.hurl (12 request(s) in 146 ms)
Success api/hurl/pagination.hurl (7 request(s) in 73 ms)
Success api/hurl/profiles.hurl (7 request(s) in 136 ms)
Success api/hurl/tags.hurl (4 request(s) in 74 ms)
Success features/drafts/hurl/drafts.hurl (23 request(s) in 156 ms)
Success features/drafts/hurl/errors_drafts.hurl (24 request(s) in 156 ms)
Success features/exports/hurl/exports.hurl (18 request(s) in 410 ms)
Success features/live-editing/hurl/live-editing.hurl (18 request(s) in 145 ms)
--------------------------------------------------------------------------------
Executed files:    17
Executed requests: 237 (98.4/s)
Succeeded files:   17 (100.0%)
Failed files:      0 (0.0%)
Duration:          2409 ms (0h:0m:2s:409ms)

Success s01_jwt_alg_none.hurl (1 request(s) in 0 ms)
Success s02_jwt_signature_stripped.hurl (3 request(s) in 80 ms)
Success s03_jwt_garbage.hurl (2 request(s) in 0 ms)
Success s04_mass_assignment_user.hurl (2 request(s) in 78 ms)
Success s05_mass_assignment_article.hurl (2 request(s) in 86 ms)
Success s06_injection_filters.hurl (4 request(s) in 8 ms)
Success s07_malformed_json.hurl (1 request(s) in 0 ms)
Success s08_wrong_types.hurl (8 request(s) in 75 ms)
Success s09_oversized_body.hurl (2 request(s) in 74 ms)
Success s10_unknown_route.hurl (1 request(s) in 0 ms)
Success s11_login_enumeration.hurl (3 request(s) in 142 ms)
Success s12_nosniff_header.hurl (1 request(s) in 0 ms)
Success s13_login_rate_limit.hurl (22 request(s) in 1611 ms)
--------------------------------------------------------------------------------
Executed files:    13
Executed requests: 52 (24.0/s)
Succeeded files:   13 (100.0%)
Failed files:      0 (0.0%)
Duration:          2169 ms (0h:0m:2s:169ms)

