#0 building with "orbstack" instance using docker driver

#1 [internal] load build definition from Dockerfile
#1 transferring dockerfile: 659B done
#1 DONE 0.0s

#2 [internal] load metadata for docker.io/library/elixir:1.18.4-otp-27
#2 DONE 0.0s

#3 [internal] load metadata for docker.io/library/debian:bookworm-slim
#3 DONE 2.1s

#4 [internal] load .dockerignore
#4 transferring context: 112B done
#4 DONE 0.0s

#5 [build 1/9] FROM docker.io/library/elixir:1.18.4-otp-27
#5 DONE 0.0s

#6 [stage-1 1/4] FROM docker.io/library/debian:bookworm-slim@sha256:3783cc01769c7b2b1b83a5c5ad96c815348e28ed7da68e2e3687004faa906251
#6 DONE 0.0s

#7 [internal] load build context
#7 transferring context: 1.88kB done
#7 DONE 0.0s

#8 [build 4/9] COPY mix.exs mix.lock ./
#8 CACHED

#9 [build 7/9] COPY lib lib
#9 CACHED

#10 [build 2/9] WORKDIR /app
#10 CACHED

#11 [build 6/9] COPY config config
#11 CACHED

#12 [build 9/9] RUN mix compile && mix release
#12 CACHED

#13 [stage-1 2/4] RUN apt-get update && apt-get install -y --no-install-recommends     ca-certificates libssl3 libstdc++6 libncurses6 &&     rm -rf /var/lib/apt/lists/*
#13 CACHED

#14 [stage-1 3/4] WORKDIR /app
#14 CACHED

#15 [build 5/9] RUN mix deps.get --only prod
#15 CACHED

#16 [build 3/9] RUN mix local.hex --force && mix local.rebar --force
#16 CACHED

#17 [build 8/9] COPY priv priv
#17 CACHED

#18 [stage-1 4/4] COPY --from=build /app/_build/prod/rel/conduit /app
#18 CACHED

#19 exporting to image
#19 exporting layers done
#19 writing image sha256:8e65c0fa3d688b20093034eced7b26cdc3d1547a024930e906478335adcd4466 done
#19 naming to docker.io/library/agentmvc-one-shot-phoenix-11481:latest done
#19 DONE 0.0s
docker: Error response from daemon: failed to set up container networking: driver failed programming external connectivity on endpoint agentmvc-one-shot-phoenix-11481-app (a4ff986a5dde2e9d91080b62277e4b6e1b32b0d570ddbbdf99b5eb260acfe2fc): failed to bind host port 127.0.0.1:4102/tcp: address already in use

Run 'docker run --help' for more information
