#0 building with "orbstack" instance using docker driver

#1 [internal] load build definition from Dockerfile
#1 transferring dockerfile: 659B done
#1 DONE 0.0s

#2 [internal] load metadata for docker.io/library/elixir:1.18.4-otp-27
#2 DONE 0.0s

#3 [internal] load metadata for docker.io/library/debian:bookworm-slim
#3 DONE 0.4s

#4 [internal] load .dockerignore
#4 transferring context: 112B done
#4 DONE 0.0s

#5 [build 1/9] FROM docker.io/library/elixir:1.18.4-otp-27
#5 DONE 0.0s

#6 [stage-1 1/4] FROM docker.io/library/debian:bookworm-slim@sha256:3783cc01769c7b2b1b83a5c5ad96c815348e28ed7da68e2e3687004faa906251
#6 DONE 0.0s

#7 [internal] load build context
#7 transferring context: 1.88kB done
#7 DONE 0.0s

#8 [stage-1 3/4] WORKDIR /app
#8 CACHED

#9 [build 2/9] WORKDIR /app
#9 CACHED

#10 [build 7/9] COPY lib lib
#10 CACHED

#11 [build 8/9] COPY priv priv
#11 CACHED

#12 [build 4/9] COPY mix.exs mix.lock ./
#12 CACHED

#13 [build 6/9] COPY config config
#13 CACHED

#14 [build 3/9] RUN mix local.hex --force && mix local.rebar --force
#14 CACHED

#15 [stage-1 2/4] RUN apt-get update && apt-get install -y --no-install-recommends     ca-certificates libssl3 libstdc++6 libncurses6 &&     rm -rf /var/lib/apt/lists/*
#15 CACHED

#16 [build 5/9] RUN mix deps.get --only prod
#16 CACHED

#17 [build 9/9] RUN mix compile && mix release
#17 CACHED

#18 [stage-1 4/4] COPY --from=build /app/_build/prod/rel/conduit /app
#18 CACHED

#19 exporting to image
#19 exporting layers done
#19 writing image sha256:8e65c0fa3d688b20093034eced7b26cdc3d1547a024930e906478335adcd4466 done
#19 naming to docker.io/library/agentmvc-one-shot-phoenix-11652:latest done
#19 DONE 0.0s
Success api/hurl/articles.hurl (17 request(s) in 86 ms)
Success api/hurl/auth.hurl (20 request(s) in 57 ms)
Success api/hurl/comments.hurl (13 request(s) in 41 ms)
Success api/hurl/errors_articles.hurl (20 request(s) in 36 ms)
Success api/hurl/errors_auth.hurl (20 request(s) in 126 ms)
Success api/hurl/errors_authorization.hurl (9 request(s) in 45 ms)
Success api/hurl/errors_comments.hurl (10 request(s) in 28 ms)
Success api/hurl/errors_profiles.hurl (6 request(s) in 18 ms)
Success api/hurl/favorites.hurl (9 request(s) in 41 ms)
Success api/hurl/feed.hurl (12 request(s) in 57 ms)
Success api/hurl/pagination.hurl (7 request(s) in 31 ms)
Success api/hurl/profiles.hurl (7 request(s) in 42 ms)
Success api/hurl/tags.hurl (4 request(s) in 25 ms)
Success features/drafts/hurl/drafts.hurl (23 request(s) in 75 ms)
Success features/drafts/hurl/errors_drafts.hurl (24 request(s) in 53 ms)
Success features/exports/hurl/exports.hurl (18 request(s) in 333 ms)
Success features/live-editing/hurl/live-editing.hurl (18 request(s) in 56 ms)
--------------------------------------------------------------------------------
Executed files:    17
Executed requests: 237 (201.5/s)
Succeeded files:   17 (100.0%)
Failed files:      0 (0.0%)
Duration:          1176 ms (0h:0m:1s:176ms)

PASS live protocol: authorization, presence, updates, conflict, reconnect, revocation

Running 4 tests using 1 worker

  ✓  1 tests/editor.spec.js:7:1 › three independent browsers share edits and presence without losing a dirty draft (518ms)
  ✓  2 tests/editor.spec.js:42:1 › the 101st editor sees Room full and can retry after a slot opens (323ms)
  ✓  3 tests/editor.spec.js:70:1 › revoking the link ends access to the editor (112ms)
  ✓  4 tests/editor.spec.js:84:1 › a delayed save response preserves newer typing and socket state (240ms)

  4 passed (1.7s)
Success s01_jwt_alg_none.hurl (1 request(s) in 2 ms)
Success s02_jwt_signature_stripped.hurl (3 request(s) in 27 ms)
Success s03_jwt_garbage.hurl (2 request(s) in 1 ms)
Success s04_mass_assignment_user.hurl (2 request(s) in 18 ms)
Success s05_mass_assignment_article.hurl (2 request(s) in 26 ms)
Success s06_injection_filters.hurl (4 request(s) in 6 ms)
Success s07_malformed_json.hurl (1 request(s) in 0 ms)
Success s08_wrong_types.hurl (8 request(s) in 25 ms)
Success s09_oversized_body.hurl (2 request(s) in 37 ms)
Success s10_unknown_route.hurl (1 request(s) in 0 ms)
Success s11_login_enumeration.hurl (3 request(s) in 32 ms)
Success s12_nosniff_header.hurl (1 request(s) in 1 ms)
Success s13_login_rate_limit.hurl (22 request(s) in 326 ms)
--------------------------------------------------------------------------------
Executed files:    13
Executed requests: 52 (100.6/s)
Succeeded files:   13 (100.0%)
Failed files:      0 (0.0%)
Duration:          517 ms (0h:0m:0s:517ms)

