Diagnostic ablation 00; accepted source and package are unchanged.
#0 building with "orbstack" instance using docker driver

#1 [internal] load build definition from Dockerfile
#1 transferring dockerfile: 2.73kB done
#1 DONE 0.0s

#2 resolve image config for docker-image://docker.io/docker/dockerfile:1
#2 DONE 2.0s

#3 docker-image://docker.io/docker/dockerfile:1@sha256:4edf897a3ffa55b89f906fc8cc78afdb3f1834cc9c7083565e611a8a7d5fe99e
#3 CACHED

#4 [internal] load metadata for docker.io/library/rust:1.98.1-trixie@sha256:a8a5f0a1e5fe7dfe1d352591e4a1c7dd2c08fd70475cae872cf3458ba0df0546
#4 DONE 0.0s

#5 [internal] load metadata for docker.io/library/ruby:4.0.7-slim-trixie
#5 DONE 1.2s

#6 [internal] load .dockerignore
#6 transferring context: 2B done
#6 DONE 0.0s

#7 [builder  1/11] FROM docker.io/library/rust:1.98.1-trixie@sha256:a8a5f0a1e5fe7dfe1d352591e4a1c7dd2c08fd70475cae872cf3458ba0df0546
#7 DONE 0.0s

#8 [ruby407 1/1] FROM docker.io/library/ruby:4.0.7-slim-trixie@sha256:ba6a00593739f9cb66de80ad2e395a93a52a13635867ee32918ba0ec083b1ff6
#8 resolve docker.io/library/ruby:4.0.7-slim-trixie@sha256:ba6a00593739f9cb66de80ad2e395a93a52a13635867ee32918ba0ec083b1ff6 0.0s done
#8 DONE 0.0s

#9 [internal] load build context
#9 transferring context: 1.72MB 0.3s done
#9 DONE 0.3s

#10 [builder  3/11] COPY --from=ruby407 /usr/local/ /usr/local/
#10 CACHED

#11 [builder  4/11] RUN ruby --version
#11 CACHED

#12 [builder  5/11] COPY vendor/spinel /src/spinel
#12 CACHED

#13 [builder  6/11] WORKDIR /src/spinel
#13 CACHED

#14 [builder  2/11] RUN apt-get update && apt-get install -y --no-install-recommends     clang make git pkg-config libsqlite3-dev sqlite3 libjemalloc-dev     libpq-dev postgresql-client curl ca-certificates libssl-dev libcrypt-dev     libyaml-0-2 libgmp10 file time && rm -rf /var/lib/apt/lists/*
#14 CACHED

#15 [builder  7/11] RUN make deps -j8 && make -j8 CC=clang && make install -j8 CC=clang
#15 CACHED

#16 [builder  8/11] COPY vendor/roundhouse /src/roundhouse
#16 DONE 0.3s

#17 [builder  9/11] WORKDIR /src/roundhouse
#17 DONE 0.0s

#18 [builder 10/11] RUN --mount=type=cache,id=v8b-cargo-registry,target=/usr/local/cargo/registry     --mount=type=cache,id=v8b-cargo-git,target=/usr/local/cargo/git     --mount=type=cache,id=v8b-cargo-target,target=/src/roundhouse/target     ROUNDHOUSE_COMMIT=$(echo ea4d3e682c86d817b2617b5862ed9a14d634f7eb | cut -c1-8) cargo build --locked --release --bin roundhouse -j8     && install -m755 target/release/roundhouse /usr/local/bin/roundhouse
#18 0.161 info: syncing channel updates for 1.98.1-aarch64-unknown-linux-gnu
#18 1.280 info: latest update on 2026-09-03 for version 1.98.1 (48a229cea 2026-09-01)
#18 1.285 info: downloading 2 components
#18 2.920    Compiling roundhouse v2026.9.18 (/src/roundhouse)
#18 41.63     Finished `release` profile [optimized] target(s) in 38.78s
#18 DONE 41.8s

#19 [builder 11/11] RUN roundhouse --version && spinel --version && spin --version
#19 0.117 roundhouse 2026.9.18 (ea4d3e68)
#19 0.128 spinel 2026.09.12+7503 (f85f04b3a) [gcc 14.2.0 (cc)]
#19 0.132 spin 2026.09.12+7503 (f85f04b3a) [gcc 14.2.0 (cc)]
#19 DONE 0.2s

#20 [stage-2 5/9] COPY --from=builder /usr/local/lib/spinel /usr/local/lib/spinel
#20 CACHED

#21 [stage-2 6/9] COPY --from=builder /usr/local/bin/roundhouse /usr/local/bin/roundhouse
#21 DONE 0.0s

#22 [stage-2 7/9] COPY patches /usr/local/share/roundhouse-patches
#22 DONE 0.1s

#23 [stage-2 8/9] RUN ln -s /usr/local/lib/spinel/spinel /usr/local/bin/spinel     && ln -s /usr/local/lib/spinel/spin /usr/local/bin/spin
#23 DONE 0.1s

#24 [stage-2 9/9] WORKDIR /work
#24 DONE 0.1s

#25 exporting to image
#25 exporting layers 0.1s done
#25 writing image sha256:a4c96a682f66b2df2bd26fa53fdbf3ad667f55492b02b40633fdfc1af47572a0 done
#25 naming to docker.io/library/conduit-v8b-toolchain:no00-1ffdf521 done
#25 DONE 0.1s
gate inputs: 72 files, sha256 a8999f01c936cc37fe182c314c7a9a602b62611c1a15dc8338e7853d30831710 (matches the published workspace)
workspace: /work/app/build/ablations/no00/gate/conduit-v8b-ws-compiled
#0 building with "orbstack" instance using docker driver

#1 [internal] load build definition from Dockerfile
#1 transferring dockerfile: 2.12kB done
#1 DONE 0.0s

#2 resolve image config for docker-image://docker.io/docker/dockerfile:1
#2 DONE 1.0s

#3 docker-image://docker.io/docker/dockerfile:1@sha256:4edf897a3ffa55b89f906fc8cc78afdb3f1834cc9c7083565e611a8a7d5fe99e
#3 CACHED

#4 [internal] load metadata for docker.io/library/conduit-v8b-toolchain:no00-1ffdf521
#4 DONE 0.0s

#5 [internal] load metadata for docker.io/library/debian:trixie-slim@sha256:020c0d20b9880058cbe785a9db107156c3c75c2ac944a6aa7ab59f2add76a7bd
#5 DONE 0.0s

#6 [internal] load .dockerignore
#6 transferring context: 210B done
#6 DONE 0.0s

#7 [runtime 1/4] FROM docker.io/library/debian:trixie-slim@sha256:020c0d20b9880058cbe785a9db107156c3c75c2ac944a6aa7ab59f2add76a7bd
#7 DONE 0.0s

#8 [internal] load build context
#8 transferring context: 5.52kB done
#8 DONE 0.0s

#9 [toolchain 1/2] FROM docker.io/library/conduit-v8b-toolchain:no00-1ffdf521
#9 DONE 0.1s

#10 [toolchain 2/2] RUN echo '1ffdf5219ecbd87a16b03fea9d5ff9770de6fc1e86d4be6ff184a4989c2e9a6c  /usr/local/share/roundhouse-patches/SHA256SUMS' | sha256sum -c -
#10 0.118 /usr/local/share/roundhouse-patches/SHA256SUMS: OK
#10 DONE 0.2s

#11 [build 1/5] WORKDIR /src/app
#11 DONE 0.1s

#12 [build 2/5] COPY . .
#12 DONE 0.1s

#13 [build 3/5] RUN ulimit -v 12582912; /usr/bin/time -f "analysis peak_rss_kib=%M exit=%x" roundhouse check /src/app && /usr/bin/time -f "emission peak_rss_kib=%M exit=%x" roundhouse --target spinel -o /build /src/app
#13 0.141 roundhouse-check: ingest failed: unsupported construct in /src/app/db/schema.rb: column dropped: good_job_executions.duration has unsupported type `interval`
#13 0.141 roundhouse-check: hint: re-run with --continue to record unsupported constructs as a punch list and keep going
#13 0.142 Command exited with non-zero status 2
#13 0.142 analysis peak_rss_kib=7716 exit=2
#13 ERROR: process "/bin/sh -c ulimit -v 12582912; /usr/bin/time -f \"analysis peak_rss_kib=%M exit=%x\" roundhouse check /src/app && /usr/bin/time -f \"emission peak_rss_kib=%M exit=%x\" roundhouse --target spinel -o /build /src/app" did not complete successfully: exit code: 2
------
 > [build 3/5] RUN ulimit -v 12582912; /usr/bin/time -f "analysis peak_rss_kib=%M exit=%x" roundhouse check /src/app && /usr/bin/time -f "emission peak_rss_kib=%M exit=%x" roundhouse --target spinel -o /build /src/app:
unsupported construct in /src/app/db/schema.rb: column dropped: good_job_executions.duration has unsupported type `interval`
0.141 roundhouse-check: hint: re-run with --continue to record unsupported constructs as a punch list and keep going
0.142 Command exited with non-zero status 2
0.142 analysis peak_rss_kib=7716 exit=2
------
Dockerfile:12
--------------------
  10 |     WORKDIR /src/app
  11 |     COPY . .
  12 | >>> RUN ulimit -v 12582912; /usr/bin/time -f "analysis peak_rss_kib=%M exit=%x" roundhouse check /src/app && /usr/bin/time -f "emission peak_rss_kib=%M exit=%x" roundhouse --target spinel -o /build /src/app
  13 |     WORKDIR /build
  14 |     RUN spin build -- --cc=clang --jobs=8 \
--------------------
ERROR: failed to build: failed to solve: process "/bin/sh -c ulimit -v 12582912; /usr/bin/time -f \"analysis peak_rss_kib=%M exit=%x\" roundhouse check /src/app && /usr/bin/time -f \"emission peak_rss_kib=%M exit=%x\" roundhouse --target spinel -o /build /src/app" did not complete successfully: exit code: 2
