Diagnostic ablation 74; accepted source and package are unchanged.
#0 building with "orbstack" instance using docker driver

#1 [internal] load build definition from Dockerfile
#1 transferring dockerfile: 2.73kB done
#1 DONE 0.0s

#2 resolve image config for docker-image://docker.io/docker/dockerfile:1
#2 DONE 0.5s

#3 docker-image://docker.io/docker/dockerfile:1@sha256:4edf897a3ffa55b89f906fc8cc78afdb3f1834cc9c7083565e611a8a7d5fe99e
#3 CACHED

#4 [internal] load metadata for docker.io/library/rust:1.98.1-trixie@sha256:a8a5f0a1e5fe7dfe1d352591e4a1c7dd2c08fd70475cae872cf3458ba0df0546
#4 DONE 0.0s

#5 [internal] load metadata for docker.io/library/ruby:4.0.7-slim-trixie
#5 DONE 1.0s

#6 [internal] load .dockerignore
#6 transferring context: 2B done
#6 DONE 0.0s

#7 [builder  1/11] FROM docker.io/library/rust:1.98.1-trixie@sha256:a8a5f0a1e5fe7dfe1d352591e4a1c7dd2c08fd70475cae872cf3458ba0df0546
#7 DONE 0.0s

#8 [ruby407 1/1] FROM docker.io/library/ruby:4.0.7-slim-trixie@sha256:ba6a00593739f9cb66de80ad2e395a93a52a13635867ee32918ba0ec083b1ff6
#8 resolve docker.io/library/ruby:4.0.7-slim-trixie@sha256:ba6a00593739f9cb66de80ad2e395a93a52a13635867ee32918ba0ec083b1ff6 0.0s done
#8 DONE 0.0s

#9 [internal] load build context
#9 transferring context: 2.20MB 0.3s done
#9 DONE 0.3s

#10 [builder  2/11] RUN apt-get update && apt-get install -y --no-install-recommends     clang make git pkg-config libsqlite3-dev sqlite3 libjemalloc-dev     libpq-dev postgresql-client curl ca-certificates libssl-dev libcrypt-dev     libyaml-0-2 libgmp10 file time && rm -rf /var/lib/apt/lists/*
#10 CACHED

#11 [builder  3/11] COPY --from=ruby407 /usr/local/ /usr/local/
#11 CACHED

#12 [builder  4/11] RUN ruby --version
#12 CACHED

#13 [builder  5/11] COPY vendor/spinel /src/spinel
#13 CACHED

#14 [builder  6/11] WORKDIR /src/spinel
#14 CACHED

#15 [builder  7/11] RUN make deps -j8 && make -j8 CC=clang && make install -j8 CC=clang
#15 CACHED

#16 [builder  8/11] COPY vendor/roundhouse /src/roundhouse
#16 DONE 0.5s

#17 [builder  9/11] WORKDIR /src/roundhouse
#17 DONE 0.1s

#18 [builder 10/11] RUN --mount=type=cache,id=v8b-cargo-registry,target=/usr/local/cargo/registry     --mount=type=cache,id=v8b-cargo-git,target=/usr/local/cargo/git     --mount=type=cache,id=v8b-cargo-target,target=/src/roundhouse/target     ROUNDHOUSE_COMMIT=$(echo ea4d3e682c86d817b2617b5862ed9a14d634f7eb | cut -c1-8) cargo build --locked --release --bin roundhouse -j8     && install -m755 target/release/roundhouse /usr/local/bin/roundhouse
#18 0.115 info: syncing channel updates for 1.98.1-aarch64-unknown-linux-gnu
#18 1.194 info: latest update on 2026-09-03 for version 1.98.1 (48a229cea 2026-09-01)
#18 1.204 info: downloading 2 components
#18 3.097    Compiling roundhouse v2026.9.18 (/src/roundhouse)
#18 43.20     Finished `release` profile [optimized] target(s) in 40.17s
#18 DONE 43.4s

#19 [builder 11/11] RUN roundhouse --version && spinel --version && spin --version
#19 0.120 roundhouse 2026.9.18 (ea4d3e68)
#19 0.124 spinel 2026.09.12+7503 (f85f04b3a) [gcc 14.2.0 (cc)]
#19 0.128 spin 2026.09.12+7503 (f85f04b3a) [gcc 14.2.0 (cc)]
#19 DONE 0.1s

#20 [stage-2 5/9] COPY --from=builder /usr/local/lib/spinel /usr/local/lib/spinel
#20 CACHED

#21 [stage-2 6/9] COPY --from=builder /usr/local/bin/roundhouse /usr/local/bin/roundhouse
#21 DONE 0.0s

#22 [stage-2 7/9] COPY patches /usr/local/share/roundhouse-patches
#22 DONE 0.1s

#23 [stage-2 8/9] RUN ln -s /usr/local/lib/spinel/spinel /usr/local/bin/spinel     && ln -s /usr/local/lib/spinel/spin /usr/local/bin/spin
#23 DONE 0.1s

#24 [stage-2 9/9] WORKDIR /work
#24 DONE 0.1s

#25 exporting to image
#25 exporting layers 0.1s done
#25 writing image sha256:2d115ebe59ef4feb061bf509df8c06c63cfb4e624caf9ee81439f9c7042e10f8 done
#25 naming to docker.io/library/conduit-v8b-toolchain:no74-4ee9c6e2 done
#25 DONE 0.1s
gate inputs: 72 files, sha256 a8999f01c936cc37fe182c314c7a9a602b62611c1a15dc8338e7853d30831710 (matches the published workspace)
workspace: /work/app/build/ablations/no74/gate/conduit-v8b-ws-compiled
#0 building with "orbstack" instance using docker driver

#1 [internal] load build definition from Dockerfile
#1 transferring dockerfile: 2.12kB done
#1 DONE 0.0s

#2 resolve image config for docker-image://docker.io/docker/dockerfile:1
#2 DONE 1.6s

#3 docker-image://docker.io/docker/dockerfile:1@sha256:4edf897a3ffa55b89f906fc8cc78afdb3f1834cc9c7083565e611a8a7d5fe99e
#3 CACHED

#4 [internal] load metadata for docker.io/library/debian:trixie-slim@sha256:020c0d20b9880058cbe785a9db107156c3c75c2ac944a6aa7ab59f2add76a7bd
#4 DONE 0.0s

#5 [internal] load metadata for docker.io/library/conduit-v8b-toolchain:no74-4ee9c6e2
#5 DONE 0.0s

#6 [internal] load .dockerignore
#6 transferring context: 210B done
#6 DONE 0.0s

#7 [runtime 1/4] FROM docker.io/library/debian:trixie-slim@sha256:020c0d20b9880058cbe785a9db107156c3c75c2ac944a6aa7ab59f2add76a7bd
#7 DONE 0.0s

#8 [internal] load build context
#8 transferring context: 5.52kB done
#8 DONE 0.3s

#9 [toolchain 1/2] FROM docker.io/library/conduit-v8b-toolchain:no74-4ee9c6e2
#9 DONE 0.3s

#10 [toolchain 2/2] RUN echo '4ee9c6e2e0c8a19b610fac29712719bdc8987efdc6836159346e4fb1fb9b0e16  /usr/local/share/roundhouse-patches/SHA256SUMS' | sha256sum -c -
#10 0.077 /usr/local/share/roundhouse-patches/SHA256SUMS: OK
#10 DONE 0.1s

#11 [build 1/5] WORKDIR /src/app
#11 DONE 0.1s

#12 [build 2/5] COPY . .
#12 DONE 0.1s

#13 [build 3/5] RUN ulimit -v 12582912; /usr/bin/time -f "analysis peak_rss_kib=%M exit=%x" roundhouse check /src/app && /usr/bin/time -f "emission peak_rss_kib=%M exit=%x" roundhouse --target spinel -o /build /src/app
#13 0.148 /src/app/app/controllers/application_controller.rb:23:5: warning[gradual_untyped]: method call resolves to RBS `untyped` (gradual escape)
#13 0.148 /src/app/app/controllers/application_controller.rb:30:14: warning[gradual_untyped]: method call resolves to RBS `untyped` (gradual escape)
#13 0.148 /src/app/app/controllers/application_controller.rb:33:65: warning[gradual_untyped]: method call resolves to RBS `untyped` (gradual escape)
#13 0.148 /src/app/app/controllers/application_controller.rb:58:15: warning[gradual_untyped]: method call resolves to RBS `untyped` (gradual escape)
#13 0.148 /src/app/app/controllers/application_controller.rb:59:13: warning[gradual_untyped]: method call resolves to RBS `untyped` (gradual escape)
#13 0.148 /src/app/app/controllers/application_controller.rb:60:65: warning[gradual_untyped]: method call resolves to RBS `untyped` (gradual escape)
#13 0.148 /src/app/app/controllers/application_controller.rb:70:5: warning[gradual_untyped]: method call resolves to RBS `untyped` (gradual escape)
#13 0.148 /src/app/app/controllers/application_controller.rb:79:8: warning[unresolved_type]: local read `wrap` has unresolved type
#13 0.148 /src/app/app/controllers/application_controller.rb:105:37: warning[gradual_untyped]: method call resolves to RBS `untyped` (gradual escape)
#13 0.148 /src/app/app/controllers/application_controller.rb:125:7: warning[unresolved_type]: local read `following_ids` has unresolved type
#13 0.148 /src/app/app/controllers/application_controller.rb:125:23: warning[unresolved_type]: local read `following_ids` has unresolved type
#13 0.148 /src/app/app/controllers/application_controller.rb:135:35: warning[unresolved_type]: local read `favorite_ids` has unresolved type
#13 0.148 /src/app/app/controllers/application_controller.rb:135:50: warning[unresolved_type]: local read `favorite_ids` has unresolved type
#13 0.148 /src/app/app/controllers/application_controller.rb:136:13: warning[unresolved_type]: local read `favorite_counts` has unresolved type
#13 0.148 /src/app/app/controllers/application_controller.rb:136:31: warning[unresolved_type]: local read `favorite_counts` has unresolved type
#13 0.148 /src/app/app/controllers/application_controller.rb:139:83: warning[unresolved_type]: local read `following_ids` has unresolved type
#13 0.148 /src/app/app/controllers/application_controller.rb:141:39: warning[unresolved_type]: local read `list` has unresolved type
#13 0.148 /src/app/app/controllers/application_controller.rb:146:13: warning[gradual_untyped]: method call resolves to RBS `untyped` (gradual escape)
#13 0.148 /src/app/app/controllers/application_controller.rb:146:21: warning[gradual_untyped]: method call resolves to RBS `untyped` (gradual escape)
#13 0.148 /src/app/app/controllers/application_controller.rb:147:14: warning[gradual_untyped]: method call resolves to RBS `untyped` (gradual escape)
#13 0.148 /src/app/app/controllers/application_controller.rb:147:22: warning[gradual_untyped]: method call resolves to RBS `untyped` (gradual escape)
#13 0.148 /src/app/app/controllers/application_controller.rb:148:13: warning[gradual_untyped]: method call resolves to RBS `untyped` (gradual escape)
#13 0.148 /src/app/app/controllers/application_controller.rb:149:14: warning[gradual_untyped]: method call resolves to RBS `untyped` (gradual escape)
#13 0.148 /src/app/app/controllers/application_controller.rb:151:67: warning[gradual_untyped]: local read resolves to RBS `untyped` (gradual escape)
#13 0.148 /src/app/app/controllers/application_controller.rb:151:81: warning[gradual_untyped]: local read resolves to RBS `untyped` (gradual escape)
#13 0.148 /src/app/app/controllers/articles_controller.rb:4:79: warning[gradual_untyped]: method call resolves to RBS `untyped` (gradual escape)
#13 0.148 /src/app/app/controllers/articles_controller.rb:4:63: warning[gradual_untyped]: method call resolves to RBS `untyped` (gradual escape)
#13 0.148 /src/app/app/controllers/articles_controller.rb:5:86: warning[gradual_untyped]: method call resolves to RBS `untyped` (gradual escape)
#13 0.148 /src/app/app/controllers/articles_controller.rb:5:65: warning[gradual_untyped]: method call resolves to RBS `untyped` (gradual escape)
#13 0.148 /src/app/app/controllers/articles_controller.rb:6:127: warning[gradual_untyped]: method call resolves to RBS `untyped` (gradual escape)
#13 0.148 /src/app/app/controllers/articles_controller.rb:6:82: warning[gradual_untyped]: method call resolves to RBS `untyped` (gradual escape)
#13 0.148 /src/app/app/controllers/articles_controller.rb:7:5: warning[gradual_untyped]: method call resolves to RBS `untyped` (gradual escape)
#13 0.148 /src/app/app/controllers/articles_controller.rb:13:5: warning[gradual_untyped]: method call resolves to RBS `untyped` (gradual escape)
#13 0.148 /src/app/app/controllers/articles_controller.rb:18:5: warning[gradual_untyped]: method call resolves to RBS `untyped` (gradual escape)
#13 0.148 /src/app/app/controllers/articles_controller.rb:22:5: warning[gradual_untyped]: method call resolves to RBS `untyped` (gradual escape)
#13 0.148 /src/app/app/controllers/articles_controller.rb:36:5: warning[gradual_untyped]: method call resolves to RBS `untyped` (gradual escape)
#13 0.148 /src/app/app/controllers/articles_controller.rb:42:106: warning[unresolved_type]: local read `a` has unresolved type
#13 0.148 /src/app/app/controllers/articles_controller.rb:43:5: warning[gradual_untyped]: method call resolves to RBS `untyped` (gradual escape)
#13 0.148 /src/app/app/controllers/articles_controller.rb:50:5: warning[gradual_untyped]: method call resolves to RBS `untyped` (gradual escape)
#13 0.148 /src/app/app/controllers/articles_controller.rb:56:5: warning[gradual_untyped]: method call resolves to RBS `untyped` (gradual escape)
#13 0.148 /src/app/app/controllers/comments_controller.rb:5:85: warning[gradual_untyped]: method call resolves to RBS `untyped` (gradual escape)
#13 0.148 /src/app/app/controllers/comments_controller.rb:5:31: warning[gradual_untyped]: method call resolves to RBS `untyped` (gradual escape)
#13 0.148 /src/app/app/controllers/comments_controller.rb:5:32: warning[gradual_untyped]: method call resolves to RBS `untyped` (gradual escape)
#13 0.148 /src/app/app/controllers/comments_controller.rb:5:40: warning[gradual_untyped]: method call resolves to RBS `untyped` (gradual escape)
#13 0.148 /src/app/app/controllers/comments_controller.rb:6:91: warning[gradual_untyped]: method call resolves to RBS `untyped` (gradual escape)
#13 0.148 /src/app/app/controllers/comments_controller.rb:6:32: warning[gradual_untyped]: method call resolves to RBS `untyped` (gradual escape)
#13 0.148 /src/app/app/controllers/comments_controller.rb:6:33: warning[gradual_untyped]: method call resolves to RBS `untyped` (gradual escape)
#13 0.148 /src/app/app/controllers/comments_controller.rb:6:41: warning[gradual_untyped]: method call resolves to RBS `untyped` (gradual escape)
#13 0.148 /src/app/app/controllers/comments_controller.rb:9:5: warning[gradual_untyped]: method call resolves to RBS `untyped` (gradual escape)
#13 0.148 /src/app/app/controllers/comments_controller.rb:16:5: warning[gradual_untyped]: method call resolves to RBS `untyped` (gradual escape)
#13 0.148 /src/app/app/controllers/comments_controller.rb:22:44: warning[gradual_untyped]: method call resolves to RBS `untyped` (gradual escape)
#13 0.148 /src/app/app/controllers/comments_controller.rb:25:5: warning[gradual_untyped]: method call resolves to RBS `untyped` (gradual escape)
#13 0.148 /src/app/app/controllers/comments_controller.rb:31:64: warning[unresolved_type]: local read `followed` has unresolved type
#13 0.148 /src/app/app/controllers/exports_controller.rb:6:5: warning[gradual_untyped]: method call resolves to RBS `untyped` (gradual escape)
#13 0.148 /src/app/app/controllers/exports_controller.rb:11:40: warning[gradual_untyped]: method call resolves to RBS `untyped` (gradual escape)
#13 0.148 /src/app/app/controllers/exports_controller.rb:13:5: warning[gradual_untyped]: method call resolves to RBS `untyped` (gradual escape)
#13 0.148 /src/app/app/controllers/favorites_controller.rb:6:5: warning[gradual_untyped]: method call resolves to RBS `untyped` (gradual escape)
#13 0.148 /src/app/app/controllers/favorites_controller.rb:12:5: warning[gradual_untyped]: method call resolves to RBS `untyped` (gradual escape)
#13 0.148 /src/app/app/controllers/health_controller.rb:3:5: warning[gradual_untyped]: method call resolves to RBS `untyped` (gradual escape)
#13 0.148 /src/app/app/controllers/profiles_controller.rb:3:5: warning[gradual_untyped]: method call resolves to RBS `untyped` (gradual escape)
#13 0.148 /src/app/app/controllers/profiles_controller.rb:9:5: warning[gradual_untyped]: method call resolves to RBS `untyped` (gradual escape)
#13 0.148 /src/app/app/controllers/profiles_controller.rb:15:5: warning[gradual_untyped]: method call resolves to RBS `untyped` (gradual escape)
#13 0.148 /src/app/app/controllers/profiles_controller.rb:19:28: warning[gradual_untyped]: method call resolves to RBS `untyped` (gradual escape)
#13 0.148 /src/app/app/controllers/shares_controller.rb:6:5: warning[gradual_untyped]: method call resolves to RBS `untyped` (gradual escape)
#13 0.148 /src/app/app/controllers/shares_controller.rb:10:11: warning[gradual_untyped]: method call resolves to RBS `untyped` (gradual escape)
#13 0.148 /src/app/app/controllers/shares_controller.rb:16:23: warning[gradual_untyped]: local read resolves to RBS `untyped` (gradual escape)
#13 0.148 /src/app/app/controllers/shares_controller.rb:17:5: warning[gradual_untyped]: method call resolves to RBS `untyped` (gradual escape)
#13 0.148 /src/app/app/controllers/shares_controller.rb:21:5: warning[gradual_untyped]: method call resolves to RBS `untyped` (gradual escape)
#13 0.148 /src/app/app/controllers/shares_controller.rb:28:99: warning[unresolved_type]: local read `a` has unresolved type
#13 0.148 /src/app/app/controllers/shares_controller.rb:28:135: warning[gradual_untyped]: method call resolves to RBS `untyped` (gradual escape)
#13 0.148 /src/app/app/controllers/shares_controller.rb:29:5: warning[gradual_untyped]: method call resolves to RBS `untyped` (gradual escape)
#13 0.148 /src/app/app/controllers/shares_controller.rb:32:21: warning[gradual_untyped]: method call resolves to RBS `untyped` (gradual escape)
#13 0.148 /src/app/app/controllers/shares_controller.rb:32:34: warning[gradual_untyped]: method call resolves to RBS `untyped` (gradual escape)
#13 0.148 /src/app/app/controllers/shares_controller.rb:36:45: warning[gradual_untyped]: method call resolves to RBS `untyped` (gradual escape)
#13 0.148 /src/app/app/controllers/shares_controller.rb:37:74: warning[gradual_untyped]: method call resolves to RBS `untyped` (gradual escape)
#13 0.148 /src/app/app/controllers/tags_controller.rb:5:5: warning[gradual_untyped]: method call resolves to RBS `untyped` (gradual escape)
#13 0.148 /src/app/app/controllers/users_controller.rb:5:5: warning[gradual_untyped]: expression resolves to RBS `untyped` (gradual escape)
#13 0.148 /src/app/app/controllers/users_controller.rb:6:7: warning[gradual_untyped]: method call resolves to RBS `untyped` (gradual escape)
#13 0.148 /src/app/app/controllers/users_controller.rb:7:5: warning[gradual_untyped]: expression resolves to RBS `untyped` (gradual escape)
#13 0.148 /src/app/app/controllers/users_controller.rb:8:7: warning[gradual_untyped]: method call resolves to RBS `untyped` (gradual escape)
#13 0.148 /src/app/app/controllers/users_controller.rb:10:7: warning[gradual_untyped]: method call resolves to RBS `untyped` (gradual escape)
#13 0.148 /src/app/app/controllers/users_controller.rb:23:5: warning[gradual_untyped]: expression resolves to RBS `untyped` (gradual escape)
#13 0.148 /src/app/app/controllers/users_controller.rb:24:7: warning[gradual_untyped]: method call resolves to RBS `untyped` (gradual escape)
#13 0.148 /src/app/app/controllers/users_controller.rb:26:34: warning[gradual_untyped]: method call resolves to RBS `untyped` (gradual escape)
#13 0.148 /src/app/app/controllers/users_controller.rb:33:5: warning[gradual_untyped]: method call resolves to RBS `untyped` (gradual escape)
#13 0.148 /src/app/app/controllers/users_controller.rb:39:5: warning[gradual_untyped]: method call resolves to RBS `untyped` (gradual escape)
#13 0.148 /src/app/app/controllers/users_controller.rb:45:52: warning[gradual_untyped]: method call resolves to RBS `untyped` (gradual escape)
#13 0.148 /src/app/app/controllers/users_controller.rb:45:77: warning[gradual_untyped]: method call resolves to RBS `untyped` (gradual escape)
#13 0.148 /src/app/app/models/article.rb:10:80: warning[unresolved_type]: local read `user` has unresolved type
#13 0.148 /src/app/app/models/user.rb:19:72: warning[unresolved_type]: method call `password` has unresolved type
#13 0.148 /src/app/app/models/user.rb:19:93: warning[unresolved_type]: method call `password` has unresolved type
#13 0.148 /src/app/app/models/user.rb:23:70: warning[unresolved_type]: method call `password` has unresolved type
#13 0.148 /src/app/app/models/user.rb:28:5: warning[gradual_untyped]: expression resolves to RBS `untyped` (gradual escape)
#13 0.148 /src/app/app/services/login_throttle.rb:3:38: warning[unresolved_type]: local read `hash` has unresolved type
#13 0.148 /src/app/app/services/login_throttle.rb:3:43: warning[unresolved_type]: local read `key` has unresolved type
#13 0.148 
#13 0.148 roundhouse-check: 10 gems: 1 framework, 1 modeled, 5 infrastructure, 3 unknown (faye-websocket, good_job, jwt)
#13 0.148 roundhouse-check: /src/app — 0 parse error(s), 0 error(s), 95 warning(s), 0 gap-attributed note(s), 0 survey gap(s)
#13 0.149 analysis peak_rss_kib=37184 exit=0
#13 0.279 roundhouse: treeshake (spinel): dropped 56 runtime defs + 157 synthesized model defs (text-level, whole-tree name scan)
#13 0.279 roundhouse: 136 analyze warning(s) not shown — rerun with --allow-unsupported to list them
#13 0.283 roundhouse: emitted 345 files to /build (spinel)
#13 0.285 emission peak_rss_kib=52660 exit=0
#13 DONE 0.3s

#14 [build 4/5] WORKDIR /build
#14 DONE 0.1s

#15 [build 5/5] RUN spin build -- --cc=clang --jobs=8     && mkdir -p /runtime/static /runtime/public /runtime/db /runtime/config /runtime/storage     && set -- build/bin/* && test "$#" -eq 1 && test -x "$1"     && install -m755 "$1" /runtime/server && strip /runtime/server     && for dir in static public db config; do if [ -d "$dir" ]; then cp -a "$dir/." "/runtime/$dir/"; fi; done     && test -s /runtime/db/structure.sql && ldd /runtime/server
#15 1.292 build blog
#15 1.434 cc bcrypt/crypt_blowfish.c
#15 1.534 cc bcrypt/crypt_blowfish.c (threaded)
#15 1.547 cc bcrypt/sp_bcrypt.c
#15 1.558 cc bcrypt/sp_bcrypt.c (threaded)
#15 15.20 warning: --rbs: Attached @variations: Array[Variation] stays a boxed array; every use of it must be one the unboxed array supports ([], []=, push, length, empty?, first, last, min, max, sort) from the class's own instance methods or its attr_reader
#15 15.20 warning: --rbs: ActiveRecord__Base @validation_entries: Array[ActiveModel__Error] stays a boxed array; every use of it must be one the unboxed array supports ([], []=, push, length, empty?, first, last, min, max, sort) from the class's own instance methods or its attr_reader
#15 15.20 warning: --rbs: UserAgent @tokens: Array[UserAgentToken] stays a boxed array; every use of it must be one the unboxed array supports ([], []=, push, length, empty?, first, last, min, max, sort) from the class's own instance methods or its attr_reader
#15 15.20 warning: --rbs: ApplicationRecord @validation_entries: Array[ActiveModel__Error] stays a boxed array; every use of it must be one the unboxed array supports ([], []=, push, length, empty?, first, last, min, max, sort) from the class's own instance methods or its attr_reader
#15 15.20 warning: --rbs: Article @validation_entries: Array[ActiveModel__Error] stays a boxed array; every use of it must be one the unboxed array supports ([], []=, push, length, empty?, first, last, min, max, sort) from the class's own instance methods or its attr_reader
#15 15.20 warning: --rbs: ArticleExport @validation_entries: Array[ActiveModel__Error] stays a boxed array; every use of it must be one the unboxed array supports ([], []=, push, length, empty?, first, last, min, max, sort) from the class's own instance methods or its attr_reader
#15 15.20 warning: --rbs: ArticleShare @validation_entries: Array[ActiveModel__Error] stays a boxed array; every use of it must be one the unboxed array supports ([], []=, push, length, empty?, first, last, min, max, sort) from the class's own instance methods or its attr_reader
#15 15.20 warning: --rbs: Comment @validation_entries: Array[ActiveModel__Error] stays a boxed array; every use of it must be one the unboxed array supports ([], []=, push, length, empty?, first, last, min, max, sort) from the class's own instance methods or its attr_reader
#15 15.20 warning: --rbs: Favorite @validation_entries: Array[ActiveModel__Error] stays a boxed array; every use of it must be one the unboxed array supports ([], []=, push, length, empty?, first, last, min, max, sort) from the class's own instance methods or its attr_reader
#15 15.20 warning: --rbs: Follow @validation_entries: Array[ActiveModel__Error] stays a boxed array; every use of it must be one the unboxed array supports ([], []=, push, length, empty?, first, last, min, max, sort) from the class's own instance methods or its attr_reader
#15 15.20 warning: --rbs: User @validation_entries: Array[ActiveModel__Error] stays a boxed array; every use of it must be one the unboxed array supports ([], []=, push, length, empty?, first, last, min, max, sort) from the class's own instance methods or its attr_reader
#15 15.20 /build/bin/blog.rb -> /build/build/bin/blog
#15 15.21 	linux-vdso.so.1 (0x0000ffffb638c000)
#15 15.21 	libm.so.6 => /lib/aarch64-linux-gnu/libm.so.6 (0x0000ffffb5d10000)
#15 15.21 	libjemalloc.so.2 => /lib/aarch64-linux-gnu/libjemalloc.so.2 (0x0000ffffb5be0000)
#15 15.21 	libpq.so.5 => /lib/aarch64-linux-gnu/libpq.so.5 (0x0000ffffb5b60000)
#15 15.21 	libc.so.6 => /lib/aarch64-linux-gnu/libc.so.6 (0x0000ffffb59a0000)
#15 15.21 	/lib/ld-linux-aarch64.so.1 (0x0000ffffb6350000)
#15 15.21 	libstdc++.so.6 => /lib/aarch64-linux-gnu/libstdc++.so.6 (0x0000ffffb5730000)
#15 15.21 	libgcc_s.so.1 => /lib/aarch64-linux-gnu/libgcc_s.so.1 (0x0000ffffb56f0000)
#15 15.21 	libssl.so.3 => /lib/aarch64-linux-gnu/libssl.so.3 (0x0000ffffb55c0000)
#15 15.21 	libcrypto.so.3 => /lib/aarch64-linux-gnu/libcrypto.so.3 (0x0000ffffb4fa0000)
#15 15.21 	libgssapi_krb5.so.2 => /lib/aarch64-linux-gnu/libgssapi_krb5.so.2 (0x0000ffffb4f30000)
#15 15.21 	libldap.so.2 => /lib/aarch64-linux-gnu/libldap.so.2 (0x0000ffffb4eb0000)
#15 15.21 	libz.so.1 => /lib/aarch64-linux-gnu/libz.so.1 (0x0000ffffb4e70000)
#15 15.21 	libzstd.so.1 => /lib/aarch64-linux-gnu/libzstd.so.1 (0x0000ffffb4da0000)
#15 15.21 	libkrb5.so.3 => /lib/aarch64-linux-gnu/libkrb5.so.3 (0x0000ffffb4cb0000)
#15 15.21 	libk5crypto.so.3 => /lib/aarch64-linux-gnu/libk5crypto.so.3 (0x0000ffffb4c60000)
#15 15.21 	libcom_err.so.2 => /lib/aarch64-linux-gnu/libcom_err.so.2 (0x0000ffffb4c30000)
#15 15.21 	libkrb5support.so.0 => /lib/aarch64-linux-gnu/libkrb5support.so.0 (0x0000ffffb4c00000)
#15 15.21 	liblber.so.2 => /lib/aarch64-linux-gnu/liblber.so.2 (0x0000ffffb4bd0000)
#15 15.21 	libsasl2.so.2 => /lib/aarch64-linux-gnu/libsasl2.so.2 (0x0000ffffb4b90000)
#15 15.21 	libkeyutils.so.1 => /lib/aarch64-linux-gnu/libkeyutils.so.1 (0x0000ffffb4b60000)
#15 15.21 	libresolv.so.2 => /lib/aarch64-linux-gnu/libresolv.so.2 (0x0000ffffb4b30000)
#15 DONE 15.3s

#16 [runtime 2/4] RUN apt-get update -qq     && apt-get install --no-install-recommends -y libpq5 libjemalloc2 ca-certificates     && rm -rf /var/lib/apt/lists/*     && groupadd --gid 10001 app && useradd --uid 10001 --gid app --no-create-home --home-dir /app app
#16 CACHED

#17 [runtime 3/4] WORKDIR /app
#17 CACHED

#18 [runtime 4/4] COPY --from=build --chown=10001:10001 /runtime/ ./
#18 DONE 0.1s

#19 exporting to image
#19 exporting layers 0.0s done
#19 writing image sha256:f500848e8eebf9e5940693b537c089095eb4f19e4ebd71140655f04a71463a67 done
#19 naming to docker.io/library/conduit-v8b-gate-conduit-v8b-ws-compiled-4108:latest
#19 naming to docker.io/library/conduit-v8b-gate-conduit-v8b-ws-compiled-4108:latest done
#19 DONE 0.1s
Success api/hurl/articles.hurl (17 request(s) in 197 ms)
Success api/hurl/auth.hurl (20 request(s) in 360 ms)
Success api/hurl/comments.hurl (13 request(s) in 189 ms)
Success api/hurl/errors_articles.hurl (20 request(s) in 192 ms)
Success api/hurl/errors_auth.hurl (20 request(s) in 1894 ms)
Success api/hurl/errors_authorization.hurl (9 request(s) in 366 ms)
Success api/hurl/errors_comments.hurl (10 request(s) in 178 ms)
Success api/hurl/errors_profiles.hurl (6 request(s) in 174 ms)
Success api/hurl/favorites.hurl (9 request(s) in 191 ms)
Success api/hurl/feed.hurl (12 request(s) in 362 ms)
Success api/hurl/pagination.hurl (7 request(s) in 181 ms)
Success api/hurl/profiles.hurl (7 request(s) in 350 ms)
Success api/hurl/tags.hurl (4 request(s) in 184 ms)
Success features/drafts/hurl/drafts.hurl (23 request(s) in 376 ms)
Success features/drafts/hurl/errors_drafts.hurl (24 request(s) in 362 ms)
error: Assert status code
   --> features/exports/hurl/exports.hurl:173:6
    |
    | GET {{host}}/api/user/exports/not-an-export
    | ...
173 | HTTP 404
    |      ^^^ actual value is <500>
    |

Failure features/exports/hurl/exports.hurl (17 request(s) in 619 ms)
Success features/live-editing/hurl/live-editing.hurl (18 request(s) in 413 ms)
--------------------------------------------------------------------------------
Executed files:    17
Executed requests: 236 (35.7/s)
Succeeded files:   16 (94.1%)
Failed files:      1 (5.9%)
Duration:          6609 ms (0h:0m:6s:609ms)

conduit-v8b-gate-conduit-v8b-ws-compiled-4108-db-data
