PASS live protocol: authorization, presence, updates, conflict, reconnect, revocation

Running 4 tests using 1 worker

  ✓  1 tests/editor.spec.js:7:1 › three independent browsers share edits and presence without losing a dirty draft (632ms)
  ✓  2 tests/editor.spec.js:42:1 › the 101st editor sees Room full and can retry after a slot opens (531ms)
  ✓  3 tests/editor.spec.js:70:1 › revoking the link ends access to the editor (275ms)
  ✓  4 tests/editor.spec.js:84:1 › a delayed save response preserves newer typing and socket state (375ms)

  4 passed (2.1s)
#0 building with "orbstack" instance using docker driver

#1 [internal] load build definition from Dockerfile
#1 transferring dockerfile: 1.05kB done
#1 DONE 0.0s

#2 [internal] load metadata for docker.io/library/debian:bookworm-slim@sha256:3783cc01769c7b2b1b83a5c5ad96c815348e28ed7da68e2e3687004faa906251
#2 DONE 0.0s

#3 [internal] load metadata for docker.io/library/elixir:1.18.4-otp-27@sha256:8f2dc555c30ca656694f6b91a5747a89de412fd69b1c6ca6fd7c63c56b729ef6
#3 DONE 0.0s

#4 [internal] load .dockerignore
#4 transferring context: 114B done
#4 DONE 0.0s

#5 [build  1/10] FROM docker.io/library/elixir:1.18.4-otp-27@sha256:8f2dc555c30ca656694f6b91a5747a89de412fd69b1c6ca6fd7c63c56b729ef6
#5 DONE 0.0s

#6 [stage-1 1/4] FROM docker.io/library/debian:bookworm-slim@sha256:3783cc01769c7b2b1b83a5c5ad96c815348e28ed7da68e2e3687004faa906251
#6 DONE 0.0s

#7 [internal] load build context
#7 transferring context: 2.58kB done
#7 DONE 0.0s

#8 [build 10/10] RUN mix format --check-formatted && mix compile --warnings-as-errors && mix release
#8 CACHED

#9 [build  9/10] COPY .formatter.exs .formatter.exs
#9 CACHED

#10 [build  6/10] RUN mix deps.get --only prod && mix deps.compile
#10 CACHED

#11 [build  4/10] COPY mix.exs mix.lock ./
#11 CACHED

#12 [stage-1 2/4] RUN apt-get update && apt-get install -y --no-install-recommends     ca-certificates libatomic1 libncurses6 libssl3 libstdc++6     && apt-get clean && rm -r /var/lib/apt/lists/*     && groupadd --system conduit && useradd --system --gid conduit conduit
#12 CACHED

#13 [build  3/10] RUN mix local.hex --force && mix local.rebar --force
#13 CACHED

#14 [build  8/10] COPY priv priv
#14 CACHED

#15 [build  7/10] COPY lib lib
#15 CACHED

#16 [build  2/10] WORKDIR /app
#16 CACHED

#17 [stage-1 3/4] WORKDIR /app
#17 CACHED

#18 [build  5/10] COPY config config
#18 CACHED

#19 [stage-1 4/4] COPY --from=build --chown=conduit:conduit /app/_build/prod/rel/conduit ./
#19 CACHED

#20 exporting to image
#20 exporting layers done
#20 writing image sha256:d1320971dcf82f0cc831e8dcc5a9a6da833b306d101cd90d2a4d44cf54a92d4f done
#20 naming to docker.io/library/agentmvc-one-shot-phoenix-62677:latest done
#20 DONE 0.0s
Success api/hurl/articles.hurl (17 request(s) in 222 ms)
Success api/hurl/auth.hurl (20 request(s) in 368 ms)
Success api/hurl/comments.hurl (13 request(s) in 198 ms)
Success api/hurl/errors_articles.hurl (20 request(s) in 195 ms)
Success api/hurl/errors_auth.hurl (20 request(s) in 1042 ms)
Success api/hurl/errors_authorization.hurl (9 request(s) in 357 ms)
Success api/hurl/errors_comments.hurl (10 request(s) in 182 ms)
Success api/hurl/errors_profiles.hurl (6 request(s) in 175 ms)
Success api/hurl/favorites.hurl (9 request(s) in 199 ms)
Success api/hurl/feed.hurl (12 request(s) in 394 ms)
Success api/hurl/pagination.hurl (7 request(s) in 186 ms)
Success api/hurl/profiles.hurl (7 request(s) in 353 ms)
Success api/hurl/tags.hurl (4 request(s) in 178 ms)
Success features/drafts/hurl/drafts.hurl (23 request(s) in 384 ms)
Success features/drafts/hurl/errors_drafts.hurl (24 request(s) in 361 ms)
Success features/exports/hurl/exports.hurl (18 request(s) in 626 ms)
Success features/live-editing/hurl/live-editing.hurl (18 request(s) in 365 ms)
--------------------------------------------------------------------------------
Executed files:    17
Executed requests: 237 (40.8/s)
Succeeded files:   17 (100.0%)
Failed files:      0 (0.0%)
Duration:          5806 ms (0h:0m:5s:806ms)

Success s01_jwt_alg_none.hurl (1 request(s) in 2 ms)
Success s02_jwt_signature_stripped.hurl (3 request(s) in 176 ms)
Success s03_jwt_garbage.hurl (2 request(s) in 0 ms)
Success s04_mass_assignment_user.hurl (2 request(s) in 175 ms)
Success s05_mass_assignment_article.hurl (2 request(s) in 175 ms)
Success s06_injection_filters.hurl (4 request(s) in 2 ms)
Success s07_malformed_json.hurl (1 request(s) in 0 ms)
Success s08_wrong_types.hurl (8 request(s) in 177 ms)
Success s09_oversized_body.hurl (2 request(s) in 191 ms)
Success s10_unknown_route.hurl (1 request(s) in 0 ms)
Success s11_login_enumeration.hurl (3 request(s) in 521 ms)
Success s12_nosniff_header.hurl (1 request(s) in 2 ms)
Success s13_login_rate_limit.hurl (22 request(s) in 3599 ms)
--------------------------------------------------------------------------------
Executed files:    13
Executed requests: 52 (10.3/s)
Succeeded files:   13 (100.0%)
Failed files:      0 (0.0%)
Duration:          5031 ms (0h:0m:5s:31ms)

