#0 building with "orbstack" instance using docker driver

#1 [internal] load build definition from Dockerfile
#1 transferring dockerfile: 1.62kB done
#1 DONE 0.0s

#2 resolve image config for docker-image://docker.io/docker/dockerfile:1
#2 DONE 1.3s

#3 docker-image://docker.io/docker/dockerfile:1@sha256:ecfaec9ed6d810b56388c508f4121597bfbba70d41a6dfeee4d8cad5f295fc32
#3 CACHED

#4 [internal] load metadata for docker.io/library/eclipse-temurin:25-jre-noble@sha256:693fdaf83831eeeefd9709eae44c8b8706622652f972cf5903bd0e481bbf6ad3
#4 DONE 0.0s

#5 [internal] load metadata for docker.io/library/eclipse-temurin:25-jdk-noble@sha256:f6366ccac38ceae180280ad7012d18a15e8031548a430dc2bae06631d9e88ed0
#5 DONE 0.0s

#6 [internal] load .dockerignore
#6 transferring context: 217B done
#6 DONE 0.0s

#7 [build 1/8] FROM docker.io/library/eclipse-temurin:25-jdk-noble@sha256:f6366ccac38ceae180280ad7012d18a15e8031548a430dc2bae06631d9e88ed0
#7 DONE 0.0s

#8 [stage-1 1/3] FROM docker.io/library/eclipse-temurin:25-jre-noble@sha256:693fdaf83831eeeefd9709eae44c8b8706622652f972cf5903bd0e481bbf6ad3
#8 DONE 0.0s

#9 [internal] load build context
#9 transferring context: 1.80kB done
#9 DONE 0.0s

#10 [build 3/8] RUN curl -fsSL --retry 5 https://github.com/clojure/brew-install/releases/download/1.12.5.1664/clojure-tools-1.12.5.1664.tar.gz -o /tmp/clojure.tar.gz &&     echo '77dd6868948074adcc93e83a796f8e8f15a1a92bcb1b9002d715fd2210e476f3  /tmp/clojure.tar.gz' | sha256sum -c - &&     tar xzf /tmp/clojure.tar.gz -C /tmp &&     mkdir -p /usr/local/lib/clojure/libexec &&     cp /tmp/clojure-tools/deps.edn /tmp/clojure-tools/example-deps.edn /tmp/clojure-tools/tools.edn /usr/local/lib/clojure/ &&     cp /tmp/clojure-tools/*.jar /usr/local/lib/clojure/libexec/ &&     sed 's@PREFIX@/usr/local/lib/clojure@g' /tmp/clojure-tools/clojure > /usr/local/bin/clojure &&     chmod +x /usr/local/bin/clojure && rm -rf /tmp/clojure-tools /tmp/clojure.tar.gz
#10 CACHED

#11 [build 6/8] RUN --mount=type=cache,target=/root/.m2 clojure -P -T:build && clojure -P
#11 CACHED

#12 [build 2/8] RUN apt-get update -qq && apt-get install --no-install-recommends -y curl ca-certificates &&     rm -rf /var/lib/apt/lists/*
#12 CACHED

#13 [build 4/8] WORKDIR /src
#13 CACHED

#14 [build 5/8] COPY deps.edn ./
#14 CACHED

#15 [stage-1 2/3] WORKDIR /app
#15 CACHED

#16 [build 7/8] COPY . .
#16 CACHED

#17 [build 8/8] RUN --mount=type=cache,target=/root/.m2 clojure -T:build uber
#17 CACHED

#18 [stage-1 3/3] COPY --from=build --chown=10001:10001 /src/target/conduit.jar /app/conduit.jar
#18 CACHED

#19 exporting to image
#19 exporting layers done
#19 writing image sha256:e3d57bd9af5767f2e29b95022a1f183be47b571b511ca3574651f58ac3060b22 done
#19 naming to docker.io/library/agentmvc-lane-clojure-8-live-editing-reference-1:current done
#19 DONE 0.0s

5bb5a3abba6c68bd924f10e399266182ac1319aadfbe479df48c77bd2dfcbfe0

e875a3819c2369f25acac5e9824a52d7b2087cc3143c58c2135b9b661979b884

f3c25e466c7d2784e9256fd60bbd8e574b640249e75548bcd60d1cf6296a91fa

Success api/hurl/articles.hurl (17 request(s) in 317 ms)
Success api/hurl/auth.hurl (20 request(s) in 476 ms)
Success api/hurl/comments.hurl (13 request(s) in 277 ms)
Success api/hurl/errors_articles.hurl (20 request(s) in 267 ms)
Success api/hurl/errors_auth.hurl (20 request(s) in 878 ms)
Success api/hurl/errors_authorization.hurl (9 request(s) in 451 ms)
Success api/hurl/errors_comments.hurl (10 request(s) in 230 ms)
Success api/hurl/errors_profiles.hurl (6 request(s) in 217 ms)
Success api/hurl/favorites.hurl (9 request(s) in 244 ms)
Success api/hurl/feed.hurl (12 request(s) in 460 ms)
Success api/hurl/pagination.hurl (7 request(s) in 237 ms)
Success api/hurl/profiles.hurl (7 request(s) in 450 ms)
Success api/hurl/tags.hurl (4 request(s) in 223 ms)
Success features/drafts/hurl/drafts.hurl (23 request(s) in 468 ms)
Success features/drafts/hurl/errors_drafts.hurl (24 request(s) in 459 ms)
Success features/exports/hurl/exports.hurl (18 request(s) in 723 ms)
Success features/live-editing/hurl/live-editing.hurl (18 request(s) in 458 ms)
--------------------------------------------------------------------------------
Executed files:    17
Executed requests: 237 (34.6/s)
Succeeded files:   17 (100.0%)
Failed files:      0 (0.0%)
Duration:          6858 ms (0h:0m:6s:858ms)

Success s01_jwt_alg_none.hurl (1 request(s) in 8 ms)
Success s02_jwt_signature_stripped.hurl (3 request(s) in 228 ms)
Success s03_jwt_garbage.hurl (2 request(s) in 1 ms)
Success s04_mass_assignment_user.hurl (2 request(s) in 219 ms)
Success s05_mass_assignment_article.hurl (2 request(s) in 215 ms)
Success s06_injection_filters.hurl (4 request(s) in 3 ms)
Success s07_malformed_json.hurl (1 request(s) in 1 ms)
Success s08_wrong_types.hurl (8 request(s) in 227 ms)
Success s09_oversized_body.hurl (2 request(s) in 298 ms)
Success s10_unknown_route.hurl (1 request(s) in 1 ms)
Success s11_login_enumeration.hurl (3 request(s) in 424 ms)
Success s12_nosniff_header.hurl (1 request(s) in 3 ms)
Success s13_login_rate_limit.hurl (22 request(s) in 2326 ms)
--------------------------------------------------------------------------------
Executed files:    13
Executed requests: 52 (13.1/s)
Succeeded files:   13 (100.0%)
Failed files:      0 (0.0%)
Duration:          3965 ms (0h:0m:3s:965ms)

PASS live protocol: authorization, presence, updates, conflict, reconnect, revocation

Running 4 tests using 1 worker

  ✓  1 tests/editor.spec.js:7:1 › three independent browsers share edits and presence without losing a dirty draft (733ms)
  ✓  2 tests/editor.spec.js:42:1 › the 101st editor sees Room full and can retry after a slot opens (728ms)
  ✓  3 tests/editor.spec.js:70:1 › revoking the link ends access to the editor (337ms)
  ✓  4 tests/editor.spec.js:84:1 › a delayed save response preserves newer typing and socket state (435ms)

  4 passed (2.6s)

[main] INFO migratus.core - Starting migrations
[main] INFO com.zaxxer.hikari.HikariDataSource - conduit - Starting...
[main] INFO com.zaxxer.hikari.pool.HikariPool - conduit - Added connection org.postgresql.jdbc.PgConnection@36ecf9f6
[main] INFO com.zaxxer.hikari.HikariDataSource - conduit - Start completed.
[main] INFO migratus.database - creating migration table 'schema_migrations'
[main] INFO migratus.core - Running up for [1 2 3 4 5]
[main] INFO migratus.core - Up 1-conduit
[main] INFO migratus.database - Connection is  {:connection #object[com.zaxxer.hikari.pool.HikariProxyConnection 0x751bb780 HikariProxyConnection@1964750720 wrapping org.postgresql.jdbc.PgConnection@36ecf9f6]} Config is {:store :database, :migration-dir migrations, :db {:datasource #object[com.zaxxer.hikari.HikariDataSource 0xde0c402 HikariDataSource (conduit)]}}
[main] INFO migratus.core - Up 2-drafts
[main] INFO migratus.database - Connection is  {:connection #object[com.zaxxer.hikari.pool.HikariProxyConnection 0x751bb780 HikariProxyConnection@1964750720 wrapping org.postgresql.jdbc.PgConnection@36ecf9f6]} Config is {:store :database, :migration-dir migrations, :db {:datasource #object[com.zaxxer.hikari.HikariDataSource 0xde0c402 HikariDataSource (conduit)]}}
[main] INFO migratus.core - Up 3-proletarian
[main] INFO migratus.database - Connection is  {:connection #object[com.zaxxer.hikari.pool.HikariProxyConnection 0x751bb780 HikariProxyConnection@1964750720 wrapping org.postgresql.jdbc.PgConnection@36ecf9f6]} Config is {:store :database, :migration-dir migrations, :db {:datasource #object[com.zaxxer.hikari.HikariDataSource 0xde0c402 HikariDataSource (conduit)]}}
[main] INFO migratus.core - Up 4-exports
[main] INFO migratus.database - Connection is  {:connection #object[com.zaxxer.hikari.pool.HikariProxyConnection 0x751bb780 HikariProxyConnection@1964750720 wrapping org.postgresql.jdbc.PgConnection@36ecf9f6]} Config is {:store :database, :migration-dir migrations, :db {:datasource #object[com.zaxxer.hikari.HikariDataSource 0xde0c402 HikariDataSource (conduit)]}}
[main] INFO migratus.core - Up 5-article-shares
[main] INFO migratus.database - Connection is  {:connection #object[com.zaxxer.hikari.pool.HikariProxyConnection 0x751bb780 HikariProxyConnection@1964750720 wrapping org.postgresql.jdbc.PgConnection@36ecf9f6]} Config is {:store :database, :migration-dir migrations, :db {:datasource #object[com.zaxxer.hikari.HikariDataSource 0xde0c402 HikariDataSource (conduit)]}}
[main] INFO migratus.core - Ending migrations
[main] INFO org.eclipse.jetty.server.Server - jetty-12.1.13; built: 2026-09-04T06:53:08.311Z; git: e99386749a0a4888cd9b555ffc96a476fd48d94e; jvm 25.0.4.1+1-LTS
[main] INFO org.eclipse.jetty.server.handler.ContextHandler - Started oeje9n.ContextHandler$CoreContextHandler@77226121{ROOT,/,b=null,a=AVAILABLE,h=oeje9n.ContextHandler$CoreContextHandler$CoreToNestedHandler@3117ac8d{STARTED}}
[main] INFO org.eclipse.jetty.server.AbstractConnector - Started oejs.ServerConnector@4452e13c{HTTP/1.1, (http/1.1)}{0.0.0.0:4113}
[main] INFO org.eclipse.jetty.server.Server - Started oejs.Server@42172065{STARTING}[12.1.13,sto=5000] @18ms
:proletarian.worker/handling-job {:job-id #uuid "1aef6a2a-cdf5-4d5b-8080-9126dacbeee1", :job-type :conduit.exports/build, :attempt 1, :worker-thread-id 1, :proletarian.worker/queue-worker-id proletarian[:proletarian/default]}
:proletarian.worker/job-finished {:job-id #uuid "1aef6a2a-cdf5-4d5b-8080-9126dacbeee1", :job-type :conduit.exports/build, :attempt 1, :worker-thread-id 1, :proletarian.worker/queue-worker-id proletarian[:proletarian/default]}
