$ docker run --rm --network

11:50:47.664 [info] == Running 20260929000000 Conduit.Repo.Migrations.InstallOban.up/0

11:50:47.710 [info] execute "DO $$\nBEGIN\nIF NOT EXISTS (SELECT 1 FROM pg_type\n               WHERE typname = 'oban_job_state'\n                 AND typnamespace = 'public'::regnamespace::oid) THEN\n    CREATE TYPE \"public\".oban_job_state AS ENUM (\n      'available',\n      'suspended',\n      'scheduled',\n      'executing',\n      'retryable',\n      'completed',\n      'discarded',\n      'cancelled'\n    );\n  END IF;\nEND$$;\n"

11:50:47.715 [info] create table if not exists public.oban_jobs

11:50:47.723 [info] create index if not exists public.oban_jobs_queue_index

11:50:47.727 [info] create index if not exists public.oban_jobs_state_index

11:50:47.730 [info] create index if not exists public.oban_jobs_scheduled_at_index

11:50:47.733 [info] execute "CREATE OR REPLACE FUNCTION \"public\".oban_jobs_notify() RETURNS trigger AS $$\nDECLARE\n  channel text;\n  notice json;\nBEGIN\n  IF (TG_OP = 'INSERT') THEN\n    channel = 'public.oban_insert';\n    notice = json_build_object('queue', NEW.queue, 'state', NEW.state);\n\n    -- No point triggering for a job that isn't scheduled to run now\n    IF NEW.scheduled_at IS NOT NULL AND NEW.scheduled_at > now() AT TIME ZONE 'utc' THEN\n      RETURN null;\n    END IF;\n  ELSE\n    channel = 'public.oban_update';\n    notice = json_build_object('queue', NEW.queue, 'new_state', NEW.state, 'old_state', OLD.state);\n  END IF;\n\n  PERFORM pg_notify(channel, notice::text);\n\n  RETURN NULL;\nEND;\n$$ LANGUAGE plpgsql;\n"

11:50:47.736 [info] execute "DROP TRIGGER IF EXISTS oban_notify ON \"public\".oban_jobs"

11:50:47.741 [info] trigger "oban_notify" for relation "public.oban_jobs" does not exist, skipping

11:50:47.741 [info] execute "CREATE TRIGGER oban_notify\nAFTER INSERT OR UPDATE OF state ON \"public\".oban_jobs\nFOR EACH ROW EXECUTE PROCEDURE \"public\".oban_jobs_notify();\n"

11:50:47.743 [info] drop index if exists public.oban_jobs_scheduled_at_index

11:50:47.746 [info] create index public.oban_jobs_scheduled_at_index

11:50:47.750 [info] create check constraint worker_length on table public.oban_jobs

11:50:47.752 [info] create check constraint queue_length on table public.oban_jobs

11:50:47.755 [info] execute "CREATE OR REPLACE FUNCTION \"public\".oban_wrap_id(value bigint) RETURNS int AS $$\nBEGIN\n  RETURN (CASE WHEN value > 2147483647 THEN mod(value, 2147483647) ELSE value END)::int;\nEND;\n$$ LANGUAGE plpgsql IMMUTABLE;\n"

11:50:47.758 [info] alter table public.oban_jobs

11:50:47.759 [info] execute "DROP FUNCTION IF EXISTS \"public\".oban_wrap_id(value bigint)"

11:50:47.761 [info] drop index if exists public.oban_jobs_scheduled_at_index

11:50:47.762 [info] drop index if exists public.oban_jobs_queue_index

11:50:47.765 [info] drop index if exists public.oban_jobs_state_index

11:50:47.766 [info] create index if not exists public.oban_jobs_queue_state_scheduled_at_id_index

11:50:47.770 [info] create index if not exists public.oban_jobs_attempted_at_id_index

11:50:47.775 [info] alter table public.oban_jobs

11:50:47.776 [info] alter table public.oban_jobs

11:50:47.778 [info] drop index if exists public.oban_jobs_queue_state_scheduled_at_id_index

11:50:47.779 [info] create index if not exists public.oban_jobs_state_queue_priority_scheduled_at_id_index

11:50:47.782 [info] execute "CREATE OR REPLACE FUNCTION \"public\".oban_jobs_notify() RETURNS trigger AS $$\nDECLARE\n  channel text;\n  notice json;\nBEGIN\n  IF NEW.state = 'available' THEN\n    channel = 'public.oban_insert';\n    notice = json_build_object('queue', NEW.queue);\n\n    PERFORM pg_notify(channel, notice::text);\n  END IF;\n\n  RETURN NULL;\nEND;\n$$ LANGUAGE plpgsql;\n"

11:50:47.784 [info] execute "DROP TRIGGER IF EXISTS oban_notify ON \"public\".oban_jobs"

11:50:47.785 [info] execute "CREATE TRIGGER oban_notify\nAFTER INSERT ON \"public\".oban_jobs\nFOR EACH ROW EXECUTE PROCEDURE \"public\".oban_jobs_notify();\n"

11:50:47.789 [info] alter table public.oban_jobs

11:50:47.797 [info] execute "ALTER TYPE \"public\".oban_job_state ADD VALUE IF NOT EXISTS 'cancelled'"

11:50:47.798 [info] enum label "cancelled" already exists, skipping

11:50:47.798 [info] create index if not exists public.oban_jobs_state_queue_priority_scheduled_at_id_index

11:50:47.799 [info] relation "oban_jobs_state_queue_priority_scheduled_at_id_index" already exists, skipping

11:50:47.800 [info] alter table public.oban_jobs

11:50:47.802 [info] create check constraint priority_range on table public.oban_jobs

11:50:47.804 [info] create check constraint positive_max_attempts on table public.oban_jobs

11:50:47.805 [info] create check constraint attempt_range on table public.oban_jobs

11:50:47.807 [info] drop index if exists public.oban_jobs_args_vector

11:50:47.809 [info] index "oban_jobs_args_vector" does not exist, skipping

11:50:47.809 [info] drop index if exists public.oban_jobs_worker_gist

11:50:47.812 [info] index "oban_jobs_worker_gist" does not exist, skipping

11:50:47.812 [info] drop index if exists public.oban_jobs_attempted_at_id_index

11:50:47.814 [info] create index if not exists public.oban_jobs_args_index

11:50:47.816 [info] create index if not exists public.oban_jobs_meta_index

11:50:47.818 [info] create table if not exists public.oban_peers

11:50:47.824 [info] execute "ALTER TABLE \"public\".oban_peers SET UNLOGGED"

11:50:47.828 [info] drop constraint priority_range from table public.oban_jobs

11:50:47.831 [info] create check constraint non_negative_priority on table public.oban_jobs

11:50:47.833 [info] execute "DROP TRIGGER IF EXISTS oban_notify ON \"public\".oban_jobs"

11:50:47.835 [info] execute "DROP FUNCTION IF EXISTS \"public\".oban_jobs_notify()"

11:50:47.840 [info] create index if not exists public.oban_jobs_state_cancelled_at_index

11:50:47.842 [info] create index if not exists public.oban_jobs_state_discarded_at_index

11:50:47.845 [info] execute "ALTER TYPE \"public\".oban_job_state ADD VALUE IF NOT EXISTS 'suspended' BEFORE 'scheduled'\n"

11:50:47.847 [info] enum label "suspended" already exists, skipping

11:50:47.847 [info] execute "COMMENT ON TABLE \"public\".oban_jobs IS '14'"

11:50:47.851 [info] == Migrated 20260929000000 in 0.1s

11:50:47.928 [info] == Running 20260929000100 Conduit.Repo.Migrations.CreateConduit.change/0 forward

11:50:47.929 [info] create table users

11:50:47.934 [info] create index users_username_index

11:50:47.941 [info] create index users_email_index

11:50:47.944 [info] create table follows

11:50:47.948 [info] create index follows_follower_id_followed_id_index

11:50:47.952 [info] create check constraint no_self_follow on table follows

11:50:47.957 [info] create table articles

11:50:47.967 [info] create index articles_slug_index

11:50:47.974 [info] create index articles_author_id_status_inserted_at_index

11:50:47.978 [info] create index articles_status_inserted_at_index

11:50:47.983 [info] create index articles_tag_list_index

11:50:47.991 [info] create check constraint valid_status on table articles

11:50:47.995 [info] create check constraint positive_revision on table articles

11:50:47.996 [info] create check constraint publication_state on table articles

11:50:47.997 [info] create table favorites

11:50:47.999 [info] create index favorites_user_id_article_id_index

11:50:48.000 [info] create index favorites_article_id_index

11:50:48.002 [info] create table comments

11:50:48.016 [info] create index comments_article_id_inserted_at_index

11:50:48.026 [info] create table exports

11:50:48.034 [info] create check constraint export_state on table exports

11:50:48.044 [info] create table shares

11:50:48.052 [info] create index shares_public_id_index

11:50:48.059 [info] create index shares_article_id_index

11:50:48.066 [info] == Migrated 20260929000100 in 0.1s

11:50:48.176 [info] == Running 20260929000200 Conduit.Repo.Migrations.ArticleTitleText.change/0 forward

11:50:48.176 [info] alter table articles

11:50:48.197 [info] == Migrated 20260929000200 in 0.0s

$ docker run -d --name
f2551ecbdf2df7bd37b633a89421f5b025a79098d4655ab9a2f3f9cec92e43d0

$ <REPO>/tools/one_shot_host/check-all.sh 4119
PASS live protocol: authorization, presence, updates, conflict, reconnect, revocation

Running 4 tests using 1 worker

  ✓  1 tests/editor.spec.js:7:1 › three independent browsers share edits and presence without losing a dirty draft (5.6s)
  ✓  2 tests/editor.spec.js:42:1 › the 101st editor sees Room full and can retry after a slot opens (20.6s)
  ✓  3 tests/editor.spec.js:70:1 › revoking the link ends access to the editor (2.0s)
  ✓  4 tests/editor.spec.js:84:1 › a delayed save response preserves newer typing and socket state (3.1s)

  4 passed (33.1s)
Success api/hurl/articles.hurl (17 request(s) in 3763 ms)
Success api/hurl/auth.hurl (20 request(s) in 4345 ms)
Success api/hurl/comments.hurl (13 request(s) in 2367 ms)
Success api/hurl/errors_articles.hurl (20 request(s) in 3259 ms)
Success api/hurl/errors_auth.hurl (20 request(s) in 5822 ms)
Success api/hurl/errors_authorization.hurl (9 request(s) in 2401 ms)
Success api/hurl/errors_comments.hurl (10 request(s) in 1908 ms)
Success api/hurl/errors_profiles.hurl (6 request(s) in 1372 ms)
Success api/hurl/favorites.hurl (9 request(s) in 2069 ms)
Success api/hurl/feed.hurl (12 request(s) in 3132 ms)
Success api/hurl/pagination.hurl (7 request(s) in 1549 ms)
Success api/hurl/profiles.hurl (7 request(s) in 2166 ms)
Success api/hurl/tags.hurl (4 request(s) in 1077 ms)
Success features/drafts/hurl/drafts.hurl (23 request(s) in 5290 ms)
Success features/drafts/hurl/errors_drafts.hurl (24 request(s) in 4482 ms)
Success features/exports/hurl/exports.hurl (17 request(s) in 3844 ms)
Success features/live-editing/hurl/live-editing.hurl (18 request(s) in 3996 ms)
--------------------------------------------------------------------------------
Executed files:    17
Executed requests: 236 (4.5/s)
Succeeded files:   17 (100.0%)
Failed files:      0 (0.0%)
Duration:          52897 ms (0h:0m:52s:897ms)

Success s01_jwt_alg_none.hurl (1 request(s) in 784 ms)
Success s02_jwt_signature_stripped.hurl (3 request(s) in 1708 ms)
Success s03_jwt_garbage.hurl (2 request(s) in 179 ms)
Success s04_mass_assignment_user.hurl (2 request(s) in 574 ms)
Success s05_mass_assignment_article.hurl (2 request(s) in 645 ms)
Success s06_injection_filters.hurl (4 request(s) in 430 ms)
Success s07_malformed_json.hurl (1 request(s) in 217 ms)
Success s08_wrong_types.hurl (8 request(s) in 2266 ms)
Success s09_oversized_body.hurl (2 request(s) in 791 ms)
Success s10_unknown_route.hurl (1 request(s) in 124 ms)
Success s11_login_enumeration.hurl (3 request(s) in 1836 ms)
Success s12_nosniff_header.hurl (1 request(s) in 110 ms)
Success s13_login_rate_limit.hurl (22 request(s) in 15122 ms)
--------------------------------------------------------------------------------
Executed files:    13
Executed requests: 52 (2.1/s)
Succeeded files:   13 (100.0%)
Failed files:      0 (0.0%)
Duration:          24825 ms (0h:0m:24s:825ms)

