DATABASE_URL=postgres://agentmvc:agentmvc@127.0.0.1:54123/agentmvc

[ info ] Upgrading migrations version from "1" to "2"
❯ migrating database/migrations/0000000000000_queue
[2K[1A[2K[G❯ migrated database/migrations/0000000000000_queue
❯ migrating database/migrations/0000000000001_conduit
[2K[1A[2K[G❯ migrated database/migrations/0000000000001_conduit
❯ migrating database/migrations/0000000000002_indexes
[2K[1A[2K[G❯ migrated database/migrations/0000000000002_indexes

Migrated in 789 ms
❯ Scanned "pg" database and found 9 tables
[2K[1A[2K[G❯ Scanned table articles
[2K[1A[2K[G❯ Scanned table comments
[2K[1A[2K[G❯ Scanned table queue_schedules
[2K[1A[2K[G❯ Scanned table favorites
[2K[1A[2K[G❯ Scanned table queue_jobs
[2K[1A[2K[G❯ Scanned table exports
[2K[1A[2K[G❯ Scanned table shares
[2K[1A[2K[G❯ Scanned table follows
[2K[1A[2K[G❯ Scanned table users
[2K[1A[2K[G❯ Creating schema classes for scanned tables
[ success ] Schema classes generated (145 ms)

bdf397b8092f780a09c2222a9230050c340cd51c1453a5b2731366294d728049

74ba6674f81f646074d01b8f4ee540247d57187bf768afc320a1da6e2a73fa80

Success api/hurl/articles.hurl (17 request(s) in 1456 ms)
Success api/hurl/auth.hurl (20 request(s) in 412 ms)
Success api/hurl/comments.hurl (13 request(s) in 222 ms)
Success api/hurl/errors_articles.hurl (20 request(s) in 166 ms)
Success api/hurl/errors_auth.hurl (20 request(s) in 424 ms)
Success api/hurl/errors_authorization.hurl (9 request(s) in 265 ms)
Success api/hurl/errors_comments.hurl (10 request(s) in 124 ms)
Success api/hurl/errors_profiles.hurl (6 request(s) in 85 ms)
Success api/hurl/favorites.hurl (9 request(s) in 138 ms)
Success api/hurl/feed.hurl (12 request(s) in 207 ms)
Success api/hurl/pagination.hurl (7 request(s) in 123 ms)
Success api/hurl/profiles.hurl (7 request(s) in 172 ms)
Success api/hurl/tags.hurl (4 request(s) in 95 ms)
Success features/drafts/hurl/drafts.hurl (23 request(s) in 513 ms)
Success features/drafts/hurl/errors_drafts.hurl (24 request(s) in 270 ms)
Success features/exports/hurl/exports.hurl (18 request(s) in 567 ms)
Success features/live-editing/hurl/live-editing.hurl (18 request(s) in 303 ms)
--------------------------------------------------------------------------------
Executed files:    17
Executed requests: 237 (42.3/s)
Succeeded files:   17 (100.0%)
Failed files:      0 (0.0%)
Duration:          5605 ms (0h:0m:5s:605ms)

PASS live protocol: authorization, presence, updates, conflict, reconnect, revocation

Running 4 tests using 1 worker

  ✓  1 tests/editor.spec.js:7:1 › three independent browsers share edits and presence without losing a dirty draft (2.2s)
  ✓  2 tests/editor.spec.js:42:1 › the 101st editor sees Room full and can retry after a slot opens (1.7s)
  ✓  3 tests/editor.spec.js:70:1 › revoking the link ends access to the editor (590ms)
  ✓  4 tests/editor.spec.js:84:1 › a delayed save response preserves newer typing and socket state (1.2s)

  4 passed (7.2s)
Success s01_jwt_alg_none.hurl (1 request(s) in 6 ms)
Success s02_jwt_signature_stripped.hurl (3 request(s) in 293 ms)
Success s03_jwt_garbage.hurl (2 request(s) in 16 ms)
Success s04_mass_assignment_user.hurl (2 request(s) in 191 ms)
Success s05_mass_assignment_article.hurl (2 request(s) in 209 ms)
Success s06_injection_filters.hurl (4 request(s) in 166 ms)
Success s07_malformed_json.hurl (1 request(s) in 10 ms)
Success s08_wrong_types.hurl (8 request(s) in 428 ms)
Success s09_oversized_body.hurl (2 request(s) in 122 ms)
Success s10_unknown_route.hurl (1 request(s) in 2 ms)
Success s11_login_enumeration.hurl (3 request(s) in 231 ms)
Success s12_nosniff_header.hurl (1 request(s) in 9 ms)
Success s13_login_rate_limit.hurl (22 request(s) in 1567 ms)
--------------------------------------------------------------------------------
Executed files:    13
Executed requests: 52 (15.6/s)
Succeeded files:   13 (100.0%)
Failed files:      0 (0.0%)
Duration:          3336 ms (0h:0m:3s:336ms)


