The files belonging to this database system will be owned by user "postgres".
This user must also own the server process.

The database cluster will be initialized with locale "en_US.utf8".
The default database encoding has accordingly been set to "UTF8".
The default text search configuration will be set to "english".

Data page checksums are disabled.

fixing permissions on existing directory /var/lib/postgresql/data ... ok
creating subdirectories ... ok
selecting dynamic shared memory implementation ... posix
selecting default "max_connections" ... 100
selecting default "shared_buffers" ... 128MB
selecting default time zone ... UTC
creating configuration files ... ok
running bootstrap script ... ok
sh: locale: not found
2026-09-29 12:13:26.737 UTC [41] WARNING:  no usable system locales were found
performing post-bootstrap initialization ... ok
syncing data to disk ... ok


Success. You can now start the database server using:

    pg_ctl -D /var/lib/postgresql/data -l logfile start

initdb: warning: enabling "trust" authentication for local connections
initdb: hint: You can change this by editing pg_hba.conf or using the option -A, or --auth-local and --auth-host, the next time you run initdb.
waiting for server to start....2026-09-29 12:13:30.784 UTC [64] LOG:  starting PostgreSQL 17.10 on aarch64-unknown-linux-musl, compiled by gcc (Alpine 15.2.0) 15.2.0, 64-bit
2026-09-29 12:13:30.790 UTC [64] LOG:  listening on Unix socket "/var/run/postgresql/.s.PGSQL.5432"
2026-09-29 12:13:30.799 UTC [67] LOG:  database system was shut down at 2026-09-29 12:13:27 UTC
2026-09-29 12:13:30.807 UTC [64] LOG:  database system is ready to accept connections
 done
server started
2026-09-29 12:13:30.924 UTC [82] FATAL:  database "agentmvc" does not exist
CREATE DATABASE


/usr/local/bin/docker-entrypoint.sh: ignoring /docker-entrypoint-initdb.d/*

waiting for server to shut down....2026-09-29 12:13:30.992 UTC [64] LOG:  received fast shutdown request
2026-09-29 12:13:30.995 UTC [64] LOG:  aborting any active transactions
2026-09-29 12:13:31.000 UTC [64] LOG:  background worker "logical replication launcher" (PID 70) exited with exit code 1
2026-09-29 12:13:31.002 UTC [65] LOG:  shutting down
2026-09-29 12:13:31.006 UTC [65] LOG:  checkpoint starting: shutdown immediate
2026-09-29 12:13:31.049 UTC [90] FATAL:  the database system is shutting down
2026-09-29 12:13:31.642 UTC [65] LOG:  checkpoint complete: wrote 926 buffers (5.7%); 0 WAL file(s) added, 0 removed, 0 recycled; write=0.064 s, sync=0.561 s, total=0.640 s; sync files=301, longest=0.012 s, average=0.002 s; distance=4266 kB, estimate=4266 kB; lsn=0/191C7D0, redo lsn=0/191C7D0
2026-09-29 12:13:31.649 UTC [64] LOG:  database system is shut down
 done
server stopped

PostgreSQL init process complete; ready for start up.

2026-09-29 12:13:31.793 UTC [1] LOG:  starting PostgreSQL 17.10 on aarch64-unknown-linux-musl, compiled by gcc (Alpine 15.2.0) 15.2.0, 64-bit
2026-09-29 12:13:31.793 UTC [1] LOG:  listening on IPv4 address "0.0.0.0", port 5432
2026-09-29 12:13:31.794 UTC [1] LOG:  listening on IPv6 address "::", port 5432
2026-09-29 12:13:31.800 UTC [1] LOG:  listening on Unix socket "/var/run/postgresql/.s.PGSQL.5432"
2026-09-29 12:13:31.808 UTC [94] LOG:  database system was shut down at 2026-09-29 12:13:31 UTC
2026-09-29 12:13:31.815 UTC [1] LOG:  database system is ready to accept connections
