#0 building with "orbstack" instance using docker driver

#1 [internal] load build definition from Dockerfile
#1 transferring dockerfile: 396B done
#1 DONE 0.0s

#2 [internal] load metadata for docker.io/library/node:24-bookworm-slim
#2 DONE 1.2s

#3 [internal] load .dockerignore
#3 transferring context: 83B done
#3 DONE 0.0s

#4 [dependencies 1/4] FROM docker.io/library/node:24-bookworm-slim@sha256:0e0ff40c39bc087845bfb27465a0df4ea419520094bc35842ff83dd8cbe6f9b6
#4 DONE 0.0s

#5 [internal] load build context
#5 transferring context: 22.91kB done
#5 DONE 0.0s

#6 [dependencies 2/4] WORKDIR /app
#6 CACHED

#7 [dependencies 3/4] COPY package.json package-lock.json ./
#7 CACHED

#8 [dependencies 4/4] RUN npm ci
#8 CACHED

#9 [build 1/2] COPY . .
#9 DONE 0.1s

#10 [build 2/2] RUN npm run build
#10 0.150 
#10 0.150 > agentmvc-conduit-typescript@0.0.0 build
#10 0.150 > node ace build
#10 0.150 
#10 0.600 [ info ] loading hooks...
#10 0.601 [ info ] generating indexes...
#10 0.604 [ info ] codegen: created 3 file(s)
#10 0.604 [ info ] cleaning up output directory (build)
#10 0.604 [ info ] compiling typescript source (tsc)
#10 1.339 [ info ] created ace file (build/ace.js)
#10 1.339 [ info ] copying meta files to the output directory
#10 1.340 [ success ] build completed
#10 1.340 
#10 1.352 ╭────────────────────────────────────────────────────────────────────────╮
#10 1.352 │    Run the following commands to start the server in production        │
#10 1.352 │────────────────────────────────────────────────────────────────────────│
#10 1.352 │                                                                        │
#10 1.352 │    ❯ cd build                                                          │
#10 1.352 │    ❯ npm ci --omit="dev"                                               │
#10 1.352 │    ❯ node bin/server.js                                                │
#10 1.352 │                                                                        │
#10 1.352 ╰────────────────────────────────────────────────────────────────────────╯
#10 DONE 1.4s

#6 [dependencies 2/4] WORKDIR /app
#6 CACHED

#11 [stage-2 3/5] COPY --from=build /app/build ./
#11 DONE 0.0s

#12 [stage-2 4/5] RUN npm ci --omit=dev && npm cache clean --force
#12 17.13 
#12 17.13 added 335 packages, and audited 336 packages in 17s
#12 17.13 
#12 17.13 104 packages are looking for funding
#12 17.13   run `npm fund` for details
#12 17.13 
#12 17.13 found 0 vulnerabilities
#12 17.14 npm notice
#12 17.14 npm notice New major version of npm available! 11.19.0 -> 12.1.0
#12 17.14 npm notice Changelog: https://github.com/npm/cli/releases/tag/v12.1.0
#12 17.14 npm notice To update run: npm install -g npm@12.1.0
#12 17.14 npm notice
#12 17.78 npm warn using --force Recommended protections disabled.
#12 DONE 19.9s

#13 [stage-2 5/5] COPY start.sh ./start.sh
#13 DONE 0.3s

#14 exporting to image
#14 exporting layers
#14 exporting layers 2.8s done
#14 writing image sha256:b1c482f119600eacebe9d50f266d90b2afff3489ed174c1b248e59a8349f6681 done
#14 naming to docker.io/library/agentmvc-one-shot-one-shot-v2-typescript-expert-reference-1-run-73827:latest 0.0s done
#14 DONE 2.9s
