#0 building with "orbstack" instance using docker driver

#1 [internal] load build definition from Dockerfile
#1 transferring dockerfile: 396B done
#1 DONE 0.0s

#2 [internal] load metadata for docker.io/library/node:24-bookworm-slim
#2 DONE 0.0s

#3 [internal] load .dockerignore
#3 transferring context: 83B done
#3 DONE 0.0s

#4 [dependencies 1/4] FROM docker.io/library/node:24-bookworm-slim
#4 DONE 0.0s

#5 [internal] load build context
#5 transferring context: 9.61kB 0.0s done
#5 DONE 0.0s

#6 [stage-2 3/5] COPY --from=build /app/build ./
#6 CACHED

#7 [dependencies 4/4] RUN npm ci
#7 CACHED

#8 [build 1/2] COPY . .
#8 CACHED

#9 [dependencies 3/4] COPY package.json package-lock.json ./
#9 CACHED

#10 [build 2/2] RUN npm run build
#10 CACHED

#11 [stage-2 4/5] RUN npm ci --omit=dev && npm cache clean --force
#11 CACHED

#12 [dependencies 2/4] WORKDIR /app
#12 CACHED

#13 [stage-2 5/5] COPY start.sh ./start.sh
#13 CACHED

#14 exporting to image
#14 exporting layers done
#14 writing image sha256:5e6cf22e581c57f47a0e7a8ff4743440eeca929f1d9fede546824658a30371cb done
#14 naming to docker.io/library/agentmvc-one-shot-one-shot-v2-typescript-expert-reference-1-run-79626:latest 0.0s done
#14 DONE 0.1s
AGENTMVC_WRAPPER_ERR script=tools/one_shot_host/check-production.sh line=28 status=1
