
> agentmvc-conduit-typescript@0.0.0 test
> node ace test

c[ info ] loading hooks...
[ info ] generating indexes...
[ info ] codegen: created 3 file(s)
[ info ] booting application to run tests...

unit / shared product rules (tests/unit/rules.spec.ts)
  ✔ draft visibility and public interaction remain separate (7.17ms)
  ✔ password and revision reject short or coerced inputs (1.58ms)
  ✔ nonblank input retains its whitespace (0.73ms)
  ✔ login failures expire at the window boundary (1.48ms)
  ✔ room admission is capped and closing a socket frees a slot (6.44ms)

 PASSED 

Tests  5 passed (5)
 Time  31ms
npm notice
npm notice New major version of npm available! 11.19.0 -> 12.1.0
npm notice Changelog: https://github.com/npm/cli/releases/tag/v12.1.0
npm notice To update run: npm install -g npm@12.1.0
npm notice
