PASS live protocol: authorization, presence, updates, conflict, reconnect, revocation

Running 4 tests using 1 worker

  ✓  1 tests/editor.spec.js:7:1 › three independent browsers share edits and presence without losing a dirty draft (591ms)
  ✓  2 tests/editor.spec.js:42:1 › the 101st editor sees Room full and can retry after a slot opens (598ms)
  ✓  3 tests/editor.spec.js:70:1 › revoking the link ends access to the editor (134ms)
  ✓  4 tests/editor.spec.js:84:1 › a delayed save response preserves newer typing and socket state (364ms)

  4 passed (2.1s)
#0 building with "orbstack" instance using docker driver

#1 [internal] load build definition from Dockerfile
#1 transferring dockerfile: 393B done
#1 DONE 0.0s

#2 [internal] load metadata for docker.io/library/rust:1.95-bookworm
#2 DONE 1.3s

#3 [internal] load metadata for docker.io/library/debian:bookworm-slim
#3 DONE 1.3s

#4 [internal] load .dockerignore
#4 transferring context: 87B done
#4 DONE 0.0s

#5 [build 1/4] FROM docker.io/library/rust:1.95-bookworm@sha256:6258907abe69656e41cd992e0b705cdcfabcbbe3db374f92ed2d47121282d4a1
#5 DONE 0.0s

#6 [stage-1 1/3] FROM docker.io/library/debian:bookworm-slim@sha256:3783cc01769c7b2b1b83a5c5ad96c815348e28ed7da68e2e3687004faa906251
#6 DONE 0.0s

#7 [internal] load build context
#7 transferring context: 6.76kB 0.1s done
#7 DONE 0.1s

#8 [build 2/4] WORKDIR /app
#8 CACHED

#9 [build 3/4] COPY conduit/ .
#9 DONE 0.4s

#10 [build 4/4] RUN cargo build --release --bin conduit-server
#10 0.178     Updating crates.io index
#10 9.494  Downloading crates ...
#10 10.40   Downloaded anstream v1.0.0
#10 10.54   Downloaded async-trait v0.1.92
#10 10.66   Downloaded arrow-string v58.4.0
#10 10.72   Downloaded chacha20 v0.10.2
#10 10.75   Downloaded base16ct v0.2.0
#10 10.89   Downloaded atoi v2.0.0
#10 10.90   Downloaded cmov v0.5.4
#10 10.90   Downloaded bitflags v1.3.2
#10 10.91   Downloaded async-lock v3.4.2
#10 10.97   Downloaded crunchy v0.2.4
#10 10.98   Downloaded bcrypt v0.17.1
#10 11.00   Downloaded crypto-common v0.1.7
#10 11.06   Downloaded bytesize v2.7.0
#10 11.08   Downloaded byte-unit v5.2.6
#10 11.14   Downloaded darling_macro v0.20.11
#10 11.15   Downloaded borsh-derive v1.8.1
#10 11.16   Downloaded bitflags v2.13.2
#10 11.17   Downloaded client-ip v0.2.1
#10 11.18   Downloaded cfg_aliases v0.2.2
#10 11.18   Downloaded assert-json-diff v2.0.2
#10 11.22   Downloaded darling v0.23.0
#10 11.23   Downloaded backtrace_printer v1.3.0
#10 11.24   Downloaded arrow-row v58.4.0
#10 11.25   Downloaded blowfish v0.9.1
#10 11.25   Downloaded backon v1.6.0
#10 11.25   Downloaded btparse-stable v0.1.2
#10 11.26   Downloaded aliasable v0.1.3
#10 11.27   Downloaded adler2 v2.0.1
#10 11.27   Downloaded darling v0.20.11
#10 11.28   Downloaded const-oid v0.9.6
#10 11.28   Downloaded cssparser-macros v0.6.1
#10 11.29   Downloaded compression-core v0.4.33
#10 11.29   Downloaded auto-future v1.0.0
#10 11.29   Downloaded ctutils v0.4.2
#10 11.30   Downloaded chrono-tz-build v0.3.0
#10 11.30   Downloaded cruet v0.13.3
#10 11.31   Downloaded block-buffer v0.10.4
#10 11.32   Downloaded atomic-waker v1.1.2
#10 11.33   Downloaded dashmap v6.2.1
#10 11.33   Downloaded block-buffer v0.12.1
#10 11.34   Downloaded colored v2.2.0
#10 11.35   Downloaded anstyle-parse v1.0.0
#10 11.36   Downloaded alloc-stdlib v0.2.4
#10 11.39   Downloaded anstyle-query v1.1.5
#10 11.40   Downloaded crossbeam-epoch v0.9.21
#10 11.40   Downloaded cfg-if v1.0.5
#10 11.40   Downloaded colorchoice v1.0.5
#10 11.41   Downloaded anstyle v1.0.14
#10 11.42   Downloaded clap_lex v1.1.1
#10 11.43   Downloaded async-stream v0.3.6
#10 11.43   Downloaded axum-client-ip v1.3.1
#10 11.47   Downloaded darling_macro v0.23.0
#10 11.47   Downloaded clap_derive v4.6.7
#10 11.48   Downloaded cruet v1.0.0
#10 11.48   Downloaded cssparser v0.36.0
#10 11.48   Downloaded argon2 v0.5.3
#10 11.49   Downloaded arrayvec v0.7.8
#10 11.49   Downloaded cipher v0.4.4
#10 11.50   Downloaded autocfg v1.5.1
#10 11.50   Downloaded byteorder v1.5.0
#10 11.51   Downloaded blake2 v0.10.6
#10 11.51   Downloaded crypto-common v0.2.2
#10 11.51   Downloaded axum-macros v0.5.1
#10 11.52   Downloaded base64ct v1.8.3
#10 11.52   Downloaded axum-core v0.5.6
#10 11.52   Downloaded alloc-no-stdlib v2.0.4
#10 11.52   Downloaded async-stream-impl v0.3.6
#10 11.53   Downloaded ahash v0.8.12
#10 11.53   Downloaded crossbeam-utils v0.8.23
#10 11.54   Downloaded cargo-lock v11.1.0
#10 11.54   Downloaded errno v0.3.14
#10 11.54   Downloaded colored v3.1.1
#10 11.54   Downloaded compression-codecs v0.4.43
#10 11.55   Downloaded anyhow v1.0.104
#10 11.55   Downloaded dotenvy v0.15.7
#10 11.55   Downloaded dtoa-short v0.3.5
#10 11.57   Downloaded arrow-arith v58.4.0
#10 11.57   Downloaded foldhash v0.1.5
#10 11.57   Downloaded ff v0.13.1
#10 11.58   Downloaded crossbeam-queue v0.3.14
#10 11.59   Downloaded allocator-api2 v0.2.21
#10 11.59   Downloaded arrow-data v58.4.0
#10 11.59   Downloaded const-oid v0.10.2
#10 11.60   Downloaded cpufeatures v0.3.1
#10 11.60   Downloaded cpufeatures v0.2.17
#10 11.60   Downloaded const-random-macro v0.1.16
#10 11.60   Downloaded const-random v0.1.18
#10 11.60   Downloaded crc-catalog v2.5.0
#10 11.60   Downloaded cookie v0.18.2
#10 11.61   Downloaded croner v3.0.1
#10 11.62   Downloaded derive_builder v0.20.2
#10 11.62   Downloaded crc32fast v1.5.2
#10 11.62   Downloaded crc v3.4.0
#10 11.62   Downloaded crossbeam-deque v0.8.8
#10 11.63   Downloaded hmac v0.12.1
#10 11.63   Downloaded home v0.5.12
#10 11.63   Downloaded hmac v0.13.0
#10 11.63   Downloaded hostname v0.4.2
#10 11.64   Downloaded arrow-select v58.4.0
#10 11.64   Downloaded ecdsa v0.16.9
#10 11.65   Downloaded base64 v0.22.1
#10 11.66   Downloaded http-body-util v0.1.5
#10 11.66   Downloaded http-body v1.1.0
#10 11.66   Downloaded http-range-header v0.4.2
#10 11.66   Downloaded axum-test v17.3.0
#10 11.67   Downloaded bytes v1.12.1
#10 11.68   Downloaded async-compression v0.4.48
#10 11.69   Downloaded arrow-schema v58.4.0
#10 11.69   Downloaded fs-err v2.11.0
#10 11.69   Downloaded bigdecimal v0.4.10
#10 11.70   Downloaded aho-corasick v1.1.5
#10 11.70   Downloaded digest v0.10.7
#10 11.74   Downloaded futures-core v0.3.34
#10 11.77   Downloaded displaydoc v0.2.7
#10 11.77   Downloaded getrandom v0.4.3
#10 11.78   Downloaded httpdate v1.0.3
#10 11.78   Downloaded brotli v8.0.4
#10 11.79   Downloaded hybrid-array v0.4.15
#10 11.79   Downloaded iana-time-zone v0.1.65
#10 11.80   Downloaded globset v0.4.20
#10 11.81   Downloaded brotli-decompressor v5.0.3
#10 11.82   Downloaded fastrand v2.5.0
#10 11.82   Downloaded defmt-macros v1.1.1
#10 11.82   Downloaded defmt v1.1.1
#10 11.83   Downloaded ego-tree v0.10.0
#10 11.83   Downloaded data-encoding v2.11.1
#10 11.87   Downloaded fnv v1.0.7
#10 11.89   Downloaded derive_builder_core v0.20.2
#10 11.90   Downloaded futures-channel v0.3.34
#10 11.92   Downloaded forwarded-header-value v0.1.1
#10 11.92   Downloaded defmt-parser v1.0.0
#10 11.95   Downloaded chrono-tz v0.10.4
#10 11.96   Downloaded event-listener-strategy v0.5.4
#10 11.97   Downloaded icu_provider v2.3.1
#10 11.97   Downloaded diff v0.1.13
#10 11.97   Downloaded arrow v58.4.0
#10 11.98   Downloaded duct v1.1.2
#10 11.98   Downloaded equivalent v1.0.2
#10 11.99   Downloaded getopts v0.2.24
#10 11.99   Downloaded deranged v0.5.8
#10 11.99   Downloaded arrow-array v58.4.0
#10 12.00   Downloaded idna_adapter v1.2.2
#10 12.00   Downloaded ident_case v1.0.1
#10 12.00   Downloaded dtoa v1.0.11
#10 12.01   Downloaded include_dir v0.7.4
#10 12.01   Downloaded borsh v1.8.1
#10 12.02   Downloaded inotify-sys v0.1.8
#10 12.02   Downloaded inotify v0.11.5
#10 12.02   Downloaded cc v1.5.1
#10 12.03   Downloaded futures-sink v0.3.34
#10 12.06   Downloaded base64 v0.23.1
#10 12.07   Downloaded either v1.18.0
#10 12.08   Downloaded arrow-buffer v58.4.0
#10 12.08   Downloaded arrow-cast v58.4.0
#10 12.09   Downloaded getrandom v0.2.17
#10 12.11   Downloaded generic-array v0.14.7
#10 12.11   Downloaded dyn-clone v1.0.20
#10 12.12   Downloaded bstr v1.13.1
#10 12.12   Downloaded is_terminal_polyfill v1.70.2
#10 12.12   Downloaded itoa v1.0.18
#10 12.12   Downloaded futures-macro v0.3.34
#10 12.13   Downloaded chrono-tz v0.9.0
#10 12.13   Downloaded axum-extra v0.10.3
#10 12.13   Downloaded arrow-ord v58.4.0
#10 12.14   Downloaded email_address v0.2.9
#10 12.14   Downloaded asyncband v0.6.7
#10 12.14   Downloaded digest v0.11.3
#10 12.15   Downloaded clap_builder v4.6.7
#10 12.16   Downloaded chrono v0.4.45
#10 12.17   Downloaded clap v4.6.7
#10 12.17   Downloaded derive_builder_macro v0.20.2
#10 12.18   Downloaded axum v0.8.9
#10 12.18   Downloaded jobserver v0.1.35
#10 12.18   Downloaded jiff-static v0.2.37
#10 12.19   Downloaded futf v0.1.5
#10 12.19   Downloaded jsonwebtoken v9.3.1
#10 12.19   Downloaded email-encoding v0.4.2
#10 12.19   Downloaded jsonwebtoken v10.4.0
#10 12.20   Downloaded lexical-core v1.0.6
#10 12.20   Downloaded lazy_static v1.5.0
#10 12.20   Downloaded lexical-parse-integer v1.0.6
#10 12.21   Downloaded getrandom v0.3.4
#10 12.22   Downloaded futures-task v0.3.34
#10 12.22   Downloaded lexical-write-integer v1.0.6
#10 12.23   Downloaded lock_api v0.4.14
#10 12.23   Downloaded litemap v0.8.3
#10 12.23   Downloaded form_urlencoded v1.2.2
#10 12.29   Downloaded matchers v0.2.0
#10 12.29   Downloaded mac v0.1.1
#10 12.29   Downloaded futures-io v0.3.34
#10 12.30   Downloaded log v0.4.34
#10 12.84   Downloaded mac_address v1.1.8
#10 13.01   Downloaded mime_guess v2.0.5
#10 13.01   Downloaded mime v0.3.17
#10 13.02   Downloaded nonempty v0.7.0
#10 13.02   Downloaded notify-types v2.1.0
#10 13.02   Downloaded num-integer v0.1.47
#10 13.02   Downloaded num-conv v0.2.2
#10 13.03   Downloaded curve25519-dalek v4.1.3
#10 13.03   Downloaded ouroboros v0.18.5
#10 13.04   Downloaded rand_core v0.10.1
#10 13.04   Downloaded sea-bae v0.2.2
#10 13.04   Downloaded lexical-util v1.0.7
#10 13.04   Downloaded memoffset v0.9.1
#10 13.04   Downloaded matchit v0.8.4
#10 13.05   Downloaded lexical-parse-float v1.0.6
#10 13.05   Downloaded scraper v0.25.0
#10 13.05   Downloaded ryu v1.0.23
#10 13.05   Downloaded rustversion v1.0.23
#10 13.06   Downloaded rustc_version v0.4.1
#10 13.06   Downloaded rrgen v0.6.0
#10 13.06   Downloaded reserve-port v2.5.0
#10 13.06   Downloaded proc-macro-error3 v3.1.1
#10 13.07   Downloaded precomputed-hash v0.1.1
#10 13.07   Downloaded jiff v0.2.37
#10 13.08   Downloaded rand_core v0.9.5
#10 13.08   Downloaded rand_chacha v0.9.0
#10 13.08   Downloaded quoted_printable v0.5.2
#10 13.08   Downloaded quote v1.0.47
#10 13.08   Downloaded proc-macro2-diagnostics v0.10.1
#10 13.08   Downloaded proc-macro2 v1.0.107
#10 13.09   Downloaded powerfmt v0.2.0
#10 13.09   Downloaded phf_generator v0.11.3
#10 13.09   Downloaded phf_codegen v0.11.3
#10 13.09   Downloaded phf v0.13.1
#10 13.09   Downloaded phf v0.12.1
#10 13.09   Downloaded phf v0.11.3
#10 13.09   Downloaded percent-encoding v2.3.2
#10 13.09   Downloaded pem v3.0.6
#10 13.09   Downloaded password-hash v0.5.0
#10 13.10   Downloaded parking_lot_core v0.9.12
#10 13.10   Downloaded parking_lot v0.12.5
#10 13.10   Downloaded parking v2.2.1
#10 13.10   Downloaded p256 v0.13.2
#10 13.10   Downloaded indexmap v2.14.2
#10 13.11   Downloaded ignore v0.4.33
#10 13.11   Downloaded idna v1.1.0
#10 13.11   Downloaded icu_properties_data v2.3.0
#10 13.12   Downloaded icu_normalizer_data v2.3.0
#10 13.12   Downloaded icu_normalizer v2.3.0
#10 13.13   Downloaded icu_locale_core v2.3.0
#10 13.13   Downloaded icu_collections v2.3.0
#10 13.14   Downloaded hyper v1.11.1
#10 13.14   Downloaded http v1.5.0
#10 13.14   Downloaded html5ever v0.36.1
#10 13.15   Downloaded os_pipe v1.2.3
#10 13.15   Downloaded ordered-float v4.6.0
#10 13.15   Downloaded opendal-service-fs v0.58.2
#10 13.15   Downloaded opendal-layer-retry v0.58.2
#10 13.15   Downloaded once_cell v1.21.4
#10 13.15   Downloaded num-iter v0.1.46
#10 13.15   Downloaded num-complex v0.4.6
#10 13.15   Downloaded inout v0.1.4
#10 13.15   Downloaded indoc v2.0.7
#10 13.16   Downloaded include_dir_macros v0.7.4
#10 13.16   Downloaded humansize v2.1.3
#10 13.16   Downloaded httparse v1.10.1
#10 13.16   Downloaded hex v0.4.3
#10 13.16   Downloaded heck v0.5.0
#10 13.16   Downloaded heck v0.4.1
#10 13.16   Downloaded hashlink v0.11.1
#10 13.17   Downloaded hashlink v0.10.0
#10 13.17   Downloaded half v2.7.1
#10 13.17   Downloaded group v0.13.0
#10 13.17   Downloaded globwalk v0.9.1
#10 13.17   Downloaded futures v0.3.34
#10 13.17   Downloaded english-to-cron v0.1.7
#10 13.18   Downloaded elliptic-curve v0.13.8
#10 13.18   Downloaded ed25519 v2.2.3
#10 13.18   Downloaded derive-where v1.7.0
#10 13.18   Downloaded darling_core v0.23.0
#10 13.19   Downloaded darling_core v0.20.11
#10 13.19   Downloaded crypto-bigint v0.5.5
#10 13.20   Downloaded sea-orm-arrow v2.0.0-rc.4
#10 13.20   Downloaded lexical-write-float v1.0.6
#10 13.20   Downloaded num-derive v0.4.2
#10 13.20   Downloaded nu-ansi-term v0.50.3
#10 13.20   Downloaded glob v0.3.4
#10 13.20   Downloaded futures-executor v0.3.34
#10 13.20   Downloaded foldhash v0.2.0
#10 13.21   Downloaded loco-gen v1.2.0
#10 13.21   Downloaded find-msvc-tools v0.1.14
#10 13.22   Downloaded event-listener v5.4.2
#10 13.22   Downloaded crossbeam-channel v0.5.17
#10 13.22   Downloaded new_debug_unreachable v1.0.6
#10 13.22   Downloaded md-5 v0.11.0
#10 13.22   Downloaded md-5 v0.10.6
#10 13.22   Downloaded markup5ever v0.36.1
#10 13.35   Downloaded encoding_rs v0.8.42
#10 13.36   Downloaded multiversion_no_op v1.0.0
#10 13.37   Downloaded multer v3.1.0
#10 13.47   Downloaded notify v8.2.0
#10 13.48   Downloaded futures-intrusive v0.5.0
#10 13.48   Downloaded sea-query-derive v1.0.0
#10 13.49   Downloaded sea-orm-migration v2.0.3
#10 13.50   Downloaded num-traits v0.2.19
#10 13.51   Downloaded ouroboros_macro v0.18.5
#10 13.52   Downloaded pem-rfc7468 v0.7.0
#10 13.52   Downloaded pest_derive v2.9.2
#10 13.54   Downloaded pest_generator v2.9.2
#10 13.55   Downloaded pest_meta v2.9.2
#10 13.57   Downloaded pgvector v0.4.2
#10 13.58   Downloaded phf_codegen v0.13.1
#10 13.59   Downloaded phf_macros v0.13.1
#10 13.59   Downloaded phf_generator v0.13.1
#10 13.60   Downloaded phf_shared v0.12.1
#10 13.61   Downloaded phf_shared v0.11.3
#10 13.61   Downloaded phf_shared v0.13.1
#10 14.13   Downloaded pkcs8 v0.10.2
#10 14.13   Downloaded pin-project-lite v0.2.17
#10 14.14   Downloaded pkg-config v0.3.34
#10 14.15   Downloaded pkcs1 v0.7.5
#10 14.15   Downloaded potential_utf v0.1.6
#10 14.15   Downloaded pluralizer v0.5.0
#10 14.16   Downloaded sea-query-sqlx v0.9.1
#10 14.16   Downloaded sea-orm-cli v2.0.3
#10 14.16   Downloaded futures-util v0.3.34
#10 14.17   Downloaded flume v0.12.0
#10 14.17   Downloaded flate2 v1.1.10
#10 14.18   Downloaded derive_more-impl v2.1.1
#10 14.18   Downloaded derive_more v2.1.1
#10 14.19   Downloaded der v0.7.10
#10 14.19   Downloaded scopeguard v1.2.0
#10 14.19   Downloaded same-file v1.0.6
#10 14.20   Downloaded rustls-pki-types v1.15.1
#10 14.20   Downloaded rustc-hash v2.1.3
#10 14.20   Downloaded rust-multipart-rfc7578_2 v0.8.0
#10 14.20   Downloaded rfc6979 v0.4.0
#10 14.20   Downloaded ref-cast-impl v1.0.27
#10 14.20   Downloaded ref-cast v1.0.27
#10 14.20   Downloaded rand_core v0.6.4
#10 14.20   Downloaded rand_chacha v0.3.1
#10 14.20   Downloaded proc-macro-error-attr3 v3.1.1
#10 14.21   Downloaded proc-macro-crate v3.5.0
#10 14.21   Downloaded primeorder v0.13.6
#10 14.21   Downloaded ppv-lite86 v0.2.21
#10 14.22   Downloaded semver v1.0.28
#10 14.22   Downloaded selectors v0.33.0
#10 14.22   Downloaded sea-schema-derive v0.3.0
#10 14.22   Downloaded mio v1.2.3
#10 14.23   Downloaded memchr v2.8.3
#10 14.23   Downloaded loco-rs v1.2.0
#10 14.25   Downloaded libsqlite3-sys v0.30.1
#10 14.30   Downloaded serde_yaml v0.9.34+deprecated
#10 14.30   Downloaded serde_yaml_ng v0.10.0
#10 14.30   Downloaded rsa v0.9.10
#10 14.31   Downloaded rand v0.10.3
#10 14.31   Downloaded rand v0.9.5
#10 14.31   Downloaded rand v0.8.8
#10 14.32   Downloaded pest v2.9.2
#10 14.32   Downloaded parse-zoneinfo v0.3.1
#10 14.32   Downloaded opendal-core v0.58.2
#10 14.33   Downloaded num-bigint-dig v0.8.6
#10 14.34   Downloaded libm v0.2.16
#10 14.34   Downloaded num-bigint v0.4.8
#10 14.35   Downloaded rustls-webpki v0.103.15
#10 14.35   Downloaded moka v0.12.16
#10 14.36   Downloaded lettre v0.11.23
#10 14.36   Downloaded jiff-core v0.1.1
#10 14.36   Downloaded itertools v0.14.0
#10 14.37   Downloaded icu_properties v2.3.0
#10 14.37   Downloaded hyper-util v0.1.21
#10 14.38   Downloaded hkdf v0.13.0
#10 14.38   Downloaded hkdf v0.12.4
#10 14.38   Downloaded hashbrown v0.17.1
#10 14.38   Downloaded hashbrown v0.16.1
#10 14.39   Downloaded hashbrown v0.15.5
#10 14.39   Downloaded hashbrown v0.14.5
#10 14.39   Downloaded flume v0.11.1
#10 14.40   Downloaded ed25519-dalek v2.2.0
#10 14.40   Downloaded deunicode v1.6.2
#10 14.40   Downloaded p384 v0.13.1
#10 14.40   Downloaded serde_variant v0.1.3
#10 14.41   Downloaded serde_urlencoded v0.7.1
#10 14.41   Downloaded serde_spanned v1.1.1
#10 14.41   Downloaded serde_spanned v0.6.9
#10 14.41   Downloaded serde_regex v1.2.0
#10 14.41   Downloaded serde_path_to_error v0.1.20
#10 14.41   Downloaded serde_derive v1.0.229
#10 14.41   Downloaded serde_core v1.0.229
#10 14.42   Downloaded sec1 v0.7.3
#10 14.42   Downloaded schemars v1.2.2
#10 14.44   Downloaded sharded-slab v0.1.7
#10 14.44   Downloaded portable-atomic v1.15.0
#10 14.44   Downloaded opendal v0.58.2
#10 14.48   Downloaded rust_decimal v1.43.0
#10 14.66   Downloaded regex-syntax v0.8.11
#10 14.74   Downloaded rustls v0.23.45
#10 14.75   Downloaded rustix v1.1.5
#10 14.81   Downloaded regex-automata v0.4.18
#10 14.95   Downloaded strum v0.28.0
#10 14.97   Downloaded sqlx-macros-core v0.9.0
#10 14.97   Downloaded ring v0.17.14
#10 15.04   Downloaded libc v0.2.189
#10 15.07   Downloaded stable_deref_trait v1.2.1
#10 15.07   Downloaded sqlx-macros-core v0.8.6
#10 15.12   Downloaded sqlx-macros v0.9.0
#10 15.13   Downloaded symlink v0.1.0
#10 15.14   Downloaded time-macros v0.2.32
#10 15.15   Downloaded sync_wrapper v1.0.2
#10 15.15   Downloaded subtle v2.6.1
#10 15.16   Downloaded strum v0.27.2
#10 15.16   Downloaded tagptr v0.2.0
#10 15.16   Downloaded strum_macros v0.27.2
#10 15.17   Downloaded strsim v0.11.1
#10 15.17   Downloaded time-core v0.1.9
#10 15.17   Downloaded tiny-keccak v2.0.2
#10 15.18   Downloaded thiserror v2.0.21
#10 15.18   Downloaded static_assertions v1.1.0
#10 15.19   Downloaded servo_arc v0.4.3
#10 15.19   Downloaded string_cache_codegen v0.6.1
#10 15.19   Downloaded string_cache v0.9.0
#10 15.22   Downloaded thiserror v1.0.69
#10 15.23   Downloaded tinyvec v1.13.3
#10 15.23   Downloaded stringprep v0.1.5
#10 15.23   Downloaded synstructure v0.14.0
#10 15.25   Downloaded tinystr v0.8.4
#10 15.25   Downloaded thiserror-impl v1.0.69
#10 15.30   Downloaded thread_local v1.1.10
#10 15.30   Downloaded thiserror-impl v2.0.21
#10 15.32   Downloaded tendril v0.4.3
#10 15.34   Downloaded termcolor v1.4.1
#10 15.45   Downloaded sea-orm v2.0.3
#10 15.49   Downloaded toml_datetime v1.1.1+spec-1.1.0
#10 15.49   Downloaded toml_datetime v0.6.11
#10 15.49   Downloaded toml v1.1.6+spec-1.1.0
#10 15.49   Downloaded toml v0.8.23
#10 15.49   Downloaded tokio-tungstenite v0.29.0
#10 15.50   Downloaded tokio-rustls v0.26.5
#10 15.50   Downloaded tokio-macros v2.7.2
#10 15.51   Downloaded tokio-stream v0.1.19
#10 15.52   Downloaded toml_write v0.1.2
#10 15.52   Downloaded toml_parser v1.1.3+spec-1.1.0
#10 15.52   Downloaded toml_writer v1.1.2+spec-1.1.0
#10 15.56   Downloaded sea-query v1.0.2
#10 15.57   Downloaded tracing-attributes v0.1.31
#10 15.57   Downloaded tracing-appender v0.2.5
#10 16.22   Downloaded shared_child v1.1.2
#10 16.34   Downloaded shlex v2.0.1
#10 16.37   Downloaded signature v2.2.0
#10 16.38   Downloaded sha2 v0.10.9
#10 16.39   Downloaded simdutf8 v0.1.5
#10 16.39   Downloaded simd-adler32 v0.3.10
#10 16.40   Downloaded sha1 v0.11.0
#10 16.43   Downloaded spin v0.9.9
#10 16.43   Downloaded sigchld v0.2.5
#10 16.44   Downloaded sha2 v0.11.0
#10 16.45   Downloaded slug v0.1.6
#10 16.45   Downloaded signal-hook v0.4.4
#10 16.45   Downloaded sha1 v0.10.7
#10 16.45   Downloaded signal-hook-registry v1.4.8
#10 16.45   Downloaded linux-raw-sys v0.12.1
#10 16.50   Downloaded spki v0.7.3
#10 16.50   Downloaded smallvec v1.16.2
#10 16.50   Downloaded slab v0.4.12
#10 16.51   Downloaded shared_thread v0.2.1
#10 16.51   Downloaded socket2 v0.6.5
#10 16.51   Downloaded siphasher v1.0.4
#10 16.55   Downloaded sqlx-macros v0.8.6
#10 16.58   Downloaded simple_asn1 v0.6.4
#10 16.61   Downloaded miniz_oxide v0.9.1
#10 16.67   Downloaded nom v8.0.0
#10 16.71   Downloaded nix v0.29.0
#10 16.72   Downloaded tower-layer v0.3.3
#10 16.73   Downloaded tower-service v0.3.3
#10 16.76   Downloaded tracing-core v0.1.36
#10 16.76   Downloaded tracing-log v0.2.0
#10 16.77   Downloaded tracing-serde v0.2.0
#10 16.78   Downloaded try-lock v0.2.5
#10 16.78   Downloaded tree-fs v0.3.1
#10 16.81   Downloaded ts-rs-macros v12.0.1
#10 16.82   Downloaded ts-rs v12.0.1
#10 16.83   Downloaded ulid v1.2.1
#10 16.84   Downloaded unicase v2.9.0
#10 16.84   Downloaded ucd-trie v0.1.7
#10 16.85   Downloaded unicode-bidi v0.3.18
#10 16.88   Downloaded unicode-ident v1.0.26
#10 16.89   Downloaded unicode-properties v0.1.4
#10 16.89   Downloaded pretty_assertions v1.4.1
#10 16.90   Downloaded sea-orm-macros v2.0.3
#10 16.93   Downloaded regex v1.13.1
#10 16.94   Downloaded quick-xml v0.41.0
#10 16.97   Downloaded whoami v1.6.1
#10 16.99   Downloaded want v0.3.1
#10 17.00   Downloaded utf-8 v0.7.6
#10 17.01   Downloaded version_check v0.9.5
#10 17.01   Downloaded walkdir v2.5.0
#10 17.01   Downloaded validator_derive v0.20.1
#10 17.03   Downloaded whoami v2.1.3
#10 17.03   Downloaded web_atoms v0.2.6
#10 17.04   Downloaded unicode-xid v0.2.6
#10 17.04   Downloaded utf8-width v0.1.9
#10 17.04   Downloaded utf8parse v0.2.2
#10 17.05   Downloaded utf8_iter v1.0.4
#10 17.05   Downloaded webpki-roots v0.26.11
#10 17.05   Downloaded validator v0.20.0
#10 17.06   Downloaded untrusted v0.9.0
#10 17.07   Downloaded unsafe-libyaml v0.2.11
#10 17.12   Downloaded zstd v0.14.0
#10 17.17   Downloaded sqlx v0.8.6
#10 17.18   Downloaded sqlx-core v0.9.0
#10 17.19   Downloaded sqlx v0.9.0
#10 17.20   Downloaded sqlx-core v0.8.6
#10 17.21   Downloaded toml_edit v0.25.15+spec-1.1.0
#10 17.21   Downloaded toml_edit v0.22.27
#10 17.22   Downloaded tower v0.5.3
#10 17.24   Downloaded tower-http v0.6.11
#10 17.31   Downloaded tracing v0.1.44
#10 17.34   Downloaded tracing-subscriber v0.3.23
#10 17.35   Downloaded tungstenite v0.29.0
#10 17.35   Downloaded typenum v1.20.1
#10 17.36   Downloaded unicode-normalization v0.1.25
#10 17.37   Downloaded uuid v1.26.1
#10 17.37   Downloaded unicode-segmentation v1.13.3
#10 17.41   Downloaded unicode-width v0.2.2
#10 17.42   Downloaded url v2.5.8
#10 17.44   Downloaded winnow v0.7.15
#10 17.47   Downloaded winnow v1.0.4
#10 17.53   Downloaded webpki-roots v1.0.9
#10 17.53   Downloaded vcpkg v0.2.15
#10 17.77   Downloaded xattr v1.6.1
#10 17.77   Downloaded zstd-safe v8.0.0
#10 17.77   Downloaded serde_json v1.0.151
#10 17.77   Downloaded syn v3.0.6
#10 17.78   Downloaded time v0.3.55
#10 17.79   Downloaded sqlx-sqlite v0.9.0
#10 17.79   Downloaded tera v2.4.0
#10 17.81   Downloaded tera v1.20.1
#10 17.82   Downloaded syn v2.0.119
#10 17.82   Downloaded sqlx-postgres v0.9.0
#10 17.83   Downloaded sqlx-mysql v0.9.0
#10 17.83   Downloaded tokio-cron-scheduler v0.15.1
#10 17.83   Downloaded tokio-util v0.7.19
#10 17.84   Downloaded tokio v1.53.1
#10 17.87   Downloaded sqlx-sqlite v0.8.6
#10 17.87   Downloaded sqlx-postgres v0.8.6
#10 17.88   Downloaded sqlx-mysql v0.8.6
#10 17.88   Downloaded zmij v1.0.23
#10 17.88   Downloaded zerovec-derive v0.11.6
#10 17.88   Downloaded zeroize_derive v1.5.0
#10 17.88   Downloaded zeroize v1.9.0
#10 17.88   Downloaded zerofrom-derive v0.1.8
#10 17.88   Downloaded zerofrom v0.1.8
#10 17.88   Downloaded yoke-derive v0.8.3
#10 17.88   Downloaded yoke v0.8.3
#10 17.89   Downloaded writeable v0.6.4
#10 17.89   Downloaded serde v1.0.229
#10 17.89   Downloaded sea-schema v0.18.1
#10 17.94   Downloaded yansi v1.0.1
#10 17.95   Downloaded zerocopy-derive v0.8.59
#10 18.10   Downloaded zerocopy v0.8.59
#10 18.12   Downloaded zerotrie v0.2.5
#10 18.13   Downloaded zerovec v0.11.8
#10 18.15   Downloaded zlib-rs v0.6.8
#10 18.19   Downloaded zstd-sys v2.1.0+zstd.1.5.7
#10 18.29    Compiling proc-macro2 v1.0.107
#10 18.29    Compiling quote v1.0.47
#10 18.29    Compiling unicode-ident v1.0.26
#10 18.29    Compiling libc v0.2.189
#10 18.29    Compiling serde v1.0.229
#10 18.29    Compiling cfg-if v1.0.5
#10 18.29    Compiling serde_core v1.0.229
#10 18.29    Compiling version_check v0.9.5
#10 18.29    Compiling memchr v2.8.3
#10 18.30    Compiling typenum v1.20.1
#10 18.30    Compiling scopeguard v1.2.0
#10 18.30    Compiling autocfg v1.5.1
#10 18.31    Compiling log v0.4.34
#10 18.31    Compiling pin-project-lite v0.2.17
#10 18.31    Compiling parking_lot_core v0.9.12
#10 18.32    Compiling subtle v2.6.1
#10 18.32    Compiling itoa v1.0.18
#10 18.32    Compiling find-msvc-tools v0.1.14
#10 18.33    Compiling lock_api v0.4.14
#10 18.33    Compiling shlex v2.0.1
#10 18.34    Compiling const-oid v0.9.6
#10 18.37    Compiling bytes v1.12.1
#10 18.42    Compiling libm v0.2.16
#10 18.44    Compiling zmij v1.0.23
#10 18.46    Compiling futures-core v0.3.34
#10 18.46    Compiling serde_json v1.0.151
#10 18.46    Compiling icu_normalizer_data v2.3.0
#10 18.46    Compiling zerocopy v0.8.59
#10 18.47    Compiling icu_properties_data v2.3.0
#10 18.48    Compiling once_cell v1.21.4
#10 18.48    Compiling futures-sink v0.3.34
#10 18.48    Compiling generic-array v0.14.7
#10 18.49    Compiling stable_deref_trait v1.2.1
#10 18.51    Compiling num-traits v0.2.19
#10 18.53    Compiling thiserror v2.0.21
#10 18.54    Compiling percent-encoding v2.3.2
#10 18.54    Compiling futures-channel v0.3.34
#10 18.56    Compiling slab v0.4.12
#10 18.58    Compiling futures-io v0.3.34
#10 18.58    Compiling futures-task v0.3.34
#10 18.62    Compiling writeable v0.6.4
#10 18.64    Compiling litemap v0.8.3
#10 18.66    Compiling tracing-core v0.1.36
#10 18.67    Compiling utf8_iter v1.0.4
#10 18.67    Compiling crossbeam-utils v0.8.23
#10 18.68    Compiling form_urlencoded v1.2.2
#10 18.70    Compiling spin v0.9.9
#10 18.73    Compiling hashbrown v0.17.1
#10 18.73    Compiling equivalent v1.0.2
#10 18.78    Compiling iana-time-zone v0.1.65
#10 18.79    Compiling aho-corasick v1.1.5
#10 18.79    Compiling regex-syntax v0.8.11
#10 18.80    Compiling bitflags v2.13.2
#10 18.81    Compiling syn v3.0.6
#10 18.82    Compiling syn v2.0.119
#10 18.85    Compiling getrandom v0.4.3
#10 18.87    Compiling ident_case v1.0.1
#10 18.90    Compiling rand_core v0.10.1
#10 18.90    Compiling strsim v0.11.1
#10 18.96    Compiling jobserver v0.1.35
#10 18.97    Compiling getrandom v0.2.17
#10 18.97    Compiling errno v0.3.14
#10 18.98    Compiling mio v1.2.3
#10 18.99    Compiling socket2 v0.6.5
#10 19.06    Compiling signal-hook-registry v1.4.8
#10 19.07    Compiling cc v1.5.1
#10 19.09    Compiling rand_core v0.6.4
#10 19.12    Compiling cpufeatures v0.2.17
#10 19.18    Compiling pkg-config v0.3.34
#10 19.20    Compiling base64 v0.22.1
#10 19.21    Compiling indexmap v2.14.2
#10 19.22    Compiling chacha20 v0.10.2
#10 19.31    Compiling hybrid-array v0.4.15
#10 19.35    Compiling http v1.5.0
#10 19.36    Compiling base64ct v1.8.3
#10 19.37    Compiling untrusted v0.9.0
#10 19.44    Compiling rand v0.10.3
#10 19.45    Compiling cmov v0.5.4
#10 19.48    Compiling num-conv v0.2.2
#10 19.52    Compiling time-core v0.1.9
#10 19.54    Compiling block-buffer v0.12.1
#10 19.54    Compiling crypto-common v0.2.2
#10 19.58    Compiling ctutils v0.4.2
#10 19.62    Compiling time-macros v0.2.32
#10 19.62    Compiling allocator-api2 v0.2.21
#10 19.68    Compiling deranged v0.5.8
#10 19.68    Compiling parking v2.2.1
#10 19.70    Compiling const-oid v0.10.2
#10 19.76    Compiling regex-automata v0.4.18
#10 19.78    Compiling uuid v1.26.1
#10 19.84    Compiling rustls v0.23.45
#10 19.86    Compiling powerfmt v0.2.0
#10 19.88    Compiling digest v0.11.3
#10 19.91    Compiling event-listener v5.4.2
#10 19.91    Compiling pem-rfc7468 v0.7.0
#10 19.98    Compiling ring v0.17.14
#10 20.01    Compiling heck v0.5.0
#10 20.09    Compiling fnv v1.0.7
#10 20.11    Compiling lazy_static v1.5.0
#10 20.17    Compiling crc-catalog v2.5.0
#10 20.22    Compiling rust_decimal v1.43.0
#10 20.22    Compiling getrandom v0.3.4
#10 20.26    Compiling crc v3.4.0
#10 20.27    Compiling crossbeam-queue v0.3.14
#10 20.35    Compiling arrayvec v0.7.8
#10 20.37    Compiling siphasher v1.0.4
#10 20.37    Compiling heck v0.4.1
#10 20.43    Compiling time v0.3.55
#10 20.44    Compiling phf_shared v0.11.3
#10 20.45    Compiling md-5 v0.11.0
#10 20.46    Compiling tinyvec v1.13.3
#10 20.50    Compiling darling_core v0.20.11
#10 20.64    Compiling synstructure v0.14.0
#10 20.64    Compiling ppv-lite86 v0.2.21
#10 20.69    Compiling httparse v1.10.1
#10 20.69    Compiling byteorder v1.5.0
#10 20.70    Compiling foldhash v0.2.0
#10 20.76    Compiling hashbrown v0.16.1
#10 20.80    Compiling rand_chacha v0.3.1
#10 20.81    Compiling unicode-normalization v0.1.25
#10 20.84    Compiling atoi v2.0.0
#10 20.88    Compiling unicode-properties v0.1.4
#10 20.90    Compiling unicode-bidi v0.3.18
#10 20.93    Compiling crossbeam-epoch v0.9.21
#10 21.00    Compiling vcpkg v0.2.15
#10 21.15    Compiling dotenvy v0.15.7
#10 21.18    Compiling rustversion v1.0.23
#10 21.26    Compiling hashlink v0.11.1
#10 21.30    Compiling stringprep v0.1.5
#10 21.42    Compiling rand v0.8.8
#10 21.46    Compiling libsqlite3-sys v0.30.1
#10 21.51    Compiling zeroize_derive v1.5.0
#10 21.54    Compiling tracing-attributes v0.1.31
#10 21.55    Compiling serde_derive v1.0.229
#10 21.57    Compiling zerofrom-derive v0.1.8
#10 21.58    Compiling yoke-derive v0.8.3
#10 21.72    Compiling zerovec-derive v0.11.6
#10 21.77    Compiling displaydoc v0.2.7
#10 21.77    Compiling tokio-macros v2.7.2
#10 21.80    Compiling thiserror-impl v2.0.21
#10 21.98    Compiling zeroize v1.9.0
#10 21.99    Compiling futures-macro v0.3.34
#10 22.01    Compiling darling_macro v0.20.11
#10 22.09    Compiling rustls-pki-types v1.15.1
#10 22.24    Compiling der v0.7.10
#10 22.27    Compiling regex v1.13.1
#10 22.32    Compiling webpki-roots v1.0.9
#10 22.33    Compiling darling v0.20.11
#10 22.36    Compiling crypto-common v0.1.7
#10 22.36    Compiling block-buffer v0.10.4
#10 22.43    Compiling digest v0.10.7
#10 22.43    Compiling phf_generator v0.11.3
#10 22.45    Compiling zerofrom v0.1.8
#10 22.48    Compiling tracing v0.1.44
#10 22.49    Compiling futures-util v0.3.34
#10 22.51    Compiling yoke v0.8.3
#10 22.52    Compiling sha2 v0.10.9
#10 22.53    Compiling hmac v0.12.1
#10 22.59    Compiling zerovec v0.11.8
#10 22.60    Compiling zerotrie v0.2.5
#10 22.69    Compiling hkdf v0.12.4
#10 22.70    Compiling rand_core v0.9.5
#10 22.75    Compiling zstd-sys v2.1.0+zstd.1.5.7
#10 22.75    Compiling http-body v1.1.0
#10 22.78    Compiling thiserror v1.0.69
#10 22.79    Compiling mime v0.3.17
#10 22.82    Compiling hex v0.4.3
#10 22.82    Compiling ryu v1.0.23
#10 22.85    Compiling spki v0.7.3
#10 22.86    Compiling tinystr v0.8.4
#10 22.87    Compiling potential_utf v0.1.6
#10 22.95    Compiling pkcs8 v0.10.2
#10 22.95    Compiling icu_locale_core v2.3.0
#10 22.95    Compiling icu_collections v2.3.0
#10 22.96    Compiling same-file v1.0.6
#10 23.06    Compiling walkdir v2.5.0
#10 23.07    Compiling rand_chacha v0.9.0
#10 23.21    Compiling signature v2.2.0
#10 23.22    Compiling parse-zoneinfo v0.3.1
#10 23.29    Compiling phf_codegen v0.11.3
#10 23.31    Compiling thiserror-impl v1.0.69
#10 23.46    Compiling icu_provider v2.3.1
#10 23.57    Compiling phf v0.11.3
#10 23.60    Compiling hmac v0.13.0
#10 23.60    Compiling num-integer v0.1.47
#10 23.64    Compiling smallvec v1.16.2
#10 23.67    Compiling chrono v0.4.45
#10 23.69    Compiling either v1.18.0
#10 23.74    Compiling icu_properties v2.3.0
#10 23.77    Compiling icu_normalizer v2.3.0
#10 23.83    Compiling ff v0.13.1
#10 23.89    Compiling parking_lot v0.12.5
#10 23.91    Compiling cpufeatures v0.3.1
#10 23.93    Compiling bstr v1.13.1
#10 24.00    Compiling httpdate v1.0.3
#10 24.00    Compiling base16ct v0.2.0
#10 24.12    Compiling tokio v1.53.1
#10 24.15    Compiling futures-intrusive v0.5.0
#10 24.17    Compiling utf8parse v0.2.2
#10 24.18    Compiling ucd-trie v0.1.7
#10 24.24    Compiling tower-service v0.3.3
#10 24.26    Compiling crossbeam-deque v0.8.8
#10 24.27    Compiling pest v2.9.2
#10 24.28    Compiling globset v0.4.20
#10 24.29    Compiling anstyle-parse v1.0.0
#10 24.37    Compiling idna_adapter v1.2.2
#10 24.44    Compiling idna v1.1.0
#10 24.47    Compiling sec1 v0.7.3
#10 24.48    Compiling futures-executor v0.3.34
#10 24.48    Compiling group v0.13.0
#10 24.59    Compiling sha2 v0.11.0
#10 24.69    Compiling url v2.5.8
#10 24.75    Compiling encoding_rs v0.8.42
#10 24.78    Compiling hkdf v0.13.0
#10 24.82    Compiling chrono-tz-build v0.3.0
#10 24.88    Compiling rand v0.9.5
#10 24.96    Compiling crypto-bigint v0.5.5
#10 24.97    Compiling flume v0.12.0
#10 24.97    Compiling proc-macro2-diagnostics v0.10.1
#10 25.05    Compiling anstyle v1.0.14
#10 25.06    Compiling anyhow v1.0.104
#10 25.10    Compiling colorchoice v1.0.5
#10 25.14    Compiling base64 v0.23.1
#10 25.16    Compiling is_terminal_polyfill v1.70.2
#10 25.18    Compiling zstd-safe v8.0.0
#10 25.27    Compiling whoami v2.1.3
#10 25.29    Compiling alloc-no-stdlib v2.0.4
#10 25.34    Compiling tower-layer v0.3.3
#10 25.37    Compiling signal-hook v0.4.4
#10 25.39    Compiling semver v1.0.28
#10 25.44    Compiling anstyle-query v1.1.5
#10 25.44    Compiling crc32fast v1.5.2
#10 25.48    Compiling elliptic-curve v0.13.8
#10 25.50    Compiling rustc_version v0.4.1
#10 25.51    Compiling anstream v1.0.0
#10 25.55    Compiling alloc-stdlib v0.2.4
#10 25.61    Compiling chrono-tz v0.9.0
#10 25.62    Compiling pest_meta v2.9.2
#10 25.71    Compiling http-body-util v0.1.5
#10 25.78    Compiling sea-query-derive v1.0.0
#10 25.79    Compiling sha1 v0.10.7
#10 25.79    Compiling ordered-float v4.6.0
#10 25.88    Compiling multer v3.1.0
#10 25.90    Compiling rustix v1.1.5
#10 25.90    Compiling multiversion_no_op v1.0.0
#10 25.92    Compiling adler2 v2.0.1
#10 25.97    Compiling yansi v1.0.1
#10 25.98    Compiling foldhash v0.1.5
#10 26.00    Compiling simdutf8 v0.1.5
#10 26.03    Compiling data-encoding v2.11.1
#10 26.04    Compiling clap_lex v1.1.1
#10 26.09    Compiling jiff-core v0.1.1
#10 26.15    Compiling simd-adler32 v0.3.10
#10 26.16    Compiling atomic-waker v1.1.2
#10 26.19    Compiling sync_wrapper v1.0.2
#10 26.20    Compiling hashbrown v0.15.5
#10 26.20    Compiling clap_builder v4.6.7
#10 26.21    Compiling tungstenite v0.29.0
#10 26.24    Compiling miniz_oxide v0.9.1
#10 26.30    Compiling sea-query v1.0.2
#10 26.49    Compiling jiff v0.2.37
#10 26.51    Compiling pest_generator v2.9.2
#10 26.57    Compiling rustls-webpki v0.103.15
#10 26.98    Compiling ignore v0.4.33
#10 27.10    Compiling curve25519-dalek v4.1.3
#10 27.26    Compiling brotli-decompressor v5.0.3
#10 27.61    Compiling tokio-stream v0.1.19
#10 27.67    Compiling hyper v1.11.1
#10 27.75    Compiling futures v0.3.34
#10 27.78    Compiling tracing-serde v0.2.0
#10 27.83    Compiling quick-xml v0.41.0
#10 27.94    Compiling rfc6979 v0.4.0
#10 28.02    Compiling derive_builder_core v0.20.2
#10 28.52    Compiling matchers v0.2.0
#10 28.59    Compiling async-trait v0.1.92
#10 28.61    Compiling clap_derive v4.6.7
#10 29.21    Compiling darling_core v0.23.0
#10 29.32    Compiling sharded-slab v0.1.7
#10 29.50    Compiling asyncband v0.6.7
#10 29.54    Compiling os_pipe v1.2.3
#10 29.64    Compiling tracing-log v0.2.0
#10 29.71    Compiling fs-err v2.11.0
#10 29.74    Compiling thread_local v1.1.10
#10 29.80    Compiling unsafe-libyaml v0.2.11
#10 29.82    Compiling nu-ansi-term v0.50.3
#10 29.92    Compiling glob v0.3.4
#10 29.93    Compiling inotify-sys v0.1.8
#10 30.01    Compiling deunicode v1.6.2
#10 30.17    Compiling num-bigint-dig v0.8.6
#10 30.21    Compiling linux-raw-sys v0.12.1
#10 30.39    Compiling unicase v2.9.0
#10 30.44    Compiling unicode-xid v0.2.6
#10 30.47    Compiling fastrand v2.5.0
#10 30.56    Compiling sqlx-core v0.9.0
#10 30.72    Compiling derive_more-impl v2.1.1
#10 30.78    Compiling mime_guess v2.0.5
#10 30.81    Compiling darling_macro v0.23.0
#10 31.11    Compiling slug v0.1.6
#10 31.18    Compiling tracing-subscriber v0.3.23
#10 31.24    Compiling opendal-core v0.58.2
#10 31.30    Compiling clap v4.6.7
#10 31.35    Compiling sigchld v0.2.5
#10 31.43    Compiling derive_builder_macro v0.20.2
#10 31.44    Compiling hyper-util v0.1.21
#10 31.58    Compiling ecdsa v0.16.9
#10 31.61    Compiling webpki-roots v0.26.11
#10 31.64    Compiling brotli v8.0.4
#10 31.71    Compiling globwalk v0.9.1
#10 31.78    Compiling flate2 v1.1.10
#10 31.96    Compiling tokio-tungstenite v0.29.0
#10 31.97    Compiling tower v0.5.3
#10 31.99    Compiling sqlx-postgres v0.9.0
#10 32.16    Compiling pest_derive v2.9.2
#10 32.27    Compiling ouroboros_macro v0.18.5
#10 32.43    Compiling hashlink v0.10.0
#10 32.56    Compiling axum-core v0.5.6
#10 32.56    Compiling primeorder v0.13.6
#10 32.62    Compiling itertools v0.14.0
#10 32.70    Compiling num-iter v0.1.46
#10 32.76    Compiling serde_urlencoded v0.7.1
#10 32.94    Compiling pluralizer v0.5.0
#10 32.97    Compiling async-stream-impl v0.3.6
#10 33.09    Compiling sea-schema-derive v0.3.0
#10 33.14    Compiling strum_macros v0.27.2
#10 33.40    Compiling sea-bae v0.2.2
#10 33.43    Compiling axum-macros v0.5.1
#10 33.43    Compiling phf_shared v0.12.1
#10 33.45    Compiling serde_path_to_error v0.1.20
#10 33.48    Compiling humansize v2.1.3
#10 33.55    Compiling proc-macro-error-attr3 v3.1.1
#10 33.56    Compiling cookie v0.18.2
#10 33.70    Compiling nonempty v0.7.0
#10 33.72    Compiling portable-atomic v1.15.0
#10 33.77    Compiling compression-core v0.4.33
#10 33.78    Compiling chrono-tz v0.10.4
#10 33.81    Compiling winnow v1.0.4
#10 33.88    Compiling matchit v0.8.4
#10 33.97    Compiling unicode-segmentation v1.13.3
#10 33.98    Compiling aliasable v0.1.3
#10 34.01    Compiling static_assertions v1.1.0
#10 34.04    Compiling toml_parser v1.1.3+spec-1.1.0
#10 34.05    Compiling ouroboros v0.18.5
#10 34.11    Compiling sea-orm-macros v2.0.3
#10 34.18    Compiling tera v1.20.1
#10 34.29    Compiling sqlx-core v0.8.6
#10 34.32    Compiling proc-macro-error3 v3.1.1
#10 34.33    Compiling forwarded-header-value v0.1.1
#10 34.34    Compiling strum v0.27.2
#10 34.37    Compiling axum v0.8.9
#10 34.41    Compiling phf v0.12.1
#10 34.49    Compiling async-stream v0.3.6
#10 34.56    Compiling derive_builder v0.20.2
#10 34.61    Compiling xattr v1.6.1
#10 34.71    Compiling derive_more v2.1.1
#10 34.75    Compiling shared_child v1.1.2
#10 34.87    Compiling darling v0.23.0
#10 34.89    Compiling backon v1.6.0
#10 34.90    Compiling serde_yaml v0.9.34+deprecated
#10 35.04    Compiling serde_regex v1.2.0
#10 35.04    Compiling toml_datetime v0.6.11
#10 35.08    Compiling serde_spanned v0.6.9
#10 35.13    Compiling md-5 v0.10.6
#10 35.16    Compiling ed25519 v2.2.3
#10 35.18    Compiling pkcs1 v0.7.5
#10 35.21    Compiling cruet v0.13.3
#10 35.27    Compiling derive-where v1.7.0
#10 35.64    Compiling event-listener-strategy v0.5.4
#10 35.69    Compiling toml_datetime v1.1.1+spec-1.1.0
#10 35.70    Compiling serde_spanned v1.1.1
#10 35.75    Compiling crossbeam-channel v0.5.17
#10 35.90    Compiling include_dir_macros v0.7.4
#10 36.03    Compiling home v0.5.12
#10 36.09    Compiling toml_write v0.1.2
#10 36.17    Compiling tokio-cron-scheduler v0.15.1
#10 36.17    Compiling shared_thread v0.2.1
#10 36.22    Compiling toml_writer v1.1.2+spec-1.1.0
#10 36.23    Compiling indoc v2.0.7
#10 36.23    Compiling winnow v0.7.15
#10 36.23    Compiling whoami v1.6.1
#10 36.25    Compiling strum v0.28.0
#10 36.28    Compiling duct v1.1.2
#10 36.30    Compiling rrgen v0.6.0
#10 36.33    Compiling toml v1.1.6+spec-1.1.0
#10 36.41    Compiling sqlx-postgres v0.8.6
#10 36.49    Compiling sea-orm-cli v2.0.3
#10 36.53    Compiling include_dir v0.7.4
#10 36.60    Compiling async-lock v3.4.2
#10 36.85    Compiling rsa v0.9.10
#10 37.10    Compiling ed25519-dalek v2.2.0
#10 37.29    Compiling opendal-layer-retry v0.58.2
#10 37.40    Compiling toml_edit v0.22.27
#10 37.55    Compiling validator_derive v0.20.1
#10 37.57    Compiling inotify v0.11.5
#10 37.62    Compiling opendal-service-fs v0.58.2
#10 37.76    Compiling croner v3.0.1
#10 38.04    Compiling client-ip v0.2.1
#10 38.53    Compiling p256 v0.13.2
#10 38.59    Compiling p384 v0.13.1
#10 38.60    Compiling tokio-rustls v0.26.5
#10 38.75    Compiling tokio-util v0.7.19
#10 39.04    Compiling email-encoding v0.4.2
#10 39.05    Compiling cruet v1.0.0
#10 39.26    Compiling blake2 v0.10.6
#10 39.39    Compiling inout v0.1.4
#10 39.40    Compiling num-derive v0.4.2
#10 39.50    Compiling colored v2.2.0
#10 39.78    Compiling password-hash v0.5.0
#10 39.79    Compiling hostname v0.4.2
#10 39.88    Compiling notify-types v2.1.0
#10 40.02    Compiling nom v8.0.0
#10 40.06    Compiling loco-rs v1.2.0
#10 40.07    Compiling tagptr v0.2.0
#10 40.08    Compiling symlink v0.1.0
#10 40.13    Compiling quoted_printable v0.5.2
#10 40.14    Compiling http-range-header v0.4.2
#10 40.14    Compiling btparse-stable v0.1.2
#10 40.17    Compiling hashbrown v0.14.5
#10 40.22    Compiling utf8-width v0.1.9
#10 40.25    Compiling email_address v0.2.9
#10 40.26    Compiling colored v3.1.1
#10 40.29    Compiling byte-unit v5.2.6
#10 40.34    Compiling backtrace_printer v1.3.0
#10 40.41    Compiling moka v0.12.16
#10 40.41    Compiling loco-gen v1.2.0
#10 40.43    Compiling tracing-appender v0.2.5
#10 40.46    Compiling notify v8.2.0
#10 40.50    Compiling argon2 v0.5.3
#10 40.51    Compiling cargo-lock v11.1.0
#10 40.54    Compiling dashmap v6.2.1
#10 40.67    Compiling cipher v0.4.4
#10 40.83    Compiling sqlx-macros-core v0.8.6
#10 40.86    Compiling jsonwebtoken v10.4.0
#10 41.05    Compiling toml v0.8.23
#10 41.28    Compiling axum-extra v0.10.3
#10 41.29    Compiling validator v0.20.0
#10 41.75    Compiling axum-client-ip v1.3.1
#10 41.89    Compiling lettre v0.11.23
#10 41.93    Compiling opendal v0.58.2
#10 42.02    Compiling serde_yaml_ng v0.10.0
#10 42.17    Compiling ulid v1.2.1
#10 42.51    Compiling tera v2.4.0
#10 42.60    Compiling num-bigint v0.4.8
#10 42.62    Compiling serde_variant v0.1.3
#10 42.72    Compiling english-to-cron v0.1.7
#10 42.96    Compiling termcolor v1.4.1
#10 43.00    Compiling sqlx-macros v0.8.6
#10 43.22    Compiling ts-rs-macros v12.0.1
#10 43.79    Compiling simple_asn1 v0.6.4
#10 43.84    Compiling blowfish v0.9.1
#10 43.95    Compiling pem v3.0.6
#10 44.06    Compiling jsonwebtoken v9.3.1
#10 44.40    Compiling bcrypt v0.17.1
#10 44.46    Compiling ts-rs v12.0.1
#10 46.50    Compiling zstd v0.14.0
#10 46.58    Compiling sqlx v0.8.6
#10 46.66    Compiling compression-codecs v0.4.43
#10 46.95    Compiling async-compression v0.4.48
#10 47.32    Compiling tower-http v0.6.11
#10 57.93    Compiling sqlx-sqlite v0.9.0
#10 58.54    Compiling sqlx v0.9.0
#10 58.56    Compiling sea-query-sqlx v0.9.1
#10 58.70    Compiling sea-schema v0.18.1
#10 59.58    Compiling sea-orm v2.0.3
#10 65.09    Compiling sea-orm-migration v2.0.3
#10 72.51    Compiling migration v0.1.0 (/app/migration)
#10 72.73    Compiling conduit v0.1.0 (/app)
#10 81.64     Finished `release` profile [optimized] target(s) in 1m 21s
#10 DONE 81.8s

#11 [stage-1 2/3] RUN apt-get update && apt-get install -y --no-install-recommends ca-certificates && rm -rf /var/lib/apt/lists/*
#11 CACHED

#12 [stage-1 3/3] COPY --from=build /app/target/release/conduit-server /usr/local/bin/conduit-server
#12 CACHED

#13 exporting to image
#13 exporting layers done
#13 writing image sha256:1b84b0e2f8e76c3be57cde7c0323be70fe780e0542ae6748f714f735ae13eaec
#13 writing image sha256:1b84b0e2f8e76c3be57cde7c0323be70fe780e0542ae6748f714f735ae13eaec done
#13 naming to docker.io/library/agentmvc-one-shot-loco-17376:latest done
#13 DONE 0.0s
Success api/hurl/articles.hurl (17 request(s) in 119 ms)
Success api/hurl/auth.hurl (20 request(s) in 124 ms)
Success api/hurl/comments.hurl (13 request(s) in 79 ms)
Success api/hurl/errors_articles.hurl (20 request(s) in 62 ms)
Success api/hurl/errors_auth.hurl (20 request(s) in 281 ms)
Success api/hurl/errors_authorization.hurl (9 request(s) in 97 ms)
Success api/hurl/errors_comments.hurl (10 request(s) in 51 ms)
Success api/hurl/errors_profiles.hurl (6 request(s) in 47 ms)
Success api/hurl/favorites.hurl (9 request(s) in 64 ms)
Success api/hurl/feed.hurl (12 request(s) in 107 ms)
Success api/hurl/pagination.hurl (7 request(s) in 57 ms)
Success api/hurl/profiles.hurl (7 request(s) in 97 ms)
Success api/hurl/tags.hurl (4 request(s) in 49 ms)
Success features/drafts/hurl/drafts.hurl (23 request(s) in 118 ms)
Success features/drafts/hurl/errors_drafts.hurl (24 request(s) in 99 ms)
Success features/exports/hurl/exports.hurl (18 request(s) in 362 ms)
Success features/live-editing/hurl/live-editing.hurl (18 request(s) in 107 ms)
--------------------------------------------------------------------------------
Executed files:    17
Executed requests: 237 (121.9/s)
Succeeded files:   17 (100.0%)
Failed files:      0 (0.0%)
Duration:          1944 ms (0h:0m:1s:944ms)

Success s01_jwt_alg_none.hurl (1 request(s) in 0 ms)
Success s02_jwt_signature_stripped.hurl (3 request(s) in 48 ms)
Success s03_jwt_garbage.hurl (2 request(s) in 1 ms)
Success s04_mass_assignment_user.hurl (2 request(s) in 50 ms)
Success s05_mass_assignment_article.hurl (2 request(s) in 52 ms)
Success s06_injection_filters.hurl (4 request(s) in 9 ms)
Success s07_malformed_json.hurl (1 request(s) in 1 ms)
Success s08_wrong_types.hurl (8 request(s) in 54 ms)
Success s09_oversized_body.hurl (2 request(s) in 61 ms)
Success s10_unknown_route.hurl (1 request(s) in 0 ms)
Success s11_login_enumeration.hurl (3 request(s) in 94 ms)
Success s12_nosniff_header.hurl (1 request(s) in 1 ms)
Success s13_login_rate_limit.hurl (22 request(s) in 976 ms)
--------------------------------------------------------------------------------
Executed files:    13
Executed requests: 52 (38.3/s)
Succeeded files:   13 (100.0%)
Failed files:      0 (0.0%)
Duration:          1359 ms (0h:0m:1s:359ms)

