#0 building with "orbstack" instance using docker driver

#1 [internal] load build definition from Dockerfile
#1 transferring dockerfile: 564B done
#1 DONE 0.0s

#2 resolve image config for docker-image://docker.io/docker/dockerfile:1
#2 DONE 0.4s

#3 docker-image://docker.io/docker/dockerfile:1@sha256:ecfaec9ed6d810b56388c508f4121597bfbba70d41a6dfeee4d8cad5f295fc32
#3 CACHED

#4 [internal] load metadata for docker.io/library/golang:1.27.1-bookworm@sha256:69a7b9788769bec032d238959b61854e9ae87f57be9029ec04e9885fabf99195
#4 DONE 0.0s

#5 [internal] load metadata for gcr.io/distroless/static-debian12:nonroot@sha256:afa5c872c891853ca7fcf1f12c3edb23f7eeef36189728842dd51042ff57f7ab
#5 DONE 0.0s

#6 [internal] load .dockerignore
#6 transferring context: 113B done
#6 DONE 0.0s

#7 [build 1/7] FROM docker.io/library/golang:1.27.1-bookworm@sha256:69a7b9788769bec032d238959b61854e9ae87f57be9029ec04e9885fabf99195
#7 DONE 0.0s

#8 [stage-1 1/2] FROM gcr.io/distroless/static-debian12:nonroot@sha256:afa5c872c891853ca7fcf1f12c3edb23f7eeef36189728842dd51042ff57f7ab
#8 DONE 0.0s

#9 [internal] load build context
#9 transferring context: 1.31kB done
#9 DONE 0.0s

#10 [build 6/7] COPY internal ./internal
#10 CACHED

#11 [build 7/7] RUN go build -trimpath -ldflags="-s -w" -o /out/server ./cmd/server
#11 CACHED

#12 [build 2/7] WORKDIR /src
#12 CACHED

#13 [build 3/7] COPY go.mod go.sum ./
#13 CACHED

#14 [build 4/7] RUN go mod download
#14 CACHED

#15 [build 5/7] COPY cmd ./cmd
#15 CACHED

#16 [stage-1 2/2] COPY --from=build /out/server /server
#16 CACHED

#17 exporting to image
#17 exporting layers done
#17 writing image sha256:db86e5d6bbc7977b92d2030feffd2b2a47fe2ccb7fb581ca14202bf1dfc3bb36 done
#17 naming to docker.io/library/agentmvc-lane-go-8-live-editing-reference-1:current done
#17 DONE 0.0s

6f57c2840e55d3b289b2274acc785f427860ce57b2e2acf0d5db0fb00aa4f8da

0b432f77a0d07994f3faca06e639750e0dd48fb3e2f366877f37b3f1e960f3c2

ef86e91d54a274dd95bdcad948cb17fe1f90dc9f07e3f803a066d3664cf4e81f

2026/09/29 20:05:11 INFO listening address=:4150
