#0 building with "orbstack" instance using docker driver

#1 [internal] load build definition from Dockerfile
#1 transferring dockerfile: 564B done
#1 DONE 0.0s

#2 resolve image config for docker-image://docker.io/docker/dockerfile:1
#2 DONE 1.1s

#3 docker-image://docker.io/docker/dockerfile:1@sha256:ecfaec9ed6d810b56388c508f4121597bfbba70d41a6dfeee4d8cad5f295fc32
#3 CACHED

#4 [internal] load metadata for docker.io/library/golang:1.27.1-bookworm@sha256:69a7b9788769bec032d238959b61854e9ae87f57be9029ec04e9885fabf99195
#4 DONE 0.0s

#5 [internal] load metadata for gcr.io/distroless/static-debian12:nonroot@sha256:afa5c872c891853ca7fcf1f12c3edb23f7eeef36189728842dd51042ff57f7ab
#5 DONE 0.6s

#6 [internal] load .dockerignore
#6 transferring context: 113B done
#6 DONE 0.0s

#7 [stage-1 1/2] FROM gcr.io/distroless/static-debian12:nonroot@sha256:afa5c872c891853ca7fcf1f12c3edb23f7eeef36189728842dd51042ff57f7ab
#7 DONE 0.0s

#8 [build 1/7] FROM docker.io/library/golang:1.27.1-bookworm@sha256:69a7b9788769bec032d238959b61854e9ae87f57be9029ec04e9885fabf99195
#8 DONE 0.0s

#9 [internal] load build context
#9 transferring context: 806B done
#9 DONE 0.0s

#10 [build 5/7] COPY cmd ./cmd
#10 CACHED

#11 [build 6/7] COPY internal ./internal
#11 CACHED

#12 [build 2/7] WORKDIR /src
#12 CACHED

#13 [build 3/7] COPY go.mod go.sum ./
#13 CACHED

#14 [build 7/7] RUN go build -trimpath -ldflags="-s -w" -o /out/server ./cmd/server
#14 CACHED

#15 [build 4/7] RUN go mod download
#15 CACHED

#16 [stage-1 2/2] COPY --from=build /out/server /server
#16 CACHED

#17 exporting to image
#17 exporting layers done
#17 writing image sha256:e245665e2f64090fcc6391b3bc65627a2b5dece86090d0c45b7a363119c67c63 done
#17 naming to docker.io/library/agentmvc-lane-go-3-package-1:current done
#17 DONE 0.0s

8ad9a915c146147e13f90cb1dbc23092c1fa526432a6b9016c4cbd486c2ec95d

9425b3c58fce2547955ea5f41be126ecd83d7e6fdd9604ae1bf57a84d1c4f119

9b6d97bc703ecf588bf44aae0d596743dab6dcaed3fced4b06a2f6c5c81dfc6a

2026/09/29 18:47:01 ERROR server stopped error="failed to connect to `user=agentmvc database=agentmvc`:\n\t172.29.51.2:5432 (db): dial error: dial tcp 172.29.51.2:5432: connect: connection refused\n\t172.29.51.2:5432 (db): dial error: dial tcp 172.29.51.2:5432: connect: connection refused"

2026/09/29 18:47:01 ERROR server stopped error="failed to connect to `user=agentmvc database=agentmvc`:\n\t172.29.51.2:5432 (db): dial error: dial tcp 172.29.51.2:5432: connect: connection refused\n\t172.29.51.2:5432 (db): dial error: dial tcp 172.29.51.2:5432: connect: connection refused"

Coordinator production failed: RuntimeError: Application exited before readiness

{
  "session": "go-3-package-1",
  "stack": "go",
  "phase": "3-package",
  "number": 3,
  "gate": "production",
  "started": "2026-09-29T18:46:57.585745+00:00",
  "finished": "2026-09-29T18:47:02.429488+00:00",
  "seconds": 4.8,
  "exit": 1,
  "fixture_record_sha256": "7a77366d4f28901176a21f4278044d77620839c8674cad9c4e71898df9c8a4f7",
  "log": "production-2026-09-29T18-46-57.585745+00-00-af8da4b9.log"
}
